/home/gregorian-rayne/CLionProjects/build-hotspot-analyzer/tests/cli/repos/yaml-cpp/include/yaml-cpp/eventhandler.h:38:16:virtual void YAML::EventHandler::OnAnchor(const YAML::Mark&, const std::string&)	8	static
/home/gregorian-rayne/CLionProjects/build-hotspot-analyzer/tests/cli/repos/yaml-cpp/include/yaml-cpp/depthguard.h:24:11:YAML::DeepRecursion::~DeepRecursion()	8	static
/home/gregorian-rayne/CLionProjects/build-hotspot-analyzer/tests/cli/repos/yaml-cpp/include/yaml-cpp/depthguard.h:24:11:virtual YAML::DeepRecursion::~DeepRecursion()	16	static
/usr/include/c++/13/bits/basic_string.h:641:7:std::__cxx11::basic_string<_CharT, _Traits, _Alloc>::basic_string(const _CharT*, const _Alloc&) [with _CharT = char; _Traits = std::char_traits<char>; _Alloc = std::allocator<char>]	48	static
/usr/include/c++/13/bits/stl_tree.h:1930:5:void std::_Rb_tree<_Key, _Val, _KeyOfValue, _Compare, _Alloc>::_M_erase(_Link_type) [with _Key = std::__cxx11::basic_string<char>; _Val = std::pair<const std::__cxx11::basic_string<char>, long unsigned int>; _KeyOfValue = std::_Select1st<std::pair<const std::__cxx11::basic_string<char>, long unsigned int> >; _Compare = std::less<std::__cxx11::basic_string<char> >; _Alloc = std::allocator<std::pair<const std::__cxx11::basic_string<char>, long unsigned int> >]	96	static
/home/gregorian-rayne/CLionProjects/build-hotspot-analyzer/tests/cli/repos/yaml-cpp/src/singledocparser.cpp:17:1:YAML::SingleDocParser::SingleDocParser(YAML::Scanner&, const YAML::Directives&)	32	static
/home/gregorian-rayne/CLionProjects/build-hotspot-analyzer/tests/cli/repos/yaml-cpp/src/singledocparser.cpp:24:1:YAML::SingleDocParser::~SingleDocParser()	32	static
/usr/include/c++/13/bits/stl_vector.h:733:7:std::vector<_Tp, _Alloc>::~vector() [with _Tp = std::__cxx11::basic_string<char>; _Alloc = std::allocator<std::__cxx11::basic_string<char> >]	32	static
/home/gregorian-rayne/CLionProjects/build-hotspot-analyzer/tests/cli/repos/yaml-cpp/include/yaml-cpp/exceptions.h:167:28:static const std::string YAML::Exception::build_what(const YAML::Mark&, const std::string&)	576	static
/home/gregorian-rayne/CLionProjects/build-hotspot-analyzer/tests/cli/repos/yaml-cpp/include/yaml-cpp/exceptions.h:157:3:YAML::Exception::Exception(const YAML::Mark&, const std::string&)	112	static
/home/gregorian-rayne/CLionProjects/build-hotspot-analyzer/tests/cli/repos/yaml-cpp/src/singledocparser.cpp:396:6:void YAML::SingleDocParser::ParseTag(std::string&)	160	static
/home/gregorian-rayne/CLionProjects/build-hotspot-analyzer/tests/cli/repos/yaml-cpp/src/singledocparser.cpp:423:10:YAML::anchor_t YAML::SingleDocParser::LookupAnchor(const YAML::Mark&, const std::string&) const	560	static
/usr/include/c++/13/bits/deque.tcc:484:7:) [with _Args = {const YAML::CollectionType::value&}; _Tp = YAML::CollectionType::value; _Alloc = std::allocator<YAML::CollectionType::value>]	64	static
/usr/include/c++/13/bits/stl_tree.h:2108:5:std::pair<std::_Rb_tree_node_base*, std::_Rb_tree_node_base*> std::_Rb_tree<_Key, _Val, _KeyOfValue, _Compare, _Alloc>::_M_get_insert_unique_pos(const key_type&) [with _Key = std::__cxx11::basic_string<char>; _Val = std::pair<const std::__cxx11::basic_string<char>, long unsigned int>; _KeyOfValue = std::_Select1st<std::pair<const std::__cxx11::basic_string<char>, long unsigned int> >; _Compare = std::less<std::__cxx11::basic_string<char> >; _Alloc = std::allocator<std::pair<const std::__cxx11::basic_string<char>, long unsigned int> >]	96	static
/usr/include/c++/13/bits/stl_tree.h:2210:5:std::pair<std::_Rb_tree_node_base*, std::_Rb_tree_node_base*> std::_Rb_tree<_Key, _Val, _KeyOfValue, _Compare, _Alloc>::_M_get_insert_hint_unique_pos(const_iterator, const key_type&) [with _Key = std::__cxx11::basic_string<char>; _Val = std::pair<const std::__cxx11::basic_string<char>, long unsigned int>; _KeyOfValue = std::_Select1st<std::pair<const std::__cxx11::basic_string<char>, long unsigned int> >; _Compare = std::less<std::__cxx11::basic_string<char> >; _Alloc = std::allocator<std::pair<const std::__cxx11::basic_string<char>, long unsigned int> >]	80	static
/home/gregorian-rayne/CLionProjects/build-hotspot-analyzer/tests/cli/repos/yaml-cpp/src/singledocparser.cpp:416:10:YAML::anchor_t YAML::SingleDocParser::RegisterAnchor(const std::string&)	112	static
/home/gregorian-rayne/CLionProjects/build-hotspot-analyzer/tests/cli/repos/yaml-cpp/src/singledocparser.cpp:406:6:void YAML::SingleDocParser::ParseAnchor(YAML::anchor_t&, std::string&)	96	static
/home/gregorian-rayne/CLionProjects/build-hotspot-analyzer/tests/cli/repos/yaml-cpp/src/singledocparser.cpp:373:6:void YAML::SingleDocParser::ParseProperties(std::string&, YAML::anchor_t&, std::string&)	48	static
/home/gregorian-rayne/CLionProjects/build-hotspot-analyzer/tests/cli/repos/yaml-cpp/src/singledocparser.cpp:49:6:void YAML::SingleDocParser::HandleNode(YAML::EventHandler&)	224	static
/home/gregorian-rayne/CLionProjects/build-hotspot-analyzer/tests/cli/repos/yaml-cpp/src/singledocparser.cpp:338:6:void YAML::SingleDocParser::HandleCompactMap(YAML::EventHandler&)	64	static
/home/gregorian-rayne/CLionProjects/build-hotspot-analyzer/tests/cli/repos/yaml-cpp/src/singledocparser.cpp:358:6:void YAML::SingleDocParser::HandleCompactMapWithNoKey(YAML::EventHandler&)	48	static
/home/gregorian-rayne/CLionProjects/build-hotspot-analyzer/tests/cli/repos/yaml-cpp/src/singledocparser.cpp:29:6:void YAML::SingleDocParser::HandleDocument(YAML::EventHandler&)	32	static
/home/gregorian-rayne/CLionProjects/build-hotspot-analyzer/tests/cli/repos/yaml-cpp/src/singledocparser.cpp:164:6:void YAML::SingleDocParser::HandleBlockSequence(YAML::EventHandler&)	256	static
/home/gregorian-rayne/CLionProjects/build-hotspot-analyzer/tests/cli/repos/yaml-cpp/src/singledocparser.cpp:197:6:void YAML::SingleDocParser::HandleFlowSequence(YAML::EventHandler&)	112	static
/home/gregorian-rayne/CLionProjects/build-hotspot-analyzer/tests/cli/repos/yaml-cpp/src/singledocparser.cpp:150:6:void YAML::SingleDocParser::HandleSequence(YAML::EventHandler&)	32	static
/home/gregorian-rayne/CLionProjects/build-hotspot-analyzer/tests/cli/repos/yaml-cpp/src/singledocparser.cpp:250:6:void YAML::SingleDocParser::HandleBlockMap(YAML::EventHandler&)	256	static
/home/gregorian-rayne/CLionProjects/build-hotspot-analyzer/tests/cli/repos/yaml-cpp/src/singledocparser.cpp:289:6:void YAML::SingleDocParser::HandleFlowMap(YAML::EventHandler&)	128	static
/home/gregorian-rayne/CLionProjects/build-hotspot-analyzer/tests/cli/repos/yaml-cpp/src/singledocparser.cpp:230:6:void YAML::SingleDocParser::HandleMap(YAML::EventHandler&)	32	static
