src/hook.c:22:je_hook_boot	8	static
src/hook.c:48:je_hook_install	40	static
include/jemalloc/internal/mutex.h:213:malloc_mutex_lock	216	static
src/hook.c:28:hook_install_locked	184	static
include/jemalloc/internal/mutex.h:226:malloc_mutex_unlock	152	static
src/hook.c:73:je_hook_remove	24	static
src/hook.c:59:hook_remove_locked	168	static
src/hook.c:154:je_hook_invoke_alloc	152	static
src/hook.c:15:seq_try_load_hooks	296	static
src/hook.c:170:je_hook_invoke_dalloc	152	static
src/hook.c:183:je_hook_invoke_expand	184	static
include/jemalloc/internal/witness.h:220:witness_assert_not_owner	8	static
include/jemalloc/internal/mutex.h:156:malloc_mutex_trylock_final	24	static
include/jemalloc/internal/mutex.h:161:mutex_owner_stats_update	8	static
include/jemalloc/internal/witness.h:306:witness_lock	8	static
src/hook.c:15:seq_store_hooks	216	static
include/jemalloc/internal/witness.h:349:witness_unlock	8	static
src/hook.c:103:hook_reentrantp	168	static
