src/sec.c:24:sec_init	200	static
src/sec.c:17:sec_bin_init	24	static
src/sec.c:221:sec_alloc	200	static
src/sec.c:265:sec_expand	72	static
src/sec.c:273:sec_shrink	72	static
src/sec.c:337:sec_dalloc	56	static
src/sec.c:358:sec_flush	40	static
include/jemalloc/internal/mutex.h:213:malloc_mutex_lock	216	static
src/sec.c:281:sec_flush_all_locked	72	static
include/jemalloc/internal/mutex.h:226:malloc_mutex_unlock	152	static
src/sec.c:367:sec_disable	40	static
src/sec.c:377:sec_stats_merge	56	static
src/sec.c:393:sec_mutex_stats_read	40	static
include/jemalloc/internal/mutex.h:266:malloc_mutex_prof_accum	88	static
src/sec.c:404:sec_prefork2	40	static
src/sec.c:411:sec_postfork_parent	40	static
src/sec.c:418:sec_postfork_child	40	static
include/jemalloc/internal/bit_util.h:402:lg_ceil	24	static
include/jemalloc/internal/bit_util.h:392:lg_floor	24	static
include/jemalloc/internal/bit_util.h:326:fls_u64	24	static
include/jemalloc/internal/bit_util.h:98:fls_lu	8	static
include/jemalloc/internal/edata.h:253:edata_list_active_init	8	static
include/jemalloc/internal/pai.h:40:pai_alloc	88	static
src/sec.c:89:sec_shard_pick	48	static
src/sec.c:158:sec_shard_alloc_locked	56	static
src/sec.c:176:sec_batch_fill_and_alloc	104	static
include/jemalloc/internal/mutex.h:235:malloc_mutex_assert_owner	104	static
include/jemalloc/internal/edata.h:253:edata_list_active_first	8	static
include/jemalloc/internal/edata.h:253:edata_list_active_remove	8	static
include/jemalloc/internal/edata.h:356:edata_size_get	8	static
include/jemalloc/internal/witness.h:198:witness_assert_owner	8	static
include/jemalloc/internal/mutex.h:240:malloc_mutex_assert_not_owner	104	static
include/jemalloc/internal/pai.h:48:pai_alloc_batch	56	static
include/jemalloc/internal/edata.h:253:edata_list_active_concat	8	static
src/sec.c:121:sec_flush_some_and_unlock	56	static
include/jemalloc/internal/witness.h:220:witness_assert_not_owner	8	static
include/jemalloc/internal/pai.h:75:pai_dalloc_batch	40	static
include/jemalloc/internal/pai.h:55:pai_expand	72	static
include/jemalloc/internal/pai.h:62:pai_shrink	56	static
include/jemalloc/internal/pai.h:69:pai_dalloc	40	static
src/sec.c:304:sec_shard_dalloc_and_unlock	120	static
include/jemalloc/internal/edata.h:253:edata_list_active_prepend	8	static
include/jemalloc/internal/mutex.h:156:malloc_mutex_trylock_final	24	static
include/jemalloc/internal/mutex.h:161:mutex_owner_stats_update	8	static
include/jemalloc/internal/witness.h:306:witness_lock	8	static
include/jemalloc/internal/witness.h:349:witness_unlock	8	static
