repos/libjpeg-turbo/src/wrapper/../rdppm.c:915:j16init_read_ppm	8	static
repos/libjpeg-turbo/src/wrapper/../rdppm.c:704:start_input_ppm	56	static
repos/libjpeg-turbo/src/wrapper/../rdppm.c:904:finish_input_ppm	0	static
repos/libjpeg-turbo/src/wrapper/../rdppm.c:93:read_pbm_integer	40	static
repos/libjpeg-turbo/src/wrapper/../rdppm.c:137:get_text_gray_row	56	static
repos/libjpeg-turbo/src/wrapper/../rdppm.c:164:get_text_gray_rgb_row	88	static
repos/libjpeg-turbo/src/wrapper/../rdppm.c:199:get_text_gray_cmyk_row	104	static
repos/libjpeg-turbo/src/wrapper/../rdppm.c:240:get_text_rgb_row	88	static
repos/libjpeg-turbo/src/wrapper/../rdppm.c:274:get_text_rgb_cmyk_row	136	static
repos/libjpeg-turbo/src/wrapper/../rdppm.c:491:get_word_gray_row	72	static
repos/libjpeg-turbo/src/wrapper/../rdppm.c:518:get_word_gray_rgb_row	104	static
repos/libjpeg-turbo/src/wrapper/../rdppm.c:553:get_word_gray_cmyk_row	104	static
repos/libjpeg-turbo/src/wrapper/../rdppm.c:309:get_scaled_gray_row	24	static
repos/libjpeg-turbo/src/wrapper/../rdppm.c:330:get_gray_rgb_row	88	static
repos/libjpeg-turbo/src/wrapper/../rdppm.c:367:get_gray_cmyk_row	40	static
repos/libjpeg-turbo/src/wrapper/../rdppm.c:597:get_word_rgb_row	104	static
repos/libjpeg-turbo/src/wrapper/../rdppm.c:642:get_word_rgb_cmyk_row	120	static
repos/libjpeg-turbo/src/wrapper/../rdppm.c:401:get_rgb_row	88	static
repos/libjpeg-turbo/src/wrapper/../rdppm.c:437:get_rgb_cmyk_row	40	static
