src/catch2/reporters/catch_reporter_helpers.cpp:51:_ZN5Catch20getFormattedDurationB5cxx11Ed	376	static
src/catch2/reporters/catch_reporter_helpers.cpp:71:_ZN5Catch18shouldShowDurationERKNS_7IConfigEd	24	static
src/catch2/reporters/catch_reporter_helpers.cpp:82:_ZN5Catch16serializeFiltersERKSt6vectorINSt7__cxx1112basic_stringIcSt11char_traitsIcESaIcEEESaIS6_EE	56	static
src/catch2/reporters/catch_reporter_helpers.cpp:104:_ZN5CatchlsERSoNS_11lineOfCharsE	24	static
src/catch2/reporters/catch_reporter_helpers.cpp:112:_ZN5Catch20defaultListReportersERSoRKSt6vectorINS_19ReporterDescriptionESaIS2_EENS_9VerbosityE	280	static
src/catch2/../catch2/internal/catch_textflow.hpp:249:_ZN5Catch8TextFlow7ColumnsD2Ev	24	static
src/catch2/reporters/catch_reporter_helpers.cpp:145:_ZN5Catch20defaultListListenersERSoRKSt6vectorINS_19ListenerDescriptionESaIS2_EE	296	static
src/catch2/reporters/catch_reporter_helpers.cpp:177:_ZN5Catch15defaultListTagsERSoRKSt6vectorINS_7TagInfoESaIS2_EEb	296	static
src/catch2/reporters/catch_reporter_helpers.cpp:219:_ZN5Catch16defaultListTestsERSoPNS_10ColourImplERKSt6vectorINS_14TestCaseHandleESaIS4_EEbNS_9VerbosityE	200	static
src/catch2/../catch2/catch_tostring.hpp:143:_ZN5Catch6Detail9stringifyINS_14SourceLineInfoEEENSt7__cxx1112basic_stringIcSt11char_traitsIcESaIcEEERKT_	40	static
src/catch2/reporters/catch_reporter_helpers.cpp:319:_ZN5Catch18printTestRunTotalsERSoRNS_10ColourImplERKNS_6TotalsE	344	static
/usr/bin/../lib/gcc/x86_64-linux-gnu/13/../../../../include/c++/13/bits/stl_vector.h:1298:_ZNSt6vectorIN5Catch12_GLOBAL__N_113SummaryColumnESaIS2_EE9push_backEOS2_	88	static
src/catch2/reporters/catch_reporter_helpers.cpp:265:_ZNO5Catch12_GLOBAL__N_113SummaryColumn6addRowEm	88	static
src/catch2/reporters/catch_reporter_helpers.cpp:260:_ZN5Catch12_GLOBAL__N_113SummaryColumnD2Ev	24	static
src/catch2/reporters/catch_reporter_helpers.cpp:293:_ZN5Catch12_GLOBAL__N_115printSummaryRowERSoRNS_10ColourImplENS_9StringRefERKSt6vectorINS0_13SummaryColumnESaIS6_EEm	120	static
/usr/bin/../lib/gcc/x86_64-linux-gnu/13/../../../../include/c++/13/bits/stl_vector.h:733:_ZNSt6vectorIN5Catch12_GLOBAL__N_113SummaryColumnESaIS2_EED2Ev	40	static
/mnt/c/Users/grego/CLionProjects/BuildtimeHotspotAnalyzer/tests/temp/repos/catch2/src/catch2/reporters/catch_reporter_helpers.cpp:__clang_call_terminate	8	static
/usr/bin/../lib/gcc/x86_64-linux-gnu/13/../../../../include/c++/13/bits/vector.tcc:446:_ZNSt6vectorINSt7__cxx1112basic_stringIcSt11char_traitsIcESaIcEEESaIS5_EE17_M_realloc_insertIJRKS5_EEEvN9__gnu_cxx17__normal_iteratorIPS5_S7_EEDpOT_	104	static
