src/catch2/internal/catch_test_case_registry_impl.cpp:56:_ZN5Catch9sortTestsERKNS_7IConfigERKSt6vectorINS_14TestCaseHandleESaIS4_EE	184	static
src/catch2/internal/catch_test_case_registry_impl.cpp:107:_ZN5Catch11isThrowSafeERKNS_14TestCaseHandleERKNS_7IConfigE	8	static
src/catch2/internal/catch_test_case_registry_impl.cpp:111:_ZN5Catch11filterTestsERKSt6vectorINS_14TestCaseHandleESaIS1_EERKNS_8TestSpecERKNS_7IConfigE	120	static
src/catch2/../catch2/internal/catch_sharding.hpp:17:_ZN5Catch11createShardISt6vectorINS_14TestCaseHandleESaIS2_EEEET_RKS5_mm	40	static
src/catch2/internal/catch_test_case_registry_impl.cpp:122:_ZN5Catch21getAllTestCasesSortedERKNS_7IConfigE	8	static
src/catch2/internal/catch_test_case_registry_impl.cpp:126:_ZN5Catch12TestRegistryD2Ev	40	static
src/catch2/internal/catch_test_case_registry_impl.cpp:126:_ZN5Catch12TestRegistryD0Ev	8	static
src/catch2/internal/catch_test_case_registry_impl.cpp:128:_ZN5Catch12TestRegistry12registerTestENS_6Detail10unique_ptrINS_12TestCaseInfoEEENS2_INS_12ITestInvokerEEE	88	static
src/catch2/internal/catch_test_case_registry_impl.cpp:135:_ZNK5Catch12TestRegistry11getAllInfosEv	0	static
src/catch2/internal/catch_test_case_registry_impl.cpp:139:_ZNK5Catch12TestRegistry11getAllTestsEv	0	static
src/catch2/internal/catch_test_case_registry_impl.cpp:142:_ZNK5Catch12TestRegistry17getAllTestsSortedERKNS_7IConfigE	216	static
/usr/bin/../lib/gcc/x86_64-linux-gnu/13/../../../../include/c++/13/bits/stl_tree.h:1931:_ZNSt8_Rb_treeIPKN5Catch12TestCaseInfoES3_St9_IdentityIS3_ERZNS0_12_GLOBAL__N_127enforceNoDuplicateTestCasesERKSt6vectorINS0_14TestCaseHandleESaIS8_EEE3$_0SaIS3_EE8_M_eraseEPSt13_Rb_tree_nodeIS3_E	24	static
/usr/bin/../lib/gcc/x86_64-linux-gnu/13/../../../../include/c++/13/bits/stl_algo.h:1918:_ZSt16__introsort_loopIN9__gnu_cxx17__normal_iteratorIPN5Catch14TestCaseHandleESt6vectorIS3_SaIS3_EEEElNS0_5__ops15_Iter_comp_iterIZNS2_9sortTestsERKNS2_7IConfigERKS7_E3$_0EEEvT_SI_T0_T1_	136	static
/usr/bin/../lib/gcc/x86_64-linux-gnu/13/../../../../include/c++/13/bits/stl_algo.h:1918:_ZSt16__introsort_loopIN9__gnu_cxx17__normal_iteratorIPSt4pairImN5Catch14TestCaseHandleEESt6vectorIS5_SaIS5_EEEElNS0_5__ops15_Iter_comp_iterIZNS3_9sortTestsERKNS3_7IConfigERKS7_IS4_SaIS4_EEE3$_1EEEvT_SM_T0_T1_	136	static
/usr/bin/../lib/gcc/x86_64-linux-gnu/13/../../../../include/c++/13/bits/stl_heap.h:224:_ZSt13__adjust_heapIN9__gnu_cxx17__normal_iteratorIPSt4pairImN5Catch14TestCaseHandleEESt6vectorIS5_SaIS5_EEEElS5_NS0_5__ops15_Iter_comp_iterIZNS3_9sortTestsERKNS3_7IConfigERKS7_IS4_SaIS4_EEE3$_1EEEvT_T0_SN_T1_T2_	72	static
/usr/bin/../lib/gcc/x86_64-linux-gnu/13/../../../../include/c++/13/bits/vector.tcc:446:_ZNSt6vectorIN5Catch6Detail10unique_ptrINS0_12TestCaseInfoEEESaIS4_EE17_M_realloc_insertIJS4_EEEvN9__gnu_cxx17__normal_iteratorIPS4_S6_EEDpOT_	72	static
/usr/bin/../lib/gcc/x86_64-linux-gnu/13/../../../../include/c++/13/bits/vector.tcc:446:_ZNSt6vectorIN5Catch6Detail10unique_ptrINS0_12ITestInvokerEEESaIS4_EE17_M_realloc_insertIJS4_EEEvN9__gnu_cxx17__normal_iteratorIPS4_S6_EEDpOT_	72	static
