src/catch2/catch_session.cpp:191:_ZN5Catch7SessionC2Ev	232	static
/mnt/c/Users/grego/CLionProjects/BuildtimeHotspotAnalyzer/tests/temp/repos/catch2/src/catch2/catch_session.cpp:__clang_call_terminate	8	static
src/catch2/catch_session.cpp:324:_ZN5Catch7Session6configEv	24	static
/usr/bin/../lib/gcc/x86_64-linux-gnu/13/../../../../include/c++/13/bits/basic_string.h:641:_ZNSt7__cxx1112basic_stringIcSt11char_traitsIcESaIcEEC2IS3_EEPKcRKS3_	40	static
src/catch2/../catch2/internal/catch_clara.hpp:644:_ZN5Catch5Clara6ParseraSEOS1_	40	static
src/catch2/../catch2/internal/catch_clara.hpp:644:_ZN5Catch5Clara6ParserD2Ev	24	static
src/catch2/../catch2/catch_config.hpp:46:_ZN5Catch10ConfigDataD2Ev	24	static
src/catch2/catch_session.cpp:225:_ZN5Catch7SessionD2Ev	8	static
src/catch2/catch_session.cpp:229:_ZNK5Catch7Session8showHelpEv	24	static
src/catch2/catch_session.cpp:235:_ZN5Catch7Session11libIdentifyEv	24	static
src/catch2/catch_session.cpp:243:_ZN5Catch7Session16applyCommandLineEiPKPKc	216	static
src/catch2/../catch2/internal/catch_clara.hpp:233:_ZN5Catch5Clara6Detail11BasicResultINS1_10ParseStateEED2Ev	8	static
src/catch2/catch_session.cpp:296:_ZN5Catch7Session13useConfigDataERKNS_10ConfigDataE	24	static
src/catch2/catch_session.cpp:301:_ZN5Catch7Session3runEv	24	static
src/catch2/catch_session.cpp:330:_ZN5Catch7Session11runInternalEv	776	static
src/catch2/catch_session.cpp:315:_ZNK5Catch7Session3cliEv	0	static
src/catch2/catch_session.cpp:318:_ZN5Catch7Session3cliERKNS_5Clara6ParserE	24	static
src/catch2/catch_session.cpp:321:_ZN5Catch7Session10configDataEv	0	static
src/catch2/catch_session.cpp:76:_ZN5Catch12_GLOBAL__N_19TestGroupD2Ev	24	static
/usr/bin/../lib/gcc/x86_64-linux-gnu/13/../../../../include/c++/13/bits/shared_ptr_base.h:198:_ZNSt16_Sp_counted_baseILN9__gnu_cxx12_Lock_policyE2EE24_M_release_last_use_coldEv	8	static
/usr/bin/../lib/gcc/x86_64-linux-gnu/13/../../../../include/c++/13/bits/stl_vector.h:733:_ZNSt6vectorIN5Catch12ReporterSpecESaIS1_EED2Ev	24	static
/usr/bin/../lib/gcc/x86_64-linux-gnu/13/../../../../include/c++/13/bits/stl_construct.h:182:_ZSt8_DestroyIPN5Catch12ReporterSpecEEvT_S3_	24	static
/usr/bin/../lib/gcc/x86_64-linux-gnu/13/../../../../include/c++/13/bits/stl_map.h:314:_ZNSt3mapINSt7__cxx1112basic_stringIcSt11char_traitsIcESaIcEEES5_St4lessIS5_ESaISt4pairIKS5_S5_EEED2Ev	8	static
/usr/bin/../lib/gcc/x86_64-linux-gnu/13/../../../../include/c++/13/bits/stl_tree.h:1931:_ZNSt8_Rb_treeINSt7__cxx1112basic_stringIcSt11char_traitsIcESaIcEEESt4pairIKS5_S5_ESt10_Select1stIS8_ESt4lessIS5_ESaIS8_EE8_M_eraseEPSt13_Rb_tree_nodeIS8_E	24	static
src/catch2/../catch2/internal/catch_clara.hpp:233:_ZN5Catch5Clara6Detail11BasicResultINS1_10ParseStateEED0Ev	8	static
src/catch2/../catch2/internal/catch_clara.hpp:265:_ZNK5Catch5Clara6Detail11BasicResultINS1_10ParseStateEE9enforceOkEv	8	static
src/catch2/../catch2/internal/catch_clara.hpp:217:_ZN5Catch5Clara6Detail15ResultValueBaseINS1_10ParseStateEED2Ev	8	static
src/catch2/../catch2/internal/catch_clara.hpp:217:_ZN5Catch5Clara6Detail15ResultValueBaseINS1_10ParseStateEED0Ev	0	static
/usr/bin/../lib/gcc/x86_64-linux-gnu/13/../../../../include/c++/13/bits/vector.tcc:211:_ZNSt6vectorIN5Catch12ReporterSpecESaIS1_EEaSERKS3_	72	static
/usr/bin/../lib/gcc/x86_64-linux-gnu/13/../../../../include/c++/13/bits/vector.tcc:211:_ZNSt6vectorINSt7__cxx1112basic_stringIcSt11char_traitsIcESaIcEEESaIS5_EEaSERKS7_	56	static
/usr/bin/../lib/gcc/x86_64-linux-gnu/13/../../../../include/c++/13/bits/stl_vector.h:1616:_ZNSt6vectorIN5Catch12ReporterSpecESaIS1_EE20_M_allocate_and_copyIN9__gnu_cxx17__normal_iteratorIPKS1_S3_EEEEPS1_mT_SB_	40	static
src/catch2/../catch2/internal/catch_reporter_spec_parser.hpp:38:_ZN5Catch12ReporterSpecC2ERKS0_	72	static
/usr/bin/../lib/gcc/x86_64-linux-gnu/13/../../../../include/c++/13/bits/stl_tree.h:1893:_ZNSt8_Rb_treeINSt7__cxx1112basic_stringIcSt11char_traitsIcESaIcEEESt4pairIKS5_S5_ESt10_Select1stIS8_ESt4lessIS5_ESaIS8_EE7_M_copyILb0ENSE_11_Alloc_nodeEEEPSt13_Rb_tree_nodeIS8_ESJ_PSt18_Rb_tree_node_baseRT0_	56	static
/usr/bin/../lib/gcc/x86_64-linux-gnu/13/../../../../include/c++/13/bits/stl_pair.h:197:_ZNSt4pairIKNSt7__cxx1112basic_stringIcSt11char_traitsIcESaIcEEES5_EC2ERKS7_	56	static
src/catch2/../catch2/internal/catch_reporter_spec_parser.hpp:38:_ZN5Catch12ReporterSpecaSERKS0_	56	static
/usr/bin/../lib/gcc/x86_64-linux-gnu/13/../../../../include/c++/13/bits/stl_tree.h:1779:_ZNSt8_Rb_treeINSt7__cxx1112basic_stringIcSt11char_traitsIcESaIcEEESt4pairIKS5_S5_ESt10_Select1stIS8_ESt4lessIS5_ESaIS8_EEaSERKSE_	40	static
/usr/bin/../lib/gcc/x86_64-linux-gnu/13/../../../../include/c++/13/bits/stl_tree.h:463:_ZNSt8_Rb_treeINSt7__cxx1112basic_stringIcSt11char_traitsIcESaIcEEESt4pairIKS5_S5_ESt10_Select1stIS8_ESt4lessIS5_ESaIS8_EE20_Reuse_or_alloc_nodeD2Ev	8	static
/usr/bin/../lib/gcc/x86_64-linux-gnu/13/../../../../include/c++/13/bits/stl_tree.h:1893:_ZNSt8_Rb_treeINSt7__cxx1112basic_stringIcSt11char_traitsIcESaIcEEESt4pairIKS5_S5_ESt10_Select1stIS8_ESt4lessIS5_ESaIS8_EE7_M_copyILb0ENSE_20_Reuse_or_alloc_nodeEEEPSt13_Rb_tree_nodeIS8_ESJ_PSt18_Rb_tree_node_baseRT0_	56	static
/usr/bin/../lib/gcc/x86_64-linux-gnu/13/../../../../include/c++/13/bits/stl_tree.h:468:_ZNSt8_Rb_treeINSt7__cxx1112basic_stringIcSt11char_traitsIcESaIcEEESt4pairIKS5_S5_ESt10_Select1stIS8_ESt4lessIS5_ESaIS8_EE20_Reuse_or_alloc_nodeclIRKS8_EEPSt13_Rb_tree_nodeIS8_EOT_	24	static
/usr/bin/../lib/gcc/x86_64-linux-gnu/13/../../../../include/c++/13/bits/stl_vector.h:1616:_ZNSt6vectorINSt7__cxx1112basic_stringIcSt11char_traitsIcESaIcEEESaIS5_EE20_M_allocate_and_copyIN9__gnu_cxx17__normal_iteratorIPKS5_S7_EEEEPS5_mT_SF_	24	static
/usr/bin/../lib/gcc/x86_64-linux-gnu/13/../../../../include/c++/13/bits/stl_uninitialized.h:113:_ZSt16__do_uninit_copyIN9__gnu_cxx17__normal_iteratorIPKNSt7__cxx1112basic_stringIcSt11char_traitsIcESaIcEEESt6vectorIS7_SaIS7_EEEEPS7_ET0_T_SG_SF_	72	static
/usr/bin/../lib/gcc/x86_64-linux-gnu/13/../../../../include/c++/13/bits/stl_uninitialized.h:113:_ZSt16__do_uninit_copyIPNSt7__cxx1112basic_stringIcSt11char_traitsIcESaIcEEES6_ET0_T_S8_S7_	72	static
src/catch2/../catch2/internal/catch_clara.hpp:619:_ZN5Catch5Clara7ExeNameaSERKS1_	40	static
/usr/bin/../lib/gcc/x86_64-linux-gnu/13/../../../../include/c++/13/bits/vector.tcc:211:_ZNSt6vectorIN5Catch5Clara3OptESaIS2_EEaSERKS4_	40	static
/usr/bin/../lib/gcc/x86_64-linux-gnu/13/../../../../include/c++/13/bits/vector.tcc:211:_ZNSt6vectorIN5Catch5Clara3ArgESaIS2_EEaSERKS4_	72	static
/usr/bin/../lib/gcc/x86_64-linux-gnu/13/../../../../include/c++/13/bits/stl_vector.h:1616:_ZNSt6vectorIN5Catch5Clara3OptESaIS2_EE20_M_allocate_and_copyIN9__gnu_cxx17__normal_iteratorIPKS2_S4_EEEEPS2_mT_SC_	24	static
/usr/bin/../lib/gcc/x86_64-linux-gnu/13/../../../../include/c++/13/bits/stl_uninitialized.h:113:_ZSt16__do_uninit_copyIN9__gnu_cxx17__normal_iteratorIPKN5Catch5Clara3OptESt6vectorIS4_SaIS4_EEEEPS4_ET0_T_SD_SC_	56	static
src/catch2/../catch2/internal/catch_clara.hpp:488:_ZN5Catch5Clara6Detail13ParserRefImplINS0_3OptEED2Ev	8	static
src/catch2/../catch2/internal/catch_clara.hpp:488:_ZN5Catch5Clara6Detail13ParserRefImplINS0_3OptEED0Ev	0	static
src/catch2/../catch2/internal/catch_clara.hpp:470:_ZNK5Catch5Clara6Detail10ParserBase8validateEv	0	static
src/catch2/../catch2/internal/catch_clara.hpp:543:_ZNK5Catch5Clara6Detail13ParserRefImplINS0_3OptEE11cardinalityEv	8	static
src/catch2/../catch2/internal/catch_clara.hpp:233:_ZN5Catch5Clara6Detail11BasicResultIvED2Ev	8	static
src/catch2/../catch2/internal/catch_clara.hpp:233:_ZN5Catch5Clara6Detail11BasicResultIvED0Ev	8	static
src/catch2/../catch2/internal/catch_clara.hpp:265:_ZNK5Catch5Clara6Detail11BasicResultIvE9enforceOkEv	8	static
/usr/bin/../lib/gcc/x86_64-linux-gnu/13/../../../../include/c++/13/bits/stl_algobase.h:383:_ZNSt11__copy_moveILb0ELb0ESt26random_access_iterator_tagE8__copy_mIPKN5Catch5Clara3OptEPS5_EET0_T_SA_S9_	56	static
/usr/bin/../lib/gcc/x86_64-linux-gnu/13/../../../../include/c++/13/bits/vector.tcc:211:_ZNSt6vectorIN5Catch9StringRefESaIS1_EEaSERKS3_	56	static
/usr/bin/../lib/gcc/x86_64-linux-gnu/13/../../../../include/c++/13/bits/stl_algobase.h:383:_ZNSt11__copy_moveILb0ELb0ESt26random_access_iterator_tagE8__copy_mIPN5Catch5Clara3OptES6_EET0_T_S8_S7_	56	static
/usr/bin/../lib/gcc/x86_64-linux-gnu/13/../../../../include/c++/13/bits/stl_uninitialized.h:113:_ZSt16__do_uninit_copyIPN5Catch5Clara3OptES3_ET0_T_S5_S4_	56	static
src/catch2/../catch2/internal/catch_clara.hpp:488:_ZN5Catch5Clara6Detail13ParserRefImplINS0_3ArgEED2Ev	8	static
src/catch2/../catch2/internal/catch_clara.hpp:488:_ZN5Catch5Clara6Detail13ParserRefImplINS0_3ArgEED0Ev	0	static
src/catch2/../catch2/internal/catch_clara.hpp:543:_ZNK5Catch5Clara6Detail13ParserRefImplINS0_3ArgEE11cardinalityEv	8	static
src/catch2/../catch2/internal/catch_reusable_string_stream.hpp:45:_ZN5Catch20ReusableStringStreamlsIPKcEERS0_RKT_	24	static
src/catch2/../catch2/internal/catch_reusable_string_stream.hpp:45:_ZN5Catch20ReusableStringStreamlsIA4_cEERS0_RKT_	24	static
src/catch2/../catch2/internal/catch_reusable_string_stream.hpp:45:_ZN5Catch20ReusableStringStreamlsIcEERS0_RKT_	24	static
src/catch2/catch_session.cpp:38:_ZN5Catch12_GLOBAL__N_114createReporterERKNSt7__cxx1112basic_stringIcSt11char_traitsIcESaIcEEEONS_14ReporterConfigE	88	static
src/catch2/../catch2/internal/catch_unique_ptr.hpp:59:_ZN5Catch6Detail10unique_ptrINS_13MultiReporterEED2Ev	24	static
/usr/bin/../lib/gcc/x86_64-linux-gnu/13/../../../../include/c++/13/bits/stl_vector.h:733:_ZNSt6vectorIN5Catch8TestSpec11FilterMatchESaIS2_EED2Ev	24	static
/usr/bin/../lib/gcc/x86_64-linux-gnu/13/../../../../include/c++/13/bits/stl_set.h:568:_ZNSt3setIPKN5Catch14TestCaseHandleESt4lessIS3_ESaIS3_EE6insertIN9__gnu_cxx17__normal_iteratorIPKS3_St6vectorIS3_S6_EEEEEvT_SG_	56	static
src/catch2/../catch2/internal/catch_sharding.hpp:17:_ZN5Catch11createShardISt3setIPKNS_14TestCaseHandleESt4lessIS4_ESaIS4_EEEET_RKS9_mm	40	static
/usr/bin/../lib/gcc/x86_64-linux-gnu/13/../../../../include/c++/13/bits/stl_set.h:283:_ZNSt3setIPKN5Catch14TestCaseHandleESt4lessIS3_ESaIS3_EED2Ev	8	static
/usr/bin/../lib/gcc/x86_64-linux-gnu/13/../../../../include/c++/13/bits/stl_set.h:193:_ZNSt3setIPKN5Catch14TestCaseHandleESt4lessIS3_ESaIS3_EEC2ISt23_Rb_tree_const_iteratorIS3_EEET_SB_	56	static
/usr/bin/../lib/gcc/x86_64-linux-gnu/13/../../../../include/c++/13/bits/stl_tree.h:1893:_ZNSt8_Rb_treeIPKN5Catch14TestCaseHandleES3_St9_IdentityIS3_ESt4lessIS3_ESaIS3_EE7_M_copyILb0ENS9_11_Alloc_nodeEEEPSt13_Rb_tree_nodeIS3_ESE_PSt18_Rb_tree_node_baseRT0_	56	static
/usr/bin/../lib/gcc/x86_64-linux-gnu/13/../../../../include/c++/13/bits/stl_tree.h:1931:_ZNSt8_Rb_treeIPKN5Catch14TestCaseHandleES3_St9_IdentityIS3_ESt4lessIS3_ESaIS3_EE8_M_eraseEPSt13_Rb_tree_nodeIS3_E	24	static
/usr/bin/../lib/gcc/x86_64-linux-gnu/13/../../../../include/c++/13/bits/stl_tree.h:985:_ZNSt8_Rb_treeIPKN5Catch14TestCaseHandleES3_St9_IdentityIS3_ESt4lessIS3_ESaIS3_EED2Ev	8	static
