src/catch2/matchers/catch_matchers_floating_point.cpp:76:_ZN5Catch8Matchers16WithinAbsMatcherC2Edd	88	static
src/catch2/../catch2/internal/catch_reusable_string_stream.hpp:45:_ZN5Catch20ReusableStringStreamlsIcEERS0_RKT_	24	static
src/catch2/../catch2/internal/catch_reusable_string_stream.hpp:45:_ZN5Catch20ReusableStringStreamlsIA32_cEERS0_RKT_	24	static
src/catch2/matchers/catch_matchers_floating_point.cpp:84:_ZNK5Catch8Matchers16WithinAbsMatcher5matchERKd	0	static
src/catch2/matchers/catch_matchers_floating_point.cpp:88:_ZNK5Catch8Matchers16WithinAbsMatcher8describeB5cxx11Ev	184	static
/usr/bin/../lib/gcc/x86_64-linux-gnu/13/../../../../include/c++/13/bits/basic_string.h:3651:_ZStplIcSt11char_traitsIcESaIcEENSt7__cxx1112basic_stringIT_T0_T1_EEOS8_S9_	24	static
src/catch2/matchers/catch_matchers_floating_point.cpp:93:_ZN5Catch8Matchers17WithinUlpsMatcherC2EdmNS0_6Detail17FloatingPointKindE	72	static
src/catch2/matchers/catch_matchers_floating_point.cpp:109:_ZNK5Catch8Matchers17WithinUlpsMatcher5matchERKd	88	static
src/catch2/matchers/catch_matchers_floating_point.cpp:124:_ZNK5Catch8Matchers17WithinUlpsMatcher8describeB5cxx11Ev	440	static
src/catch2/matchers/catch_matchers_floating_point.cpp:164:_ZN5Catch8Matchers16WithinRelMatcherC2Edd	72	static
src/catch2/matchers/catch_matchers_floating_point.cpp:171:_ZNK5Catch8Matchers16WithinRelMatcher5matchERKd	0	static
src/catch2/matchers/catch_matchers_floating_point.cpp:177:_ZNK5Catch8Matchers16WithinRelMatcher8describeB5cxx11Ev	72	static
src/catch2/matchers/catch_matchers_floating_point.cpp:184:_ZN5Catch8Matchers9WithinULPEdm	0	static
src/catch2/matchers/catch_matchers_floating_point.cpp:188:_ZN5Catch8Matchers9WithinULPEfm	8	static
src/catch2/matchers/catch_matchers_floating_point.cpp:192:_ZN5Catch8Matchers9WithinAbsEdd	8	static
src/catch2/matchers/catch_matchers_floating_point.cpp:196:_ZN5Catch8Matchers9WithinRelEdd	8	static
src/catch2/matchers/catch_matchers_floating_point.cpp:200:_ZN5Catch8Matchers9WithinRelEd	8	static
src/catch2/matchers/catch_matchers_floating_point.cpp:204:_ZN5Catch8Matchers9WithinRelEff	8	static
src/catch2/matchers/catch_matchers_floating_point.cpp:208:_ZN5Catch8Matchers9WithinRelEf	8	static
src/catch2/matchers/catch_matchers_floating_point.cpp:214:_ZNK5Catch8Matchers12IsNaNMatcher5matchERKd	0	static
src/catch2/matchers/catch_matchers_floating_point.cpp:218:_ZNK5Catch8Matchers12IsNaNMatcher8describeB5cxx11Ev	0	static
src/catch2/matchers/catch_matchers_floating_point.cpp:223:_ZN5Catch8Matchers5IsNaNEv	0	static
src/catch2/../catch2/matchers/catch_matchers_floating_point.hpp:20:_ZN5Catch8Matchers16WithinAbsMatcherD0Ev	8	static
src/catch2/../catch2/matchers/catch_matchers_floating_point.hpp:35:_ZN5Catch8Matchers17WithinUlpsMatcherD0Ev	8	static
src/catch2/../catch2/matchers/catch_matchers_floating_point.hpp:61:_ZN5Catch8Matchers16WithinRelMatcherD0Ev	8	static
src/catch2/../catch2/matchers/catch_matchers_floating_point.hpp:82:_ZN5Catch8Matchers12IsNaNMatcherD0Ev	8	static
/home/gregorian-rayne/CLionProjects/build-hotspot-analyzer/tests/cli/repos/catch2/src/catch2/matchers/catch_matchers_floating_point.cpp:__clang_call_terminate	8	static
src/catch2/../catch2/internal/catch_floating_point_helpers.hpp:60:_ZN5Catch11ulpDistanceIfEEmT_S1_	56	static
src/catch2/../catch2/internal/catch_floating_point_helpers.hpp:60:_ZN5Catch11ulpDistanceIdEEmT_S1_	56	static
