src/catch2/matchers/catch_matchers_container_properties.cpp:15:_ZNK5Catch8Matchers14IsEmptyMatcher8describeB5cxx11Ev	0	static
src/catch2/matchers/catch_matchers_container_properties.cpp:19:_ZNK5Catch8Matchers14HasSizeMatcher8describeB5cxx11Ev	40	static
src/catch2/matchers/catch_matchers_container_properties.cpp:25:_ZN5Catch8Matchers7IsEmptyEv	0	static
src/catch2/matchers/catch_matchers_container_properties.cpp:29:_ZN5Catch8Matchers6SizeIsEm	0	static
src/catch2/../catch2/matchers/catch_matchers_container_properties.hpp:33:_ZN5Catch8Matchers14HasSizeMatcherD0Ev	8	static
src/catch2/../catch2/matchers/catch_matchers_container_properties.hpp:18:_ZN5Catch8Matchers14IsEmptyMatcherD0Ev	8	static
