/home/gregorian-rayne/CLionProjects/build-hotspot-analyzer/tests/cli/repos/rocksdb/logging/auto_roll_logger.h:108:10:virtual rocksdb::Status rocksdb::AutoRollLogger::CloseImpl()	48	static
/usr/include/c++/13/bits/shared_ptr_base.h:419:11:std::_Sp_counted_ptr<rocksdb::AutoRollLogger*, __gnu_cxx::_S_atomic>::~_Sp_counted_ptr()	8	static
/usr/include/c++/13/bits/shared_ptr_base.h:435:7:void* std::_Sp_counted_ptr<_Ptr, _Lp>::_M_get_deleter(const std::type_info&) [with _Ptr = rocksdb::AutoRollLogger*; __gnu_cxx::_Lock_policy _Lp = __gnu_cxx::_S_atomic]	8	static
/usr/include/c++/13/bits/shared_ptr_base.h:419:11:virtual std::_Sp_counted_ptr<rocksdb::AutoRollLogger*, __gnu_cxx::_S_atomic>::~_Sp_counted_ptr()	8	static
/usr/include/c++/13/bits/shared_ptr_base.h:431:7:void std::_Sp_counted_ptr<_Ptr, _Lp>::_M_destroy() [with _Ptr = rocksdb::AutoRollLogger*; __gnu_cxx::_Lock_policy _Lp = __gnu_cxx::_S_atomic]	8	static
/home/gregorian-rayne/CLionProjects/build-hotspot-analyzer/tests/cli/repos/rocksdb/logging/auto_roll_logger.h:87:8:virtual void rocksdb::AutoRollLogger::SetInfoLogLevel(rocksdb::InfoLogLevel)	48	static
/home/gregorian-rayne/CLionProjects/build-hotspot-analyzer/tests/cli/repos/rocksdb/logging/auto_roll_logger.h:78:16:virtual rocksdb::InfoLogLevel rocksdb::AutoRollLogger::GetInfoLogLevel() const	32	static
/home/gregorian-rayne/CLionProjects/build-hotspot-analyzer/tests/cli/repos/rocksdb/include/rocksdb/env.h:1637:10:virtual rocksdb::Status rocksdb::EnvWrapper::FileExists(const std::string&)	48	static
/home/gregorian-rayne/CLionProjects/build-hotspot-analyzer/tests/cli/repos/rocksdb/include/rocksdb/env.h:1657:10:virtual rocksdb::Status rocksdb::EnvWrapper::CreateDirIfMissing(const std::string&)	48	static
/home/gregorian-rayne/CLionProjects/build-hotspot-analyzer/tests/cli/repos/rocksdb/include/rocksdb/env.h:1750:10:virtual rocksdb::Status rocksdb::EnvWrapper::GetAbsolutePath(const std::string&, std::string*)	48	static
/home/gregorian-rayne/CLionProjects/build-hotspot-analyzer/tests/cli/repos/rocksdb/include/rocksdb/env.h:1672:10:virtual rocksdb::Status rocksdb::EnvWrapper::RenameFile(const std::string&, const std::string&)	48	static
/home/gregorian-rayne/CLionProjects/build-hotspot-analyzer/tests/cli/repos/rocksdb/include/rocksdb/file_system.h:1556:12:virtual rocksdb::IOStatus rocksdb::FileSystemWrapper::DeleteFile(const std::string&, const rocksdb::IOOptions&, rocksdb::IODebugContext*)	48	static
/home/gregorian-rayne/CLionProjects/build-hotspot-analyzer/tests/cli/repos/rocksdb/include/rocksdb/file_system.h:1541:12:virtual rocksdb::IOStatus rocksdb::FileSystemWrapper::FileExists(const std::string&, const rocksdb::IOOptions&, rocksdb::IODebugContext*)	48	static
/home/gregorian-rayne/CLionProjects/build-hotspot-analyzer/tests/cli/repos/rocksdb/include/rocksdb/file_system.h:1594:12:virtual rocksdb::IOStatus rocksdb::FileSystemWrapper::RenameFile(const std::string&, const std::string&, const rocksdb::IOOptions&, rocksdb::IODebugContext*)	48	static
/home/gregorian-rayne/CLionProjects/build-hotspot-analyzer/tests/cli/repos/rocksdb/include/rocksdb/file_system.h:1588:12:virtual rocksdb::IOStatus rocksdb::FileSystemWrapper::GetAbsolutePath(const std::string&, const rocksdb::IOOptions&, std::string*, rocksdb::IODebugContext*)	48	static
/home/gregorian-rayne/CLionProjects/build-hotspot-analyzer/tests/cli/repos/rocksdb/include/rocksdb/system_clock.h:95:12:virtual uint64_t rocksdb::SystemClockWrapper::NowMicros()	8	static
/usr/include/c++/13/bits/stl_tree.h:1930:5:void std::_Rb_tree<_Key, _Val, _KeyOfValue, _Compare, _Alloc>::_M_erase(_Link_type) [with _Key = std::__cxx11::basic_string<char>; _Val = std::pair<const std::__cxx11::basic_string<char>, long unsigned int>; _KeyOfValue = std::_Select1st<std::pair<const std::__cxx11::basic_string<char>, long unsigned int> >; _Compare = std::less<std::__cxx11::basic_string<char> >; _Alloc = std::allocator<std::pair<const std::__cxx11::basic_string<char>, long unsigned int> >]	112	static
/usr/include/c++/13/bits/stl_algo.h:1812:5:constexpr void std::__insertion_sort(_RandomAccessIterator, _RandomAccessIterator, _Compare) [with _RandomAccessIterator = __gnu_cxx::__normal_iterator<__cxx11::basic_string<char>*, vector<__cxx11::basic_string<char> > >; _Compare = __gnu_cxx::__ops::_Iter_less_iter]	176	static
/usr/include/c++/13/bits/stl_algo.h:1918:5:constexpr void std::__introsort_loop(_RandomAccessIterator, _RandomAccessIterator, _Size, _Compare) [with _RandomAccessIterator = __gnu_cxx::__normal_iterator<__cxx11::basic_string<char>*, vector<__cxx11::basic_string<char> > >; _Size = long int; _Compare = __gnu_cxx::__ops::_Iter_less_iter]	304	static
/home/gregorian-rayne/CLionProjects/build-hotspot-analyzer/tests/cli/repos/rocksdb/include/rocksdb/file_system.h:228:8:rocksdb::IODebugContext::~IODebugContext()	48	static
/home/gregorian-rayne/CLionProjects/build-hotspot-analyzer/tests/cli/repos/rocksdb/logging/auto_roll_logger.cc:61:8:rocksdb::Status rocksdb::AutoRollLogger::ResetLogger()	112	static
/home/gregorian-rayne/CLionProjects/build-hotspot-analyzer/tests/cli/repos/rocksdb/logging/auto_roll_logger.cc:138:8:rocksdb::Status rocksdb::AutoRollLogger::TrimOldLogFiles()	112	static
/home/gregorian-rayne/CLionProjects/build-hotspot-analyzer/tests/cli/repos/rocksdb/logging/auto_roll_logger.cc:167:13:std::string rocksdb::AutoRollLogger::ValistToString(const char*, __va_list_tag*) const	1088	static
/home/gregorian-rayne/CLionProjects/build-hotspot-analyzer/tests/cli/repos/rocksdb/logging/auto_roll_logger.cc:181:6:)	240	static
/home/gregorian-rayne/CLionProjects/build-hotspot-analyzer/tests/cli/repos/rocksdb/logging/auto_roll_logger.cc:234:6:void rocksdb::AutoRollLogger::WriteHeaderInfo()	48	static
/home/gregorian-rayne/CLionProjects/build-hotspot-analyzer/tests/cli/repos/rocksdb/logging/auto_roll_logger.cc:260:6:bool rocksdb::AutoRollLogger::LogExpired()	32	static
/usr/include/c++/13/bits/shared_ptr_base.h:198:7:void std::_Sp_counted_base<_Lp>::_M_release_last_use_cold() [with __gnu_cxx::_Lock_policy _Lp = __gnu_cxx::_S_atomic]	32	static
/usr/include/c++/13/bits/shared_ptr_base.h:317:5:void std::_Sp_counted_base<_Lp>::_M_release() [with __gnu_cxx::_Lock_policy _Lp = __gnu_cxx::_S_atomic]	32	static
/home/gregorian-rayne/CLionProjects/build-hotspot-analyzer/tests/cli/repos/rocksdb/logging/auto_roll_logger.h:57:8:virtual void rocksdb::AutoRollLogger::Flush()	48	static
/home/gregorian-rayne/CLionProjects/build-hotspot-analyzer/tests/cli/repos/rocksdb/logging/auto_roll_logger.h:44:10:virtual size_t rocksdb::AutoRollLogger::GetLogFileSize() const	64	static
/home/gregorian-rayne/CLionProjects/build-hotspot-analyzer/tests/cli/repos/rocksdb/logging/auto_roll_logger.h:70:11:rocksdb::AutoRollLogger::~AutoRollLogger()	144	static
/home/gregorian-rayne/CLionProjects/build-hotspot-analyzer/tests/cli/repos/rocksdb/logging/auto_roll_logger.h:70:11:virtual rocksdb::AutoRollLogger::~AutoRollLogger()	32	static
/usr/include/c++/13/bits/shared_ptr_base.h:427:7:void std::_Sp_counted_ptr<_Ptr, _Lp>::_M_dispose() [with _Ptr = rocksdb::AutoRollLogger*; __gnu_cxx::_Lock_policy _Lp = __gnu_cxx::_S_atomic]	32	static
/usr/include/c++/13/bits/hashtable.h:1595:5:std::_Hashtable<_Key, _Value, _Alloc, _ExtractKey, _Equal, _Hash, _RangeHash, _Unused, _RehashPolicy, _Traits>::~_Hashtable() [with _Key = std::__cxx11::basic_string<char>; _Value = std::pair<const std::__cxx11::basic_string<char>, std::__cxx11::basic_string<char> >; _Alloc = std::allocator<std::pair<const std::__cxx11::basic_string<char>, std::__cxx11::basic_string<char> > >; _ExtractKey = std::__detail::_Select1st; _Equal = std::equal_to<std::__cxx11::basic_string<char> >; _Hash = std::hash<std::__cxx11::basic_string<char> >; _RangeHash = std::__detail::_Mod_range_hashing; _Unused = std::__detail::_Default_ranged_hash; _RehashPolicy = std::__detail::_Prime_rehash_policy; _Traits = std::__detail::_Hashtable_traits<true, false, true>]	48	static
/usr/include/c++/13/bits/stl_deque.h:1027:7:std::deque<_Tp, _Alloc>::~deque() [with _Tp = std::__cxx11::basic_string<char>; _Alloc = std::allocator<std::__cxx11::basic_string<char> >]	112	static
/usr/include/c++/13/bits/basic_string.h:280:7:constexpr void std::__cxx11::basic_string<_CharT, _Traits, _Alloc>::_M_dispose() [with _CharT = char; _Traits = std::char_traits<char>; _Alloc = std::allocator<char>]	8	static
/home/gregorian-rayne/CLionProjects/build-hotspot-analyzer/tests/cli/repos/rocksdb/logging/auto_roll_logger.cc:241:6:virtual void rocksdb::AutoRollLogger::LogHeader(const char*, __va_list_tag*)	176	static
/usr/include/c++/13/bits/stl_deque.h:638:5:void std::_Deque_base<_Tp, _Alloc>::_M_initialize_map(std::size_t) [with _Tp = std::__cxx11::basic_string<char>; _Alloc = std::allocator<std::__cxx11::basic_string<char> >]	64	static
/usr/include/c++/13/bits/deque.tcc:931:5:void std::deque<_Tp, _Alloc>::_M_reallocate_map(size_type, bool) [with _Tp = std::__cxx11::basic_string<char>; _Alloc = std::allocator<std::__cxx11::basic_string<char> >]	96	static
/usr/include/c++/13/bits/deque.tcc:484:7:) [with _Args = {const std::__cxx11::basic_string<char, std::char_traits<char>, std::allocator<char> >&}; _Tp = std::__cxx11::basic_string<char>; _Alloc = std::allocator<std::__cxx11::basic_string<char> >]	64	static
/home/gregorian-rayne/CLionProjects/build-hotspot-analyzer/tests/cli/repos/rocksdb/logging/auto_roll_logger.cc:85:6:void rocksdb::AutoRollLogger::RollLogFile()	224	static
/home/gregorian-rayne/CLionProjects/build-hotspot-analyzer/tests/cli/repos/rocksdb/logging/auto_roll_logger.cc:194:6:virtual void rocksdb::AutoRollLogger::Logv(const char*, __va_list_tag*)	160	static
/home/gregorian-rayne/CLionProjects/build-hotspot-analyzer/tests/cli/repos/rocksdb/logging/auto_roll_logger.cc:115:6:void rocksdb::AutoRollLogger::GetExistingFiles()	384	static
/home/gregorian-rayne/CLionProjects/build-hotspot-analyzer/tests/cli/repos/rocksdb/logging/auto_roll_logger.cc:21:1:rocksdb::AutoRollLogger::AutoRollLogger(const std::shared_ptr<rocksdb::FileSystem>&, const std::shared_ptr<rocksdb::SystemClock>&, const std::string&, const std::string&, size_t, size_t, size_t, rocksdb::InfoLogLevel)	256	static
/home/gregorian-rayne/CLionProjects/build-hotspot-analyzer/tests/cli/repos/rocksdb/logging/auto_roll_logger.cc:270:8:rocksdb::Status rocksdb::CreateLoggerFromOptions(const std::string&, const DBOptions&, std::shared_ptr<Logger>*)	320	dynamic,bounded
