/home/gregorian-rayne/CLionProjects/build-hotspot-analyzer/tests/cli/repos/rocksdb/db/dbformat.h:400:11:rocksdb::InternalKeyComparator::~InternalKeyComparator()	8	static
/home/gregorian-rayne/CLionProjects/build-hotspot-analyzer/tests/cli/repos/rocksdb/cache/typed_cache.h:220:17:static size_t rocksdb::FullTypedCacheHelperFns<TValue, TCreateContext>::Size(ObjectPtr) [with TValue = rocksdb::BlobContents; TCreateContext = rocksdb::BlobContentsCreator]	8	static
/usr/include/c++/13/bits/shared_ptr_base.h:608:7:std::_Sp_counted_ptr_inplace<_Tp, _Alloc, _Lp>::~_Sp_counted_ptr_inplace() [with _Tp = rocksdb::ChargedCache; _Alloc = std::allocator<void>; __gnu_cxx::_Lock_policy _Lp = __gnu_cxx::_S_atomic]	8	static
/usr/include/c++/13/bits/shared_ptr_base.h:611:7:void std::_Sp_counted_ptr_inplace<_Tp, _Alloc, _Lp>::_M_dispose() [with _Tp = rocksdb::ChargedCache; _Alloc = std::allocator<void>; __gnu_cxx::_Lock_policy _Lp = __gnu_cxx::_S_atomic]	8	static
/home/gregorian-rayne/CLionProjects/build-hotspot-analyzer/tests/cli/repos/rocksdb/db/dbformat.h:400:11:virtual rocksdb::InternalKeyComparator::~InternalKeyComparator()	8	static
/usr/include/c++/13/bits/shared_ptr_base.h:608:7:std::_Sp_counted_ptr_inplace<_Tp, _Alloc, _Lp>::~_Sp_counted_ptr_inplace() [with _Tp = rocksdb::ChargedCache; _Alloc = std::allocator<void>; __gnu_cxx::_Lock_policy _Lp = __gnu_cxx::_S_atomic]	8	static
/usr/include/c++/13/bits/shared_ptr_base.h:631:7:void* std::_Sp_counted_ptr_inplace<_Tp, _Alloc, _Lp>::_M_get_deleter(const std::type_info&) [with _Tp = rocksdb::ChargedCache; _Alloc = std::allocator<void>; __gnu_cxx::_Lock_policy _Lp = __gnu_cxx::_S_atomic]	32	static
/usr/include/c++/13/bits/shared_ptr_base.h:618:7:void std::_Sp_counted_ptr_inplace<_Tp, _Alloc, _Lp>::_M_destroy() [with _Tp = rocksdb::ChargedCache; _Alloc = std::allocator<void>; __gnu_cxx::_Lock_policy _Lp = __gnu_cxx::_S_atomic]	8	static
/home/gregorian-rayne/CLionProjects/build-hotspot-analyzer/tests/cli/repos/rocksdb/cache/typed_cache.h:226:17:static rocksdb::Status rocksdb::FullTypedCacheHelperFns<TValue, TCreateContext>::SaveTo(ObjectPtr, size_t, size_t, char*) [with TValue = rocksdb::BlobContents; TCreateContext = rocksdb::BlobContentsCreator]	32	static
/home/gregorian-rayne/CLionProjects/build-hotspot-analyzer/tests/cli/repos/rocksdb/db/dbformat.h:1085:12:virtual int rocksdb::InternalKeyComparator::Compare(const rocksdb::Slice&, const rocksdb::Slice&) const	96	static
/usr/include/c++/13/bits/stl_vector.h:733:7:constexpr std::vector<_Tp, _Alloc>::~vector() [with _Tp = rocksdb::Slice; _Alloc = std::allocator<rocksdb::Slice>]	8	static
/usr/include/c++/13/bits/unique_ptr.h:93:7:void std::default_delete<_Tp>::operator()(_Tp*) const [with _Tp = rocksdb::BlobContents]	32	static
/home/gregorian-rayne/CLionProjects/build-hotspot-analyzer/tests/cli/repos/rocksdb/db/blob/blob_source.cc:144:7:static constexpr void rocksdb::BlobSource::PinOwnedBlob(std::unique_ptr<rocksdb::BlobContents>*, rocksdb::PinnableSlice*)::<lambda(void*, void*)>::_FUN(void*, void*)	32	static
/home/gregorian-rayne/CLionProjects/build-hotspot-analyzer/tests/cli/repos/rocksdb/include/rocksdb/advanced_cache.h:628:10:virtual size_t rocksdb::CacheWrapper::GetUsage(rocksdb::Cache::Handle*) const	8	static
/home/gregorian-rayne/CLionProjects/build-hotspot-analyzer/tests/cli/repos/rocksdb/include/rocksdb/advanced_cache.h:601:13:virtual void* rocksdb::CacheWrapper::Value(rocksdb::Cache::Handle*)	8	static
/home/gregorian-rayne/CLionProjects/build-hotspot-analyzer/tests/cli/repos/rocksdb/cache/typed_cache.h:113:15:static void rocksdb::BasicTypedCacheHelperFns<TValue>::Delete(ObjectPtr, rocksdb::MemoryAllocator*) [with TValue = rocksdb::BlobContents]	32	static
/home/gregorian-rayne/CLionProjects/build-hotspot-analyzer/tests/cli/repos/rocksdb/cache/typed_cache.h:236:17:static rocksdb::Status rocksdb::FullTypedCacheHelperFns<TValue, TCreateContext>::Create(const rocksdb::Slice&, rocksdb::CompressionType, rocksdb::CacheTier, CreateContext*, rocksdb::MemoryAllocator*, void**, size_t*) [with TValue = rocksdb::BlobContents; TCreateContext = rocksdb::BlobContentsCreator]	80	static
/usr/include/c++/13/bits/stl_algo.h:1918:5:constexpr void std::__introsort_loop(_RandomAccessIterator, _RandomAccessIterator, _Size, _Compare) [with _RandomAccessIterator = rocksdb::autovector<rocksdb::BlobReadRequest>::iterator_impl<rocksdb::autovector<rocksdb::BlobReadRequest>, rocksdb::BlobReadRequest>; _Size = long int; _Compare = __gnu_cxx::__ops::_Iter_comp_iter<rocksdb::BlobSource::MultiGetBlob(const rocksdb::ReadOptions&, rocksdb::autovector<std::tuple<long unsigned int, long unsigned int, rocksdb::autovector<rocksdb::BlobReadRequest, 8> > >&, uint64_t*)::<lambda(const rocksdb::BlobReadRequest&, const rocksdb::BlobReadRequest&)> >]	176	static
/home/gregorian-rayne/CLionProjects/build-hotspot-analyzer/tests/cli/repos/rocksdb/db/blob/blob_source.cc:107:26:rocksdb::BlobSource::TypedHandle* rocksdb::BlobSource::GetEntryFromCache(const rocksdb::Slice&) const	96	static
/home/gregorian-rayne/CLionProjects/build-hotspot-analyzer/tests/cli/repos/rocksdb/db/blob/blob_source.cc:46:8:rocksdb::Status rocksdb::BlobSource::GetBlobFromCache(const rocksdb::Slice&, rocksdb::CacheHandleGuard<rocksdb::BlobContents>*) const	112	static
/home/gregorian-rayne/CLionProjects/build-hotspot-analyzer/tests/cli/repos/rocksdb/db/blob/blob_source.cc:113:6:static void rocksdb::BlobSource::PinCachedBlob(rocksdb::CacheHandleGuard<rocksdb::BlobContents>*, rocksdb::PinnableSlice*)	48	static
/home/gregorian-rayne/CLionProjects/build-hotspot-analyzer/tests/cli/repos/rocksdb/db/blob/blob_source.cc:132:6:static void rocksdb::BlobSource::PinOwnedBlob(std::unique_ptr<rocksdb::BlobContents>*, rocksdb::PinnableSlice*)	48	static
/home/gregorian-rayne/CLionProjects/build-hotspot-analyzer/tests/cli/repos/rocksdb/db/blob/blob_source.cc:150:8:rocksdb::Status rocksdb::BlobSource::InsertEntryIntoCache(const rocksdb::Slice&, rocksdb::BlobContents*, TypedHandle**, rocksdb::Cache::Priority) const	224	dynamic,bounded
/home/gregorian-rayne/CLionProjects/build-hotspot-analyzer/tests/cli/repos/rocksdb/db/blob/blob_source.cc:74:8:rocksdb::Status rocksdb::BlobSource::PutBlobIntoCache(const rocksdb::Slice&, std::unique_ptr<rocksdb::BlobContents>*, rocksdb::CacheHandleGuard<rocksdb::BlobContents>*) const	112	static
/home/gregorian-rayne/CLionProjects/build-hotspot-analyzer/tests/cli/repos/rocksdb/db/blob/blob_source.cc:158:8:rocksdb::Status rocksdb::BlobSource::GetBlob(const rocksdb::ReadOptions&, const rocksdb::Slice&, uint64_t, uint64_t, uint64_t, uint64_t, rocksdb::CompressionType, rocksdb::FilePrefetchBuffer*, rocksdb::PinnableSlice*, uint64_t*)	336	dynamic,bounded
/home/gregorian-rayne/CLionProjects/build-hotspot-analyzer/tests/cli/repos/rocksdb/db/blob/blob_source.cc:435:6:bool rocksdb::BlobSource::TEST_BlobInCache(uint64_t, uint64_t, uint64_t, size_t*) const	128	static
/usr/include/c++/13/bits/shared_ptr_base.h:198:7:void std::_Sp_counted_base<_Lp>::_M_release_last_use_cold() [with __gnu_cxx::_Lock_policy _Lp = __gnu_cxx::_S_atomic]	32	static
/usr/include/c++/13/bits/shared_ptr_base.h:317:5:void std::_Sp_counted_base<_Lp>::_M_release() [with __gnu_cxx::_Lock_policy _Lp = __gnu_cxx::_S_atomic]	32	static
/home/gregorian-rayne/CLionProjects/build-hotspot-analyzer/tests/cli/repos/rocksdb/db/blob/blob_source.cc:44:1:rocksdb::BlobSource::~BlobSource()	32	static
/home/gregorian-rayne/CLionProjects/build-hotspot-analyzer/tests/cli/repos/rocksdb/db/blob/blob_source.cc:23:1:rocksdb::BlobSource::BlobSource(const rocksdb::ImmutableOptions&, const rocksdb::MutableCFOptions&, const std::string&, const std::string&, rocksdb::BlobFileCache*)	160	static
/usr/include/c++/13/bits/stl_vector.h:733:7:constexpr std::vector<_Tp, _Alloc>::~vector() [with _Tp = std::pair<rocksdb::BlobReadRequest*, std::unique_ptr<rocksdb::BlobContents> >; _Alloc = std::allocator<std::pair<rocksdb::BlobReadRequest*, std::unique_ptr<rocksdb::BlobContents> > >]	48	static
/home/gregorian-rayne/CLionProjects/build-hotspot-analyzer/tests/cli/repos/rocksdb/util/autovector.h:317:8:void rocksdb::autovector<T, kSize>::clear() [with T = std::pair<rocksdb::BlobReadRequest*, std::unique_ptr<rocksdb::BlobContents> >; long unsigned int kSize = 8]	64	static
/home/gregorian-rayne/CLionProjects/build-hotspot-analyzer/tests/cli/repos/rocksdb/db/blob/blob_source.cc:287:6:void rocksdb::BlobSource::MultiGetBlobFromOneFile(const rocksdb::ReadOptions&, uint64_t, uint64_t, rocksdb::autovector<rocksdb::BlobReadRequest>&, uint64_t*)	512	static
/home/gregorian-rayne/CLionProjects/build-hotspot-analyzer/tests/cli/repos/rocksdb/db/blob/blob_source.cc:260:6:void rocksdb::BlobSource::MultiGetBlob(const rocksdb::ReadOptions&, rocksdb::autovector<std::tuple<long unsigned int, long unsigned int, rocksdb::autovector<rocksdb::BlobReadRequest, 8> > >&, uint64_t*)	208	static
/home/gregorian-rayne/CLionProjects/build-hotspot-analyzer/tests/cli/repos/rocksdb/db/blob/blob_source.cc:460:1:cc)	8	static
