/mnt/c/Users/grego/CLionProjects/BuildtimeHotspotAnalyzer/tests/temp/repos/rocksdb/db/blob/blob_log_format.cc:14:6:void rocksdb::BlobLogHeader::EncodeTo(std::string*)	96	static
/mnt/c/Users/grego/CLionProjects/BuildtimeHotspotAnalyzer/tests/temp/repos/rocksdb/db/blob/blob_log_format.cc:28:8:rocksdb::Status rocksdb::BlobLogHeader::DecodeFrom(rocksdb::Slice)	80	static
/mnt/c/Users/grego/CLionProjects/BuildtimeHotspotAnalyzer/tests/temp/repos/rocksdb/db/blob/blob_log_format.cc:59:6:void rocksdb::BlobLogFooter::EncodeTo(std::string*)	96	static
/mnt/c/Users/grego/CLionProjects/BuildtimeHotspotAnalyzer/tests/temp/repos/rocksdb/db/blob/blob_log_format.cc:72:8:rocksdb::Status rocksdb::BlobLogFooter::DecodeFrom(rocksdb::Slice)	96	static
/mnt/c/Users/grego/CLionProjects/BuildtimeHotspotAnalyzer/tests/temp/repos/rocksdb/db/blob/blob_log_format.cc:96:6:void rocksdb::BlobLogRecord::EncodeHeaderTo(std::string*)	96	static
/mnt/c/Users/grego/CLionProjects/BuildtimeHotspotAnalyzer/tests/temp/repos/rocksdb/db/blob/blob_log_format.cc:112:8:rocksdb::Status rocksdb::BlobLogRecord::DecodeHeaderFrom(rocksdb::Slice)	96	static
/mnt/c/Users/grego/CLionProjects/BuildtimeHotspotAnalyzer/tests/temp/repos/rocksdb/db/blob/blob_log_format.cc:132:8:rocksdb::Status rocksdb::BlobLogRecord::CheckBlobCRC() const	80	static
