/mnt/c/Users/grego/CLionProjects/BuildtimeHotspotAnalyzer/tests/temp/repos/rocksdb/db/dbformat.h:400:11:rocksdb::InternalKeyComparator::~InternalKeyComparator()	8	static
/mnt/c/Users/grego/CLionProjects/BuildtimeHotspotAnalyzer/tests/temp/repos/rocksdb/db/dbformat.h:400:11:virtual rocksdb::InternalKeyComparator::~InternalKeyComparator()	8	static
/mnt/c/Users/grego/CLionProjects/BuildtimeHotspotAnalyzer/tests/temp/repos/rocksdb/include/rocksdb/statistics.h:798:16:virtual void rocksdb::Statistics::reportTimeToHistogram(uint32_t, uint64_t)	8	static
/mnt/c/Users/grego/CLionProjects/BuildtimeHotspotAnalyzer/tests/temp/repos/rocksdb/db/dbformat.h:1085:12:virtual int rocksdb::InternalKeyComparator::Compare(const rocksdb::Slice&, const rocksdb::Slice&) const	96	static
/usr/include/c++/13/bits/stl_vector.h:733:7:constexpr std::vector<_Tp, _Alloc>::~vector() [with _Tp = rocksdb::Slice; _Alloc = std::allocator<rocksdb::Slice>]	8	static
/mnt/c/Users/grego/CLionProjects/BuildtimeHotspotAnalyzer/tests/temp/repos/rocksdb/include/rocksdb/system_clock.h:95:12:virtual uint64_t rocksdb::SystemClockWrapper::NowMicros()	8	static
/usr/include/c++/13/bits/stl_tree.h:1930:5:void std::_Rb_tree<_Key, _Val, _KeyOfValue, _Compare, _Alloc>::_M_erase(_Link_type) [with _Key = std::__cxx11::basic_string<char>; _Val = std::pair<const std::__cxx11::basic_string<char>, long unsigned int>; _KeyOfValue = std::_Select1st<std::pair<const std::__cxx11::basic_string<char>, long unsigned int> >; _Compare = std::less<std::__cxx11::basic_string<char> >; _Alloc = std::allocator<std::pair<const std::__cxx11::basic_string<char>, long unsigned int> >]	112	static
/mnt/c/Users/grego/CLionProjects/BuildtimeHotspotAnalyzer/tests/temp/repos/rocksdb/file/file_prefetch_buffer.h:233:3:rocksdb::FilePrefetchBuffer::~FilePrefetchBuffer()	240	static
/mnt/c/Users/grego/CLionProjects/BuildtimeHotspotAnalyzer/tests/temp/repos/rocksdb/include/rocksdb/file_system.h:228:8:rocksdb::IODebugContext::~IODebugContext()	48	static
/usr/include/c++/13/bits/hashtable.h:1595:5:std::_Hashtable<_Key, _Value, _Alloc, _ExtractKey, _Equal, _Hash, _RangeHash, _Unused, _RehashPolicy, _Traits>::~_Hashtable() [with _Key = std::__cxx11::basic_string<char>; _Value = std::pair<const std::__cxx11::basic_string<char>, std::__cxx11::basic_string<char> >; _Alloc = std::allocator<std::pair<const std::__cxx11::basic_string<char>, std::__cxx11::basic_string<char> > >; _ExtractKey = std::__detail::_Select1st; _Equal = std::equal_to<std::__cxx11::basic_string<char> >; _Hash = std::hash<std::__cxx11::basic_string<char> >; _RangeHash = std::__detail::_Mod_range_hashing; _Unused = std::__detail::_Default_ranged_hash; _RehashPolicy = std::__detail::_Prime_rehash_policy; _Traits = std::__detail::_Hashtable_traits<true, false, true>]	48	static
/usr/include/c++/13/bits/stl_deque.h:617:5:std::_Deque_base<_Tp, _Alloc>::~_Deque_base() [with _Tp = rocksdb::BufferInfo*; _Alloc = std::allocator<rocksdb::BufferInfo*>]	48	static
/usr/include/c++/13/bits/stl_deque.h:638:5:void std::_Deque_base<_Tp, _Alloc>::_M_initialize_map(std::size_t) [with _Tp = rocksdb::BufferInfo*; _Alloc = std::allocator<rocksdb::BufferInfo*>]	64	static
/usr/include/c++/13/bits/deque.tcc:931:5:void std::deque<_Tp, _Alloc>::_M_reallocate_map(size_type, bool) [with _Tp = rocksdb::BufferInfo*; _Alloc = std::allocator<rocksdb::BufferInfo*>]	96	static
/usr/include/c++/13/bits/deque.tcc:906:5:void std::deque<_Tp, _Alloc>::_M_new_elements_at_back(size_type) [with _Tp = rocksdb::BufferInfo*; _Alloc = std::allocator<rocksdb::BufferInfo*>]	48	static
/mnt/c/Users/grego/CLionProjects/BuildtimeHotspotAnalyzer/tests/temp/repos/rocksdb/table/block_based/block_based_table_reader.h:752:8:void rocksdb::BlockBasedTable::Rep::CreateFilePrefetchBuffer(const rocksdb::ReadaheadParams&, std::unique_ptr<rocksdb::FilePrefetchBuffer>*, const std::function<void(bool, long unsigned int&, long unsigned int&)>&, rocksdb::FilePrefetchBufferUsage) const	192	static
/mnt/c/Users/grego/CLionProjects/BuildtimeHotspotAnalyzer/tests/temp/repos/rocksdb/table/block_based/block_prefetcher.cc:15:6:void rocksdb::BlockPrefetcher::PrefetchIfNeeded(const rocksdb::BlockBasedTable::Rep*, const rocksdb::BlockHandle&, size_t, bool, bool, const rocksdb::ReadOptions&, const std::function<void(bool, long unsigned int&, long unsigned int&)>&, bool)	528	static
/mnt/c/Users/grego/CLionProjects/BuildtimeHotspotAnalyzer/tests/temp/repos/rocksdb/table/block_based/block_prefetcher.cc:168:1:cc)	8	static
