/home/gregorian-rayne/CLionProjects/build-hotspot-analyzer/tests/cli/repos/rocksdb/db/dbformat.h:400:11:rocksdb::InternalKeyComparator::~InternalKeyComparator()	8	static
/usr/include/c++/13/bits/shared_ptr_base.h:608:7:std::_Sp_counted_ptr_inplace<_Tp, _Alloc, _Lp>::~_Sp_counted_ptr_inplace() [with _Tp = rocksdb::HybridRowBlockCacheSimulator; _Alloc = std::allocator<void>; __gnu_cxx::_Lock_policy _Lp = __gnu_cxx::_S_atomic]	8	static
/usr/include/c++/13/bits/shared_ptr_base.h:608:7:std::_Sp_counted_ptr_inplace<_Tp, _Alloc, _Lp>::~_Sp_counted_ptr_inplace() [with _Tp = rocksdb::PrioritizedCacheSimulator; _Alloc = std::allocator<void>; __gnu_cxx::_Lock_policy _Lp = __gnu_cxx::_S_atomic]	8	static
/usr/include/c++/13/bits/shared_ptr_base.h:608:7:std::_Sp_counted_ptr_inplace<_Tp, _Alloc, _Lp>::~_Sp_counted_ptr_inplace() [with _Tp = rocksdb::CacheSimulator; _Alloc = std::allocator<void>; __gnu_cxx::_Lock_policy _Lp = __gnu_cxx::_S_atomic]	8	static
/usr/include/c++/13/bits/shared_ptr_base.h:611:7:void std::_Sp_counted_ptr_inplace<_Tp, _Alloc, _Lp>::_M_dispose() [with _Tp = rocksdb::HybridRowBlockCacheSimulator; _Alloc = std::allocator<void>; __gnu_cxx::_Lock_policy _Lp = __gnu_cxx::_S_atomic]	8	static
/usr/include/c++/13/bits/shared_ptr_base.h:611:7:void std::_Sp_counted_ptr_inplace<_Tp, _Alloc, _Lp>::_M_dispose() [with _Tp = rocksdb::PrioritizedCacheSimulator; _Alloc = std::allocator<void>; __gnu_cxx::_Lock_policy _Lp = __gnu_cxx::_S_atomic]	8	static
/usr/include/c++/13/bits/shared_ptr_base.h:611:7:void std::_Sp_counted_ptr_inplace<_Tp, _Alloc, _Lp>::_M_dispose() [with _Tp = rocksdb::CacheSimulator; _Alloc = std::allocator<void>; __gnu_cxx::_Lock_policy _Lp = __gnu_cxx::_S_atomic]	8	static
/home/gregorian-rayne/CLionProjects/build-hotspot-analyzer/tests/cli/repos/rocksdb/db/dbformat.h:400:11:virtual rocksdb::InternalKeyComparator::~InternalKeyComparator()	8	static
/usr/include/c++/13/bits/shared_ptr_base.h:608:7:std::_Sp_counted_ptr_inplace<_Tp, _Alloc, _Lp>::~_Sp_counted_ptr_inplace() [with _Tp = rocksdb::CacheSimulator; _Alloc = std::allocator<void>; __gnu_cxx::_Lock_policy _Lp = __gnu_cxx::_S_atomic]	8	static
/usr/include/c++/13/bits/shared_ptr_base.h:608:7:std::_Sp_counted_ptr_inplace<_Tp, _Alloc, _Lp>::~_Sp_counted_ptr_inplace() [with _Tp = rocksdb::HybridRowBlockCacheSimulator; _Alloc = std::allocator<void>; __gnu_cxx::_Lock_policy _Lp = __gnu_cxx::_S_atomic]	8	static
/usr/include/c++/13/bits/shared_ptr_base.h:608:7:std::_Sp_counted_ptr_inplace<_Tp, _Alloc, _Lp>::~_Sp_counted_ptr_inplace() [with _Tp = rocksdb::PrioritizedCacheSimulator; _Alloc = std::allocator<void>; __gnu_cxx::_Lock_policy _Lp = __gnu_cxx::_S_atomic]	8	static
/usr/include/c++/13/bits/shared_ptr_base.h:631:7:void* std::_Sp_counted_ptr_inplace<_Tp, _Alloc, _Lp>::_M_get_deleter(const std::type_info&) [with _Tp = rocksdb::CacheSimulator; _Alloc = std::allocator<void>; __gnu_cxx::_Lock_policy _Lp = __gnu_cxx::_S_atomic]	32	static
/usr/include/c++/13/bits/shared_ptr_base.h:631:7:void* std::_Sp_counted_ptr_inplace<_Tp, _Alloc, _Lp>::_M_get_deleter(const std::type_info&) [with _Tp = rocksdb::PrioritizedCacheSimulator; _Alloc = std::allocator<void>; __gnu_cxx::_Lock_policy _Lp = __gnu_cxx::_S_atomic]	32	static
/usr/include/c++/13/bits/shared_ptr_base.h:631:7:void* std::_Sp_counted_ptr_inplace<_Tp, _Alloc, _Lp>::_M_get_deleter(const std::type_info&) [with _Tp = rocksdb::HybridRowBlockCacheSimulator; _Alloc = std::allocator<void>; __gnu_cxx::_Lock_policy _Lp = __gnu_cxx::_S_atomic]	32	static
/usr/include/c++/13/bits/shared_ptr_base.h:618:7:void std::_Sp_counted_ptr_inplace<_Tp, _Alloc, _Lp>::_M_destroy() [with _Tp = rocksdb::CacheSimulator; _Alloc = std::allocator<void>; __gnu_cxx::_Lock_policy _Lp = __gnu_cxx::_S_atomic]	8	static
/usr/include/c++/13/bits/shared_ptr_base.h:618:7:void std::_Sp_counted_ptr_inplace<_Tp, _Alloc, _Lp>::_M_destroy() [with _Tp = rocksdb::PrioritizedCacheSimulator; _Alloc = std::allocator<void>; __gnu_cxx::_Lock_policy _Lp = __gnu_cxx::_S_atomic]	8	static
/usr/include/c++/13/bits/shared_ptr_base.h:618:7:void std::_Sp_counted_ptr_inplace<_Tp, _Alloc, _Lp>::_M_destroy() [with _Tp = rocksdb::HybridRowBlockCacheSimulator; _Alloc = std::allocator<void>; __gnu_cxx::_Lock_policy _Lp = __gnu_cxx::_S_atomic]	8	static
/home/gregorian-rayne/CLionProjects/build-hotspot-analyzer/tests/cli/repos/rocksdb/db/dbformat.h:1085:12:virtual int rocksdb::InternalKeyComparator::Compare(const rocksdb::Slice&, const rocksdb::Slice&) const	96	static
/usr/include/c++/13/bits/basic_string.h:803:7:constexpr std::__cxx11::basic_string<_CharT, _Traits, _Alloc>::~basic_string() [with _CharT = char; _Traits = std::char_traits<char>; _Alloc = std::allocator<char>]	8	static
/usr/include/c++/13/bits/stl_tree.h:1930:5:void std::_Rb_tree<_Key, _Val, _KeyOfValue, _Compare, _Alloc>::_M_erase(_Link_type) [with _Key = long unsigned int; _Val = std::pair<const long unsigned int, long unsigned int>; _KeyOfValue = std::_Select1st<std::pair<const long unsigned int, long unsigned int> >; _Compare = std::less<long unsigned int>; _Alloc = std::allocator<std::pair<const long unsigned int, long unsigned int> >]	96	static
/home/gregorian-rayne/CLionProjects/build-hotspot-analyzer/tests/cli/repos/rocksdb/include/rocksdb/advanced_cache.h:597:8:virtual bool rocksdb::CacheWrapper::Release(rocksdb::Cache::Handle*, bool)	8	static
/home/gregorian-rayne/CLionProjects/build-hotspot-analyzer/tests/cli/repos/rocksdb/include/rocksdb/advanced_cache.h:587:11:virtual rocksdb::Cache::Handle* rocksdb::CacheWrapper::Lookup(const rocksdb::Slice&, const rocksdb::Cache::CacheItemHelper*, rocksdb::Cache::CreateContext*, rocksdb::Cache::Priority, rocksdb::Statistics*)	8	static
/usr/include/c++/13/bits/stl_tree.h:1930:5:void std::_Rb_tree<_Key, _Val, _KeyOfValue, _Compare, _Alloc>::_M_erase(_Link_type) [with _Key = std::__cxx11::basic_string<char>; _Val = std::pair<const std::__cxx11::basic_string<char>, rocksdb::HybridRowBlockCacheSimulator::InsertResult>; _KeyOfValue = std::_Select1st<std::pair<const std::__cxx11::basic_string<char>, rocksdb::HybridRowBlockCacheSimulator::InsertResult> >; _Compare = std::less<std::__cxx11::basic_string<char> >; _Alloc = std::allocator<std::pair<const std::__cxx11::basic_string<char>, rocksdb::HybridRowBlockCacheSimulator::InsertResult> >]	112	static
/home/gregorian-rayne/CLionProjects/build-hotspot-analyzer/tests/cli/repos/rocksdb/include/rocksdb/advanced_cache.h:571:10:virtual rocksdb::Status rocksdb::CacheWrapper::Insert(const rocksdb::Slice&, rocksdb::Cache::ObjectPtr, const rocksdb::Cache::CacheItemHelper*, size_t, rocksdb::Cache::Handle**, rocksdb::Cache::Priority, const rocksdb::Slice&, rocksdb::CompressionType)	96	dynamic,bounded
/usr/include/c++/13/bits/stl_tree.h:1930:5:void std::_Rb_tree<_Key, _Val, _KeyOfValue, _Compare, _Alloc>::_M_erase(_Link_type) [with _Key = long unsigned int; _Val = std::pair<const long unsigned int, rocksdb::HybridRowBlockCacheSimulator::GetRequestStatus>; _KeyOfValue = std::_Select1st<std::pair<const long unsigned int, rocksdb::HybridRowBlockCacheSimulator::GetRequestStatus> >; _Compare = std::less<long unsigned int>; _Alloc = std::allocator<std::pair<const long unsigned int, rocksdb::HybridRowBlockCacheSimulator::GetRequestStatus> >]	128	static
/home/gregorian-rayne/CLionProjects/build-hotspot-analyzer/tests/cli/repos/rocksdb/utilities/simulator_cache/cache_simulator.cc:19:1:rocksdb::GhostCache::GhostCache(std::shared_ptr<rocksdb::Cache>)	8	static
/home/gregorian-rayne/CLionProjects/build-hotspot-analyzer/tests/cli/repos/rocksdb/utilities/simulator_cache/cache_simulator.cc:22:6:bool rocksdb::GhostCache::Admit(const rocksdb::Slice&)	112	dynamic,bounded
/home/gregorian-rayne/CLionProjects/build-hotspot-analyzer/tests/cli/repos/rocksdb/utilities/simulator_cache/cache_simulator.cc:35:1:rocksdb::CacheSimulator::CacheSimulator(std::unique_ptr<rocksdb::GhostCache>&&, std::shared_ptr<rocksdb::Cache>)	8	static
/home/gregorian-rayne/CLionProjects/build-hotspot-analyzer/tests/cli/repos/rocksdb/utilities/simulator_cache/cache_simulator.cc:84:17:rocksdb::Cache::Priority rocksdb::PrioritizedCacheSimulator::ComputeBlockPriority(const rocksdb::BlockCacheTraceRecord&) const	8	static
/home/gregorian-rayne/CLionProjects/build-hotspot-analyzer/tests/cli/repos/rocksdb/utilities/simulator_cache/cache_simulator.cc:265:6:void rocksdb::BlockCacheTraceSimulator::Access(const rocksdb::BlockCacheTraceRecord&)	64	static
/usr/include/c++/13/bits/shared_ptr_base.h:198:7:void std::_Sp_counted_base<_Lp>::_M_release_last_use_cold() [with __gnu_cxx::_Lock_policy _Lp = __gnu_cxx::_S_atomic]	32	static
/usr/include/c++/13/bits/shared_ptr_base.h:317:5:void std::_Sp_counted_base<_Lp>::_M_release() [with __gnu_cxx::_Lock_policy _Lp = __gnu_cxx::_S_atomic]	32	static
/home/gregorian-rayne/CLionProjects/build-hotspot-analyzer/tests/cli/repos/rocksdb/include/rocksdb/cache.h:204:11:rocksdb::ShardedCacheOptions::~ShardedCacheOptions()	32	static
/home/gregorian-rayne/CLionProjects/build-hotspot-analyzer/tests/cli/repos/rocksdb/include/rocksdb/cache.h:222:8:rocksdb::LRUCacheOptions::~LRUCacheOptions()	32	static
/home/gregorian-rayne/CLionProjects/build-hotspot-analyzer/tests/cli/repos/rocksdb/include/rocksdb/cache.h:204:11:virtual rocksdb::ShardedCacheOptions::~ShardedCacheOptions()	32	static
/home/gregorian-rayne/CLionProjects/build-hotspot-analyzer/tests/cli/repos/rocksdb/include/rocksdb/cache.h:222:8:virtual rocksdb::LRUCacheOptions::~LRUCacheOptions()	32	static
/home/gregorian-rayne/CLionProjects/build-hotspot-analyzer/tests/cli/repos/rocksdb/utilities/simulator_cache/cache_simulator.h:128:7:rocksdb::PrioritizedCacheSimulator::~PrioritizedCacheSimulator()	48	static
/home/gregorian-rayne/CLionProjects/build-hotspot-analyzer/tests/cli/repos/rocksdb/utilities/simulator_cache/cache_simulator.h:106:11:rocksdb::CacheSimulator::~CacheSimulator()	48	static
/home/gregorian-rayne/CLionProjects/build-hotspot-analyzer/tests/cli/repos/rocksdb/utilities/simulator_cache/cache_simulator.h:106:11:virtual rocksdb::CacheSimulator::~CacheSimulator()	48	static
/home/gregorian-rayne/CLionProjects/build-hotspot-analyzer/tests/cli/repos/rocksdb/utilities/simulator_cache/cache_simulator.h:128:7:virtual rocksdb::PrioritizedCacheSimulator::~PrioritizedCacheSimulator()	48	static
/home/gregorian-rayne/CLionProjects/build-hotspot-analyzer/tests/cli/repos/rocksdb/utilities/simulator_cache/cache_simulator.h:156:7:rocksdb::HybridRowBlockCacheSimulator::~HybridRowBlockCacheSimulator()	64	static
/home/gregorian-rayne/CLionProjects/build-hotspot-analyzer/tests/cli/repos/rocksdb/utilities/simulator_cache/cache_simulator.h:156:7:virtual rocksdb::HybridRowBlockCacheSimulator::~HybridRowBlockCacheSimulator()	64	static
/usr/include/c++/13/bits/basic_string.h:280:7:constexpr void std::__cxx11::basic_string<_CharT, _Traits, _Alloc>::_M_dispose() [with _CharT = char; _Traits = std::char_traits<char>; _Alloc = std::allocator<char>]	8	static
/usr/include/c++/13/bits/basic_string.h:3571:5:constexpr std::__cxx11::basic_string<_CharT, _Traits, _Allocator> std::operator+(const _CharT*, const __cxx11::basic_string<_CharT, _Traits, _Allocator>&) [with _CharT = char; _Traits = char_traits<char>; _Alloc = allocator<char>]	96	static
/home/gregorian-rayne/CLionProjects/build-hotspot-analyzer/tests/cli/repos/rocksdb/utilities/simulator_cache/cache_simulator.cc:205:1:rocksdb::BlockCacheTraceSimulator::BlockCacheTraceSimulator(uint64_t, uint32_t, const std::vector<rocksdb::CacheConfiguration>&)	80	static
/usr/include/c++/13/bits/stl_tree.h:2458:7:) [with _Args = {const std::piecewise_construct_t&, std::tuple<const long unsigned int&>, std::tuple<>}; _Key = long unsigned int; _Val = std::pair<const long unsigned int, long unsigned int>; _KeyOfValue = std::_Select1st<std::pair<const long unsigned int, long unsigned int> >; _Compare = std::less<long unsigned int>; _Alloc = std::allocator<std::pair<const long unsigned int, long unsigned int> >]	80	static
/home/gregorian-rayne/CLionProjects/build-hotspot-analyzer/tests/cli/repos/rocksdb/utilities/simulator_cache/cache_simulator.cc:63:6:void rocksdb::MissRatioStats::UpdateMetrics(uint64_t, bool, bool)	80	static
/home/gregorian-rayne/CLionProjects/build-hotspot-analyzer/tests/cli/repos/rocksdb/utilities/simulator_cache/cache_simulator.cc:39:6:virtual void rocksdb::CacheSimulator::Access(const rocksdb::BlockCacheTraceRecord&)	160	dynamic,bounded
/home/gregorian-rayne/CLionProjects/build-hotspot-analyzer/tests/cli/repos/rocksdb/utilities/simulator_cache/cache_simulator.cc:94:6:void rocksdb::PrioritizedCacheSimulator::AccessKVPair(const rocksdb::Slice&, uint64_t, rocksdb::Cache::Priority, const rocksdb::BlockCacheTraceRecord&, bool, bool, bool*, bool*, bool)	176	dynamic,bounded
/home/gregorian-rayne/CLionProjects/build-hotspot-analyzer/tests/cli/repos/rocksdb/utilities/simulator_cache/cache_simulator.cc:122:6:virtual void rocksdb::PrioritizedCacheSimulator::Access(const rocksdb::BlockCacheTraceRecord&)	128	dynamic,bounded
/usr/include/c++/13/bits/stl_tree.h:2458:7:) [with _Args = {const std::piecewise_construct_t&, std::tuple<const long unsigned int&>, std::tuple<>}; _Key = long unsigned int; _Val = std::pair<const long unsigned int, rocksdb::HybridRowBlockCacheSimulator::GetRequestStatus>; _KeyOfValue = std::_Select1st<std::pair<const long unsigned int, rocksdb::HybridRowBlockCacheSimulator::GetRequestStatus> >; _Compare = std::less<long unsigned int>; _Alloc = std::allocator<std::pair<const long unsigned int, rocksdb::HybridRowBlockCacheSimulator::GetRequestStatus> >]	80	static
/usr/include/c++/13/bits/stl_tree.h:2108:5:std::pair<std::_Rb_tree_node_base*, std::_Rb_tree_node_base*> std::_Rb_tree<_Key, _Val, _KeyOfValue, _Compare, _Alloc>::_M_get_insert_unique_pos(const key_type&) [with _Key = std::__cxx11::basic_string<char>; _Val = std::pair<const std::__cxx11::basic_string<char>, rocksdb::HybridRowBlockCacheSimulator::InsertResult>; _KeyOfValue = std::_Select1st<std::pair<const std::__cxx11::basic_string<char>, rocksdb::HybridRowBlockCacheSimulator::InsertResult> >; _Compare = std::less<std::__cxx11::basic_string<char> >; _Alloc = std::allocator<std::pair<const std::__cxx11::basic_string<char>, rocksdb::HybridRowBlockCacheSimulator::InsertResult> >]	96	static
/usr/include/c++/13/bits/stl_tree.h:2210:5:std::pair<std::_Rb_tree_node_base*, std::_Rb_tree_node_base*> std::_Rb_tree<_Key, _Val, _KeyOfValue, _Compare, _Alloc>::_M_get_insert_hint_unique_pos(const_iterator, const key_type&) [with _Key = std::__cxx11::basic_string<char>; _Val = std::pair<const std::__cxx11::basic_string<char>, rocksdb::HybridRowBlockCacheSimulator::InsertResult>; _KeyOfValue = std::_Select1st<std::pair<const std::__cxx11::basic_string<char>, rocksdb::HybridRowBlockCacheSimulator::InsertResult> >; _Compare = std::less<std::__cxx11::basic_string<char> >; _Alloc = std::allocator<std::pair<const std::__cxx11::basic_string<char>, rocksdb::HybridRowBlockCacheSimulator::InsertResult> >]	96	static
/home/gregorian-rayne/CLionProjects/build-hotspot-analyzer/tests/cli/repos/rocksdb/utilities/simulator_cache/cache_simulator.cc:131:6:virtual void rocksdb::HybridRowBlockCacheSimulator::Access(const rocksdb::BlockCacheTraceRecord&)	272	dynamic,bounded
/usr/include/c++/13/bits/stl_tree.h:2108:5:std::pair<std::_Rb_tree_node_base*, std::_Rb_tree_node_base*> std::_Rb_tree<_Key, _Val, _KeyOfValue, _Compare, _Alloc>::_M_get_insert_unique_pos(const key_type&) [with _Key = rocksdb::CacheConfiguration; _Val = std::pair<const rocksdb::CacheConfiguration, std::vector<std::shared_ptr<rocksdb::CacheSimulator> > >; _KeyOfValue = std::_Select1st<std::pair<const rocksdb::CacheConfiguration, std::vector<std::shared_ptr<rocksdb::CacheSimulator> > > >; _Compare = std::less<rocksdb::CacheConfiguration>; _Alloc = std::allocator<std::pair<const rocksdb::CacheConfiguration, std::vector<std::shared_ptr<rocksdb::CacheSimulator> > > >]	96	static
/usr/include/c++/13/bits/stl_tree.h:2210:5:std::pair<std::_Rb_tree_node_base*, std::_Rb_tree_node_base*> std::_Rb_tree<_Key, _Val, _KeyOfValue, _Compare, _Alloc>::_M_get_insert_hint_unique_pos(const_iterator, const key_type&) [with _Key = rocksdb::CacheConfiguration; _Val = std::pair<const rocksdb::CacheConfiguration, std::vector<std::shared_ptr<rocksdb::CacheSimulator> > >; _KeyOfValue = std::_Select1st<std::pair<const rocksdb::CacheConfiguration, std::vector<std::shared_ptr<rocksdb::CacheSimulator> > > >; _Compare = std::less<rocksdb::CacheConfiguration>; _Alloc = std::allocator<std::pair<const rocksdb::CacheConfiguration, std::vector<std::shared_ptr<rocksdb::CacheSimulator> > > >]	96	static
/home/gregorian-rayne/CLionProjects/build-hotspot-analyzer/tests/cli/repos/rocksdb/utilities/simulator_cache/cache_simulator.cc:212:8:rocksdb::Status rocksdb::BlockCacheTraceSimulator::InitializeCaches()	384	static
/home/gregorian-rayne/CLionProjects/build-hotspot-analyzer/tests/cli/repos/rocksdb/utilities/simulator_cache/cache_simulator.cc:287:1:cc)	8	static
