/home/gregorian-rayne/CLionProjects/build-hotspot-analyzer/tests/cli/repos/rocksdb/cache/cache_reservation_manager.h:137:10:rocksdb::Status rocksdb::CacheReservationManagerImpl<R>::UpdateCacheReservation(std::size_t, bool) [with rocksdb::CacheEntryRole R = rocksdb::CacheEntryRole::kBlockBasedTableReader]	8	static
/home/gregorian-rayne/CLionProjects/build-hotspot-analyzer/tests/cli/repos/rocksdb/cache/cache_reservation_manager.cc:155:13:std::size_t rocksdb::CacheReservationManagerImpl<R>::GetTotalMemoryUsed() [with rocksdb::CacheEntryRole R = rocksdb::CacheEntryRole::kBlockBasedTableReader]	8	static
/home/gregorian-rayne/CLionProjects/build-hotspot-analyzer/tests/cli/repos/rocksdb/cache/cache_reservation_manager.h:137:10:rocksdb::Status rocksdb::CacheReservationManagerImpl<R>::UpdateCacheReservation(std::size_t, bool) [with rocksdb::CacheEntryRole R = rocksdb::CacheEntryRole::kCompressionDictionaryBuildingBuffer]	8	static
/home/gregorian-rayne/CLionProjects/build-hotspot-analyzer/tests/cli/repos/rocksdb/cache/cache_reservation_manager.cc:155:13:std::size_t rocksdb::CacheReservationManagerImpl<R>::GetTotalMemoryUsed() [with rocksdb::CacheEntryRole R = rocksdb::CacheEntryRole::kCompressionDictionaryBuildingBuffer]	8	static
/home/gregorian-rayne/CLionProjects/build-hotspot-analyzer/tests/cli/repos/rocksdb/cache/cache_reservation_manager.h:137:10:rocksdb::Status rocksdb::CacheReservationManagerImpl<R>::UpdateCacheReservation(std::size_t, bool) [with rocksdb::CacheEntryRole R = rocksdb::CacheEntryRole::kFilterConstruction]	8	static
/home/gregorian-rayne/CLionProjects/build-hotspot-analyzer/tests/cli/repos/rocksdb/cache/cache_reservation_manager.cc:155:13:std::size_t rocksdb::CacheReservationManagerImpl<R>::GetTotalMemoryUsed() [with rocksdb::CacheEntryRole R = rocksdb::CacheEntryRole::kFilterConstruction]	8	static
/home/gregorian-rayne/CLionProjects/build-hotspot-analyzer/tests/cli/repos/rocksdb/cache/cache_reservation_manager.h:137:10:rocksdb::Status rocksdb::CacheReservationManagerImpl<R>::UpdateCacheReservation(std::size_t, bool) [with rocksdb::CacheEntryRole R = rocksdb::CacheEntryRole::kMisc]	8	static
/home/gregorian-rayne/CLionProjects/build-hotspot-analyzer/tests/cli/repos/rocksdb/cache/cache_reservation_manager.cc:155:13:std::size_t rocksdb::CacheReservationManagerImpl<R>::GetTotalMemoryUsed() [with rocksdb::CacheEntryRole R = rocksdb::CacheEntryRole::kMisc]	8	static
/home/gregorian-rayne/CLionProjects/build-hotspot-analyzer/tests/cli/repos/rocksdb/cache/cache_reservation_manager.h:137:10:rocksdb::Status rocksdb::CacheReservationManagerImpl<R>::UpdateCacheReservation(std::size_t, bool) [with rocksdb::CacheEntryRole R = rocksdb::CacheEntryRole::kWriteBuffer]	8	static
/home/gregorian-rayne/CLionProjects/build-hotspot-analyzer/tests/cli/repos/rocksdb/cache/cache_reservation_manager.cc:155:13:std::size_t rocksdb::CacheReservationManagerImpl<R>::GetTotalMemoryUsed() [with rocksdb::CacheEntryRole R = rocksdb::CacheEntryRole::kWriteBuffer]	8	static
/home/gregorian-rayne/CLionProjects/build-hotspot-analyzer/tests/cli/repos/rocksdb/cache/cache_reservation_manager.h:137:10:rocksdb::Status rocksdb::CacheReservationManagerImpl<R>::UpdateCacheReservation(std::size_t, bool) [with rocksdb::CacheEntryRole R = rocksdb::CacheEntryRole::kFileMetadata]	8	static
/home/gregorian-rayne/CLionProjects/build-hotspot-analyzer/tests/cli/repos/rocksdb/cache/cache_reservation_manager.cc:155:13:std::size_t rocksdb::CacheReservationManagerImpl<R>::GetTotalMemoryUsed() [with rocksdb::CacheEntryRole R = rocksdb::CacheEntryRole::kFileMetadata]	8	static
/home/gregorian-rayne/CLionProjects/build-hotspot-analyzer/tests/cli/repos/rocksdb/cache/cache_reservation_manager.h:137:10:rocksdb::Status rocksdb::CacheReservationManagerImpl<R>::UpdateCacheReservation(std::size_t, bool) [with rocksdb::CacheEntryRole R = rocksdb::CacheEntryRole::kBlobCache]	8	static
/home/gregorian-rayne/CLionProjects/build-hotspot-analyzer/tests/cli/repos/rocksdb/cache/cache_reservation_manager.cc:155:13:std::size_t rocksdb::CacheReservationManagerImpl<R>::GetTotalMemoryUsed() [with rocksdb::CacheEntryRole R = rocksdb::CacheEntryRole::kBlobCache]	8	static
/home/gregorian-rayne/CLionProjects/build-hotspot-analyzer/tests/cli/repos/rocksdb/cache/cache_reservation_manager.cc:150:13:std::size_t rocksdb::CacheReservationManagerImpl<R>::GetTotalReservedCacheSize() [with rocksdb::CacheEntryRole R = rocksdb::CacheEntryRole::kBlockBasedTableReader]	8	static
/home/gregorian-rayne/CLionProjects/build-hotspot-analyzer/tests/cli/repos/rocksdb/cache/cache_reservation_manager.cc:150:13:std::size_t rocksdb::CacheReservationManagerImpl<R>::GetTotalReservedCacheSize() [with rocksdb::CacheEntryRole R = rocksdb::CacheEntryRole::kCompressionDictionaryBuildingBuffer]	8	static
/home/gregorian-rayne/CLionProjects/build-hotspot-analyzer/tests/cli/repos/rocksdb/cache/cache_reservation_manager.cc:150:13:std::size_t rocksdb::CacheReservationManagerImpl<R>::GetTotalReservedCacheSize() [with rocksdb::CacheEntryRole R = rocksdb::CacheEntryRole::kFilterConstruction]	8	static
/home/gregorian-rayne/CLionProjects/build-hotspot-analyzer/tests/cli/repos/rocksdb/cache/cache_reservation_manager.cc:150:13:std::size_t rocksdb::CacheReservationManagerImpl<R>::GetTotalReservedCacheSize() [with rocksdb::CacheEntryRole R = rocksdb::CacheEntryRole::kMisc]	8	static
/home/gregorian-rayne/CLionProjects/build-hotspot-analyzer/tests/cli/repos/rocksdb/cache/cache_reservation_manager.cc:150:13:std::size_t rocksdb::CacheReservationManagerImpl<R>::GetTotalReservedCacheSize() [with rocksdb::CacheEntryRole R = rocksdb::CacheEntryRole::kWriteBuffer]	8	static
/home/gregorian-rayne/CLionProjects/build-hotspot-analyzer/tests/cli/repos/rocksdb/cache/cache_reservation_manager.cc:150:13:std::size_t rocksdb::CacheReservationManagerImpl<R>::GetTotalReservedCacheSize() [with rocksdb::CacheEntryRole R = rocksdb::CacheEntryRole::kFileMetadata]	8	static
/home/gregorian-rayne/CLionProjects/build-hotspot-analyzer/tests/cli/repos/rocksdb/cache/cache_reservation_manager.cc:150:13:std::size_t rocksdb::CacheReservationManagerImpl<R>::GetTotalReservedCacheSize() [with rocksdb::CacheEntryRole R = rocksdb::CacheEntryRole::kBlobCache]	8	static
/home/gregorian-rayne/CLionProjects/build-hotspot-analyzer/tests/cli/repos/rocksdb/include/rocksdb/advanced_cache.h:597:8:virtual bool rocksdb::CacheWrapper::Release(rocksdb::Cache::Handle*, bool)	8	static
/home/gregorian-rayne/CLionProjects/build-hotspot-analyzer/tests/cli/repos/rocksdb/include/rocksdb/advanced_cache.h:571:10:virtual rocksdb::Status rocksdb::CacheWrapper::Insert(const rocksdb::Slice&, rocksdb::Cache::ObjectPtr, const rocksdb::Cache::CacheItemHelper*, size_t, rocksdb::Cache::Handle**, rocksdb::Cache::Priority, const rocksdb::Slice&, rocksdb::CompressionType)	96	dynamic,bounded
/home/gregorian-rayne/CLionProjects/build-hotspot-analyzer/tests/cli/repos/rocksdb/cache/cache_reservation_manager.cc:41:1:rocksdb::CacheReservationManagerImpl<R>::CacheReservationManagerImpl(std::shared_ptr<rocksdb::Cache>, bool) [with rocksdb::CacheEntryRole R = rocksdb::CacheEntryRole::kBlockBasedTableReader]	8	static
/home/gregorian-rayne/CLionProjects/build-hotspot-analyzer/tests/cli/repos/rocksdb/cache/cache_reservation_manager.h:198:32:static constexpr std::size_t rocksdb::CacheReservationManagerImpl<R>::GetDummyEntrySize() [with rocksdb::CacheEntryRole R = rocksdb::CacheEntryRole::kBlockBasedTableReader]	8	static
/home/gregorian-rayne/CLionProjects/build-hotspot-analyzer/tests/cli/repos/rocksdb/cache/cache_reservation_manager.cc:171:1:static const rocksdb::Cache::CacheItemHelper* rocksdb::CacheReservationManagerImpl<R>::TEST_GetCacheItemHelperForRole() [with rocksdb::CacheEntryRole R = rocksdb::CacheEntryRole::kBlockBasedTableReader]	48	static
/home/gregorian-rayne/CLionProjects/build-hotspot-analyzer/tests/cli/repos/rocksdb/cache/cache_reservation_manager.cc:160:7:rocksdb::Slice rocksdb::CacheReservationManagerImpl<R>::GetNextCacheKey() [with rocksdb::CacheEntryRole R = rocksdb::CacheEntryRole::kBlockBasedTableReader]	32	static
/home/gregorian-rayne/CLionProjects/build-hotspot-analyzer/tests/cli/repos/rocksdb/cache/cache_reservation_manager.cc:112:8:rocksdb::Status rocksdb::CacheReservationManagerImpl<R>::IncreaseCacheReservation(std::size_t) [with rocksdb::CacheEntryRole R = rocksdb::CacheEntryRole::kBlockBasedTableReader]	224	dynamic,bounded
/home/gregorian-rayne/CLionProjects/build-hotspot-analyzer/tests/cli/repos/rocksdb/cache/cache_reservation_manager.cc:130:8:rocksdb::Status rocksdb::CacheReservationManagerImpl<R>::DecreaseCacheReservation(std::size_t) [with rocksdb::CacheEntryRole R = rocksdb::CacheEntryRole::kBlockBasedTableReader]	48	static
/home/gregorian-rayne/CLionProjects/build-hotspot-analyzer/tests/cli/repos/rocksdb/cache/cache_reservation_manager.cc:58:8:rocksdb::Status rocksdb::CacheReservationManagerImpl<R>::UpdateCacheReservation(std::size_t) [with rocksdb::CacheEntryRole R = rocksdb::CacheEntryRole::kBlockBasedTableReader]	64	static
/home/gregorian-rayne/CLionProjects/build-hotspot-analyzer/tests/cli/repos/rocksdb/cache/cache_reservation_manager.cc:102:8:rocksdb::Status rocksdb::CacheReservationManagerImpl<R>::ReleaseCacheReservation(std::size_t) [with rocksdb::CacheEntryRole R = rocksdb::CacheEntryRole::kBlockBasedTableReader]	80	static
/home/gregorian-rayne/CLionProjects/build-hotspot-analyzer/tests/cli/repos/rocksdb/cache/cache_reservation_manager.cc:41:1:rocksdb::CacheReservationManagerImpl<R>::CacheReservationManagerImpl(std::shared_ptr<rocksdb::Cache>, bool) [with rocksdb::CacheEntryRole R = rocksdb::CacheEntryRole::kCompressionDictionaryBuildingBuffer]	8	static
/home/gregorian-rayne/CLionProjects/build-hotspot-analyzer/tests/cli/repos/rocksdb/cache/cache_reservation_manager.h:198:32:static constexpr std::size_t rocksdb::CacheReservationManagerImpl<R>::GetDummyEntrySize() [with rocksdb::CacheEntryRole R = rocksdb::CacheEntryRole::kCompressionDictionaryBuildingBuffer]	8	static
/home/gregorian-rayne/CLionProjects/build-hotspot-analyzer/tests/cli/repos/rocksdb/cache/cache_reservation_manager.cc:171:1:static const rocksdb::Cache::CacheItemHelper* rocksdb::CacheReservationManagerImpl<R>::TEST_GetCacheItemHelperForRole() [with rocksdb::CacheEntryRole R = rocksdb::CacheEntryRole::kCompressionDictionaryBuildingBuffer]	48	static
/home/gregorian-rayne/CLionProjects/build-hotspot-analyzer/tests/cli/repos/rocksdb/cache/cache_reservation_manager.cc:160:7:rocksdb::Slice rocksdb::CacheReservationManagerImpl<R>::GetNextCacheKey() [with rocksdb::CacheEntryRole R = rocksdb::CacheEntryRole::kCompressionDictionaryBuildingBuffer]	32	static
/home/gregorian-rayne/CLionProjects/build-hotspot-analyzer/tests/cli/repos/rocksdb/cache/cache_reservation_manager.cc:112:8:rocksdb::Status rocksdb::CacheReservationManagerImpl<R>::IncreaseCacheReservation(std::size_t) [with rocksdb::CacheEntryRole R = rocksdb::CacheEntryRole::kCompressionDictionaryBuildingBuffer]	224	dynamic,bounded
/home/gregorian-rayne/CLionProjects/build-hotspot-analyzer/tests/cli/repos/rocksdb/cache/cache_reservation_manager.cc:130:8:rocksdb::Status rocksdb::CacheReservationManagerImpl<R>::DecreaseCacheReservation(std::size_t) [with rocksdb::CacheEntryRole R = rocksdb::CacheEntryRole::kCompressionDictionaryBuildingBuffer]	48	static
/home/gregorian-rayne/CLionProjects/build-hotspot-analyzer/tests/cli/repos/rocksdb/cache/cache_reservation_manager.cc:58:8:rocksdb::Status rocksdb::CacheReservationManagerImpl<R>::UpdateCacheReservation(std::size_t) [with rocksdb::CacheEntryRole R = rocksdb::CacheEntryRole::kCompressionDictionaryBuildingBuffer]	64	static
/home/gregorian-rayne/CLionProjects/build-hotspot-analyzer/tests/cli/repos/rocksdb/cache/cache_reservation_manager.cc:102:8:rocksdb::Status rocksdb::CacheReservationManagerImpl<R>::ReleaseCacheReservation(std::size_t) [with rocksdb::CacheEntryRole R = rocksdb::CacheEntryRole::kCompressionDictionaryBuildingBuffer]	80	static
/home/gregorian-rayne/CLionProjects/build-hotspot-analyzer/tests/cli/repos/rocksdb/cache/cache_reservation_manager.cc:41:1:rocksdb::CacheReservationManagerImpl<R>::CacheReservationManagerImpl(std::shared_ptr<rocksdb::Cache>, bool) [with rocksdb::CacheEntryRole R = rocksdb::CacheEntryRole::kFilterConstruction]	8	static
/home/gregorian-rayne/CLionProjects/build-hotspot-analyzer/tests/cli/repos/rocksdb/cache/cache_reservation_manager.h:198:32:static constexpr std::size_t rocksdb::CacheReservationManagerImpl<R>::GetDummyEntrySize() [with rocksdb::CacheEntryRole R = rocksdb::CacheEntryRole::kFilterConstruction]	8	static
/home/gregorian-rayne/CLionProjects/build-hotspot-analyzer/tests/cli/repos/rocksdb/cache/cache_reservation_manager.cc:171:1:static const rocksdb::Cache::CacheItemHelper* rocksdb::CacheReservationManagerImpl<R>::TEST_GetCacheItemHelperForRole() [with rocksdb::CacheEntryRole R = rocksdb::CacheEntryRole::kFilterConstruction]	48	static
/home/gregorian-rayne/CLionProjects/build-hotspot-analyzer/tests/cli/repos/rocksdb/cache/cache_reservation_manager.cc:160:7:rocksdb::Slice rocksdb::CacheReservationManagerImpl<R>::GetNextCacheKey() [with rocksdb::CacheEntryRole R = rocksdb::CacheEntryRole::kFilterConstruction]	32	static
/home/gregorian-rayne/CLionProjects/build-hotspot-analyzer/tests/cli/repos/rocksdb/cache/cache_reservation_manager.cc:112:8:rocksdb::Status rocksdb::CacheReservationManagerImpl<R>::IncreaseCacheReservation(std::size_t) [with rocksdb::CacheEntryRole R = rocksdb::CacheEntryRole::kFilterConstruction]	224	dynamic,bounded
/home/gregorian-rayne/CLionProjects/build-hotspot-analyzer/tests/cli/repos/rocksdb/cache/cache_reservation_manager.cc:130:8:rocksdb::Status rocksdb::CacheReservationManagerImpl<R>::DecreaseCacheReservation(std::size_t) [with rocksdb::CacheEntryRole R = rocksdb::CacheEntryRole::kFilterConstruction]	48	static
/home/gregorian-rayne/CLionProjects/build-hotspot-analyzer/tests/cli/repos/rocksdb/cache/cache_reservation_manager.cc:58:8:rocksdb::Status rocksdb::CacheReservationManagerImpl<R>::UpdateCacheReservation(std::size_t) [with rocksdb::CacheEntryRole R = rocksdb::CacheEntryRole::kFilterConstruction]	64	static
/home/gregorian-rayne/CLionProjects/build-hotspot-analyzer/tests/cli/repos/rocksdb/cache/cache_reservation_manager.cc:102:8:rocksdb::Status rocksdb::CacheReservationManagerImpl<R>::ReleaseCacheReservation(std::size_t) [with rocksdb::CacheEntryRole R = rocksdb::CacheEntryRole::kFilterConstruction]	80	static
/home/gregorian-rayne/CLionProjects/build-hotspot-analyzer/tests/cli/repos/rocksdb/cache/cache_reservation_manager.cc:41:1:rocksdb::CacheReservationManagerImpl<R>::CacheReservationManagerImpl(std::shared_ptr<rocksdb::Cache>, bool) [with rocksdb::CacheEntryRole R = rocksdb::CacheEntryRole::kMisc]	8	static
/home/gregorian-rayne/CLionProjects/build-hotspot-analyzer/tests/cli/repos/rocksdb/cache/cache_reservation_manager.h:198:32:static constexpr std::size_t rocksdb::CacheReservationManagerImpl<R>::GetDummyEntrySize() [with rocksdb::CacheEntryRole R = rocksdb::CacheEntryRole::kMisc]	8	static
/home/gregorian-rayne/CLionProjects/build-hotspot-analyzer/tests/cli/repos/rocksdb/cache/cache_reservation_manager.cc:171:1:static const rocksdb::Cache::CacheItemHelper* rocksdb::CacheReservationManagerImpl<R>::TEST_GetCacheItemHelperForRole() [with rocksdb::CacheEntryRole R = rocksdb::CacheEntryRole::kMisc]	48	static
/home/gregorian-rayne/CLionProjects/build-hotspot-analyzer/tests/cli/repos/rocksdb/cache/cache_reservation_manager.cc:160:7:rocksdb::Slice rocksdb::CacheReservationManagerImpl<R>::GetNextCacheKey() [with rocksdb::CacheEntryRole R = rocksdb::CacheEntryRole::kMisc]	32	static
/home/gregorian-rayne/CLionProjects/build-hotspot-analyzer/tests/cli/repos/rocksdb/cache/cache_reservation_manager.cc:112:8:rocksdb::Status rocksdb::CacheReservationManagerImpl<R>::IncreaseCacheReservation(std::size_t) [with rocksdb::CacheEntryRole R = rocksdb::CacheEntryRole::kMisc]	224	dynamic,bounded
/home/gregorian-rayne/CLionProjects/build-hotspot-analyzer/tests/cli/repos/rocksdb/cache/cache_reservation_manager.cc:130:8:rocksdb::Status rocksdb::CacheReservationManagerImpl<R>::DecreaseCacheReservation(std::size_t) [with rocksdb::CacheEntryRole R = rocksdb::CacheEntryRole::kMisc]	48	static
/home/gregorian-rayne/CLionProjects/build-hotspot-analyzer/tests/cli/repos/rocksdb/cache/cache_reservation_manager.cc:58:8:rocksdb::Status rocksdb::CacheReservationManagerImpl<R>::UpdateCacheReservation(std::size_t) [with rocksdb::CacheEntryRole R = rocksdb::CacheEntryRole::kMisc]	64	static
/home/gregorian-rayne/CLionProjects/build-hotspot-analyzer/tests/cli/repos/rocksdb/cache/cache_reservation_manager.cc:102:8:rocksdb::Status rocksdb::CacheReservationManagerImpl<R>::ReleaseCacheReservation(std::size_t) [with rocksdb::CacheEntryRole R = rocksdb::CacheEntryRole::kMisc]	80	static
/home/gregorian-rayne/CLionProjects/build-hotspot-analyzer/tests/cli/repos/rocksdb/cache/cache_reservation_manager.cc:41:1:rocksdb::CacheReservationManagerImpl<R>::CacheReservationManagerImpl(std::shared_ptr<rocksdb::Cache>, bool) [with rocksdb::CacheEntryRole R = rocksdb::CacheEntryRole::kWriteBuffer]	8	static
/home/gregorian-rayne/CLionProjects/build-hotspot-analyzer/tests/cli/repos/rocksdb/cache/cache_reservation_manager.h:198:32:static constexpr std::size_t rocksdb::CacheReservationManagerImpl<R>::GetDummyEntrySize() [with rocksdb::CacheEntryRole R = rocksdb::CacheEntryRole::kWriteBuffer]	8	static
/home/gregorian-rayne/CLionProjects/build-hotspot-analyzer/tests/cli/repos/rocksdb/cache/cache_reservation_manager.cc:171:1:static const rocksdb::Cache::CacheItemHelper* rocksdb::CacheReservationManagerImpl<R>::TEST_GetCacheItemHelperForRole() [with rocksdb::CacheEntryRole R = rocksdb::CacheEntryRole::kWriteBuffer]	48	static
/home/gregorian-rayne/CLionProjects/build-hotspot-analyzer/tests/cli/repos/rocksdb/cache/cache_reservation_manager.cc:160:7:rocksdb::Slice rocksdb::CacheReservationManagerImpl<R>::GetNextCacheKey() [with rocksdb::CacheEntryRole R = rocksdb::CacheEntryRole::kWriteBuffer]	32	static
/home/gregorian-rayne/CLionProjects/build-hotspot-analyzer/tests/cli/repos/rocksdb/cache/cache_reservation_manager.cc:112:8:rocksdb::Status rocksdb::CacheReservationManagerImpl<R>::IncreaseCacheReservation(std::size_t) [with rocksdb::CacheEntryRole R = rocksdb::CacheEntryRole::kWriteBuffer]	224	dynamic,bounded
/home/gregorian-rayne/CLionProjects/build-hotspot-analyzer/tests/cli/repos/rocksdb/cache/cache_reservation_manager.cc:130:8:rocksdb::Status rocksdb::CacheReservationManagerImpl<R>::DecreaseCacheReservation(std::size_t) [with rocksdb::CacheEntryRole R = rocksdb::CacheEntryRole::kWriteBuffer]	48	static
/home/gregorian-rayne/CLionProjects/build-hotspot-analyzer/tests/cli/repos/rocksdb/cache/cache_reservation_manager.cc:58:8:rocksdb::Status rocksdb::CacheReservationManagerImpl<R>::UpdateCacheReservation(std::size_t) [with rocksdb::CacheEntryRole R = rocksdb::CacheEntryRole::kWriteBuffer]	64	static
/home/gregorian-rayne/CLionProjects/build-hotspot-analyzer/tests/cli/repos/rocksdb/cache/cache_reservation_manager.cc:102:8:rocksdb::Status rocksdb::CacheReservationManagerImpl<R>::ReleaseCacheReservation(std::size_t) [with rocksdb::CacheEntryRole R = rocksdb::CacheEntryRole::kWriteBuffer]	80	static
/home/gregorian-rayne/CLionProjects/build-hotspot-analyzer/tests/cli/repos/rocksdb/cache/cache_reservation_manager.cc:41:1:rocksdb::CacheReservationManagerImpl<R>::CacheReservationManagerImpl(std::shared_ptr<rocksdb::Cache>, bool) [with rocksdb::CacheEntryRole R = rocksdb::CacheEntryRole::kFileMetadata]	8	static
/home/gregorian-rayne/CLionProjects/build-hotspot-analyzer/tests/cli/repos/rocksdb/cache/cache_reservation_manager.h:198:32:static constexpr std::size_t rocksdb::CacheReservationManagerImpl<R>::GetDummyEntrySize() [with rocksdb::CacheEntryRole R = rocksdb::CacheEntryRole::kFileMetadata]	8	static
/home/gregorian-rayne/CLionProjects/build-hotspot-analyzer/tests/cli/repos/rocksdb/cache/cache_reservation_manager.cc:171:1:static const rocksdb::Cache::CacheItemHelper* rocksdb::CacheReservationManagerImpl<R>::TEST_GetCacheItemHelperForRole() [with rocksdb::CacheEntryRole R = rocksdb::CacheEntryRole::kFileMetadata]	48	static
/home/gregorian-rayne/CLionProjects/build-hotspot-analyzer/tests/cli/repos/rocksdb/cache/cache_reservation_manager.cc:160:7:rocksdb::Slice rocksdb::CacheReservationManagerImpl<R>::GetNextCacheKey() [with rocksdb::CacheEntryRole R = rocksdb::CacheEntryRole::kFileMetadata]	32	static
/home/gregorian-rayne/CLionProjects/build-hotspot-analyzer/tests/cli/repos/rocksdb/cache/cache_reservation_manager.cc:112:8:rocksdb::Status rocksdb::CacheReservationManagerImpl<R>::IncreaseCacheReservation(std::size_t) [with rocksdb::CacheEntryRole R = rocksdb::CacheEntryRole::kFileMetadata]	224	dynamic,bounded
/home/gregorian-rayne/CLionProjects/build-hotspot-analyzer/tests/cli/repos/rocksdb/cache/cache_reservation_manager.cc:130:8:rocksdb::Status rocksdb::CacheReservationManagerImpl<R>::DecreaseCacheReservation(std::size_t) [with rocksdb::CacheEntryRole R = rocksdb::CacheEntryRole::kFileMetadata]	48	static
/home/gregorian-rayne/CLionProjects/build-hotspot-analyzer/tests/cli/repos/rocksdb/cache/cache_reservation_manager.cc:58:8:rocksdb::Status rocksdb::CacheReservationManagerImpl<R>::UpdateCacheReservation(std::size_t) [with rocksdb::CacheEntryRole R = rocksdb::CacheEntryRole::kFileMetadata]	64	static
/home/gregorian-rayne/CLionProjects/build-hotspot-analyzer/tests/cli/repos/rocksdb/cache/cache_reservation_manager.cc:102:8:rocksdb::Status rocksdb::CacheReservationManagerImpl<R>::ReleaseCacheReservation(std::size_t) [with rocksdb::CacheEntryRole R = rocksdb::CacheEntryRole::kFileMetadata]	80	static
/home/gregorian-rayne/CLionProjects/build-hotspot-analyzer/tests/cli/repos/rocksdb/cache/cache_reservation_manager.cc:41:1:rocksdb::CacheReservationManagerImpl<R>::CacheReservationManagerImpl(std::shared_ptr<rocksdb::Cache>, bool) [with rocksdb::CacheEntryRole R = rocksdb::CacheEntryRole::kBlobCache]	8	static
/home/gregorian-rayne/CLionProjects/build-hotspot-analyzer/tests/cli/repos/rocksdb/cache/cache_reservation_manager.h:198:32:static constexpr std::size_t rocksdb::CacheReservationManagerImpl<R>::GetDummyEntrySize() [with rocksdb::CacheEntryRole R = rocksdb::CacheEntryRole::kBlobCache]	8	static
/home/gregorian-rayne/CLionProjects/build-hotspot-analyzer/tests/cli/repos/rocksdb/cache/cache_reservation_manager.cc:171:1:static const rocksdb::Cache::CacheItemHelper* rocksdb::CacheReservationManagerImpl<R>::TEST_GetCacheItemHelperForRole() [with rocksdb::CacheEntryRole R = rocksdb::CacheEntryRole::kBlobCache]	48	static
/home/gregorian-rayne/CLionProjects/build-hotspot-analyzer/tests/cli/repos/rocksdb/cache/cache_reservation_manager.cc:160:7:rocksdb::Slice rocksdb::CacheReservationManagerImpl<R>::GetNextCacheKey() [with rocksdb::CacheEntryRole R = rocksdb::CacheEntryRole::kBlobCache]	32	static
/home/gregorian-rayne/CLionProjects/build-hotspot-analyzer/tests/cli/repos/rocksdb/cache/cache_reservation_manager.cc:112:8:rocksdb::Status rocksdb::CacheReservationManagerImpl<R>::IncreaseCacheReservation(std::size_t) [with rocksdb::CacheEntryRole R = rocksdb::CacheEntryRole::kBlobCache]	224	dynamic,bounded
/home/gregorian-rayne/CLionProjects/build-hotspot-analyzer/tests/cli/repos/rocksdb/cache/cache_reservation_manager.cc:130:8:rocksdb::Status rocksdb::CacheReservationManagerImpl<R>::DecreaseCacheReservation(std::size_t) [with rocksdb::CacheEntryRole R = rocksdb::CacheEntryRole::kBlobCache]	48	static
/home/gregorian-rayne/CLionProjects/build-hotspot-analyzer/tests/cli/repos/rocksdb/cache/cache_reservation_manager.cc:58:8:rocksdb::Status rocksdb::CacheReservationManagerImpl<R>::UpdateCacheReservation(std::size_t) [with rocksdb::CacheEntryRole R = rocksdb::CacheEntryRole::kBlobCache]	64	static
/home/gregorian-rayne/CLionProjects/build-hotspot-analyzer/tests/cli/repos/rocksdb/cache/cache_reservation_manager.cc:102:8:rocksdb::Status rocksdb::CacheReservationManagerImpl<R>::ReleaseCacheReservation(std::size_t) [with rocksdb::CacheEntryRole R = rocksdb::CacheEntryRole::kBlobCache]	80	static
/usr/include/c++/13/bits/shared_ptr_base.h:198:7:void std::_Sp_counted_base<_Lp>::_M_release_last_use_cold() [with __gnu_cxx::_Lock_policy _Lp = __gnu_cxx::_S_atomic]	32	static
/home/gregorian-rayne/CLionProjects/build-hotspot-analyzer/tests/cli/repos/rocksdb/cache/cache_reservation_manager.cc:34:1:rocksdb::CacheReservationManagerImpl<R>::CacheReservationHandle::~CacheReservationHandle() [with rocksdb::CacheEntryRole R = rocksdb::CacheEntryRole::kWriteBuffer]	96	static
/home/gregorian-rayne/CLionProjects/build-hotspot-analyzer/tests/cli/repos/rocksdb/cache/cache_reservation_manager.cc:34:1:rocksdb::CacheReservationManagerImpl<R>::CacheReservationHandle::~CacheReservationHandle() [with rocksdb::CacheEntryRole R = rocksdb::CacheEntryRole::kFilterConstruction]	96	static
/home/gregorian-rayne/CLionProjects/build-hotspot-analyzer/tests/cli/repos/rocksdb/cache/cache_reservation_manager.cc:34:1:rocksdb::CacheReservationManagerImpl<R>::CacheReservationHandle::~CacheReservationHandle() [with rocksdb::CacheEntryRole R = rocksdb::CacheEntryRole::kCompressionDictionaryBuildingBuffer]	96	static
/home/gregorian-rayne/CLionProjects/build-hotspot-analyzer/tests/cli/repos/rocksdb/cache/cache_reservation_manager.cc:34:1:rocksdb::CacheReservationManagerImpl<R>::CacheReservationHandle::~CacheReservationHandle() [with rocksdb::CacheEntryRole R = rocksdb::CacheEntryRole::kBlobCache]	96	static
/home/gregorian-rayne/CLionProjects/build-hotspot-analyzer/tests/cli/repos/rocksdb/cache/cache_reservation_manager.cc:34:1:rocksdb::CacheReservationManagerImpl<R>::CacheReservationHandle::~CacheReservationHandle() [with rocksdb::CacheEntryRole R = rocksdb::CacheEntryRole::kFileMetadata]	96	static
/home/gregorian-rayne/CLionProjects/build-hotspot-analyzer/tests/cli/repos/rocksdb/cache/cache_reservation_manager.cc:34:1:rocksdb::CacheReservationManagerImpl<R>::CacheReservationHandle::~CacheReservationHandle() [with rocksdb::CacheEntryRole R = rocksdb::CacheEntryRole::kBlockBasedTableReader]	96	static
/home/gregorian-rayne/CLionProjects/build-hotspot-analyzer/tests/cli/repos/rocksdb/cache/cache_reservation_manager.cc:34:1:rocksdb::CacheReservationManagerImpl<R>::CacheReservationHandle::~CacheReservationHandle() [with rocksdb::CacheEntryRole R = rocksdb::CacheEntryRole::kMisc]	96	static
/home/gregorian-rayne/CLionProjects/build-hotspot-analyzer/tests/cli/repos/rocksdb/cache/cache_reservation_manager.cc:34:1:rocksdb::CacheReservationManagerImpl<R>::CacheReservationHandle::~CacheReservationHandle() [with rocksdb::CacheEntryRole R = rocksdb::CacheEntryRole::kCompressionDictionaryBuildingBuffer]	80	static
/home/gregorian-rayne/CLionProjects/build-hotspot-analyzer/tests/cli/repos/rocksdb/cache/cache_reservation_manager.cc:34:1:rocksdb::CacheReservationManagerImpl<R>::CacheReservationHandle::~CacheReservationHandle() [with rocksdb::CacheEntryRole R = rocksdb::CacheEntryRole::kBlobCache]	80	static
/home/gregorian-rayne/CLionProjects/build-hotspot-analyzer/tests/cli/repos/rocksdb/cache/cache_reservation_manager.cc:34:1:rocksdb::CacheReservationManagerImpl<R>::CacheReservationHandle::~CacheReservationHandle() [with rocksdb::CacheEntryRole R = rocksdb::CacheEntryRole::kFilterConstruction]	80	static
/home/gregorian-rayne/CLionProjects/build-hotspot-analyzer/tests/cli/repos/rocksdb/cache/cache_reservation_manager.cc:34:1:rocksdb::CacheReservationManagerImpl<R>::CacheReservationHandle::~CacheReservationHandle() [with rocksdb::CacheEntryRole R = rocksdb::CacheEntryRole::kWriteBuffer]	80	static
/home/gregorian-rayne/CLionProjects/build-hotspot-analyzer/tests/cli/repos/rocksdb/cache/cache_reservation_manager.cc:34:1:rocksdb::CacheReservationManagerImpl<R>::CacheReservationHandle::~CacheReservationHandle() [with rocksdb::CacheEntryRole R = rocksdb::CacheEntryRole::kFileMetadata]	80	static
/home/gregorian-rayne/CLionProjects/build-hotspot-analyzer/tests/cli/repos/rocksdb/cache/cache_reservation_manager.cc:34:1:rocksdb::CacheReservationManagerImpl<R>::CacheReservationHandle::~CacheReservationHandle() [with rocksdb::CacheEntryRole R = rocksdb::CacheEntryRole::kMisc]	80	static
/home/gregorian-rayne/CLionProjects/build-hotspot-analyzer/tests/cli/repos/rocksdb/cache/cache_reservation_manager.cc:34:1:rocksdb::CacheReservationManagerImpl<R>::CacheReservationHandle::~CacheReservationHandle() [with rocksdb::CacheEntryRole R = rocksdb::CacheEntryRole::kBlockBasedTableReader]	80	static
/home/gregorian-rayne/CLionProjects/build-hotspot-analyzer/tests/cli/repos/rocksdb/cache/cache_reservation_manager.cc:25:1:rocksdb::CacheReservationManagerImpl<R>::CacheReservationHandle::CacheReservationHandle(std::size_t, std::shared_ptr<rocksdb::CacheReservationManagerImpl<R> >) [with rocksdb::CacheEntryRole R = rocksdb::CacheEntryRole::kBlobCache]	48	static
/home/gregorian-rayne/CLionProjects/build-hotspot-analyzer/tests/cli/repos/rocksdb/cache/cache_reservation_manager.cc:25:1:rocksdb::CacheReservationManagerImpl<R>::CacheReservationHandle::CacheReservationHandle(std::size_t, std::shared_ptr<rocksdb::CacheReservationManagerImpl<R> >) [with rocksdb::CacheEntryRole R = rocksdb::CacheEntryRole::kFileMetadata]	48	static
/home/gregorian-rayne/CLionProjects/build-hotspot-analyzer/tests/cli/repos/rocksdb/cache/cache_reservation_manager.cc:25:1:rocksdb::CacheReservationManagerImpl<R>::CacheReservationHandle::CacheReservationHandle(std::size_t, std::shared_ptr<rocksdb::CacheReservationManagerImpl<R> >) [with rocksdb::CacheEntryRole R = rocksdb::CacheEntryRole::kCompressionDictionaryBuildingBuffer]	48	static
/home/gregorian-rayne/CLionProjects/build-hotspot-analyzer/tests/cli/repos/rocksdb/cache/cache_reservation_manager.cc:25:1:rocksdb::CacheReservationManagerImpl<R>::CacheReservationHandle::CacheReservationHandle(std::size_t, std::shared_ptr<rocksdb::CacheReservationManagerImpl<R> >) [with rocksdb::CacheEntryRole R = rocksdb::CacheEntryRole::kBlockBasedTableReader]	48	static
/home/gregorian-rayne/CLionProjects/build-hotspot-analyzer/tests/cli/repos/rocksdb/cache/cache_reservation_manager.cc:25:1:rocksdb::CacheReservationManagerImpl<R>::CacheReservationHandle::CacheReservationHandle(std::size_t, std::shared_ptr<rocksdb::CacheReservationManagerImpl<R> >) [with rocksdb::CacheEntryRole R = rocksdb::CacheEntryRole::kFilterConstruction]	48	static
/home/gregorian-rayne/CLionProjects/build-hotspot-analyzer/tests/cli/repos/rocksdb/cache/cache_reservation_manager.cc:25:1:rocksdb::CacheReservationManagerImpl<R>::CacheReservationHandle::CacheReservationHandle(std::size_t, std::shared_ptr<rocksdb::CacheReservationManagerImpl<R> >) [with rocksdb::CacheEntryRole R = rocksdb::CacheEntryRole::kWriteBuffer]	48	static
/home/gregorian-rayne/CLionProjects/build-hotspot-analyzer/tests/cli/repos/rocksdb/cache/cache_reservation_manager.cc:25:1:rocksdb::CacheReservationManagerImpl<R>::CacheReservationHandle::CacheReservationHandle(std::size_t, std::shared_ptr<rocksdb::CacheReservationManagerImpl<R> >) [with rocksdb::CacheEntryRole R = rocksdb::CacheEntryRole::kMisc]	48	static
/home/gregorian-rayne/CLionProjects/build-hotspot-analyzer/tests/cli/repos/rocksdb/cache/cache_reservation_manager.cc:88:8:rocksdb::Status rocksdb::CacheReservationManagerImpl<R>::MakeCacheReservation(std::size_t, std::unique_ptr<rocksdb::CacheReservationManager::CacheReservationHandle>*) [with rocksdb::CacheEntryRole R = rocksdb::CacheEntryRole::kWriteBuffer]	96	static
/home/gregorian-rayne/CLionProjects/build-hotspot-analyzer/tests/cli/repos/rocksdb/cache/cache_reservation_manager.cc:51:1:rocksdb::CacheReservationManagerImpl<R>::~CacheReservationManagerImpl() [with rocksdb::CacheEntryRole R = rocksdb::CacheEntryRole::kWriteBuffer]	48	static
/home/gregorian-rayne/CLionProjects/build-hotspot-analyzer/tests/cli/repos/rocksdb/cache/cache_reservation_manager.cc:51:1:rocksdb::CacheReservationManagerImpl<R>::~CacheReservationManagerImpl() [with rocksdb::CacheEntryRole R = rocksdb::CacheEntryRole::kWriteBuffer]	32	static
/home/gregorian-rayne/CLionProjects/build-hotspot-analyzer/tests/cli/repos/rocksdb/cache/cache_reservation_manager.cc:51:1:rocksdb::CacheReservationManagerImpl<R>::~CacheReservationManagerImpl() [with rocksdb::CacheEntryRole R = rocksdb::CacheEntryRole::kBlockBasedTableReader]	48	static
/home/gregorian-rayne/CLionProjects/build-hotspot-analyzer/tests/cli/repos/rocksdb/cache/cache_reservation_manager.cc:51:1:rocksdb::CacheReservationManagerImpl<R>::~CacheReservationManagerImpl() [with rocksdb::CacheEntryRole R = rocksdb::CacheEntryRole::kBlockBasedTableReader]	32	static
/home/gregorian-rayne/CLionProjects/build-hotspot-analyzer/tests/cli/repos/rocksdb/cache/cache_reservation_manager.cc:51:1:rocksdb::CacheReservationManagerImpl<R>::~CacheReservationManagerImpl() [with rocksdb::CacheEntryRole R = rocksdb::CacheEntryRole::kFilterConstruction]	48	static
/home/gregorian-rayne/CLionProjects/build-hotspot-analyzer/tests/cli/repos/rocksdb/cache/cache_reservation_manager.cc:51:1:rocksdb::CacheReservationManagerImpl<R>::~CacheReservationManagerImpl() [with rocksdb::CacheEntryRole R = rocksdb::CacheEntryRole::kFilterConstruction]	32	static
/home/gregorian-rayne/CLionProjects/build-hotspot-analyzer/tests/cli/repos/rocksdb/cache/cache_reservation_manager.cc:51:1:rocksdb::CacheReservationManagerImpl<R>::~CacheReservationManagerImpl() [with rocksdb::CacheEntryRole R = rocksdb::CacheEntryRole::kBlobCache]	48	static
/home/gregorian-rayne/CLionProjects/build-hotspot-analyzer/tests/cli/repos/rocksdb/cache/cache_reservation_manager.cc:51:1:rocksdb::CacheReservationManagerImpl<R>::~CacheReservationManagerImpl() [with rocksdb::CacheEntryRole R = rocksdb::CacheEntryRole::kBlobCache]	32	static
/home/gregorian-rayne/CLionProjects/build-hotspot-analyzer/tests/cli/repos/rocksdb/cache/cache_reservation_manager.cc:51:1:rocksdb::CacheReservationManagerImpl<R>::~CacheReservationManagerImpl() [with rocksdb::CacheEntryRole R = rocksdb::CacheEntryRole::kCompressionDictionaryBuildingBuffer]	48	static
/home/gregorian-rayne/CLionProjects/build-hotspot-analyzer/tests/cli/repos/rocksdb/cache/cache_reservation_manager.cc:51:1:rocksdb::CacheReservationManagerImpl<R>::~CacheReservationManagerImpl() [with rocksdb::CacheEntryRole R = rocksdb::CacheEntryRole::kCompressionDictionaryBuildingBuffer]	32	static
/home/gregorian-rayne/CLionProjects/build-hotspot-analyzer/tests/cli/repos/rocksdb/cache/cache_reservation_manager.cc:51:1:rocksdb::CacheReservationManagerImpl<R>::~CacheReservationManagerImpl() [with rocksdb::CacheEntryRole R = rocksdb::CacheEntryRole::kFileMetadata]	48	static
/home/gregorian-rayne/CLionProjects/build-hotspot-analyzer/tests/cli/repos/rocksdb/cache/cache_reservation_manager.cc:51:1:rocksdb::CacheReservationManagerImpl<R>::~CacheReservationManagerImpl() [with rocksdb::CacheEntryRole R = rocksdb::CacheEntryRole::kFileMetadata]	32	static
/home/gregorian-rayne/CLionProjects/build-hotspot-analyzer/tests/cli/repos/rocksdb/cache/cache_reservation_manager.cc:51:1:rocksdb::CacheReservationManagerImpl<R>::~CacheReservationManagerImpl() [with rocksdb::CacheEntryRole R = rocksdb::CacheEntryRole::kMisc]	48	static
/home/gregorian-rayne/CLionProjects/build-hotspot-analyzer/tests/cli/repos/rocksdb/cache/cache_reservation_manager.cc:51:1:rocksdb::CacheReservationManagerImpl<R>::~CacheReservationManagerImpl() [with rocksdb::CacheEntryRole R = rocksdb::CacheEntryRole::kMisc]	32	static
/home/gregorian-rayne/CLionProjects/build-hotspot-analyzer/tests/cli/repos/rocksdb/cache/cache_reservation_manager.cc:88:8:rocksdb::Status rocksdb::CacheReservationManagerImpl<R>::MakeCacheReservation(std::size_t, std::unique_ptr<rocksdb::CacheReservationManager::CacheReservationHandle>*) [with rocksdb::CacheEntryRole R = rocksdb::CacheEntryRole::kBlobCache]	96	static
/home/gregorian-rayne/CLionProjects/build-hotspot-analyzer/tests/cli/repos/rocksdb/cache/cache_reservation_manager.cc:88:8:rocksdb::Status rocksdb::CacheReservationManagerImpl<R>::MakeCacheReservation(std::size_t, std::unique_ptr<rocksdb::CacheReservationManager::CacheReservationHandle>*) [with rocksdb::CacheEntryRole R = rocksdb::CacheEntryRole::kCompressionDictionaryBuildingBuffer]	96	static
/home/gregorian-rayne/CLionProjects/build-hotspot-analyzer/tests/cli/repos/rocksdb/cache/cache_reservation_manager.cc:88:8:rocksdb::Status rocksdb::CacheReservationManagerImpl<R>::MakeCacheReservation(std::size_t, std::unique_ptr<rocksdb::CacheReservationManager::CacheReservationHandle>*) [with rocksdb::CacheEntryRole R = rocksdb::CacheEntryRole::kMisc]	96	static
/home/gregorian-rayne/CLionProjects/build-hotspot-analyzer/tests/cli/repos/rocksdb/cache/cache_reservation_manager.cc:88:8:rocksdb::Status rocksdb::CacheReservationManagerImpl<R>::MakeCacheReservation(std::size_t, std::unique_ptr<rocksdb::CacheReservationManager::CacheReservationHandle>*) [with rocksdb::CacheEntryRole R = rocksdb::CacheEntryRole::kFilterConstruction]	96	static
/home/gregorian-rayne/CLionProjects/build-hotspot-analyzer/tests/cli/repos/rocksdb/cache/cache_reservation_manager.cc:88:8:rocksdb::Status rocksdb::CacheReservationManagerImpl<R>::MakeCacheReservation(std::size_t, std::unique_ptr<rocksdb::CacheReservationManager::CacheReservationHandle>*) [with rocksdb::CacheEntryRole R = rocksdb::CacheEntryRole::kFileMetadata]	96	static
/home/gregorian-rayne/CLionProjects/build-hotspot-analyzer/tests/cli/repos/rocksdb/cache/cache_reservation_manager.cc:88:8:rocksdb::Status rocksdb::CacheReservationManagerImpl<R>::MakeCacheReservation(std::size_t, std::unique_ptr<rocksdb::CacheReservationManager::CacheReservationHandle>*) [with rocksdb::CacheEntryRole R = rocksdb::CacheEntryRole::kBlockBasedTableReader]	96	static
