/mnt/c/Users/grego/CLionProjects/BuildtimeHotspotAnalyzer/tests/temp/repos/rocksdb/include/rocksdb/customizable.h:222:23:virtual const char* rocksdb::Customizable::NickName() const	8	static
/mnt/c/Users/grego/CLionProjects/BuildtimeHotspotAnalyzer/tests/temp/repos/rocksdb/include/rocksdb/comparator.h:163:15:virtual int rocksdb::Comparator::CompareTimestamp(const rocksdb::Slice&, const rocksdb::Slice&) const	8	static
/mnt/c/Users/grego/CLionProjects/BuildtimeHotspotAnalyzer/tests/temp/repos/rocksdb/include/rocksdb/comparator.h:168:15:virtual int rocksdb::Comparator::CompareWithoutTimestamp(const rocksdb::Slice&, bool, const rocksdb::Slice&, bool) const	8	static
/mnt/c/Users/grego/CLionProjects/BuildtimeHotspotAnalyzer/tests/temp/repos/rocksdb/include/rocksdb/memtablerep.h:179:16:virtual void rocksdb::MemTableRep::MarkReadOnly()	8	static
/mnt/c/Users/grego/CLionProjects/BuildtimeHotspotAnalyzer/tests/temp/repos/rocksdb/include/rocksdb/listener.h:745:16:virtual void rocksdb::EventListener::OnColumnFamilyHandleDeletionStarted(rocksdb::ColumnFamilyHandle*)	8	static
/mnt/c/Users/grego/CLionProjects/BuildtimeHotspotAnalyzer/tests/temp/repos/rocksdb/include/rocksdb/listener.h:777:16:virtual void rocksdb::EventListener::OnStallConditionsChanged(const rocksdb::WriteStallInfo&)	8	static
/mnt/c/Users/grego/CLionProjects/BuildtimeHotspotAnalyzer/tests/temp/repos/rocksdb/monitoring/histogram.h:134:11:rocksdb::HistogramImpl::~HistogramImpl()	8	static
/mnt/c/Users/grego/CLionProjects/BuildtimeHotspotAnalyzer/tests/temp/repos/rocksdb/db/dbformat.h:400:11:rocksdb::InternalKeyComparator::~InternalKeyComparator()	8	static
/mnt/c/Users/grego/CLionProjects/BuildtimeHotspotAnalyzer/tests/temp/repos/rocksdb/include/rocksdb/table.h:1003:16:virtual bool rocksdb::TableFactory::IsDeleteRangeSupported() const	8	static
/mnt/c/Users/grego/CLionProjects/BuildtimeHotspotAnalyzer/tests/temp/repos/rocksdb/db/table_properties_collector.h:115:15:virtual const char* rocksdb::UserKeyTablePropertiesCollectorFactory::Name() const	8	static
/mnt/c/Users/grego/CLionProjects/BuildtimeHotspotAnalyzer/tests/temp/repos/rocksdb/db/column_family.h:172:29:virtual rocksdb::ColumnFamilyData* rocksdb::ColumnFamilyHandleImpl::cfd() const	8	static
/mnt/c/Users/grego/CLionProjects/BuildtimeHotspotAnalyzer/tests/temp/repos/rocksdb/db/column_family.h:173:19:virtual rocksdb::DBImpl* rocksdb::ColumnFamilyHandleImpl::db() const	8	static
/mnt/c/Users/grego/CLionProjects/BuildtimeHotspotAnalyzer/tests/temp/repos/rocksdb/db/column_family.h:199:21:virtual rocksdb::ColumnFamilyData* rocksdb::ColumnFamilyHandleInternal::cfd() const	8	static
/mnt/c/Users/grego/CLionProjects/BuildtimeHotspotAnalyzer/tests/temp/repos/rocksdb/db/column_family.h:931:21:virtual rocksdb::ColumnFamilyData* rocksdb::ColumnFamilyMemTablesImpl::current()	8	static
/mnt/c/Users/grego/CLionProjects/BuildtimeHotspotAnalyzer/tests/temp/repos/rocksdb/db/compaction/compaction_picker.h:90:15:virtual int rocksdb::CompactionPicker::MaxOutputLevel() const	8	static
/mnt/c/Users/grego/CLionProjects/BuildtimeHotspotAnalyzer/tests/temp/repos/rocksdb/db/compaction/compaction_picker.h:282:15:virtual rocksdb::Compaction* rocksdb::NullCompactionPicker::PickCompaction(const std::string&, const rocksdb::MutableCFOptions&, const rocksdb::MutableDBOptions&, const std::vector<long unsigned int>&, const rocksdb::SnapshotChecker*, rocksdb::VersionStorageInfo*, rocksdb::LogBuffer*, const std::string&, bool)	8	static
/mnt/c/Users/grego/CLionProjects/BuildtimeHotspotAnalyzer/tests/temp/repos/rocksdb/db/compaction/compaction_picker.h:295:15:virtual rocksdb::Compaction* rocksdb::NullCompactionPicker::PickCompactionForCompactRange(const std::string&, const rocksdb::MutableCFOptions&, const rocksdb::MutableDBOptions&, rocksdb::VersionStorageInfo*, int, int, const rocksdb::CompactRangeOptions&, const rocksdb::InternalKey*, const rocksdb::InternalKey*, rocksdb::InternalKey**, bool*, uint64_t, const std::string&, const std::string&)	8	static
/mnt/c/Users/grego/CLionProjects/BuildtimeHotspotAnalyzer/tests/temp/repos/rocksdb/db/compaction/compaction_picker.h:310:8:virtual bool rocksdb::NullCompactionPicker::NeedsCompaction(const rocksdb::VersionStorageInfo*) const	8	static
/mnt/c/Users/grego/CLionProjects/BuildtimeHotspotAnalyzer/tests/temp/repos/rocksdb/db/column_family.cc:82:10:virtual uint32_t rocksdb::ColumnFamilyHandleImpl::GetID() const	16	static
/mnt/c/Users/grego/CLionProjects/BuildtimeHotspotAnalyzer/tests/temp/repos/rocksdb/db/column_family.cc:84:20:virtual const std::string& rocksdb::ColumnFamilyHandleImpl::GetName() const	16	static
/mnt/c/Users/grego/CLionProjects/BuildtimeHotspotAnalyzer/tests/temp/repos/rocksdb/db/column_family.cc:95:19:virtual const rocksdb::Comparator* rocksdb::ColumnFamilyHandleImpl::GetComparator() const	16	static
/mnt/c/Users/grego/CLionProjects/BuildtimeHotspotAnalyzer/tests/temp/repos/rocksdb/db/column_family.cc:1873:10:virtual uint64_t rocksdb::ColumnFamilyMemTablesImpl::GetLogNumber() const	8	static
/mnt/c/Users/grego/CLionProjects/BuildtimeHotspotAnalyzer/tests/temp/repos/rocksdb/db/column_family.cc:1878:11:virtual rocksdb::MemTable* rocksdb::ColumnFamilyMemTablesImpl::GetMemTable() const	8	static
/mnt/c/Users/grego/CLionProjects/BuildtimeHotspotAnalyzer/tests/temp/repos/rocksdb/db/column_family.cc:1883:21:virtual rocksdb::ColumnFamilyHandle* rocksdb::ColumnFamilyMemTablesImpl::GetColumnFamilyHandle()	8	static
/usr/include/c++/13/bits/shared_ptr_base.h:419:11:std::_Sp_counted_ptr<rocksdb::FSDirectory*, __gnu_cxx::_S_atomic>::~_Sp_counted_ptr()	8	static
/usr/include/c++/13/bits/shared_ptr_base.h:419:11:std::_Sp_counted_ptr<rocksdb::ConcurrentCacheReservationManager*, __gnu_cxx::_S_atomic>::~_Sp_counted_ptr()	8	static
/usr/include/c++/13/bits/shared_ptr_base.h:427:7:void std::_Sp_counted_ptr<_Ptr, _Lp>::_M_dispose() [with _Ptr = rocksdb::FSDirectory*; __gnu_cxx::_Lock_policy _Lp = __gnu_cxx::_S_atomic]	8	static
/usr/include/c++/13/bits/shared_ptr_base.h:435:7:void* std::_Sp_counted_ptr<_Ptr, _Lp>::_M_get_deleter(const std::type_info&) [with _Ptr = rocksdb::FSDirectory*; __gnu_cxx::_Lock_policy _Lp = __gnu_cxx::_S_atomic]	8	static
/usr/include/c++/13/bits/shared_ptr_base.h:435:7:void* std::_Sp_counted_ptr<_Ptr, _Lp>::_M_get_deleter(const std::type_info&) [with _Ptr = rocksdb::ConcurrentCacheReservationManager*; __gnu_cxx::_Lock_policy _Lp = __gnu_cxx::_S_atomic]	8	static
/usr/include/c++/13/bits/shared_ptr_base.h:608:7:std::_Sp_counted_ptr_inplace<_Tp, _Alloc, _Lp>::~_Sp_counted_ptr_inplace() [with _Tp = rocksdb::CacheReservationManagerImpl<rocksdb::CacheEntryRole::kFileMetadata>; _Alloc = std::allocator<void>; __gnu_cxx::_Lock_policy _Lp = __gnu_cxx::_S_atomic]	8	static
/usr/include/c++/13/bits/shared_ptr_base.h:608:7:std::_Sp_counted_ptr_inplace<_Tp, _Alloc, _Lp>::~_Sp_counted_ptr_inplace() [with _Tp = rocksdb::SkipListFactory; _Alloc = std::allocator<void>; __gnu_cxx::_Lock_policy _Lp = __gnu_cxx::_S_atomic]	8	static
/usr/include/c++/13/bits/shared_ptr_base.h:608:7:std::_Sp_counted_ptr_inplace<_Tp, _Alloc, _Lp>::~_Sp_counted_ptr_inplace() [with _Tp = rocksdb::VectorRepFactory; _Alloc = std::allocator<void>; __gnu_cxx::_Lock_policy _Lp = __gnu_cxx::_S_atomic]	8	static
/usr/include/c++/13/bits/shared_ptr_base.h:611:7:void std::_Sp_counted_ptr_inplace<_Tp, _Alloc, _Lp>::_M_dispose() [with _Tp = rocksdb::CacheReservationManagerImpl<rocksdb::CacheEntryRole::kFileMetadata>; _Alloc = std::allocator<void>; __gnu_cxx::_Lock_policy _Lp = __gnu_cxx::_S_atomic]	8	static
/usr/include/c++/13/bits/shared_ptr_base.h:611:7:void std::_Sp_counted_ptr_inplace<_Tp, _Alloc, _Lp>::_M_dispose() [with _Tp = rocksdb::SkipListFactory; _Alloc = std::allocator<void>; __gnu_cxx::_Lock_policy _Lp = __gnu_cxx::_S_atomic]	8	static
/usr/include/c++/13/bits/shared_ptr_base.h:611:7:void std::_Sp_counted_ptr_inplace<_Tp, _Alloc, _Lp>::_M_dispose() [with _Tp = rocksdb::VectorRepFactory; _Alloc = std::allocator<void>; __gnu_cxx::_Lock_policy _Lp = __gnu_cxx::_S_atomic]	8	static
/mnt/c/Users/grego/CLionProjects/BuildtimeHotspotAnalyzer/tests/temp/repos/rocksdb/db/table_properties_collector.h:96:24:virtual rocksdb::InternalTblPropColl* rocksdb::UserKeyTablePropertiesCollectorFactory::CreateInternalTblPropColl(uint32_t, int, int, rocksdb::SequenceNumber)	96	dynamic,bounded
/mnt/c/Users/grego/CLionProjects/BuildtimeHotspotAnalyzer/tests/temp/repos/rocksdb/db/write_controller.h:116:11:virtual rocksdb::WriteControllerToken::~WriteControllerToken()	8	static
/mnt/c/Users/grego/CLionProjects/BuildtimeHotspotAnalyzer/tests/temp/repos/rocksdb/db/dbformat.h:400:11:virtual rocksdb::InternalKeyComparator::~InternalKeyComparator()	8	static
/usr/include/c++/13/bits/shared_ptr_base.h:419:11:virtual std::_Sp_counted_ptr<rocksdb::FSDirectory*, __gnu_cxx::_S_atomic>::~_Sp_counted_ptr()	8	static
/usr/include/c++/13/bits/shared_ptr_base.h:431:7:void std::_Sp_counted_ptr<_Ptr, _Lp>::_M_destroy() [with _Ptr = rocksdb::FSDirectory*; __gnu_cxx::_Lock_policy _Lp = __gnu_cxx::_S_atomic]	8	static
/usr/include/c++/13/bits/shared_ptr_base.h:419:11:virtual std::_Sp_counted_ptr<rocksdb::ConcurrentCacheReservationManager*, __gnu_cxx::_S_atomic>::~_Sp_counted_ptr()	8	static
/usr/include/c++/13/bits/shared_ptr_base.h:431:7:void std::_Sp_counted_ptr<_Ptr, _Lp>::_M_destroy() [with _Ptr = rocksdb::ConcurrentCacheReservationManager*; __gnu_cxx::_Lock_policy _Lp = __gnu_cxx::_S_atomic]	8	static
/usr/include/c++/13/bits/shared_ptr_base.h:608:7:std::_Sp_counted_ptr_inplace<_Tp, _Alloc, _Lp>::~_Sp_counted_ptr_inplace() [with _Tp = rocksdb::CacheReservationManagerImpl<rocksdb::CacheEntryRole::kFileMetadata>; _Alloc = std::allocator<void>; __gnu_cxx::_Lock_policy _Lp = __gnu_cxx::_S_atomic]	8	static
/usr/include/c++/13/bits/shared_ptr_base.h:608:7:std::_Sp_counted_ptr_inplace<_Tp, _Alloc, _Lp>::~_Sp_counted_ptr_inplace() [with _Tp = rocksdb::SkipListFactory; _Alloc = std::allocator<void>; __gnu_cxx::_Lock_policy _Lp = __gnu_cxx::_S_atomic]	8	static
/usr/include/c++/13/bits/shared_ptr_base.h:608:7:std::_Sp_counted_ptr_inplace<_Tp, _Alloc, _Lp>::~_Sp_counted_ptr_inplace() [with _Tp = rocksdb::VectorRepFactory; _Alloc = std::allocator<void>; __gnu_cxx::_Lock_policy _Lp = __gnu_cxx::_S_atomic]	8	static
/usr/include/c++/13/bits/shared_ptr_base.h:631:7:void* std::_Sp_counted_ptr_inplace<_Tp, _Alloc, _Lp>::_M_get_deleter(const std::type_info&) [with _Tp = rocksdb::VectorRepFactory; _Alloc = std::allocator<void>; __gnu_cxx::_Lock_policy _Lp = __gnu_cxx::_S_atomic]	32	static
/usr/include/c++/13/bits/shared_ptr_base.h:631:7:void* std::_Sp_counted_ptr_inplace<_Tp, _Alloc, _Lp>::_M_get_deleter(const std::type_info&) [with _Tp = rocksdb::SkipListFactory; _Alloc = std::allocator<void>; __gnu_cxx::_Lock_policy _Lp = __gnu_cxx::_S_atomic]	32	static
/usr/include/c++/13/bits/shared_ptr_base.h:631:7:void* std::_Sp_counted_ptr_inplace<_Tp, _Alloc, _Lp>::_M_get_deleter(const std::type_info&) [with _Tp = rocksdb::CacheReservationManagerImpl<rocksdb::CacheEntryRole::kFileMetadata>; _Alloc = std::allocator<void>; __gnu_cxx::_Lock_policy _Lp = __gnu_cxx::_S_atomic]	32	static
/mnt/c/Users/grego/CLionProjects/BuildtimeHotspotAnalyzer/tests/temp/repos/rocksdb/db/compaction/compaction_picker.h:279:11:rocksdb::NullCompactionPicker::~NullCompactionPicker()	8	static
/mnt/c/Users/grego/CLionProjects/BuildtimeHotspotAnalyzer/tests/temp/repos/rocksdb/db/compaction/compaction_picker.h:279:11:virtual rocksdb::NullCompactionPicker::~NullCompactionPicker()	32	static
/mnt/c/Users/grego/CLionProjects/BuildtimeHotspotAnalyzer/tests/temp/repos/rocksdb/db/column_family.cc:848:39:std::unique_ptr<rocksdb::WriteControllerToken> rocksdb::{anonymous}::SetupDelay(rocksdb::WriteController*, uint64_t, uint64_t, bool, bool)	48	static
/mnt/c/Users/grego/CLionProjects/BuildtimeHotspotAnalyzer/tests/temp/repos/rocksdb/db/column_family.cc:563:6:void rocksdb::{anonymous}::SuperVersionUnrefHandle(void*)	8	static
/usr/include/c++/13/bits/shared_ptr_base.h:618:7:void std::_Sp_counted_ptr_inplace<_Tp, _Alloc, _Lp>::_M_destroy() [with _Tp = rocksdb::CacheReservationManagerImpl<rocksdb::CacheEntryRole::kFileMetadata>; _Alloc = std::allocator<void>; __gnu_cxx::_Lock_policy _Lp = __gnu_cxx::_S_atomic]	8	static
/usr/include/c++/13/bits/shared_ptr_base.h:618:7:void std::_Sp_counted_ptr_inplace<_Tp, _Alloc, _Lp>::_M_destroy() [with _Tp = rocksdb::VectorRepFactory; _Alloc = std::allocator<void>; __gnu_cxx::_Lock_policy _Lp = __gnu_cxx::_S_atomic]	8	static
/usr/include/c++/13/bits/shared_ptr_base.h:618:7:void std::_Sp_counted_ptr_inplace<_Tp, _Alloc, _Lp>::_M_destroy() [with _Tp = rocksdb::SkipListFactory; _Alloc = std::allocator<void>; __gnu_cxx::_Lock_policy _Lp = __gnu_cxx::_S_atomic]	8	static
/mnt/c/Users/grego/CLionProjects/BuildtimeHotspotAnalyzer/tests/temp/repos/rocksdb/db/dbformat.h:1085:12:virtual int rocksdb::InternalKeyComparator::Compare(const rocksdb::Slice&, const rocksdb::Slice&) const	96	static
/usr/include/c++/13/bits/stl_vector.h:733:7:constexpr std::vector<_Tp, _Alloc>::~vector() [with _Tp = rocksdb::Slice; _Alloc = std::allocator<rocksdb::Slice>]	8	static
/usr/include/c++/13/bits/basic_string.h:3183:7:constexpr int std::__cxx11::basic_string<_CharT, _Traits, _Alloc>::compare(const std::__cxx11::basic_string<_CharT, _Traits, _Alloc>&) const [with _CharT = char; _Traits = std::char_traits<char>; _Alloc = std::allocator<char>]	32	static
/mnt/c/Users/grego/CLionProjects/BuildtimeHotspotAnalyzer/tests/temp/repos/rocksdb/include/rocksdb/status.h:594:16:rocksdb::Status& rocksdb::Status::operator=(rocksdb::Status&&)	8	static
/mnt/c/Users/grego/CLionProjects/BuildtimeHotspotAnalyzer/tests/temp/repos/rocksdb/include/rocksdb/customizable.h:89:16:constprop(const std::string&) const	48	static
/mnt/c/Users/grego/CLionProjects/BuildtimeHotspotAnalyzer/tests/temp/repos/rocksdb/cache/cache_reservation_manager.h:306:22:virtual std::size_t rocksdb::ConcurrentCacheReservationManager::GetTotalReservedCacheSize()	8	static
/mnt/c/Users/grego/CLionProjects/BuildtimeHotspotAnalyzer/tests/temp/repos/rocksdb/util/thread_operation.h:38:22:void __tcf_0(void*)	32	static
/mnt/c/Users/grego/CLionProjects/BuildtimeHotspotAnalyzer/tests/temp/repos/rocksdb/util/thread_operation.h:63:27:void __tcf_1(void*)	32	static
/mnt/c/Users/grego/CLionProjects/BuildtimeHotspotAnalyzer/tests/temp/repos/rocksdb/include/rocksdb/advanced_compression.h:644:8:virtual bool rocksdb::CompressionManagerWrapper::SupportsCompressionType(rocksdb::CompressionType) const	8	static
/usr/include/c++/13/bits/hashtable.h:2364:5:std::_Hashtable<_Key, _Value, _Alloc, _ExtractKey, _Equal, _Hash, _RangeHash, _Unused, _RehashPolicy, _Traits>::size_type std::_Hashtable<_Key, _Value, _Alloc, _ExtractKey, _Equal, _Hash, _RangeHash, _Unused, _RehashPolicy, _Traits>::_M_erase(std::true_type, const key_type&) [with _Key = unsigned int; _Value = std::pair<const unsigned int, long unsigned int>; _Alloc = std::allocator<std::pair<const unsigned int, long unsigned int> >; _ExtractKey = std::__detail::_Select1st; _Equal = std::equal_to<unsigned int>; _Hash = std::hash<unsigned int>; _RangeHash = std::__detail::_Mod_range_hashing; _Unused = std::__detail::_Default_ranged_hash; _RehashPolicy = std::__detail::_Prime_rehash_policy; _Traits = std::__detail::_Hashtable_traits<false, false, true>]	32	static
/usr/include/c++/13/bits/basic_string.tcc:221:7:constexpr void std::__cxx11::basic_string<_CharT, _Traits, _Alloc>::_M_construct(_InIterator, _InIterator, std::forward_iterator_tag) [with _FwdIterator = char*; _CharT = char; _Traits = std::char_traits<char>; _Alloc = std::allocator<char>]	48	static
/mnt/c/Users/grego/CLionProjects/BuildtimeHotspotAnalyzer/tests/temp/repos/rocksdb/include/rocksdb/customizable.h:89:16:virtual bool rocksdb::Customizable::IsInstanceOf(const std::string&) const	48	static
/mnt/c/Users/grego/CLionProjects/BuildtimeHotspotAnalyzer/tests/temp/repos/rocksdb/util/thread_operation.h:103:26:void __tcf_3(void*)	32	static
/usr/include/c++/13/bits/basic_string.h:641:7:constexpr std::__cxx11::basic_string<_CharT, _Traits, _Alloc>::basic_string(const _CharT*, const _Alloc&) [with <template-parameter-2-1> = std::allocator<char>; _CharT = char; _Traits = std::char_traits<char>; _Alloc = std::allocator<char>]	48	static
/mnt/c/Users/grego/CLionProjects/BuildtimeHotspotAnalyzer/tests/temp/repos/rocksdb/util/thread_operation.h:112:26:void __tcf_4(void*)	32	static
/mnt/c/Users/grego/CLionProjects/BuildtimeHotspotAnalyzer/tests/temp/repos/rocksdb/util/thread_operation.h:93:18:void __tcf_2(void*)	16	static
/usr/include/c++/13/bits/stl_tree.h:1930:5:void std::_Rb_tree<_Key, _Val, _KeyOfValue, _Compare, _Alloc>::_M_erase(_Link_type) [with _Key = rocksdb::TruncatedRangeDelIterator*; _Val = rocksdb::TruncatedRangeDelIterator*; _KeyOfValue = std::_Identity<rocksdb::TruncatedRangeDelIterator*>; _Compare = rocksdb::SeqMaxComparator; _Alloc = std::allocator<rocksdb::TruncatedRangeDelIterator*>]	96	static
/usr/include/c++/13/bits/stl_tree.h:1930:5:void std::_Rb_tree<_Key, _Val, _KeyOfValue, _Compare, _Alloc>::_M_erase(_Link_type) [with _Key = long unsigned int; _Val = long unsigned int; _KeyOfValue = std::_Identity<long unsigned int>; _Compare = std::less<long unsigned int>; _Alloc = std::allocator<long unsigned int>]	96	static
/mnt/c/Users/grego/CLionProjects/BuildtimeHotspotAnalyzer/tests/temp/repos/rocksdb/util/autovector.h:383:23:rocksdb::autovector<T, kSize>& rocksdb::autovector<T, kSize>::operator=(rocksdb::autovector<T, kSize>&&) [with T = rocksdb::SuperVersionContext::WriteStallNotification; long unsigned int kSize = 8]	80	static
/mnt/c/Users/grego/CLionProjects/BuildtimeHotspotAnalyzer/tests/temp/repos/rocksdb/cache/cache_reservation_manager.h:309:22:virtual std::size_t rocksdb::ConcurrentCacheReservationManager::GetTotalMemoryUsed()	112	static
/mnt/c/Users/grego/CLionProjects/BuildtimeHotspotAnalyzer/tests/temp/repos/rocksdb/cache/cache_reservation_manager.h:265:17:virtual rocksdb::Status rocksdb::ConcurrentCacheReservationManager::UpdateCacheReservation(std::size_t)	144	static
/mnt/c/Users/grego/CLionProjects/BuildtimeHotspotAnalyzer/tests/temp/repos/rocksdb/db/column_family.cc:1862:6:virtual bool rocksdb::ColumnFamilyMemTablesImpl::Seek(uint32_t)	8	static
/mnt/c/Users/grego/CLionProjects/BuildtimeHotspotAnalyzer/tests/temp/repos/rocksdb/include/rocksdb/customizable.h:66:23:virtual std::string rocksdb::Customizable::GetId() const	48	static
/mnt/c/Users/grego/CLionProjects/BuildtimeHotspotAnalyzer/tests/temp/repos/rocksdb/cache/cache_reservation_manager.h:270:17:virtual rocksdb::Status rocksdb::ConcurrentCacheReservationManager::UpdateCacheReservation(std::size_t, bool)	144	static
/mnt/c/Users/grego/CLionProjects/BuildtimeHotspotAnalyzer/tests/temp/repos/rocksdb/monitoring/histogram.h:134:11:virtual rocksdb::HistogramImpl::~HistogramImpl()	8	static
/mnt/c/Users/grego/CLionProjects/BuildtimeHotspotAnalyzer/tests/temp/repos/rocksdb/db/range_del_aggregator.h:125:7:rocksdb::ForwardRangeDelIterator::~ForwardRangeDelIterator()	32	static
/mnt/c/Users/grego/CLionProjects/BuildtimeHotspotAnalyzer/tests/temp/repos/rocksdb/db/range_del_aggregator.h:381:3:rocksdb::ReadRangeDelAggregator::~ReadRangeDelAggregator()	80	static
/mnt/c/Users/grego/CLionProjects/BuildtimeHotspotAnalyzer/tests/temp/repos/rocksdb/db/range_del_aggregator.h:381:3:virtual rocksdb::ReadRangeDelAggregator::~ReadRangeDelAggregator()	80	static
/mnt/c/Users/grego/CLionProjects/BuildtimeHotspotAnalyzer/tests/temp/repos/rocksdb/db/write_controller.h:116:11:rocksdb::WriteControllerToken::~WriteControllerToken()	8	static
/mnt/c/Users/grego/CLionProjects/BuildtimeHotspotAnalyzer/tests/temp/repos/rocksdb/db/column_family.cc:46:1:rocksdb::ColumnFamilyHandleImpl::ColumnFamilyHandleImpl(rocksdb::ColumnFamilyData*, rocksdb::DBImpl*, rocksdb::InstrumentedMutex*)	8	static
/mnt/c/Users/grego/CLionProjects/BuildtimeHotspotAnalyzer/tests/temp/repos/rocksdb/db/column_family.cc:188:8:rocksdb::Status rocksdb::CheckConcurrentWritesSupported(const ColumnFamilyOptions&)	80	static
/mnt/c/Users/grego/CLionProjects/BuildtimeHotspotAnalyzer/tests/temp/repos/rocksdb/db/column_family.cc:202:8:rocksdb::Status rocksdb::CheckCFPathsSupported(const DBOptions&, const ColumnFamilyOptions&)	80	static
/mnt/c/Users/grego/CLionProjects/BuildtimeHotspotAnalyzer/tests/temp/repos/rocksdb/db/column_family.cc:505:15:rocksdb::SuperVersion* rocksdb::SuperVersion::Ref()	8	static
/mnt/c/Users/grego/CLionProjects/BuildtimeHotspotAnalyzer/tests/temp/repos/rocksdb/db/column_family.cc:510:6:bool rocksdb::SuperVersion::Unref()	8	static
/mnt/c/Users/grego/CLionProjects/BuildtimeHotspotAnalyzer/tests/temp/repos/rocksdb/db/column_family.cc:818:21:rocksdb::ColumnFamilyOptions rocksdb::ColumnFamilyData::GetLatestCFOptions() const	48	static
/mnt/c/Users/grego/CLionProjects/BuildtimeHotspotAnalyzer/tests/temp/repos/rocksdb/db/column_family.cc:986:1:static std::pair<rocksdb::WriteStallCondition, rocksdb::WriteStallCause> rocksdb::ColumnFamilyData::GetWriteStallConditionAndCause(int, int, uint64_t, const rocksdb::MutableCFOptions&, const rocksdb::ImmutableCFOptions&)	8	static
/mnt/c/Users/grego/CLionProjects/BuildtimeHotspotAnalyzer/tests/temp/repos/rocksdb/db/column_family.cc:1023:21:rocksdb::WriteStallCondition rocksdb::ColumnFamilyData::RecalculateWriteStallConditions(const rocksdb::MutableCFOptions&)	128	dynamic,bounded
/mnt/c/Users/grego/CLionProjects/BuildtimeHotspotAnalyzer/tests/temp/repos/rocksdb/db/column_family.cc:1197:20:const rocksdb::FileOptions* rocksdb::ColumnFamilyData::soptions() const	8	static
/mnt/c/Users/grego/CLionProjects/BuildtimeHotspotAnalyzer/tests/temp/repos/rocksdb/db/column_family.cc:1201:6:void rocksdb::ColumnFamilyData::SetCurrent(rocksdb::Version*)	8	static
/mnt/c/Users/grego/CLionProjects/BuildtimeHotspotAnalyzer/tests/temp/repos/rocksdb/db/column_family.cc:1205:10:uint64_t rocksdb::ColumnFamilyData::GetNumLiveVersions() const	8	static
/mnt/c/Users/grego/CLionProjects/BuildtimeHotspotAnalyzer/tests/temp/repos/rocksdb/db/column_family.cc:1209:10:uint64_t rocksdb::ColumnFamilyData::GetTotalSstFilesSize() const	8	static
/mnt/c/Users/grego/CLionProjects/BuildtimeHotspotAnalyzer/tests/temp/repos/rocksdb/db/column_family.cc:1213:10:uint64_t rocksdb::ColumnFamilyData::GetTotalBlobFileSize() const	8	static
/mnt/c/Users/grego/CLionProjects/BuildtimeHotspotAnalyzer/tests/temp/repos/rocksdb/db/column_family.cc:1217:10:uint64_t rocksdb::ColumnFamilyData::GetLiveSstFilesSize() const	8	static
/mnt/c/Users/grego/CLionProjects/BuildtimeHotspotAnalyzer/tests/temp/repos/rocksdb/db/column_family.cc:1221:11:rocksdb::MemTable* rocksdb::ColumnFamilyData::ConstructNewMemtable(const rocksdb::MutableCFOptions&, rocksdb::SequenceNumber)	64	dynamic,bounded
/mnt/c/Users/grego/CLionProjects/BuildtimeHotspotAnalyzer/tests/temp/repos/rocksdb/db/column_family.cc:1227:6:void rocksdb::ColumnFamilyData::CreateNewMemtable(rocksdb::SequenceNumber)	64	dynamic,bounded
/mnt/c/Users/grego/CLionProjects/BuildtimeHotspotAnalyzer/tests/temp/repos/rocksdb/db/column_family.cc:1237:6:bool rocksdb::ColumnFamilyData::NeedsCompaction() const	8	static
/mnt/c/Users/grego/CLionProjects/BuildtimeHotspotAnalyzer/tests/temp/repos/rocksdb/db/column_family.cc:1242:13:rocksdb::Compaction* rocksdb::ColumnFamilyData::PickCompaction(const rocksdb::MutableCFOptions&, const rocksdb::MutableDBOptions&, const std::vector<long unsigned int>&, const rocksdb::SnapshotChecker*, rocksdb::LogBuffer*, bool)	64	dynamic,bounded
/mnt/c/Users/grego/CLionProjects/BuildtimeHotspotAnalyzer/tests/temp/repos/rocksdb/db/column_family.cc:1258:6:bool rocksdb::ColumnFamilyData::RangeOverlapWithCompaction(const rocksdb::Slice&, const rocksdb::Slice&, int) const	8	static
/mnt/c/Users/grego/CLionProjects/BuildtimeHotspotAnalyzer/tests/temp/repos/rocksdb/db/column_family.cc:1328:13:rocksdb::Compaction* rocksdb::ColumnFamilyData::CompactRange(const rocksdb::MutableCFOptions&, const rocksdb::MutableDBOptions&, int, int, const rocksdb::CompactRangeOptions&, const rocksdb::InternalKey*, const rocksdb::InternalKey*, rocksdb::InternalKey**, bool*, uint64_t, const std::string&)	112	dynamic,bounded
/mnt/c/Users/grego/CLionProjects/BuildtimeHotspotAnalyzer/tests/temp/repos/rocksdb/db/column_family.cc:1347:15:rocksdb::SuperVersion* rocksdb::ColumnFamilyData::GetReferencedSuperVersion(rocksdb::DBImpl*)	64	static
/mnt/c/Users/grego/CLionProjects/BuildtimeHotspotAnalyzer/tests/temp/repos/rocksdb/db/column_family.cc:1360:15:rocksdb::SuperVersion* rocksdb::ColumnFamilyData::GetThreadLocalSuperVersion(rocksdb::DBImpl*)	48	static
/mnt/c/Users/grego/CLionProjects/BuildtimeHotspotAnalyzer/tests/temp/repos/rocksdb/db/column_family.cc:1390:6:bool rocksdb::ColumnFamilyData::ReturnThreadLocalSuperVersion(rocksdb::SuperVersion*)	32	static
/mnt/c/Users/grego/CLionProjects/BuildtimeHotspotAnalyzer/tests/temp/repos/rocksdb/db/column_family.cc:1463:6:void rocksdb::ColumnFamilyData::ResetThreadLocalSuperVersions()	144	static
/mnt/c/Users/grego/CLionProjects/BuildtimeHotspotAnalyzer/tests/temp/repos/rocksdb/db/column_family.cc:1674:14:rocksdb::FSDirectory* rocksdb::ColumnFamilyData::GetDataDir(size_t) const	8	static
/mnt/c/Users/grego/CLionProjects/BuildtimeHotspotAnalyzer/tests/temp/repos/rocksdb/db/column_family.cc:1683:6:void rocksdb::ColumnFamilyData::SetFlushSkipReschedule()	8	static
/mnt/c/Users/grego/CLionProjects/BuildtimeHotspotAnalyzer/tests/temp/repos/rocksdb/db/column_family.cc:1692:6:bool rocksdb::ColumnFamilyData::GetAndClearFlushSkipReschedule()	8	static
/mnt/c/Users/grego/CLionProjects/BuildtimeHotspotAnalyzer/tests/temp/repos/rocksdb/db/column_family.cc:1696:6:bool rocksdb::ColumnFamilyData::ShouldPostponeFlushToRetainUDT(uint64_t)	176	static
/mnt/c/Users/grego/CLionProjects/BuildtimeHotspotAnalyzer/tests/temp/repos/rocksdb/db/column_family.cc:1727:6:void rocksdb::ColumnFamilyData::RecoverEpochNumbers()	8	static
/mnt/c/Users/grego/CLionProjects/BuildtimeHotspotAnalyzer/tests/temp/repos/rocksdb/db/column_family.cc:1779:19:rocksdb::ColumnFamilyData* rocksdb::ColumnFamilySet::GetDefault() const	8	static
/mnt/c/Users/grego/CLionProjects/BuildtimeHotspotAnalyzer/tests/temp/repos/rocksdb/db/column_family.cc:1784:19:rocksdb::ColumnFamilyData* rocksdb::ColumnFamilySet::GetColumnFamily(uint32_t) const	8	static
/mnt/c/Users/grego/CLionProjects/BuildtimeHotspotAnalyzer/tests/temp/repos/rocksdb/db/column_family.cc:1793:19:rocksdb::ColumnFamilyData* rocksdb::ColumnFamilySet::GetColumnFamily(const std::string&) const	80	static
/mnt/c/Users/grego/CLionProjects/BuildtimeHotspotAnalyzer/tests/temp/repos/rocksdb/db/column_family.cc:1805:10:uint32_t rocksdb::ColumnFamilySet::GetNextColumnFamilyID()	8	static
/mnt/c/Users/grego/CLionProjects/BuildtimeHotspotAnalyzer/tests/temp/repos/rocksdb/db/column_family.cc:1809:10:uint32_t rocksdb::ColumnFamilySet::GetMaxColumnFamily()	8	static
/mnt/c/Users/grego/CLionProjects/BuildtimeHotspotAnalyzer/tests/temp/repos/rocksdb/db/column_family.cc:1811:6:void rocksdb::ColumnFamilySet::UpdateMaxColumnFamily(uint32_t)	8	static
/mnt/c/Users/grego/CLionProjects/BuildtimeHotspotAnalyzer/tests/temp/repos/rocksdb/db/column_family.cc:1815:8:size_t rocksdb::ColumnFamilySet::NumberOfColumnFamilies() const	8	static
/mnt/c/Users/grego/CLionProjects/BuildtimeHotspotAnalyzer/tests/temp/repos/rocksdb/db/column_family.cc:1851:6:void rocksdb::ColumnFamilySet::RemoveColumnFamily(rocksdb::ColumnFamilyData*)	128	static
/mnt/c/Users/grego/CLionProjects/BuildtimeHotspotAnalyzer/tests/temp/repos/rocksdb/db/column_family.cc:808:6:void rocksdb::ColumnFamilyData::SetDropped()	32	static
/mnt/c/Users/grego/CLionProjects/BuildtimeHotspotAnalyzer/tests/temp/repos/rocksdb/db/column_family.cc:1888:10:uint32_t rocksdb::GetColumnFamilyID(ColumnFamilyHandle*)	16	static
/mnt/c/Users/grego/CLionProjects/BuildtimeHotspotAnalyzer/tests/temp/repos/rocksdb/db/column_family.cc:1897:19:const rocksdb::Comparator* rocksdb::GetColumnFamilyUserComparator(ColumnFamilyHandle*)	16	static
/mnt/c/Users/grego/CLionProjects/BuildtimeHotspotAnalyzer/tests/temp/repos/rocksdb/db/column_family.cc:1905:25:const rocksdb::ImmutableOptions& rocksdb::GetImmutableOptions(ColumnFamilyHandle*)	16	static
/usr/include/c++/13/bits/basic_string.h:677:7:constexpr std::__cxx11::basic_string<_CharT, _Traits, _Alloc>::basic_string(std::__cxx11::basic_string<_CharT, _Traits, _Alloc>&&) [with _CharT = char; _Traits = std::char_traits<char>; _Alloc = std::allocator<char>]	8	static
/usr/include/c++/13/bits/shared_ptr_base.h:198:7:void std::_Sp_counted_base<_Lp>::_M_release_last_use_cold() [with __gnu_cxx::_Lock_policy _Lp = __gnu_cxx::_S_atomic]	32	static
/usr/include/c++/13/bits/shared_ptr_base.h:317:5:void std::_Sp_counted_base<_Lp>::_M_release() [with __gnu_cxx::_Lock_policy _Lp = __gnu_cxx::_S_atomic]	32	static
/mnt/c/Users/grego/CLionProjects/BuildtimeHotspotAnalyzer/tests/temp/repos/rocksdb/cache/cache_reservation_manager.h:263:3:rocksdb::ConcurrentCacheReservationManager::~ConcurrentCacheReservationManager()	32	static
/mnt/c/Users/grego/CLionProjects/BuildtimeHotspotAnalyzer/tests/temp/repos/rocksdb/options/cf_options.h:106:8:rocksdb::MutableCFOptions::~MutableCFOptions()	32	static
/mnt/c/Users/grego/CLionProjects/BuildtimeHotspotAnalyzer/tests/temp/repos/rocksdb/cache/cache_reservation_manager.h:239:5:rocksdb::ConcurrentCacheReservationManager::CacheReservationHandle::~CacheReservationHandle()	32	static
/mnt/c/Users/grego/CLionProjects/BuildtimeHotspotAnalyzer/tests/temp/repos/rocksdb/cache/cache_reservation_manager.h:263:3:virtual rocksdb::ConcurrentCacheReservationManager::~ConcurrentCacheReservationManager()	32	static
/usr/include/c++/13/bits/shared_ptr_base.h:427:7:void std::_Sp_counted_ptr<_Ptr, _Lp>::_M_dispose() [with _Ptr = rocksdb::ConcurrentCacheReservationManager*; __gnu_cxx::_Lock_policy _Lp = __gnu_cxx::_S_atomic]	32	static
/mnt/c/Users/grego/CLionProjects/BuildtimeHotspotAnalyzer/tests/temp/repos/rocksdb/cache/cache_reservation_manager.h:239:5:virtual rocksdb::ConcurrentCacheReservationManager::CacheReservationHandle::~CacheReservationHandle()	32	static
/mnt/c/Users/grego/CLionProjects/BuildtimeHotspotAnalyzer/tests/temp/repos/rocksdb/cache/cache_reservation_manager.h:287:17:virtual rocksdb::Status rocksdb::ConcurrentCacheReservationManager::MakeCacheReservation(std::size_t, std::unique_ptr<rocksdb::CacheReservationManager::CacheReservationHandle>*)	128	static
/mnt/c/Users/grego/CLionProjects/BuildtimeHotspotAnalyzer/tests/temp/repos/rocksdb/db/column_family.cc:499:1:rocksdb::SuperVersion::~SuperVersion()	48	static
/mnt/c/Users/grego/CLionProjects/BuildtimeHotspotAnalyzer/tests/temp/repos/rocksdb/db/job_context.h:103:3:rocksdb::SuperVersionContext::~SuperVersionContext()	48	static
/mnt/c/Users/grego/CLionProjects/BuildtimeHotspotAnalyzer/tests/temp/repos/rocksdb/include/rocksdb/advanced_options.h:214:8:rocksdb::AdvancedColumnFamilyOptions::~AdvancedColumnFamilyOptions()	64	static
/mnt/c/Users/grego/CLionProjects/BuildtimeHotspotAnalyzer/tests/temp/repos/rocksdb/options/cf_options.h:22:8:rocksdb::ImmutableCFOptions::~ImmutableCFOptions()	64	static
/mnt/c/Users/grego/CLionProjects/BuildtimeHotspotAnalyzer/tests/temp/repos/rocksdb/options/db_options.h:16:8:rocksdb::ImmutableDBOptions::~ImmutableDBOptions()	64	static
/mnt/c/Users/grego/CLionProjects/BuildtimeHotspotAnalyzer/tests/temp/repos/rocksdb/include/rocksdb/options.h:69:8:rocksdb::ColumnFamilyOptions::~ColumnFamilyOptions()	64	static
/mnt/c/Users/grego/CLionProjects/BuildtimeHotspotAnalyzer/tests/temp/repos/rocksdb/db/column_family.cc:99:6:void rocksdb::GetInternalTblPropCollFactory(const ImmutableCFOptions&, InternalTblPropCollFactories*)	112	static
/mnt/c/Users/grego/CLionProjects/BuildtimeHotspotAnalyzer/tests/temp/repos/rocksdb/db/table_properties_collector.h:90:7:rocksdb::UserKeyTablePropertiesCollectorFactory::~UserKeyTablePropertiesCollectorFactory()	32	static
/mnt/c/Users/grego/CLionProjects/BuildtimeHotspotAnalyzer/tests/temp/repos/rocksdb/db/table_properties_collector.h:90:7:virtual rocksdb::UserKeyTablePropertiesCollectorFactory::~UserKeyTablePropertiesCollectorFactory()	32	static
/usr/include/c++/13/bits/hashtable.h:1595:5:std::_Hashtable<_Key, _Value, _Alloc, _ExtractKey, _Equal, _Hash, _RangeHash, _Unused, _RehashPolicy, _Traits>::~_Hashtable() [with _Key = std::__cxx11::basic_string<char>; _Value = std::pair<const std::__cxx11::basic_string<char>, std::__cxx11::basic_string<char> >; _Alloc = std::allocator<std::pair<const std::__cxx11::basic_string<char>, std::__cxx11::basic_string<char> > >; _ExtractKey = std::__detail::_Select1st; _Equal = std::equal_to<std::__cxx11::basic_string<char> >; _Hash = std::hash<std::__cxx11::basic_string<char> >; _RangeHash = std::__detail::_Mod_range_hashing; _Unused = std::__detail::_Default_ranged_hash; _RehashPolicy = std::__detail::_Prime_rehash_policy; _Traits = std::__detail::_Hashtable_traits<true, false, true>]	48	static
/usr/include/c++/13/bits/shared_ptr_base.h:1074:7:std::__shared_count<_Lp>::__shared_count(const std::__shared_count<_Lp>&) [with __gnu_cxx::_Lock_policy _Lp = __gnu_cxx::_S_atomic]	8	static
/usr/include/c++/13/bits/stl_vector.h:733:7:constexpr std::vector<_Tp, _Alloc>::~vector() [with _Tp = rocksdb::FileTemperatureAge; _Alloc = std::allocator<rocksdb::FileTemperatureAge>]	8	static
/usr/include/c++/13/bits/stl_vector.h:733:7:constexpr std::vector<_Tp, _Alloc>::~vector() [with _Tp = std::__cxx11::basic_string<char>; _Alloc = std::allocator<std::__cxx11::basic_string<char> >]	48	static
/usr/include/c++/13/bits/stl_vector.h:733:7:constexpr std::vector<_Tp, _Alloc>::~vector() [with _Tp = long unsigned int; _Alloc = std::allocator<long unsigned int>]	8	static
/mnt/c/Users/grego/CLionProjects/BuildtimeHotspotAnalyzer/tests/temp/repos/rocksdb/options/cf_options.h:108:12:rocksdb::MutableCFOptions::MutableCFOptions(const rocksdb::ColumnFamilyOptions&)	48	static
/usr/include/c++/13/bits/stl_vector.h:733:7:constexpr std::vector<_Tp, _Alloc>::~vector() [with _Tp = std::unique_ptr<rocksdb::TruncatedRangeDelIterator>; _Alloc = std::allocator<std::unique_ptr<rocksdb::TruncatedRangeDelIterator> >]	80	static
/usr/include/c++/13/bits/stl_vector.h:733:7:constexpr std::vector<_Tp, _Alloc>::~vector() [with _Tp = rocksdb::ObsoleteFileInfo; _Alloc = std::allocator<rocksdb::ObsoleteFileInfo>]	64	static
/usr/include/c++/13/bits/stl_vector.h:733:7:constexpr std::vector<_Tp, _Alloc>::~vector() [with _Tp = rocksdb::SuperVersionContext; _Alloc = std::allocator<rocksdb::SuperVersionContext>]	80	static
/usr/include/c++/13/bits/unique_ptr.h:398:7:std::unique_ptr<_Tp, _Dp>::~unique_ptr() [with _Tp = rocksdb::BlobFileCache; _Dp = std::default_delete<rocksdb::BlobFileCache>]	48	static
/usr/include/c++/13/bits/unique_ptr.h:398:7:std::unique_ptr<_Tp, _Dp>::~unique_ptr() [with _Tp = rocksdb::InternalStats; _Dp = std::default_delete<rocksdb::InternalStats>]	48	static
/usr/include/c++/13/bits/stl_vector.h:733:7:constexpr std::vector<_Tp, _Alloc>::~vector() [with _Tp = std::shared_ptr<rocksdb::FSDirectory>; _Alloc = std::allocator<std::shared_ptr<rocksdb::FSDirectory> >]	64	static
/usr/include/c++/13/bits/hashtable.h:1595:5:std::_Hashtable<_Key, _Value, _Alloc, _ExtractKey, _Equal, _Hash, _RangeHash, _Unused, _RehashPolicy, _Traits>::~_Hashtable() [with _Key = std::__cxx11::basic_string<char>; _Value = std::pair<const std::__cxx11::basic_string<char>, unsigned int>; _Alloc = std::allocator<std::pair<const std::__cxx11::basic_string<char>, unsigned int> >; _ExtractKey = std::__detail::_Select1st; _Equal = std::equal_to<std::__cxx11::basic_string<char> >; _Hash = std::hash<std::__cxx11::basic_string<char> >; _RangeHash = std::__detail::_Mod_range_hashing; _Unused = std::__detail::_Default_ranged_hash; _RehashPolicy = std::__detail::_Prime_rehash_policy; _Traits = std::__detail::_Hashtable_traits<true, false, true>]	48	static
/usr/include/c++/13/bits/hashtable.h:1595:5:std::_Hashtable<_Key, _Value, _Alloc, _ExtractKey, _Equal, _Hash, _RangeHash, _Unused, _RehashPolicy, _Traits>::~_Hashtable() [with _Key = unsigned int; _Value = std::pair<const unsigned int, long unsigned int>; _Alloc = std::allocator<std::pair<const unsigned int, long unsigned int> >; _ExtractKey = std::__detail::_Select1st; _Equal = std::equal_to<unsigned int>; _Hash = std::hash<unsigned int>; _RangeHash = std::__detail::_Mod_range_hashing; _Unused = std::__detail::_Default_ranged_hash; _RehashPolicy = std::__detail::_Prime_rehash_policy; _Traits = std::__detail::_Hashtable_traits<false, false, true>]	32	static
/usr/include/c++/13/bits/basic_string.h:280:7:constexpr void std::__cxx11::basic_string<_CharT, _Traits, _Alloc>::_M_dispose() [with _CharT = char; _Traits = std::char_traits<char>; _Alloc = std::allocator<char>]	8	static
/usr/include/c++/13/bits/hashtable_policy.h:1987:7:) [with _Args = {const std::pair<const std::__cxx11::basic_string<char, std::char_traits<char>, std::allocator<char> >, std::__cxx11::basic_string<char, std::char_traits<char>, std::allocator<char> > >&}; _NodeAlloc = std::allocator<std::__detail::_Hash_node<std::pair<const std::__cxx11::basic_string<char>, std::__cxx11::basic_string<char> >, true> >]	48	static
/mnt/c/Users/grego/CLionProjects/BuildtimeHotspotAnalyzer/tests/temp/repos/rocksdb/db/column_family.cc:579:26:std::vector<std::__cxx11::basic_string<char> > rocksdb::ColumnFamilyData::GetDbPaths() const	112	static
/mnt/c/Users/grego/CLionProjects/BuildtimeHotspotAnalyzer/tests/temp/repos/rocksdb/db/column_family.cc:724:1:rocksdb::ColumnFamilyData::~ColumnFamilyData()	224	static
/mnt/c/Users/grego/CLionProjects/BuildtimeHotspotAnalyzer/tests/temp/repos/rocksdb/db/column_family.cc:779:6:bool rocksdb::ColumnFamilyData::UnrefAndTryDelete()	48	static
/mnt/c/Users/grego/CLionProjects/BuildtimeHotspotAnalyzer/tests/temp/repos/rocksdb/db/column_family.cc:517:6:void rocksdb::SuperVersion::Cleanup()	80	static
/mnt/c/Users/grego/CLionProjects/BuildtimeHotspotAnalyzer/tests/temp/repos/rocksdb/db/column_family.cc:1766:1:rocksdb::ColumnFamilySet::~ColumnFamilySet()	48	static
/mnt/c/Users/grego/CLionProjects/BuildtimeHotspotAnalyzer/tests/temp/repos/rocksdb/include/rocksdb/options.h:69:8:rocksdb::ColumnFamilyOptions::ColumnFamilyOptions(const rocksdb::ColumnFamilyOptions&)	96	static
/mnt/c/Users/grego/CLionProjects/BuildtimeHotspotAnalyzer/tests/temp/repos/rocksdb/db/column_family.cc:88:8:virtual rocksdb::Status rocksdb::ColumnFamilyHandleImpl::GetDescriptor(rocksdb::ColumnFamilyDescriptor*)	1904	static
/mnt/c/Users/grego/CLionProjects/BuildtimeHotspotAnalyzer/tests/temp/repos/rocksdb/db/column_family.cc:54:1:rocksdb::ColumnFamilyHandleImpl::~ColumnFamilyHandleImpl()	2208	static
/mnt/c/Users/grego/CLionProjects/BuildtimeHotspotAnalyzer/tests/temp/repos/rocksdb/db/column_family.cc:54:1:virtual rocksdb::ColumnFamilyHandleImpl::~ColumnFamilyHandleImpl()	32	static
/mnt/c/Users/grego/CLionProjects/BuildtimeHotspotAnalyzer/tests/temp/repos/rocksdb/db/column_family.h:192:7:rocksdb::ColumnFamilyHandleInternal::~ColumnFamilyHandleInternal()	8	static
/mnt/c/Users/grego/CLionProjects/BuildtimeHotspotAnalyzer/tests/temp/repos/rocksdb/db/column_family.h:898:7:rocksdb::ColumnFamilyMemTablesImpl::~ColumnFamilyMemTablesImpl()	8	static
/mnt/c/Users/grego/CLionProjects/BuildtimeHotspotAnalyzer/tests/temp/repos/rocksdb/db/column_family.h:898:7:virtual rocksdb::ColumnFamilyMemTablesImpl::~ColumnFamilyMemTablesImpl()	32	static
/mnt/c/Users/grego/CLionProjects/BuildtimeHotspotAnalyzer/tests/temp/repos/rocksdb/db/column_family.h:192:7:virtual rocksdb::ColumnFamilyHandleInternal::~ColumnFamilyHandleInternal()	32	static
/mnt/c/Users/grego/CLionProjects/BuildtimeHotspotAnalyzer/tests/temp/repos/rocksdb/db/column_family.cc:534:6:void rocksdb::SuperVersion::Init(rocksdb::ColumnFamilyData*, rocksdb::MemTable*, rocksdb::MemTableListVersion*, rocksdb::Version*, std::shared_ptr<const rocksdb::SeqnoToTimeMapping>)	96	static
/usr/include/c++/13/bits/hashtable.h:2520:5:void std::_Hashtable<_Key, _Value, _Alloc, _ExtractKey, _Equal, _Hash, _RangeHash, _Unused, _RehashPolicy, _Traits>::clear() [with _Key = std::__cxx11::basic_string<char>; _Value = std::pair<const std::__cxx11::basic_string<char>, std::__cxx11::basic_string<char> >; _Alloc = std::allocator<std::pair<const std::__cxx11::basic_string<char>, std::__cxx11::basic_string<char> > >; _ExtractKey = std::__detail::_Select1st; _Equal = std::equal_to<std::__cxx11::basic_string<char> >; _Hash = std::hash<std::__cxx11::basic_string<char> >; _RangeHash = std::__detail::_Mod_range_hashing; _Unused = std::__detail::_Default_ranged_hash; _RehashPolicy = std::__detail::_Prime_rehash_policy; _Traits = std::__detail::_Hashtable_traits<true, false, true>]	48	static
/usr/include/c++/13/bits/basic_string.tcc:325:5:constexpr void std::__cxx11::basic_string<_CharT, _Traits, _Alloc>::_M_mutate(size_type, size_type, const _CharT*, size_type) [with _CharT = char; _Traits = std::char_traits<char>; _Alloc = std::allocator<char>]	96	static
/mnt/c/Users/grego/CLionProjects/BuildtimeHotspotAnalyzer/tests/temp/repos/rocksdb/util/compression.h:751:20:std::string rocksdb::CompressionTypeToString(CompressionType)	96	static
/mnt/c/Users/grego/CLionProjects/BuildtimeHotspotAnalyzer/tests/temp/repos/rocksdb/db/column_family.cc:113:8:rocksdb::Status rocksdb::CheckCompressionSupportedWithManager(CompressionType, UnownedPtr<CompressionManager>)	304	static
/usr/include/c++/13/bits/stl_uninitialized.h:113:5:constexpr _ForwardIterator std::__do_uninit_copy(_InputIterator, _InputIterator, _ForwardIterator) [with _InputIterator = __gnu_cxx::__normal_iterator<const rocksdb::DbPath*, vector<rocksdb::DbPath> >; _ForwardIterator = rocksdb::DbPath*]	80	static
/usr/include/c++/13/bits/basic_string.tcc:277:5:constexpr void std::__cxx11::basic_string<_CharT, _Traits, _Alloc>::_M_assign(const std::__cxx11::basic_string<_CharT, _Traits, _Alloc>&) [with _CharT = char; _Traits = std::char_traits<char>; _Alloc = std::allocator<char>]	80	static
/mnt/c/Users/grego/CLionProjects/BuildtimeHotspotAnalyzer/tests/temp/repos/rocksdb/db/column_family.cc:139:8:rocksdb::Status rocksdb::CheckCompressionSupported(const ColumnFamilyOptions&)	576	static
/mnt/c/Users/grego/CLionProjects/BuildtimeHotspotAnalyzer/tests/temp/repos/rocksdb/db/column_family.cc:1481:8:static rocksdb::Status rocksdb::ColumnFamilyData::ValidateOptions(const rocksdb::DBOptions&, const rocksdb::ColumnFamilyOptions&)	208	static
/mnt/c/Users/grego/CLionProjects/BuildtimeHotspotAnalyzer/tests/temp/repos/rocksdb/db/column_family.cc:1622:8:rocksdb::Status rocksdb::ColumnFamilyData::SetOptions(const rocksdb::DBOptions&, const std::unordered_map<std::__cxx11::basic_string<char>, std::__cxx11::basic_string<char> >&)	1712	static
/mnt/c/Users/grego/CLionProjects/BuildtimeHotspotAnalyzer/tests/temp/repos/rocksdb/db/column_family.cc:228:21:rocksdb::ColumnFamilyOptions rocksdb::SanitizeCfOptions(const ImmutableDBOptions&, bool, const ColumnFamilyOptions&)	192	dynamic,bounded
/mnt/c/Users/grego/CLionProjects/BuildtimeHotspotAnalyzer/tests/temp/repos/rocksdb/db/column_family.cc:591:1:rocksdb::ColumnFamilyData::ColumnFamilyData(uint32_t, const std::string&, rocksdb::Version*, rocksdb::Cache*, rocksdb::WriteBufferManager*, const rocksdb::ColumnFamilyOptions&, const rocksdb::ImmutableDBOptions&, const rocksdb::FileOptions*, rocksdb::ColumnFamilySet*, rocksdb::BlockCacheTracer*, const std::shared_ptr<rocksdb::IOTracer>&, const std::string&, const std::string&, bool)	336	dynamic,bounded
/mnt/c/Users/grego/CLionProjects/BuildtimeHotspotAnalyzer/tests/temp/repos/rocksdb/db/column_family.cc:1734:1:rocksdb::ColumnFamilySet::ColumnFamilySet(const std::string&, const rocksdb::ImmutableDBOptions*, const rocksdb::FileOptions&, rocksdb::Cache*, rocksdb::WriteBufferManager*, rocksdb::WriteController*, rocksdb::BlockCacheTracer*, const std::shared_ptr<rocksdb::IOTracer>&, const std::string&, const std::string&)	1232	dynamic,bounded
/mnt/c/Users/grego/CLionProjects/BuildtimeHotspotAnalyzer/tests/temp/repos/rocksdb/db/column_family.cc:1408:6:void rocksdb::ColumnFamilyData::InstallSuperVersion(rocksdb::SuperVersionContext*, rocksdb::InstrumentedMutex*, std::optional<std::shared_ptr<rocksdb::SeqnoToTimeMapping> >)	192	static
/usr/include/c++/13/bits/stl_tree.h:2108:5:std::pair<std::_Rb_tree_node_base*, std::_Rb_tree_node_base*> std::_Rb_tree<_Key, _Val, _KeyOfValue, _Compare, _Alloc>::_M_get_insert_unique_pos(const key_type&) [with _Key = std::__cxx11::basic_string<char>; _Val = std::pair<const std::__cxx11::basic_string<char>, std::shared_ptr<rocksdb::FSDirectory> >; _KeyOfValue = std::_Select1st<std::pair<const std::__cxx11::basic_string<char>, std::shared_ptr<rocksdb::FSDirectory> > >; _Compare = std::less<std::__cxx11::basic_string<char> >; _Alloc = std::allocator<std::pair<const std::__cxx11::basic_string<char>, std::shared_ptr<rocksdb::FSDirectory> > >]	96	static
/usr/include/c++/13/bits/stl_tree.h:2210:5:std::pair<std::_Rb_tree_node_base*, std::_Rb_tree_node_base*> std::_Rb_tree<_Key, _Val, _KeyOfValue, _Compare, _Alloc>::_M_get_insert_hint_unique_pos(const_iterator, const key_type&) [with _Key = std::__cxx11::basic_string<char>; _Val = std::pair<const std::__cxx11::basic_string<char>, std::shared_ptr<rocksdb::FSDirectory> >; _KeyOfValue = std::_Select1st<std::pair<const std::__cxx11::basic_string<char>, std::shared_ptr<rocksdb::FSDirectory> > >; _Compare = std::less<std::__cxx11::basic_string<char> >; _Alloc = std::allocator<std::pair<const std::__cxx11::basic_string<char>, std::shared_ptr<rocksdb::FSDirectory> > >]	96	static
/mnt/c/Users/grego/CLionProjects/BuildtimeHotspotAnalyzer/tests/temp/repos/rocksdb/db/column_family.cc:1648:8:rocksdb::Status rocksdb::ColumnFamilyData::AddDirectories(std::map<std::__cxx11::basic_string<char>, std::shared_ptr<rocksdb::FSDirectory> >*)	224	static
/usr/include/c++/13/bits/hashtable.h:2559:5:void std::_Hashtable<_Key, _Value, _Alloc, _ExtractKey, _Equal, _Hash, _RangeHash, _Unused, _RehashPolicy, _Traits>::_M_rehash(size_type, const __rehash_state&) [with _Key = unsigned int; _Value = std::pair<const unsigned int, long unsigned int>; _Alloc = std::allocator<std::pair<const unsigned int, long unsigned int> >; _ExtractKey = std::__detail::_Select1st; _Equal = std::equal_to<unsigned int>; _Hash = std::hash<unsigned int>; _RangeHash = std::__detail::_Mod_range_hashing; _Unused = std::__detail::_Default_ranged_hash; _RehashPolicy = std::__detail::_Prime_rehash_policy; _Traits = std::__detail::_Hashtable_traits<false, false, true>]	48	static
/usr/include/c++/13/bits/hashtable.h:2081:7:) [with _Args = {std::pair<const unsigned int, long unsigned int>}; _Key = unsigned int; _Value = std::pair<const unsigned int, long unsigned int>; _Alloc = std::allocator<std::pair<const unsigned int, long unsigned int> >; _ExtractKey = std::__detail::_Select1st; _Equal = std::equal_to<unsigned int>; _Hash = std::hash<unsigned int>; _RangeHash = std::__detail::_Mod_range_hashing; _Unused = std::__detail::_Default_ranged_hash; _RehashPolicy = std::__detail::_Prime_rehash_policy; _Traits = std::__detail::_Hashtable_traits<false, false, true>]	64	static
/usr/include/c++/13/bits/hashtable.h:2559:5:void std::_Hashtable<_Key, _Value, _Alloc, _ExtractKey, _Equal, _Hash, _RangeHash, _Unused, _RehashPolicy, _Traits>::_M_rehash(size_type, const __rehash_state&) [with _Key = std::__cxx11::basic_string<char>; _Value = std::pair<const std::__cxx11::basic_string<char>, unsigned int>; _Alloc = std::allocator<std::pair<const std::__cxx11::basic_string<char>, unsigned int> >; _ExtractKey = std::__detail::_Select1st; _Equal = std::equal_to<std::__cxx11::basic_string<char> >; _Hash = std::hash<std::__cxx11::basic_string<char> >; _RangeHash = std::__detail::_Mod_range_hashing; _Unused = std::__detail::_Default_ranged_hash; _RehashPolicy = std::__detail::_Prime_rehash_policy; _Traits = std::__detail::_Hashtable_traits<true, false, true>]	48	static
/usr/include/c++/13/bits/hashtable.h:2559:5:void std::_Hashtable<_Key, _Value, _Alloc, _ExtractKey, _Equal, _Hash, _RangeHash, _Unused, _RehashPolicy, _Traits>::_M_rehash(size_type, const __rehash_state&) [with _Key = unsigned int; _Value = std::pair<const unsigned int, rocksdb::ColumnFamilyData*>; _Alloc = std::allocator<std::pair<const unsigned int, rocksdb::ColumnFamilyData*> >; _ExtractKey = std::__detail::_Select1st; _Equal = std::equal_to<unsigned int>; _Hash = std::hash<unsigned int>; _RangeHash = std::__detail::_Mod_range_hashing; _Unused = std::__detail::_Default_ranged_hash; _RehashPolicy = std::__detail::_Prime_rehash_policy; _Traits = std::__detail::_Hashtable_traits<false, false, true>]	48	static
/mnt/c/Users/grego/CLionProjects/BuildtimeHotspotAnalyzer/tests/temp/repos/rocksdb/db/column_family.cc:1820:19:rocksdb::ColumnFamilyData* rocksdb::ColumnFamilySet::CreateColumnFamily(const std::string&, uint32_t, rocksdb::Version*, const rocksdb::ColumnFamilyOptions&, bool)	288	dynamic,bounded
/mnt/c/Users/grego/CLionProjects/BuildtimeHotspotAnalyzer/tests/temp/repos/rocksdb/db/column_family.cc:1918:1:cc)	48	static
/mnt/c/Users/grego/CLionProjects/BuildtimeHotspotAnalyzer/tests/temp/repos/rocksdb/db/column_family.cc:822:10:uint64_t rocksdb::ColumnFamilyData::OldestLogToKeep()	48	static
/mnt/c/Users/grego/CLionProjects/BuildtimeHotspotAnalyzer/tests/temp/repos/rocksdb/db/column_family.cc:1265:8:rocksdb::Status rocksdb::ColumnFamilyData::RangesOverlapWithMemtables(const rocksdb::autovector<rocksdb::UserKeyRange>&, rocksdb::SuperVersion*, bool, bool*)	3664	static
