/home/gregorian-rayne/CLionProjects/build-hotspot-analyzer/tests/cli/repos/rocksdb/include/rocksdb/customizable.h:202:31:virtual const rocksdb::Customizable* rocksdb::Customizable::Inner() const	8	static
/home/gregorian-rayne/CLionProjects/build-hotspot-analyzer/tests/cli/repos/rocksdb/include/rocksdb/customizable.h:222:23:virtual const char* rocksdb::Customizable::NickName() const	8	static
/home/gregorian-rayne/CLionProjects/build-hotspot-analyzer/tests/cli/repos/rocksdb/cache/compressed_secondary_cache.h:33:8:virtual bool rocksdb::CompressedSecondaryCacheResultHandle::IsReady()	8	static
/home/gregorian-rayne/CLionProjects/build-hotspot-analyzer/tests/cli/repos/rocksdb/cache/compressed_secondary_cache.h:35:8:virtual void rocksdb::CompressedSecondaryCacheResultHandle::Wait()	8	static
/home/gregorian-rayne/CLionProjects/build-hotspot-analyzer/tests/cli/repos/rocksdb/cache/compressed_secondary_cache.h:37:20:virtual void* rocksdb::CompressedSecondaryCacheResultHandle::Value()	8	static
/home/gregorian-rayne/CLionProjects/build-hotspot-analyzer/tests/cli/repos/rocksdb/cache/compressed_secondary_cache.h:39:10:virtual size_t rocksdb::CompressedSecondaryCacheResultHandle::Size()	8	static
/home/gregorian-rayne/CLionProjects/build-hotspot-analyzer/tests/cli/repos/rocksdb/cache/compressed_secondary_cache.h:76:15:virtual const char* rocksdb::CompressedSecondaryCache::Name() const	8	static
/home/gregorian-rayne/CLionProjects/build-hotspot-analyzer/tests/cli/repos/rocksdb/cache/compressed_secondary_cache.h:90:8:virtual bool rocksdb::CompressedSecondaryCache::SupportForceErase() const	8	static
/home/gregorian-rayne/CLionProjects/build-hotspot-analyzer/tests/cli/repos/rocksdb/cache/compressed_secondary_cache.h:94:8:virtual void rocksdb::CompressedSecondaryCache::WaitAll(std::vector<rocksdb::SecondaryCacheResultHandle*>)	8	static
/home/gregorian-rayne/CLionProjects/build-hotspot-analyzer/tests/cli/repos/rocksdb/cache/compressed_secondary_cache.cc:476:8:virtual rocksdb::Status rocksdb::CompressedSecondaryCache::Deflate(size_t)	48	static
/home/gregorian-rayne/CLionProjects/build-hotspot-analyzer/tests/cli/repos/rocksdb/cache/compressed_secondary_cache.cc:480:8:virtual rocksdb::Status rocksdb::CompressedSecondaryCache::Inflate(size_t)	48	static
/home/gregorian-rayne/CLionProjects/build-hotspot-analyzer/tests/cli/repos/rocksdb/cache/compressed_secondary_cache.h:26:3:constexpr rocksdb::CompressedSecondaryCacheResultHandle::~CompressedSecondaryCacheResultHandle()	8	static
/usr/include/c++/13/bits/shared_ptr_base.h:608:7:std::_Sp_counted_ptr_inplace<_Tp, _Alloc, _Lp>::~_Sp_counted_ptr_inplace() [with _Tp = rocksdb::CompressedSecondaryCache; _Alloc = std::allocator<void>; __gnu_cxx::_Lock_policy _Lp = __gnu_cxx::_S_atomic]	8	static
/usr/include/c++/13/bits/shared_ptr_base.h:608:7:std::_Sp_counted_ptr_inplace<_Tp, _Alloc, _Lp>::~_Sp_counted_ptr_inplace() [with _Tp = rocksdb::ConcurrentCacheReservationManager; _Alloc = std::allocator<void>; __gnu_cxx::_Lock_policy _Lp = __gnu_cxx::_S_atomic]	8	static
/usr/include/c++/13/bits/shared_ptr_base.h:608:7:std::_Sp_counted_ptr_inplace<_Tp, _Alloc, _Lp>::~_Sp_counted_ptr_inplace() [with _Tp = rocksdb::CacheReservationManagerImpl<rocksdb::CacheEntryRole::kMisc>; _Alloc = std::allocator<void>; __gnu_cxx::_Lock_policy _Lp = __gnu_cxx::_S_atomic]	8	static
/usr/include/c++/13/bits/shared_ptr_base.h:611:7:void std::_Sp_counted_ptr_inplace<_Tp, _Alloc, _Lp>::_M_dispose() [with _Tp = rocksdb::CompressedSecondaryCache; _Alloc = std::allocator<void>; __gnu_cxx::_Lock_policy _Lp = __gnu_cxx::_S_atomic]	8	static
/usr/include/c++/13/bits/shared_ptr_base.h:611:7:void std::_Sp_counted_ptr_inplace<_Tp, _Alloc, _Lp>::_M_dispose() [with _Tp = rocksdb::CacheReservationManagerImpl<rocksdb::CacheEntryRole::kMisc>; _Alloc = std::allocator<void>; __gnu_cxx::_Lock_policy _Lp = __gnu_cxx::_S_atomic]	8	static
/home/gregorian-rayne/CLionProjects/build-hotspot-analyzer/tests/cli/repos/rocksdb/cache/compressed_secondary_cache.h:26:3:virtual constexpr rocksdb::CompressedSecondaryCacheResultHandle::~CompressedSecondaryCacheResultHandle()	8	static
/usr/include/c++/13/bits/shared_ptr_base.h:608:7:std::_Sp_counted_ptr_inplace<_Tp, _Alloc, _Lp>::~_Sp_counted_ptr_inplace() [with _Tp = rocksdb::CompressedSecondaryCache; _Alloc = std::allocator<void>; __gnu_cxx::_Lock_policy _Lp = __gnu_cxx::_S_atomic]	8	static
/usr/include/c++/13/bits/shared_ptr_base.h:608:7:std::_Sp_counted_ptr_inplace<_Tp, _Alloc, _Lp>::~_Sp_counted_ptr_inplace() [with _Tp = rocksdb::ConcurrentCacheReservationManager; _Alloc = std::allocator<void>; __gnu_cxx::_Lock_policy _Lp = __gnu_cxx::_S_atomic]	8	static
/usr/include/c++/13/bits/shared_ptr_base.h:608:7:std::_Sp_counted_ptr_inplace<_Tp, _Alloc, _Lp>::~_Sp_counted_ptr_inplace() [with _Tp = rocksdb::CacheReservationManagerImpl<rocksdb::CacheEntryRole::kMisc>; _Alloc = std::allocator<void>; __gnu_cxx::_Lock_policy _Lp = __gnu_cxx::_S_atomic]	8	static
/home/gregorian-rayne/CLionProjects/build-hotspot-analyzer/tests/cli/repos/rocksdb/cache/compressed_secondary_cache.cc:440:9:static constexpr void rocksdb::CompressedSecondaryCache::GetHelper(bool) const::<lambda(rocksdb::Cache::ObjectPtr, rocksdb::MemoryAllocator*)>::_FUN(rocksdb::Cache::ObjectPtr, rocksdb::MemoryAllocator*)	32	static
/usr/include/c++/13/bits/shared_ptr_base.h:631:7:void* std::_Sp_counted_ptr_inplace<_Tp, _Alloc, _Lp>::_M_get_deleter(const std::type_info&) [with _Tp = rocksdb::CacheReservationManagerImpl<rocksdb::CacheEntryRole::kMisc>; _Alloc = std::allocator<void>; __gnu_cxx::_Lock_policy _Lp = __gnu_cxx::_S_atomic]	32	static
/usr/include/c++/13/bits/shared_ptr_base.h:631:7:void* std::_Sp_counted_ptr_inplace<_Tp, _Alloc, _Lp>::_M_get_deleter(const std::type_info&) [with _Tp = rocksdb::ConcurrentCacheReservationManager; _Alloc = std::allocator<void>; __gnu_cxx::_Lock_policy _Lp = __gnu_cxx::_S_atomic]	32	static
/usr/include/c++/13/bits/shared_ptr_base.h:631:7:void* std::_Sp_counted_ptr_inplace<_Tp, _Alloc, _Lp>::_M_get_deleter(const std::type_info&) [with _Tp = rocksdb::CompressedSecondaryCache; _Alloc = std::allocator<void>; __gnu_cxx::_Lock_policy _Lp = __gnu_cxx::_S_atomic]	32	static
/home/gregorian-rayne/CLionProjects/build-hotspot-analyzer/tests/cli/repos/rocksdb/cache/compressed_secondary_cache.cc:339:8:virtual rocksdb::Status rocksdb::CompressedSecondaryCache::GetCapacity(size_t&)	48	static
/usr/include/c++/13/bits/shared_ptr_base.h:618:7:void std::_Sp_counted_ptr_inplace<_Tp, _Alloc, _Lp>::_M_destroy() [with _Tp = rocksdb::ConcurrentCacheReservationManager; _Alloc = std::allocator<void>; __gnu_cxx::_Lock_policy _Lp = __gnu_cxx::_S_atomic]	8	static
/usr/include/c++/13/bits/shared_ptr_base.h:618:7:void std::_Sp_counted_ptr_inplace<_Tp, _Alloc, _Lp>::_M_destroy() [with _Tp = rocksdb::CompressedSecondaryCache; _Alloc = std::allocator<void>; __gnu_cxx::_Lock_policy _Lp = __gnu_cxx::_S_atomic]	8	static
/usr/include/c++/13/bits/shared_ptr_base.h:618:7:void std::_Sp_counted_ptr_inplace<_Tp, _Alloc, _Lp>::_M_destroy() [with _Tp = rocksdb::CacheReservationManagerImpl<rocksdb::CacheEntryRole::kMisc>; _Alloc = std::allocator<void>; __gnu_cxx::_Lock_policy _Lp = __gnu_cxx::_S_atomic]	8	static
/home/gregorian-rayne/CLionProjects/build-hotspot-analyzer/tests/cli/repos/rocksdb/include/rocksdb/customizable.h:89:16:virtual bool rocksdb::Customizable::IsInstanceOf(const std::string&) const	48	static
/home/gregorian-rayne/CLionProjects/build-hotspot-analyzer/tests/cli/repos/rocksdb/cache/compressed_secondary_cache.cc:329:6:virtual void rocksdb::CompressedSecondaryCache::Erase(const rocksdb::Slice&)	8	static
/home/gregorian-rayne/CLionProjects/build-hotspot-analyzer/tests/cli/repos/rocksdb/cache/compressed_secondary_cache.cc:331:8:virtual rocksdb::Status rocksdb::CompressedSecondaryCache::SetCapacity(size_t)	48	static
/home/gregorian-rayne/CLionProjects/build-hotspot-analyzer/tests/cli/repos/rocksdb/cache/compressed_secondary_cache.cc:452:9:static constexpr void rocksdb::CompressedSecondaryCache::GetHelper(bool) const::<lambda(rocksdb::Cache::ObjectPtr, rocksdb::MemoryAllocator*)>::_FUN(rocksdb::Cache::ObjectPtr, rocksdb::MemoryAllocator*)	8	static
/home/gregorian-rayne/CLionProjects/build-hotspot-analyzer/tests/cli/repos/rocksdb/cache/cache_reservation_manager.h:306:22:virtual std::size_t rocksdb::ConcurrentCacheReservationManager::GetTotalReservedCacheSize()	8	static
/home/gregorian-rayne/CLionProjects/build-hotspot-analyzer/tests/cli/repos/rocksdb/include/rocksdb/advanced_cache.h:603:8:virtual void rocksdb::CacheWrapper::Erase(const rocksdb::Slice&)	8	static
/home/gregorian-rayne/CLionProjects/build-hotspot-analyzer/tests/cli/repos/rocksdb/include/rocksdb/advanced_cache.h:606:8:virtual void rocksdb::CacheWrapper::SetCapacity(size_t)	8	static
/home/gregorian-rayne/CLionProjects/build-hotspot-analyzer/tests/cli/repos/rocksdb/include/rocksdb/advanced_cache.h:601:13:virtual void* rocksdb::CacheWrapper::Value(rocksdb::Cache::Handle*)	8	static
/home/gregorian-rayne/CLionProjects/build-hotspot-analyzer/tests/cli/repos/rocksdb/include/rocksdb/advanced_cache.h:634:10:virtual size_t rocksdb::CacheWrapper::GetCharge(rocksdb::Cache::Handle*) const	8	static
/home/gregorian-rayne/CLionProjects/build-hotspot-analyzer/tests/cli/repos/rocksdb/include/rocksdb/advanced_compression.h:608:31:virtual std::unique_ptr<rocksdb::Compressor> rocksdb::CompressionManagerWrapper::GetCompressor(const rocksdb::CompressionOptions&, rocksdb::CompressionType)	48	static
/home/gregorian-rayne/CLionProjects/build-hotspot-analyzer/tests/cli/repos/rocksdb/include/rocksdb/advanced_compression.h:515:10:virtual rocksdb::Status rocksdb::CompressorWrapper::CompressBlock(rocksdb::Slice, char*, size_t*, rocksdb::CompressionType*, rocksdb::Compressor::ManagedWorkingArea*)	64	dynamic,bounded
/home/gregorian-rayne/CLionProjects/build-hotspot-analyzer/tests/cli/repos/rocksdb/include/rocksdb/advanced_cache.h:428:23:virtual std::string rocksdb::Cache::GetPrintableOptions() const	8	static
/home/gregorian-rayne/CLionProjects/build-hotspot-analyzer/tests/cli/repos/rocksdb/include/rocksdb/customizable.h:66:23:virtual std::string rocksdb::Customizable::GetId() const	48	static
/home/gregorian-rayne/CLionProjects/build-hotspot-analyzer/tests/cli/repos/rocksdb/include/rocksdb/customizable.h:104:15:virtual const void* rocksdb::Customizable::GetOptionsPtr(const std::string&) const	48	static
/home/gregorian-rayne/CLionProjects/build-hotspot-analyzer/tests/cli/repos/rocksdb/cache/cache_reservation_manager.h:309:22:virtual std::size_t rocksdb::ConcurrentCacheReservationManager::GetTotalMemoryUsed()	112	static
/home/gregorian-rayne/CLionProjects/build-hotspot-analyzer/tests/cli/repos/rocksdb/include/rocksdb/advanced_cache.h:587:11:virtual rocksdb::Cache::Handle* rocksdb::CacheWrapper::Lookup(const rocksdb::Slice&, const rocksdb::Cache::CacheItemHelper*, rocksdb::Cache::CreateContext*, rocksdb::Cache::Priority, rocksdb::Statistics*)	8	static
/home/gregorian-rayne/CLionProjects/build-hotspot-analyzer/tests/cli/repos/rocksdb/cache/cache_reservation_manager.h:265:17:virtual rocksdb::Status rocksdb::ConcurrentCacheReservationManager::UpdateCacheReservation(std::size_t)	144	static
/home/gregorian-rayne/CLionProjects/build-hotspot-analyzer/tests/cli/repos/rocksdb/include/rocksdb/advanced_cache.h:597:8:virtual bool rocksdb::CacheWrapper::Release(rocksdb::Cache::Handle*, bool)	8	static
/home/gregorian-rayne/CLionProjects/build-hotspot-analyzer/tests/cli/repos/rocksdb/include/rocksdb/advanced_cache.h:571:10:virtual rocksdb::Status rocksdb::CacheWrapper::Insert(const rocksdb::Slice&, rocksdb::Cache::ObjectPtr, const rocksdb::Cache::CacheItemHelper*, size_t, rocksdb::Cache::Handle**, rocksdb::Cache::Priority, const rocksdb::Slice&, rocksdb::CompressionType)	96	dynamic,bounded
/home/gregorian-rayne/CLionProjects/build-hotspot-analyzer/tests/cli/repos/rocksdb/cache/cache_reservation_manager.h:270:17:virtual rocksdb::Status rocksdb::ConcurrentCacheReservationManager::UpdateCacheReservation(std::size_t, bool)	176	static
/usr/include/c++/13/bits/basic_string.h:1469:7:constexpr std::__cxx11::basic_string<_CharT, _Traits, _Alloc>& std::__cxx11::basic_string<_CharT, _Traits, _Alloc>::append(const _CharT*) [with _CharT = char; _Traits = std::char_traits<char>; _Alloc = std::allocator<char>]	80	static
/home/gregorian-rayne/CLionProjects/build-hotspot-analyzer/tests/cli/repos/rocksdb/cache/compressed_secondary_cache.cc:372:1:rocksdb::CompressedSecondaryCache::CacheValueChunk* rocksdb::CompressedSecondaryCache::SplitValueIntoChunks(const rocksdb::Slice&, size_t&)	128	static
/home/gregorian-rayne/CLionProjects/build-hotspot-analyzer/tests/cli/repos/rocksdb/cache/compressed_secondary_cache.cc:435:31:const rocksdb::Cache::CacheItemHelper* rocksdb::CompressedSecondaryCache::GetHelper(bool) const	32	static
/home/gregorian-rayne/CLionProjects/build-hotspot-analyzer/tests/cli/repos/rocksdb/cache/compressed_secondary_cache.cc:161:6:bool rocksdb::CompressedSecondaryCache::MaybeInsertDummy(const rocksdb::Slice&)	128	dynamic,bounded
/home/gregorian-rayne/CLionProjects/build-hotspot-analyzer/tests/cli/repos/rocksdb/cache/compressed_secondary_cache.cc:177:8:rocksdb::Status rocksdb::CompressedSecondaryCache::InsertInternal(const rocksdb::Slice&, rocksdb::Cache::ObjectPtr, const rocksdb::Cache::CacheItemHelper*, rocksdb::CompressionType, rocksdb::CacheTier)	272	dynamic,bounded
/home/gregorian-rayne/CLionProjects/build-hotspot-analyzer/tests/cli/repos/rocksdb/cache/compressed_secondary_cache.cc:286:8:virtual rocksdb::Status rocksdb::CompressedSecondaryCache::Insert(const rocksdb::Slice&, rocksdb::Cache::ObjectPtr, const rocksdb::Cache::CacheItemHelper*, bool)	96	dynamic,bounded
/home/gregorian-rayne/CLionProjects/build-hotspot-analyzer/tests/cli/repos/rocksdb/cache/compressed_secondary_cache.cc:302:8:virtual rocksdb::Status rocksdb::CompressedSecondaryCache::InsertSaved(const rocksdb::Slice&, const rocksdb::Slice&, rocksdb::CompressionType, rocksdb::CacheTier)	96	dynamic,bounded
/home/gregorian-rayne/CLionProjects/build-hotspot-analyzer/tests/cli/repos/rocksdb/cache/compressed_secondary_cache.cc:461:8:size_t rocksdb::CompressedSecondaryCache::TEST_GetCharge(const rocksdb::Slice&)	48	static
/usr/include/c++/13/bits/shared_ptr_base.h:198:7:void std::_Sp_counted_base<_Lp>::_M_release_last_use_cold() [with __gnu_cxx::_Lock_policy _Lp = __gnu_cxx::_S_atomic]	32	static
/usr/include/c++/13/bits/shared_ptr_base.h:317:5:void std::_Sp_counted_base<_Lp>::_M_release() [with __gnu_cxx::_Lock_policy _Lp = __gnu_cxx::_S_atomic]	32	static
/home/gregorian-rayne/CLionProjects/build-hotspot-analyzer/tests/cli/repos/rocksdb/cache/cache_reservation_manager.h:263:3:rocksdb::ConcurrentCacheReservationManager::~ConcurrentCacheReservationManager()	32	static
/home/gregorian-rayne/CLionProjects/build-hotspot-analyzer/tests/cli/repos/rocksdb/cache/cache_reservation_manager.h:263:3:virtual rocksdb::ConcurrentCacheReservationManager::~ConcurrentCacheReservationManager()	32	static
/home/gregorian-rayne/CLionProjects/build-hotspot-analyzer/tests/cli/repos/rocksdb/cache/cache_reservation_manager.h:239:5:rocksdb::ConcurrentCacheReservationManager::CacheReservationHandle::~CacheReservationHandle()	32	static
/home/gregorian-rayne/CLionProjects/build-hotspot-analyzer/tests/cli/repos/rocksdb/cache/cache_reservation_manager.h:239:5:virtual rocksdb::ConcurrentCacheReservationManager::CacheReservationHandle::~CacheReservationHandle()	32	static
/home/gregorian-rayne/CLionProjects/build-hotspot-analyzer/tests/cli/repos/rocksdb/include/rocksdb/cache.h:302:8:rocksdb::CompressedSecondaryCacheOptions::~CompressedSecondaryCacheOptions()	32	static
/home/gregorian-rayne/CLionProjects/build-hotspot-analyzer/tests/cli/repos/rocksdb/include/rocksdb/cache.h:204:11:rocksdb::ShardedCacheOptions::~ShardedCacheOptions()	32	static
/home/gregorian-rayne/CLionProjects/build-hotspot-analyzer/tests/cli/repos/rocksdb/include/rocksdb/cache.h:222:8:rocksdb::LRUCacheOptions::~LRUCacheOptions()	32	static
/home/gregorian-rayne/CLionProjects/build-hotspot-analyzer/tests/cli/repos/rocksdb/include/rocksdb/cache.h:204:11:virtual rocksdb::ShardedCacheOptions::~ShardedCacheOptions()	32	static
/home/gregorian-rayne/CLionProjects/build-hotspot-analyzer/tests/cli/repos/rocksdb/include/rocksdb/cache.h:222:8:virtual rocksdb::LRUCacheOptions::~LRUCacheOptions()	32	static
/home/gregorian-rayne/CLionProjects/build-hotspot-analyzer/tests/cli/repos/rocksdb/include/rocksdb/cache.h:302:8:virtual rocksdb::CompressedSecondaryCacheOptions::~CompressedSecondaryCacheOptions()	32	static
/usr/include/c++/13/bits/shared_ptr_base.h:611:7:void std::_Sp_counted_ptr_inplace<_Tp, _Alloc, _Lp>::_M_dispose() [with _Tp = rocksdb::ConcurrentCacheReservationManager; _Alloc = std::allocator<void>; __gnu_cxx::_Lock_policy _Lp = __gnu_cxx::_S_atomic]	32	static
/home/gregorian-rayne/CLionProjects/build-hotspot-analyzer/tests/cli/repos/rocksdb/cache/compressed_secondary_cache.cc:61:1:rocksdb::CompressedSecondaryCache::~CompressedSecondaryCache()	48	static
/home/gregorian-rayne/CLionProjects/build-hotspot-analyzer/tests/cli/repos/rocksdb/cache/compressed_secondary_cache.cc:61:1:virtual rocksdb::CompressedSecondaryCache::~CompressedSecondaryCache()	32	static
/home/gregorian-rayne/CLionProjects/build-hotspot-analyzer/tests/cli/repos/rocksdb/cache/cache_reservation_manager.h:287:17:virtual rocksdb::Status rocksdb::ConcurrentCacheReservationManager::MakeCacheReservation(std::size_t, std::unique_ptr<rocksdb::CacheReservationManager::CacheReservationHandle>*)	160	static
/home/gregorian-rayne/CLionProjects/build-hotspot-analyzer/tests/cli/repos/rocksdb/cache/compressed_secondary_cache.cc:45:1:rocksdb::CompressedSecondaryCache::CompressedSecondaryCache(const rocksdb::CompressedSecondaryCacheOptions&)	128	static
/home/gregorian-rayne/CLionProjects/build-hotspot-analyzer/tests/cli/repos/rocksdb/cache/compressed_secondary_cache.cc:472:1:std::shared_ptr<rocksdb::SecondaryCache> rocksdb::CompressedSecondaryCacheOptions::MakeSharedSecondaryCache() const	64	static
/usr/include/c++/13/bits/basic_string.h:280:7:constexpr void std::__cxx11::basic_string<_CharT, _Traits, _Alloc>::_M_dispose() [with _CharT = char; _Traits = std::char_traits<char>; _Alloc = std::allocator<char>]	8	static
/home/gregorian-rayne/CLionProjects/build-hotspot-analyzer/tests/cli/repos/rocksdb/cache/compressed_secondary_cache.cc:415:13:std::string rocksdb::CompressedSecondaryCache::MergeChunksIntoValue(const CacheValueChunk*)	96	static
/home/gregorian-rayne/CLionProjects/build-hotspot-analyzer/tests/cli/repos/rocksdb/util/compression.h:829:20:std::string rocksdb::CompressionOptionsToString(const CompressionOptions&)	384	static
/home/gregorian-rayne/CLionProjects/build-hotspot-analyzer/tests/cli/repos/rocksdb/util/compression.h:751:20:std::string rocksdb::CompressionTypeToString(CompressionType)	96	static
/home/gregorian-rayne/CLionProjects/build-hotspot-analyzer/tests/cli/repos/rocksdb/cache/compressed_secondary_cache.cc:345:13:virtual std::string rocksdb::CompressedSecondaryCache::GetPrintableOptions() const	352	static
/home/gregorian-rayne/CLionProjects/build-hotspot-analyzer/tests/cli/repos/rocksdb/cache/compressed_secondary_cache.cc:63:45:virtual std::unique_ptr<rocksdb::SecondaryCacheResultHandle> rocksdb::CompressedSecondaryCache::Lookup(const rocksdb::Slice&, const rocksdb::Cache::CacheItemHelper*, rocksdb::Cache::CreateContext*, bool, bool, rocksdb::Statistics*, bool&)	368	dynamic,bounded
