/mnt/c/Users/grego/CLionProjects/BuildtimeHotspotAnalyzer/tests/temp/repos/rocksdb/include/rocksdb/customizable.h:202:31:virtual const rocksdb::Customizable* rocksdb::Customizable::Inner() const	8	static
/mnt/c/Users/grego/CLionProjects/BuildtimeHotspotAnalyzer/tests/temp/repos/rocksdb/include/rocksdb/customizable.h:222:23:virtual const char* rocksdb::Customizable::NickName() const	8	static
/mnt/c/Users/grego/CLionProjects/BuildtimeHotspotAnalyzer/tests/temp/repos/rocksdb/include/rocksdb/table_properties.h:125:16:virtual void rocksdb::TablePropertiesCollector::BlockAdd(uint64_t, uint64_t, uint64_t)	8	static
/mnt/c/Users/grego/CLionProjects/BuildtimeHotspotAnalyzer/tests/temp/repos/rocksdb/include/rocksdb/table_properties.h:155:32:virtual rocksdb::InternalTblPropColl* rocksdb::TablePropertiesCollector::AsInternal()	8	static
/mnt/c/Users/grego/CLionProjects/BuildtimeHotspotAnalyzer/tests/temp/repos/rocksdb/include/rocksdb/utilities/table_properties_collectors.h:74:15:virtual const char* rocksdb::CompactOnDeletionCollectorFactory::Name() const	8	static
/mnt/c/Users/grego/CLionProjects/BuildtimeHotspotAnalyzer/tests/temp/repos/rocksdb/utilities/table_properties_collectors/compact_on_deletion_collector.h:33:27:virtual rocksdb::UserCollectedProperties rocksdb::CompactOnDeletionCollector::GetReadableProperties() const	8	static
/mnt/c/Users/grego/CLionProjects/BuildtimeHotspotAnalyzer/tests/temp/repos/rocksdb/utilities/table_properties_collectors/compact_on_deletion_collector.h:38:15:virtual const char* rocksdb::CompactOnDeletionCollector::Name() const	8	static
/mnt/c/Users/grego/CLionProjects/BuildtimeHotspotAnalyzer/tests/temp/repos/rocksdb/utilities/table_properties_collectors/compact_on_deletion_collector.h:41:8:virtual bool rocksdb::CompactOnDeletionCollector::NeedCompact() const	8	static
/mnt/c/Users/grego/CLionProjects/BuildtimeHotspotAnalyzer/tests/temp/repos/rocksdb/utilities/table_properties_collectors/compact_on_deletion_collector.cc:41:8:virtual rocksdb::Status rocksdb::CompactOnDeletionCollector::AddUserKey(const rocksdb::Slice&, const rocksdb::Slice&, rocksdb::EntryType, rocksdb::SequenceNumber, uint64_t)	8	static
/mnt/c/Users/grego/CLionProjects/BuildtimeHotspotAnalyzer/tests/temp/repos/rocksdb/utilities/table_properties_collectors/compact_on_deletion_collector.cc:104:8:virtual rocksdb::Status rocksdb::CompactOnDeletionCollector::Finish(rocksdb::UserCollectedProperties*)	8	static
/usr/include/c++/13/bits/shared_ptr_base.h:419:11:std::_Sp_counted_ptr<rocksdb::TablePropertiesCollectorFactory*, __gnu_cxx::_S_atomic>::~_Sp_counted_ptr()	8	static
/usr/include/c++/13/bits/shared_ptr_base.h:419:11:std::_Sp_counted_ptr<rocksdb::CompactOnDeletionCollectorFactory*, __gnu_cxx::_S_atomic>::~_Sp_counted_ptr()	8	static
/mnt/c/Users/grego/CLionProjects/BuildtimeHotspotAnalyzer/tests/temp/repos/rocksdb/include/rocksdb/utilities/object_registry.h:170:9:rocksdb::ObjectLibrary::FactoryEntry<rocksdb::TablePropertiesCollectorFactory>::~FactoryEntry()	32	static
/mnt/c/Users/grego/CLionProjects/BuildtimeHotspotAnalyzer/tests/temp/repos/rocksdb/utilities/table_properties_collectors/compact_on_deletion_collector.h:11:7:rocksdb::CompactOnDeletionCollector::~CompactOnDeletionCollector()	8	static
/usr/include/c++/13/bits/shared_ptr_base.h:427:7:void std::_Sp_counted_ptr<_Ptr, _Lp>::_M_dispose() [with _Ptr = rocksdb::TablePropertiesCollectorFactory*; __gnu_cxx::_Lock_policy _Lp = __gnu_cxx::_S_atomic]	8	static
/usr/include/c++/13/bits/shared_ptr_base.h:435:7:void* std::_Sp_counted_ptr<_Ptr, _Lp>::_M_get_deleter(const std::type_info&) [with _Ptr = rocksdb::TablePropertiesCollectorFactory*; __gnu_cxx::_Lock_policy _Lp = __gnu_cxx::_S_atomic]	8	static
/usr/include/c++/13/bits/shared_ptr_base.h:435:7:void* std::_Sp_counted_ptr<_Ptr, _Lp>::_M_get_deleter(const std::type_info&) [with _Ptr = rocksdb::CompactOnDeletionCollectorFactory*; __gnu_cxx::_Lock_policy _Lp = __gnu_cxx::_S_atomic]	8	static
/mnt/c/Users/grego/CLionProjects/BuildtimeHotspotAnalyzer/tests/temp/repos/rocksdb/include/rocksdb/utilities/object_registry.h:174:10:bool rocksdb::ObjectLibrary::FactoryEntry<T>::Matches(const std::string&) const [with T = rocksdb::TablePropertiesCollectorFactory]	8	static
/mnt/c/Users/grego/CLionProjects/BuildtimeHotspotAnalyzer/tests/temp/repos/rocksdb/include/rocksdb/utilities/object_registry.h:177:17:const char* rocksdb::ObjectLibrary::FactoryEntry<T>::Name() const [with T = rocksdb::TablePropertiesCollectorFactory]	8	static
/mnt/c/Users/grego/CLionProjects/BuildtimeHotspotAnalyzer/tests/temp/repos/rocksdb/include/rocksdb/table_properties.h:104:18:virtual rocksdb::Status rocksdb::TablePropertiesCollector::Add(const rocksdb::Slice&, const rocksdb::Slice&)	80	static
/mnt/c/Users/grego/CLionProjects/BuildtimeHotspotAnalyzer/tests/temp/repos/rocksdb/utilities/table_properties_collectors/compact_on_deletion_collector.h:11:7:virtual rocksdb::CompactOnDeletionCollector::~CompactOnDeletionCollector()	8	static
/usr/include/c++/13/bits/shared_ptr_base.h:419:11:virtual std::_Sp_counted_ptr<rocksdb::CompactOnDeletionCollectorFactory*, __gnu_cxx::_S_atomic>::~_Sp_counted_ptr()	8	static
/usr/include/c++/13/bits/shared_ptr_base.h:431:7:void std::_Sp_counted_ptr<_Ptr, _Lp>::_M_destroy() [with _Ptr = rocksdb::CompactOnDeletionCollectorFactory*; __gnu_cxx::_Lock_policy _Lp = __gnu_cxx::_S_atomic]	8	static
/usr/include/c++/13/bits/shared_ptr_base.h:419:11:virtual std::_Sp_counted_ptr<rocksdb::TablePropertiesCollectorFactory*, __gnu_cxx::_S_atomic>::~_Sp_counted_ptr()	8	static
/usr/include/c++/13/bits/shared_ptr_base.h:431:7:void std::_Sp_counted_ptr<_Ptr, _Lp>::_M_destroy() [with _Ptr = rocksdb::TablePropertiesCollectorFactory*; __gnu_cxx::_Lock_policy _Lp = __gnu_cxx::_S_atomic]	8	static
/usr/include/c++/13/bits/std_function.h:288:7:) [with _Res = rocksdb::Status; _Functor = rocksdb::<lambda(const rocksdb::ConfigOptions&, const std::string&, const std::string&, void*)>; _ArgTypes = {const rocksdb::ConfigOptions&, const std::__cxx11::basic_string<char, std::char_traits<char>, std::allocator<char> >&, const std::__cxx11::basic_string<char, std::char_traits<char>, std::allocator<char> >&, void*}]	32	static
/usr/include/c++/13/bits/std_function.h:288:7:) [with _Res = rocksdb::Status; _Functor = rocksdb::<lambda(const rocksdb::ConfigOptions&, const std::string&, const std::string&, void*)>; _ArgTypes = {const rocksdb::ConfigOptions&, const std::__cxx11::basic_string<char, std::char_traits<char>, std::allocator<char> >&, const std::__cxx11::basic_string<char, std::char_traits<char>, std::allocator<char> >&, void*}]	32	static
/usr/include/c++/13/bits/std_function.h:288:7:) [with _Res = rocksdb::Status; _Functor = rocksdb::<lambda(const rocksdb::ConfigOptions&, const std::string&, const std::string&, void*)>; _ArgTypes = {const rocksdb::ConfigOptions&, const std::__cxx11::basic_string<char, std::char_traits<char>, std::allocator<char> >&, const std::__cxx11::basic_string<char, std::char_traits<char>, std::allocator<char> >&, void*}]	32	static
/usr/include/c++/13/bits/std_function.h:288:7:) [with _Res = rocksdb::Status; _Functor = rocksdb::<lambda(const rocksdb::ConfigOptions&, const std::string&, const std::string&, void*)>; _ArgTypes = {const rocksdb::ConfigOptions&, const std::__cxx11::basic_string<char, std::char_traits<char>, std::allocator<char> >&, const std::__cxx11::basic_string<char, std::char_traits<char>, std::allocator<char> >&, void*}]	32	static
/usr/include/c++/13/bits/std_function.h:267:7:), _Functor>::_M_manager(std::_Any_data&, const std::_Any_data&, std::_Manager_operation) [with _Res = rocksdb::TablePropertiesCollectorFactory*; _Functor = rocksdb::{anonymous}::RegisterTablePropertiesCollectorFactories(rocksdb::ObjectLibrary&, const std::string&)::<lambda(const std::string&, std::unique_ptr<rocksdb::TablePropertiesCollectorFactory>*, std::string*)>; _ArgTypes = {const std::__cxx11::basic_string<char, std::char_traits<char>, std::allocator<char> >&, std::unique_ptr<rocksdb::TablePropertiesCollectorFactory, std::default_delete<rocksdb::TablePropertiesCollectorFactory> >*, std::__cxx11::basic_string<char, std::char_traits<char>, std::allocator<char> >*}]	8	static
/usr/include/c++/13/bits/std_function.h:267:7:), _Functor>::_M_manager(std::_Any_data&, const std::_Any_data&, std::_Manager_operation) [with _Res = rocksdb::TablePropertiesCollectorFactory*; _Functor = rocksdb::{anonymous}::RegisterTablePropertiesCollectorFactories(rocksdb::ObjectLibrary&, const std::string&)::<lambda(const std::string&, std::unique_ptr<rocksdb::TablePropertiesCollectorFactory>*, std::string*)>; _ArgTypes = {const std::__cxx11::basic_string<char, std::char_traits<char>, std::allocator<char> >&, std::unique_ptr<rocksdb::TablePropertiesCollectorFactory, std::default_delete<rocksdb::TablePropertiesCollectorFactory> >*, std::__cxx11::basic_string<char, std::char_traits<char>, std::allocator<char> >*}]	8	static
/usr/include/c++/13/bits/std_function.h:267:7:), _Functor>::_M_manager(std::_Any_data&, const std::_Any_data&, std::_Manager_operation) [with _Res = rocksdb::Status; _Functor = rocksdb::<lambda(const rocksdb::ConfigOptions&, const std::string&, const std::string&, void*)>; _ArgTypes = {const rocksdb::ConfigOptions&, const std::__cxx11::basic_string<char, std::char_traits<char>, std::allocator<char> >&, const std::__cxx11::basic_string<char, std::char_traits<char>, std::allocator<char> >&, void*}]	8	static
/usr/include/c++/13/bits/std_function.h:267:7:), _Functor>::_M_manager(std::_Any_data&, const std::_Any_data&, std::_Manager_operation) [with _Res = rocksdb::Status; _Functor = rocksdb::<lambda(const rocksdb::ConfigOptions&, const std::string&, const void*, std::string*)>; _ArgTypes = {const rocksdb::ConfigOptions&, const std::__cxx11::basic_string<char, std::char_traits<char>, std::allocator<char> >&, const void*, std::__cxx11::basic_string<char, std::char_traits<char>, std::allocator<char> >*}]	8	static
/usr/include/c++/13/bits/std_function.h:267:7:), _Functor>::_M_manager(std::_Any_data&, const std::_Any_data&, std::_Manager_operation) [with _Res = rocksdb::Status; _Functor = rocksdb::<lambda(const rocksdb::ConfigOptions&, const std::string&, const std::string&, void*)>; _ArgTypes = {const rocksdb::ConfigOptions&, const std::__cxx11::basic_string<char, std::char_traits<char>, std::allocator<char> >&, const std::__cxx11::basic_string<char, std::char_traits<char>, std::allocator<char> >&, void*}]	8	static
/usr/include/c++/13/bits/std_function.h:267:7:), _Functor>::_M_manager(std::_Any_data&, const std::_Any_data&, std::_Manager_operation) [with _Res = rocksdb::Status; _Functor = rocksdb::<lambda(const rocksdb::ConfigOptions&, const std::string&, const void*, std::string*)>; _ArgTypes = {const rocksdb::ConfigOptions&, const std::__cxx11::basic_string<char, std::char_traits<char>, std::allocator<char> >&, const void*, std::__cxx11::basic_string<char, std::char_traits<char>, std::allocator<char> >*}]	8	static
/usr/include/c++/13/bits/std_function.h:267:7:), _Functor>::_M_manager(std::_Any_data&, const std::_Any_data&, std::_Manager_operation) [with _Res = rocksdb::Status; _Functor = rocksdb::<lambda(const rocksdb::ConfigOptions&, const std::string&, const std::string&, void*)>; _ArgTypes = {const rocksdb::ConfigOptions&, const std::__cxx11::basic_string<char, std::char_traits<char>, std::allocator<char> >&, const std::__cxx11::basic_string<char, std::char_traits<char>, std::allocator<char> >&, void*}]	8	static
/usr/include/c++/13/bits/std_function.h:267:7:), _Functor>::_M_manager(std::_Any_data&, const std::_Any_data&, std::_Manager_operation) [with _Res = rocksdb::Status; _Functor = rocksdb::<lambda(const rocksdb::ConfigOptions&, const std::string&, const void*, std::string*)>; _ArgTypes = {const rocksdb::ConfigOptions&, const std::__cxx11::basic_string<char, std::char_traits<char>, std::allocator<char> >&, const void*, std::__cxx11::basic_string<char, std::char_traits<char>, std::allocator<char> >*}]	8	static
/usr/include/c++/13/bits/std_function.h:267:7:), _Functor>::_M_manager(std::_Any_data&, const std::_Any_data&, std::_Manager_operation) [with _Res = rocksdb::Status; _Functor = rocksdb::<lambda(const rocksdb::ConfigOptions&, const std::string&, const std::string&, void*)>; _ArgTypes = {const rocksdb::ConfigOptions&, const std::__cxx11::basic_string<char, std::char_traits<char>, std::allocator<char> >&, const std::__cxx11::basic_string<char, std::char_traits<char>, std::allocator<char> >&, void*}]	8	static
/usr/include/c++/13/bits/std_function.h:267:7:), _Functor>::_M_manager(std::_Any_data&, const std::_Any_data&, std::_Manager_operation) [with _Res = rocksdb::Status; _Functor = rocksdb::<lambda(const rocksdb::ConfigOptions&, const std::string&, const void*, std::string*)>; _ArgTypes = {const rocksdb::ConfigOptions&, const std::__cxx11::basic_string<char, std::char_traits<char>, std::allocator<char> >&, const void*, std::__cxx11::basic_string<char, std::char_traits<char>, std::allocator<char> >*}]	8	static
/usr/include/c++/13/bits/std_function.h:288:7:) [with _Res = rocksdb::TablePropertiesCollectorFactory*; _Functor = rocksdb::{anonymous}::RegisterTablePropertiesCollectorFactories(rocksdb::ObjectLibrary&, const std::string&)::<lambda(const std::string&, std::unique_ptr<rocksdb::TablePropertiesCollectorFactory>*, std::string*)>; _ArgTypes = {const std::__cxx11::basic_string<char, std::char_traits<char>, std::allocator<char> >&, std::unique_ptr<rocksdb::TablePropertiesCollectorFactory, std::default_delete<rocksdb::TablePropertiesCollectorFactory> >*, std::__cxx11::basic_string<char, std::char_traits<char>, std::allocator<char> >*}]	32	static
/mnt/c/Users/grego/CLionProjects/BuildtimeHotspotAnalyzer/tests/temp/repos/rocksdb/include/rocksdb/customizable.h:89:16:virtual bool rocksdb::Customizable::IsInstanceOf(const std::string&) const	48	static
/mnt/c/Users/grego/CLionProjects/BuildtimeHotspotAnalyzer/tests/temp/repos/rocksdb/include/rocksdb/utilities/object_registry.h:170:9:virtual rocksdb::ObjectLibrary::FactoryEntry<rocksdb::TablePropertiesCollectorFactory>::~FactoryEntry()	32	static
/mnt/c/Users/grego/CLionProjects/BuildtimeHotspotAnalyzer/tests/temp/repos/rocksdb/utilities/table_properties_collectors/compact_on_deletion_collector.cc:202:1:virtual rocksdb::TablePropertiesCollector* rocksdb::CompactOnDeletionCollectorFactory::CreateTablePropertiesCollector(rocksdb::TablePropertiesCollectorFactory::Context)	32	static
/usr/include/c++/13/bits/basic_string.h:641:7:constexpr std::__cxx11::basic_string<_CharT, _Traits, _Alloc>::basic_string(const _CharT*, const _Alloc&) [with <template-parameter-2-1> = std::allocator<char>; _CharT = char; _Traits = std::char_traits<char>; _Alloc = std::allocator<char>]	48	static
/usr/include/c++/13/ext/string_conversions.h:101:5:) [with _String = std::__cxx11::basic_string<char>; _CharT = char]	608	dynamic
/mnt/c/Users/grego/CLionProjects/BuildtimeHotspotAnalyzer/tests/temp/repos/rocksdb/include/rocksdb/utilities/table_properties_collectors.h:41:3:rocksdb::CompactOnDeletionCollectorFactory::~CompactOnDeletionCollectorFactory()	48	static
/mnt/c/Users/grego/CLionProjects/BuildtimeHotspotAnalyzer/tests/temp/repos/rocksdb/include/rocksdb/utilities/table_properties_collectors.h:41:3:virtual rocksdb::CompactOnDeletionCollectorFactory::~CompactOnDeletionCollectorFactory()	48	static
/usr/include/c++/13/bits/shared_ptr_base.h:427:7:void std::_Sp_counted_ptr<_Ptr, _Lp>::_M_dispose() [with _Ptr = rocksdb::CompactOnDeletionCollectorFactory*; __gnu_cxx::_Lock_policy _Lp = __gnu_cxx::_S_atomic]	48	static
/mnt/c/Users/grego/CLionProjects/BuildtimeHotspotAnalyzer/tests/temp/repos/rocksdb/include/rocksdb/customizable.h:104:15:virtual const void* rocksdb::Customizable::GetOptionsPtr(const std::string&) const	48	static
/mnt/c/Users/grego/CLionProjects/BuildtimeHotspotAnalyzer/tests/temp/repos/rocksdb/include/rocksdb/configurable.h:219:23:virtual std::string rocksdb::Configurable::GetPrintableOptions() const	8	static
/mnt/c/Users/grego/CLionProjects/BuildtimeHotspotAnalyzer/tests/temp/repos/rocksdb/include/rocksdb/customizable.h:66:23:virtual std::string rocksdb::Customizable::GetId() const	48	static
/usr/include/c++/13/bits/unordered_map.h:109:11:std::unordered_map<std::__cxx11::basic_string<char>, rocksdb::OptionTypeInfo>::~unordered_map()	48	static
/usr/include/c++/13/bits/std_function.h:288:7:) [with _Res = rocksdb::Status; _Functor = rocksdb::<lambda(const rocksdb::ConfigOptions&, const std::string&, const void*, std::string*)>; _ArgTypes = {const rocksdb::ConfigOptions&, const std::__cxx11::basic_string<char, std::char_traits<char>, std::allocator<char> >&, const void*, std::__cxx11::basic_string<char, std::char_traits<char>, std::allocator<char> >*}]	96	static
/usr/include/c++/13/bits/std_function.h:288:7:) [with _Res = rocksdb::Status; _Functor = rocksdb::<lambda(const rocksdb::ConfigOptions&, const std::string&, const void*, std::string*)>; _ArgTypes = {const rocksdb::ConfigOptions&, const std::__cxx11::basic_string<char, std::char_traits<char>, std::allocator<char> >&, const void*, std::__cxx11::basic_string<char, std::char_traits<char>, std::allocator<char> >*}]	320	static
/usr/include/c++/13/bits/std_function.h:288:7:) [with _Res = rocksdb::Status; _Functor = rocksdb::<lambda(const rocksdb::ConfigOptions&, const std::string&, const void*, std::string*)>; _ArgTypes = {const rocksdb::ConfigOptions&, const std::__cxx11::basic_string<char, std::char_traits<char>, std::allocator<char> >&, const void*, std::__cxx11::basic_string<char, std::char_traits<char>, std::allocator<char> >*}]	320	static
/usr/include/c++/13/bits/std_function.h:288:7:) [with _Res = rocksdb::Status; _Functor = rocksdb::<lambda(const rocksdb::ConfigOptions&, const std::string&, const void*, std::string*)>; _ArgTypes = {const rocksdb::ConfigOptions&, const std::__cxx11::basic_string<char, std::char_traits<char>, std::allocator<char> >&, const void*, std::__cxx11::basic_string<char, std::char_traits<char>, std::allocator<char> >*}]	320	static
/mnt/c/Users/grego/CLionProjects/BuildtimeHotspotAnalyzer/tests/temp/repos/rocksdb/include/rocksdb/utilities/options_type.h:245:3:rocksdb::OptionTypeInfo::OptionTypeInfo(int, rocksdb::OptionType, rocksdb::OptionVerificationType, rocksdb::OptionTypeFlags, const rocksdb::ParseFunc&, const rocksdb::SerializeFunc&, const rocksdb::EqualsFunc&)	80	static
/mnt/c/Users/grego/CLionProjects/BuildtimeHotspotAnalyzer/tests/temp/repos/rocksdb/include/rocksdb/utilities/options_type.h:243:7:rocksdb::OptionTypeInfo::~OptionTypeInfo()	32	static
/mnt/c/Users/grego/CLionProjects/BuildtimeHotspotAnalyzer/tests/temp/repos/rocksdb/utilities/table_properties_collectors/compact_on_deletion_collector.cc:19:1:rocksdb::CompactOnDeletionCollector::CompactOnDeletionCollector(size_t, size_t, double, uint64_t)	8	static
/usr/include/c++/13/bits/shared_ptr_base.h:198:7:void std::_Sp_counted_base<_Lp>::_M_release_last_use_cold() [with __gnu_cxx::_Lock_policy _Lp = __gnu_cxx::_S_atomic]	32	static
/usr/include/c++/13/bits/stl_vector.h:733:7:constexpr std::vector<_Tp, _Alloc>::~vector() [with _Tp = rocksdb::Configurable::RegisteredOptions; _Alloc = std::allocator<rocksdb::Configurable::RegisteredOptions>]	48	static
/usr/include/c++/13/bits/hashtable.h:1595:5:std::_Hashtable<_Key, _Value, _Alloc, _ExtractKey, _Equal, _Hash, _RangeHash, _Unused, _RehashPolicy, _Traits>::~_Hashtable() [with _Key = std::__cxx11::basic_string<char>; _Value = std::pair<const std::__cxx11::basic_string<char>, std::__cxx11::basic_string<char> >; _Alloc = std::allocator<std::pair<const std::__cxx11::basic_string<char>, std::__cxx11::basic_string<char> > >; _ExtractKey = std::__detail::_Select1st; _Equal = std::equal_to<std::__cxx11::basic_string<char> >; _Hash = std::hash<std::__cxx11::basic_string<char> >; _RangeHash = std::__detail::_Mod_range_hashing; _Unused = std::__detail::_Default_ranged_hash; _RehashPolicy = std::__detail::_Prime_rehash_policy; _Traits = std::__detail::_Hashtable_traits<true, false, true>]	48	static
/usr/include/c++/13/bits/basic_string.h:280:7:constexpr void std::__cxx11::basic_string<_CharT, _Traits, _Alloc>::_M_dispose() [with _CharT = char; _Traits = std::char_traits<char>; _Alloc = std::allocator<char>]	8	static
/mnt/c/Users/grego/CLionProjects/BuildtimeHotspotAnalyzer/tests/temp/repos/rocksdb/utilities/table_properties_collectors/compact_on_deletion_collector.cc:191:1:rocksdb::CompactOnDeletionCollectorFactory::CompactOnDeletionCollectorFactory(size_t, size_t, double, uint64_t)	96	static
/usr/include/c++/13/bits/stl_pair.h:305:7:constexpr std::pair<_T1, _T2>::pair(const _T1&, const _T2&) requires  _S_constructible<const _T1&, const _T2&>() [with _T1 = const std::__cxx11::basic_string<char>; _T2 = rocksdb::OptionTypeInfo]	48	static
/mnt/c/Users/grego/CLionProjects/BuildtimeHotspotAnalyzer/tests/temp/repos/rocksdb/utilities/table_properties_collectors/compact_on_deletion_collector.cc:209:13:virtual std::string rocksdb::CompactOnDeletionCollectorFactory::ToString() const	544	dynamic,bounded
/usr/include/c++/13/bits/std_function.h:288:7:) [with _Res = rocksdb::TablePropertiesCollectorFactory*; _Functor = rocksdb::{anonymous}::RegisterTablePropertiesCollectorFactories(rocksdb::ObjectLibrary&, const std::string&)::<lambda(const std::string&, std::unique_ptr<rocksdb::TablePropertiesCollectorFactory>*, std::string*)>; _ArgTypes = {const std::__cxx11::basic_string<char, std::char_traits<char>, std::allocator<char> >&, std::unique_ptr<rocksdb::TablePropertiesCollectorFactory, std::default_delete<rocksdb::TablePropertiesCollectorFactory> >*, std::__cxx11::basic_string<char, std::char_traits<char>, std::allocator<char> >*}]	96	static
/mnt/c/Users/grego/CLionProjects/BuildtimeHotspotAnalyzer/tests/temp/repos/rocksdb/utilities/table_properties_collectors/compact_on_deletion_collector.cc:218:1:std::shared_ptr<rocksdb::CompactOnDeletionCollectorFactory> rocksdb::NewCompactOnDeletionCollectorFactory(size_t, size_t, double, uint64_t)	112	static
/usr/include/c++/13/bits/hashtable.h:1595:5:std::_Hashtable<_Key, _Value, _Alloc, _ExtractKey, _Equal, _Hash, _RangeHash, _Unused, _RehashPolicy, _Traits>::~_Hashtable() [with _Key = std::__cxx11::basic_string<char>; _Value = std::pair<const std::__cxx11::basic_string<char>, rocksdb::OptionTypeInfo>; _Alloc = std::allocator<std::pair<const std::__cxx11::basic_string<char>, rocksdb::OptionTypeInfo> >; _ExtractKey = std::__detail::_Select1st; _Equal = std::equal_to<std::__cxx11::basic_string<char> >; _Hash = std::hash<std::__cxx11::basic_string<char> >; _RangeHash = std::__detail::_Mod_range_hashing; _Unused = std::__detail::_Default_ranged_hash; _RehashPolicy = std::__detail::_Prime_rehash_policy; _Traits = std::__detail::_Hashtable_traits<true, false, true>]	48	static
/usr/include/c++/13/bits/hashtable.h:311:2:std::_Hashtable<_Key, _Value, _Alloc, _ExtractKey, _Equal, _Hash, _RangeHash, _Unused, _RehashPolicy, _Traits>::_Scoped_node::~_Scoped_node() [with _Key = std::__cxx11::basic_string<char>; _Value = std::pair<const std::__cxx11::basic_string<char>, std::vector<std::unique_ptr<rocksdb::ObjectLibrary::Entry> > >; _Alloc = std::allocator<std::pair<const std::__cxx11::basic_string<char>, std::vector<std::unique_ptr<rocksdb::ObjectLibrary::Entry> > > >; _ExtractKey = std::__detail::_Select1st; _Equal = std::equal_to<std::__cxx11::basic_string<char> >; _Hash = std::hash<std::__cxx11::basic_string<char> >; _RangeHash = std::__detail::_Mod_range_hashing; _Unused = std::__detail::_Default_ranged_hash; _RehashPolicy = std::__detail::_Prime_rehash_policy; _Traits = std::__detail::_Hashtable_traits<true, false, true>]	48	static
/usr/include/c++/13/bits/hashtable.h:1208:7:std::_Hashtable<_Key, _Value, _Alloc, _ExtractKey, _Equal, _Hash, _RangeHash, _Unused, _RehashPolicy, _Traits>::_Hashtable(_InputIterator, _InputIterator, size_type, const _Hash&, const _Equal&, const allocator_type&, std::true_type) [with _InputIterator = const std::pair<const std::__cxx11::basic_string<char>, rocksdb::OptionTypeInfo>*; _Key = std::__cxx11::basic_string<char>; _Value = std::pair<const std::__cxx11::basic_string<char>, rocksdb::OptionTypeInfo>; _Alloc = std::allocator<std::pair<const std::__cxx11::basic_string<char>, rocksdb::OptionTypeInfo> >; _ExtractKey = std::__detail::_Select1st; _Equal = std::equal_to<std::__cxx11::basic_string<char> >; _Hash = std::hash<std::__cxx11::basic_string<char> >; _RangeHash = std::__detail::_Mod_range_hashing; _Unused = std::__detail::_Default_ranged_hash; _RehashPolicy = std::__detail::_Prime_rehash_policy; _Traits = std::__detail::_Hashtable_traits<true, false, true>]	112	static
/mnt/c/Users/grego/CLionProjects/BuildtimeHotspotAnalyzer/tests/temp/repos/rocksdb/utilities/table_properties_collectors/compact_on_deletion_collector.cc:269:1:void __static_initialization_and_destruction_0()	2400	dynamic,bounded
/usr/include/c++/13/bits/hashtable.h:2559:5:void std::_Hashtable<_Key, _Value, _Alloc, _ExtractKey, _Equal, _Hash, _RangeHash, _Unused, _RehashPolicy, _Traits>::_M_rehash(size_type, const __rehash_state&) [with _Key = std::__cxx11::basic_string<char>; _Value = std::pair<const std::__cxx11::basic_string<char>, std::vector<std::unique_ptr<rocksdb::ObjectLibrary::Entry> > >; _Alloc = std::allocator<std::pair<const std::__cxx11::basic_string<char>, std::vector<std::unique_ptr<rocksdb::ObjectLibrary::Entry> > > >; _ExtractKey = std::__detail::_Select1st; _Equal = std::equal_to<std::__cxx11::basic_string<char> >; _Hash = std::hash<std::__cxx11::basic_string<char> >; _RangeHash = std::__detail::_Mod_range_hashing; _Unused = std::__detail::_Default_ranged_hash; _RehashPolicy = std::__detail::_Prime_rehash_policy; _Traits = std::__detail::_Hashtable_traits<true, false, true>]	48	static
/usr/include/c++/13/bits/hashtable_policy.h:834:5:std::__detail::_Map_base<_Key, std::pair<const _Key, _Val>, _Alloc, std::__detail::_Select1st, _Equal, _Hash, _RangeHash, _Unused, _RehashPolicy, _Traits, true>::mapped_type& std::__detail::_Map_base<_Key, std::pair<const _Key, _Val>, _Alloc, std::__detail::_Select1st, _Equal, _Hash, _RangeHash, _Unused, _RehashPolicy, _Traits, true>::operator[](key_type&&) [with _Key = std::__cxx11::basic_string<char>; _Val = std::vector<std::unique_ptr<rocksdb::ObjectLibrary::Entry> >; _Alloc = std::allocator<std::pair<const std::__cxx11::basic_string<char>, std::vector<std::unique_ptr<rocksdb::ObjectLibrary::Entry> > > >; _Equal = std::equal_to<std::__cxx11::basic_string<char> >; _Hash = std::hash<std::__cxx11::basic_string<char> >; _RangeHash = std::__detail::_Mod_range_hashing; _Unused = std::__detail::_Default_ranged_hash; _RehashPolicy = std::__detail::_Prime_rehash_policy; _Traits = std::__detail::_Hashtable_traits<true, false, true>]	144	static
/mnt/c/Users/grego/CLionProjects/BuildtimeHotspotAnalyzer/tests/temp/repos/rocksdb/include/rocksdb/utilities/object_registry.h:236:25:rocksdb::FactoryFunc<T>& rocksdb::ObjectLibrary::AddFactory(const std::string&, rocksdb::FactoryFunc<T>&) [with T = rocksdb::TablePropertiesCollectorFactory]	144	static
/usr/include/c++/13/mutex:836:16:static constexpr void std::once_flag::_Prepare_execution::_Prepare_execution<std::call_once<rocksdb::TablePropertiesCollectorFactory::CreateFromString(const rocksdb::ConfigOptions&, const std::string&, std::shared_ptr<rocksdb::TablePropertiesCollectorFactory>*)::<lambda()> >(once_flag&, rocksdb::TablePropertiesCollectorFactory::CreateFromString(const rocksdb::ConfigOptions&, const std::string&, std::shared_ptr<rocksdb::TablePropertiesCollectorFactory>*)::<lambda()>&&)::<lambda()> >(std::call_once<rocksdb::TablePropertiesCollectorFactory::CreateFromString(const rocksdb::ConfigOptions&, const std::string&, std::shared_ptr<rocksdb::TablePropertiesCollectorFactory>*)::<lambda()> >(once_flag&, rocksdb::TablePropertiesCollectorFactory::CreateFromString(const rocksdb::ConfigOptions&, const std::string&, std::shared_ptr<rocksdb::TablePropertiesCollectorFactory>*)::<lambda()>&&)::<lambda()>&)::<lambda()>::_FUN()	176	static
/mnt/c/Users/grego/CLionProjects/BuildtimeHotspotAnalyzer/tests/temp/repos/rocksdb/include/rocksdb/utilities/object_registry.h:553:24:rocksdb::FactoryFunc<T> rocksdb::ObjectRegistry::FindFactory(const std::string&) const [with T = rocksdb::TablePropertiesCollectorFactory]	192	static
/mnt/c/Users/grego/CLionProjects/BuildtimeHotspotAnalyzer/tests/temp/repos/rocksdb/include/rocksdb/utilities/object_registry.h:367:10:rocksdb::Status rocksdb::ObjectRegistry::NewSharedObject(const std::string&, std::shared_ptr<_Tp>*) [with T = rocksdb::TablePropertiesCollectorFactory]	320	static
/mnt/c/Users/grego/CLionProjects/BuildtimeHotspotAnalyzer/tests/temp/repos/rocksdb/utilities/table_properties_collectors/compact_on_deletion_collector.cc:257:8:static rocksdb::Status rocksdb::TablePropertiesCollectorFactory::CreateFromString(const rocksdb::ConfigOptions&, const std::string&, std::shared_ptr<rocksdb::TablePropertiesCollectorFactory>*)	272	static
/mnt/c/Users/grego/CLionProjects/BuildtimeHotspotAnalyzer/tests/temp/repos/rocksdb/utilities/table_properties_collectors/compact_on_deletion_collector.cc:269:1:cc)	8	static
