/usr/include/c++/13/bits/std_thread.h:143:5:static void std::thread::_M_thread_deps_never_run()	8	static
/home/gregorian-rayne/CLionProjects/build-hotspot-analyzer/tests/cli/repos/rocksdb/db/dbformat.h:400:11:rocksdb::InternalKeyComparator::~InternalKeyComparator()	8	static
/usr/include/c++/13/bits/std_thread.h:244:2:void std::thread::_State_impl<_Callable>::_M_run() [with _Callable = std::thread::_Invoker<std::tuple<void (rocksdb::DeleteScheduler::*)(), rocksdb::DeleteScheduler*> >]	8	static
/home/gregorian-rayne/CLionProjects/build-hotspot-analyzer/tests/cli/repos/rocksdb/db/dbformat.h:400:11:virtual rocksdb::InternalKeyComparator::~InternalKeyComparator()	8	static
/usr/include/c++/13/bits/std_thread.h:234:14:std::thread::_State_impl<std::thread::_Invoker<std::tuple<void (rocksdb::DeleteScheduler::*)(), rocksdb::DeleteScheduler*> > >::~_State_impl()	8	static
/usr/include/c++/13/bits/std_thread.h:234:14:virtual std::thread::_State_impl<std::thread::_Invoker<std::tuple<void (rocksdb::DeleteScheduler::*)(), rocksdb::DeleteScheduler*> > >::~_State_impl()	32	static
/home/gregorian-rayne/CLionProjects/build-hotspot-analyzer/tests/cli/repos/rocksdb/db/dbformat.h:1085:12:virtual int rocksdb::InternalKeyComparator::Compare(const rocksdb::Slice&, const rocksdb::Slice&) const	96	static
/usr/include/c++/13/bits/stl_vector.h:733:7:constexpr std::vector<_Tp, _Alloc>::~vector() [with _Tp = rocksdb::Slice; _Alloc = std::allocator<rocksdb::Slice>]	8	static
/usr/include/c++/13/bits/basic_string.h:641:7:constexpr std::__cxx11::basic_string<_CharT, _Traits, _Alloc>::basic_string(const _CharT*, const _Alloc&) [with <template-parameter-2-1> = std::allocator<char>; _CharT = char; _Traits = std::char_traits<char>; _Alloc = std::allocator<char>]	48	static
/home/gregorian-rayne/CLionProjects/build-hotspot-analyzer/tests/cli/repos/rocksdb/util/thread_operation.h:38:22:void __tcf_0(void*)	32	static
/home/gregorian-rayne/CLionProjects/build-hotspot-analyzer/tests/cli/repos/rocksdb/util/thread_operation.h:63:27:void __tcf_1(void*)	32	static
/home/gregorian-rayne/CLionProjects/build-hotspot-analyzer/tests/cli/repos/rocksdb/include/rocksdb/system_clock.h:95:12:virtual uint64_t rocksdb::SystemClockWrapper::NowMicros()	8	static
/home/gregorian-rayne/CLionProjects/build-hotspot-analyzer/tests/cli/repos/rocksdb/include/rocksdb/env.h:1648:10:virtual rocksdb::Status rocksdb::EnvWrapper::DeleteFile(const std::string&)	48	static
/home/gregorian-rayne/CLionProjects/build-hotspot-analyzer/tests/cli/repos/rocksdb/util/thread_operation.h:103:26:void __tcf_3(void*)	32	static
/home/gregorian-rayne/CLionProjects/build-hotspot-analyzer/tests/cli/repos/rocksdb/include/rocksdb/file_system.h:1541:12:virtual rocksdb::IOStatus rocksdb::FileSystemWrapper::FileExists(const std::string&, const rocksdb::IOOptions&, rocksdb::IODebugContext*)	48	static
/home/gregorian-rayne/CLionProjects/build-hotspot-analyzer/tests/cli/repos/rocksdb/util/thread_operation.h:112:26:void __tcf_4(void*)	32	static
/home/gregorian-rayne/CLionProjects/build-hotspot-analyzer/tests/cli/repos/rocksdb/include/rocksdb/file_system.h:1594:12:virtual rocksdb::IOStatus rocksdb::FileSystemWrapper::RenameFile(const std::string&, const std::string&, const rocksdb::IOOptions&, rocksdb::IODebugContext*)	48	static
/home/gregorian-rayne/CLionProjects/build-hotspot-analyzer/tests/cli/repos/rocksdb/util/thread_operation.h:93:18:void __tcf_2(void*)	16	static
/usr/include/c++/13/bits/basic_string.h:803:7:constexpr std::__cxx11::basic_string<_CharT, _Traits, _Alloc>::~basic_string() [with _CharT = char; _Traits = std::char_traits<char>; _Alloc = std::allocator<char>]	8	static
/usr/include/c++/13/bits/stl_tree.h:1930:5:void std::_Rb_tree<_Key, _Val, _KeyOfValue, _Compare, _Alloc>::_M_erase(_Link_type) [with _Key = int; _Val = std::pair<const int, int>; _KeyOfValue = std::_Select1st<std::pair<const int, int> >; _Compare = std::less<int>; _Alloc = std::allocator<std::pair<const int, int> >]	96	static
/usr/include/c++/13/bits/stl_tree.h:1930:5:void std::_Rb_tree<_Key, _Val, _KeyOfValue, _Compare, _Alloc>::_M_erase(_Link_type) [with _Key = std::__cxx11::basic_string<char>; _Val = std::pair<const std::__cxx11::basic_string<char>, rocksdb::Status>; _KeyOfValue = std::_Select1st<std::pair<const std::__cxx11::basic_string<char>, rocksdb::Status> >; _Compare = std::less<std::__cxx11::basic_string<char> >; _Alloc = std::allocator<std::pair<const std::__cxx11::basic_string<char>, rocksdb::Status> >]	112	static
/home/gregorian-rayne/CLionProjects/build-hotspot-analyzer/tests/cli/repos/rocksdb/file/delete_scheduler.cc:186:6:static bool rocksdb::DeleteScheduler::IsTrashFile(const std::string&)	64	static
/home/gregorian-rayne/CLionProjects/build-hotspot-analyzer/tests/cli/repos/rocksdb/file/delete_scheduler.cc:461:8:rocksdb::Status rocksdb::DeleteScheduler::OnDeleteFile(const std::string&, bool)	48	static
/home/gregorian-rayne/CLionProjects/build-hotspot-analyzer/tests/cli/repos/rocksdb/file/delete_scheduler.cc:471:6:void rocksdb::DeleteScheduler::WaitForEmptyTrash()	48	static
/home/gregorian-rayne/CLionProjects/build-hotspot-analyzer/tests/cli/repos/rocksdb/file/delete_scheduler.cc:488:6:void rocksdb::DeleteScheduler::WaitForEmptyTrashBucket(int32_t)	80	static
/home/gregorian-rayne/CLionProjects/build-hotspot-analyzer/tests/cli/repos/rocksdb/file/delete_scheduler.cc:502:6:void rocksdb::DeleteScheduler::MaybeCreateBackgroundThread()	48	static
/usr/include/c++/13/bits/shared_ptr_base.h:198:7:void std::_Sp_counted_base<_Lp>::_M_release_last_use_cold() [with __gnu_cxx::_Lock_policy _Lp = __gnu_cxx::_S_atomic]	32	static
/usr/include/c++/13/bits/shared_ptr_base.h:317:5:void std::_Sp_counted_base<_Lp>::_M_release() [with __gnu_cxx::_Lock_policy _Lp = __gnu_cxx::_S_atomic]	32	static
/home/gregorian-rayne/CLionProjects/build-hotspot-analyzer/tests/cli/repos/rocksdb/file/delete_scheduler.cc:46:1:rocksdb::DeleteScheduler::~DeleteScheduler()	112	static
/usr/include/c++/13/bits/hashtable.h:1595:5:std::_Hashtable<_Key, _Value, _Alloc, _ExtractKey, _Equal, _Hash, _RangeHash, _Unused, _RehashPolicy, _Traits>::~_Hashtable() [with _Key = std::__cxx11::basic_string<char>; _Value = std::pair<const std::__cxx11::basic_string<char>, std::__cxx11::basic_string<char> >; _Alloc = std::allocator<std::pair<const std::__cxx11::basic_string<char>, std::__cxx11::basic_string<char> > >; _ExtractKey = std::__detail::_Select1st; _Equal = std::equal_to<std::__cxx11::basic_string<char> >; _Hash = std::hash<std::__cxx11::basic_string<char> >; _RangeHash = std::__detail::_Mod_range_hashing; _Unused = std::__detail::_Default_ranged_hash; _RehashPolicy = std::__detail::_Prime_rehash_policy; _Traits = std::__detail::_Hashtable_traits<true, false, true>]	48	static
/home/gregorian-rayne/CLionProjects/build-hotspot-analyzer/tests/cli/repos/rocksdb/file/delete_scheduler.cc:108:8:rocksdb::Status rocksdb::DeleteScheduler::DeleteFileImmediately(const std::string&, bool)	176	static
/usr/include/c++/13/bits/stl_deque.h:1027:7:std::deque<_Tp, _Alloc>::~deque() [with _Tp = rocksdb::DeleteScheduler::FileAndDir; _Alloc = std::allocator<rocksdb::DeleteScheduler::FileAndDir>]	112	static
/home/gregorian-rayne/CLionProjects/build-hotspot-analyzer/tests/cli/repos/rocksdb/file/delete_scheduler.cc:23:1:rocksdb::DeleteScheduler::DeleteScheduler(rocksdb::SystemClock*, rocksdb::FileSystem*, int64_t, rocksdb::Logger*, rocksdb::SstFileManagerImpl*, double, uint64_t)	96	static
/usr/include/c++/13/bits/basic_string.h:280:7:constexpr void std::__cxx11::basic_string<_CharT, _Traits, _Alloc>::_M_dispose() [with _CharT = char; _Traits = std::char_traits<char>; _Alloc = std::allocator<char>]	8	static
/home/gregorian-rayne/CLionProjects/build-hotspot-analyzer/tests/cli/repos/rocksdb/file/delete_scheduler.cc:367:8:rocksdb::Status rocksdb::DeleteScheduler::DeleteTrashFile(const std::string&, const std::string&, bool, uint64_t*, bool*)	384	static
/home/gregorian-rayne/CLionProjects/build-hotspot-analyzer/tests/cli/repos/rocksdb/file/delete_scheduler.cc:230:8:rocksdb::Status rocksdb::DeleteScheduler::MarkAsTrash(const std::string&, bool, std::string*)	640	static
/home/gregorian-rayne/CLionProjects/build-hotspot-analyzer/tests/cli/repos/rocksdb/file/delete_scheduler.cc:192:8:static rocksdb::Status rocksdb::DeleteScheduler::CleanupDirectory(rocksdb::Env*, rocksdb::SstFileManagerImpl*, const std::string&)	368	static
/usr/include/c++/13/bits/stl_tree.h:1892:7:std::_Rb_tree_node<_Val>* std::_Rb_tree<_Key, _Val, _KeyOfValue, _Compare, _Alloc>::_M_copy(_Link_type, _Base_ptr, _NodeGen&) [with bool _MoveValues = false; _NodeGen = std::_Rb_tree<std::__cxx11::basic_string<char>, std::pair<const std::__cxx11::basic_string<char>, rocksdb::Status>, std::_Select1st<std::pair<const std::__cxx11::basic_string<char>, rocksdb::Status> >, std::less<std::__cxx11::basic_string<char> >, std::allocator<std::pair<const std::__cxx11::basic_string<char>, rocksdb::Status> > >::_Alloc_node; _Key = std::__cxx11::basic_string<char>; _Val = std::pair<const std::__cxx11::basic_string<char>, rocksdb::Status>; _KeyOfValue = std::_Select1st<std::pair<const std::__cxx11::basic_string<char>, rocksdb::Status> >; _Compare = std::less<std::__cxx11::basic_string<char> >; _Alloc = std::allocator<std::pair<const std::__cxx11::basic_string<char>, rocksdb::Status> >]	96	static
/home/gregorian-rayne/CLionProjects/build-hotspot-analyzer/tests/cli/repos/rocksdb/file/delete_scheduler.cc:180:31:std::map<std::__cxx11::basic_string<char>, rocksdb::Status> rocksdb::DeleteScheduler::GetBackgroundErrors()	48	static
/usr/include/c++/13/bits/deque.tcc:484:7:) [with _Args = {std::__cxx11::basic_string<char, std::char_traits<char>, std::allocator<char> >&, const std::__cxx11::basic_string<char, std::char_traits<char>, std::allocator<char> >&, bool&, std::optional<int>&}; _Tp = rocksdb::DeleteScheduler::FileAndDir; _Alloc = std::allocator<rocksdb::DeleteScheduler::FileAndDir>]	128	static
/home/gregorian-rayne/CLionProjects/build-hotspot-analyzer/tests/cli/repos/rocksdb/file/delete_scheduler.cc:122:8:rocksdb::Status rocksdb::DeleteScheduler::AddFileToDeletionQueue(const std::string&, const std::string&, std::optional<int>, bool)	336	static
/home/gregorian-rayne/CLionProjects/build-hotspot-analyzer/tests/cli/repos/rocksdb/file/delete_scheduler.cc:60:8:rocksdb::Status rocksdb::DeleteScheduler::DeleteFile(const std::string&, const std::string&, bool)	128	dynamic,bounded
/home/gregorian-rayne/CLionProjects/build-hotspot-analyzer/tests/cli/repos/rocksdb/file/delete_scheduler.cc:85:8:rocksdb::Status rocksdb::DeleteScheduler::DeleteUnaccountedFile(const std::string&, const std::string&, bool, std::optional<int>)	208	static
/usr/include/c++/13/bits/stl_tree.h:2458:7:) [with _Args = {int&, int}; _Key = int; _Val = std::pair<const int, int>; _KeyOfValue = std::_Select1st<std::pair<const int, int> >; _Compare = std::less<int>; _Alloc = std::allocator<std::pair<const int, int> >]	80	static
/home/gregorian-rayne/CLionProjects/build-hotspot-analyzer/tests/cli/repos/rocksdb/file/delete_scheduler.cc:478:24:std::optional<int> rocksdb::DeleteScheduler::NewTrashBucket()	80	static
/usr/include/c++/13/bits/stl_tree.h:2108:5:std::pair<std::_Rb_tree_node_base*, std::_Rb_tree_node_base*> std::_Rb_tree<_Key, _Val, _KeyOfValue, _Compare, _Alloc>::_M_get_insert_unique_pos(const key_type&) [with _Key = std::__cxx11::basic_string<char>; _Val = std::pair<const std::__cxx11::basic_string<char>, rocksdb::Status>; _KeyOfValue = std::_Select1st<std::pair<const std::__cxx11::basic_string<char>, rocksdb::Status> >; _Compare = std::less<std::__cxx11::basic_string<char> >; _Alloc = std::allocator<std::pair<const std::__cxx11::basic_string<char>, rocksdb::Status> >]	96	static
/usr/include/c++/13/bits/stl_tree.h:2210:5:std::pair<std::_Rb_tree_node_base*, std::_Rb_tree_node_base*> std::_Rb_tree<_Key, _Val, _KeyOfValue, _Compare, _Alloc>::_M_get_insert_hint_unique_pos(const_iterator, const key_type&) [with _Key = std::__cxx11::basic_string<char>; _Val = std::pair<const std::__cxx11::basic_string<char>, rocksdb::Status>; _KeyOfValue = std::_Select1st<std::pair<const std::__cxx11::basic_string<char>, rocksdb::Status> >; _Compare = std::less<std::__cxx11::basic_string<char> >; _Alloc = std::allocator<std::pair<const std::__cxx11::basic_string<char>, rocksdb::Status> >]	96	static
/home/gregorian-rayne/CLionProjects/build-hotspot-analyzer/tests/cli/repos/rocksdb/file/delete_scheduler.cc:271:6:void rocksdb::DeleteScheduler::BackgroundEmptyTrash()	368	dynamic,bounded
/home/gregorian-rayne/CLionProjects/build-hotspot-analyzer/tests/cli/repos/rocksdb/file/delete_scheduler.cc:513:1:cc)	48	static
