/home/gregorian-rayne/CLionProjects/build-hotspot-analyzer/tests/cli/repos/rocksdb/include/rocksdb/comparator.h:106:16:virtual bool rocksdb::Comparator::IsSameLengthImmediateSuccessor(const rocksdb::Slice&, const rocksdb::Slice&) const	8	static
/home/gregorian-rayne/CLionProjects/build-hotspot-analyzer/tests/cli/repos/rocksdb/include/rocksdb/comparator.h:168:15:virtual int rocksdb::Comparator::CompareWithoutTimestamp(const rocksdb::Slice&, bool, const rocksdb::Slice&, bool) const	8	static
/home/gregorian-rayne/CLionProjects/build-hotspot-analyzer/tests/cli/repos/rocksdb/include/rocksdb/memory_allocator.h:34:18:virtual size_t rocksdb::MemoryAllocator::UsableSize(void*, size_t) const	8	static
/home/gregorian-rayne/CLionProjects/build-hotspot-analyzer/tests/cli/repos/rocksdb/include/rocksdb/slice_transform.h:92:16:virtual bool rocksdb::SliceTransform::FullLengthEnabled(size_t*) const	8	static
/home/gregorian-rayne/CLionProjects/build-hotspot-analyzer/tests/cli/repos/rocksdb/db/dbformat.h:400:11:rocksdb::InternalKeyComparator::~InternalKeyComparator()	8	static
/home/gregorian-rayne/CLionProjects/build-hotspot-analyzer/tests/cli/repos/rocksdb/table/block_based/filter_block.h:202:18:virtual rocksdb::Status rocksdb::FilterBlockReader::CacheDependencies(const rocksdb::ReadOptions&, bool, rocksdb::FilePrefetchBuffer*)	8	static
/home/gregorian-rayne/CLionProjects/build-hotspot-analyzer/tests/cli/repos/rocksdb/db/dbformat.h:400:11:virtual rocksdb::InternalKeyComparator::~InternalKeyComparator()	8	static
/home/gregorian-rayne/CLionProjects/build-hotspot-analyzer/tests/cli/repos/rocksdb/db/dbformat.h:1085:12:virtual int rocksdb::InternalKeyComparator::Compare(const rocksdb::Slice&, const rocksdb::Slice&) const	96	static
/usr/include/c++/13/bits/stl_vector.h:733:7:constexpr std::vector<_Tp, _Alloc>::~vector() [with _Tp = rocksdb::Slice; _Alloc = std::allocator<rocksdb::Slice>]	8	static
/home/gregorian-rayne/CLionProjects/build-hotspot-analyzer/tests/cli/repos/rocksdb/table/block_based/filter_block.h:197:23:virtual std::string rocksdb::FilterBlockReader::ToString() const	32	static
/home/gregorian-rayne/CLionProjects/build-hotspot-analyzer/tests/cli/repos/rocksdb/table/block_based/filter_block.h:155:16:virtual void rocksdb::FilterBlockReader::KeysMayMatch(rocksdb::MultiGetRange*, rocksdb::BlockCacheLookupContext*, const rocksdb::ReadOptions&)	144	static
/home/gregorian-rayne/CLionProjects/build-hotspot-analyzer/tests/cli/repos/rocksdb/monitoring/perf_step_timer.h:45:8:0()	32	static
/home/gregorian-rayne/CLionProjects/build-hotspot-analyzer/tests/cli/repos/rocksdb/include/rocksdb/advanced_cache.h:597:8:virtual bool rocksdb::CacheWrapper::Release(rocksdb::Cache::Handle*, bool)	8	static
/home/gregorian-rayne/CLionProjects/build-hotspot-analyzer/tests/cli/repos/rocksdb/table/block_based/filter_block.h:178:16:virtual void rocksdb::FilterBlockReader::PrefixesMayMatch(rocksdb::MultiGetRange*, const rocksdb::SliceTransform*, rocksdb::BlockCacheLookupContext*, const rocksdb::ReadOptions&)	240	static
/home/gregorian-rayne/CLionProjects/build-hotspot-analyzer/tests/cli/repos/rocksdb/table/block_based/filter_block_reader_common.cc:152:6:void rocksdb::FilterBlockReaderCommon<TBlocklike>::EraseFromCacheBeforeDestruction(uint32_t) [with TBlocklike = rocksdb::Block_kFilterPartitionIndex]	32	static
/home/gregorian-rayne/CLionProjects/build-hotspot-analyzer/tests/cli/repos/rocksdb/table/block_based/filter_block_reader_common.cc:152:6:void rocksdb::FilterBlockReaderCommon<TBlocklike>::EraseFromCacheBeforeDestruction(uint32_t) [with TBlocklike = rocksdb::ParsedFullFilterBlock]	32	static
/home/gregorian-rayne/CLionProjects/build-hotspot-analyzer/tests/cli/repos/rocksdb/db/dbformat.h:978:8:virtual bool rocksdb::InternalKeySliceTransform::InDomain(const rocksdb::Slice&) const	176	static
/home/gregorian-rayne/CLionProjects/build-hotspot-analyzer/tests/cli/repos/rocksdb/db/dbformat.h:973:9:virtual rocksdb::Slice rocksdb::InternalKeySliceTransform::Transform(const rocksdb::Slice&) const	176	static
/home/gregorian-rayne/CLionProjects/build-hotspot-analyzer/tests/cli/repos/rocksdb/table/block_based/filter_block_reader_common.cc:17:8:static rocksdb::Status rocksdb::FilterBlockReaderCommon<TBlocklike>::ReadFilterBlock(const rocksdb::BlockBasedTable*, rocksdb::FilePrefetchBuffer*, const rocksdb::ReadOptions&, bool, rocksdb::GetContext*, rocksdb::BlockCacheLookupContext*, rocksdb::CachableEntry<TBlocklike>*) [with TBlocklike = rocksdb::Block_kFilterPartitionIndex]	224	dynamic,bounded
/home/gregorian-rayne/CLionProjects/build-hotspot-analyzer/tests/cli/repos/rocksdb/table/block_based/filter_block_reader_common.h:56:26:const rocksdb::BlockBasedTable* rocksdb::FilterBlockReaderCommon<TBlocklike>::table() const [with TBlocklike = rocksdb::Block_kFilterPartitionIndex]	8	static
/home/gregorian-rayne/CLionProjects/build-hotspot-analyzer/tests/cli/repos/rocksdb/table/block_based/filter_block_reader_common.cc:42:1:const rocksdb::SliceTransform* rocksdb::FilterBlockReaderCommon<TBlocklike>::table_prefix_extractor() const [with TBlocklike = rocksdb::Block_kFilterPartitionIndex]	8	static
/home/gregorian-rayne/CLionProjects/build-hotspot-analyzer/tests/cli/repos/rocksdb/table/block_based/filter_block_reader_common.cc:52:6:bool rocksdb::FilterBlockReaderCommon<TBlocklike>::whole_key_filtering() const [with TBlocklike = rocksdb::Block_kFilterPartitionIndex]	8	static
/home/gregorian-rayne/CLionProjects/build-hotspot-analyzer/tests/cli/repos/rocksdb/table/block_based/filter_block_reader_common.cc:60:6:bool rocksdb::FilterBlockReaderCommon<TBlocklike>::cache_filter_blocks() const [with TBlocklike = rocksdb::Block_kFilterPartitionIndex]	8	static
/home/gregorian-rayne/CLionProjects/build-hotspot-analyzer/tests/cli/repos/rocksdb/table/block_based/filter_block_reader_common.cc:68:8:rocksdb::Status rocksdb::FilterBlockReaderCommon<TBlocklike>::GetOrReadFilterBlock(rocksdb::GetContext*, rocksdb::BlockCacheLookupContext*, rocksdb::CachableEntry<TBlocklike>*, const rocksdb::ReadOptions&) const [with TBlocklike = rocksdb::Block_kFilterPartitionIndex]	80	dynamic,bounded
/home/gregorian-rayne/CLionProjects/build-hotspot-analyzer/tests/cli/repos/rocksdb/table/block_based/filter_block_reader_common.cc:85:8:size_t rocksdb::FilterBlockReaderCommon<TBlocklike>::ApproximateFilterBlockMemoryUsage() const [with TBlocklike = rocksdb::Block_kFilterPartitionIndex]	8	static
/home/gregorian-rayne/CLionProjects/build-hotspot-analyzer/tests/cli/repos/rocksdb/table/block_based/filter_block_reader_common.cc:118:6:bool rocksdb::FilterBlockReaderCommon<TBlocklike>::IsFilterCompatible(const rocksdb::Slice*, const rocksdb::Slice&, const rocksdb::Comparator*) const [with TBlocklike = rocksdb::Block_kFilterPartitionIndex]	272	static
/home/gregorian-rayne/CLionProjects/build-hotspot-analyzer/tests/cli/repos/rocksdb/table/block_based/filter_block_reader_common.cc:94:6:bool rocksdb::FilterBlockReaderCommon<TBlocklike>::RangeMayExist(const rocksdb::Slice*, const rocksdb::Slice&, const rocksdb::SliceTransform*, const rocksdb::Comparator*, const rocksdb::Slice*, bool*, bool, rocksdb::BlockCacheLookupContext*, const rocksdb::ReadOptions&) [with TBlocklike = rocksdb::Block_kFilterPartitionIndex]	320	static
/home/gregorian-rayne/CLionProjects/build-hotspot-analyzer/tests/cli/repos/rocksdb/table/block_based/filter_block_reader_common.cc:17:8:static rocksdb::Status rocksdb::FilterBlockReaderCommon<TBlocklike>::ReadFilterBlock(const rocksdb::BlockBasedTable*, rocksdb::FilePrefetchBuffer*, const rocksdb::ReadOptions&, bool, rocksdb::GetContext*, rocksdb::BlockCacheLookupContext*, rocksdb::CachableEntry<TBlocklike>*) [with TBlocklike = rocksdb::ParsedFullFilterBlock]	224	dynamic,bounded
/home/gregorian-rayne/CLionProjects/build-hotspot-analyzer/tests/cli/repos/rocksdb/table/block_based/filter_block_reader_common.h:56:26:const rocksdb::BlockBasedTable* rocksdb::FilterBlockReaderCommon<TBlocklike>::table() const [with TBlocklike = rocksdb::ParsedFullFilterBlock]	8	static
/home/gregorian-rayne/CLionProjects/build-hotspot-analyzer/tests/cli/repos/rocksdb/table/block_based/filter_block_reader_common.cc:42:1:const rocksdb::SliceTransform* rocksdb::FilterBlockReaderCommon<TBlocklike>::table_prefix_extractor() const [with TBlocklike = rocksdb::ParsedFullFilterBlock]	8	static
/home/gregorian-rayne/CLionProjects/build-hotspot-analyzer/tests/cli/repos/rocksdb/table/block_based/filter_block_reader_common.cc:52:6:bool rocksdb::FilterBlockReaderCommon<TBlocklike>::whole_key_filtering() const [with TBlocklike = rocksdb::ParsedFullFilterBlock]	8	static
/home/gregorian-rayne/CLionProjects/build-hotspot-analyzer/tests/cli/repos/rocksdb/table/block_based/filter_block_reader_common.cc:60:6:bool rocksdb::FilterBlockReaderCommon<TBlocklike>::cache_filter_blocks() const [with TBlocklike = rocksdb::ParsedFullFilterBlock]	8	static
/home/gregorian-rayne/CLionProjects/build-hotspot-analyzer/tests/cli/repos/rocksdb/table/block_based/filter_block_reader_common.cc:68:8:rocksdb::Status rocksdb::FilterBlockReaderCommon<TBlocklike>::GetOrReadFilterBlock(rocksdb::GetContext*, rocksdb::BlockCacheLookupContext*, rocksdb::CachableEntry<TBlocklike>*, const rocksdb::ReadOptions&) const [with TBlocklike = rocksdb::ParsedFullFilterBlock]	80	dynamic,bounded
/home/gregorian-rayne/CLionProjects/build-hotspot-analyzer/tests/cli/repos/rocksdb/table/block_based/filter_block_reader_common.cc:85:8:size_t rocksdb::FilterBlockReaderCommon<TBlocklike>::ApproximateFilterBlockMemoryUsage() const [with TBlocklike = rocksdb::ParsedFullFilterBlock]	16	static
/home/gregorian-rayne/CLionProjects/build-hotspot-analyzer/tests/cli/repos/rocksdb/table/block_based/filter_block_reader_common.cc:118:6:bool rocksdb::FilterBlockReaderCommon<TBlocklike>::IsFilterCompatible(const rocksdb::Slice*, const rocksdb::Slice&, const rocksdb::Comparator*) const [with TBlocklike = rocksdb::ParsedFullFilterBlock]	272	static
/home/gregorian-rayne/CLionProjects/build-hotspot-analyzer/tests/cli/repos/rocksdb/table/block_based/filter_block_reader_common.cc:94:6:bool rocksdb::FilterBlockReaderCommon<TBlocklike>::RangeMayExist(const rocksdb::Slice*, const rocksdb::Slice&, const rocksdb::SliceTransform*, const rocksdb::Comparator*, const rocksdb::Slice*, bool*, bool, rocksdb::BlockCacheLookupContext*, const rocksdb::ReadOptions&) [with TBlocklike = rocksdb::ParsedFullFilterBlock]	320	static
/home/gregorian-rayne/CLionProjects/build-hotspot-analyzer/tests/cli/repos/rocksdb/table/block_based/cachable_entry.h:208:8:void rocksdb::CachableEntry<T>::ReleaseResource(bool) [with T = rocksdb::Block_kFilterPartitionIndex]	32	static
/home/gregorian-rayne/CLionProjects/build-hotspot-analyzer/tests/cli/repos/rocksdb/table/block_based/filter_block_reader_common.h:26:3:rocksdb::FilterBlockReaderCommon<TBlocklike>::FilterBlockReaderCommon(const rocksdb::BlockBasedTable*, rocksdb::CachableEntry<TBlocklike>&&) [with TBlocklike = rocksdb::Block_kFilterPartitionIndex]	32	static
/home/gregorian-rayne/CLionProjects/build-hotspot-analyzer/tests/cli/repos/rocksdb/table/block_based/cachable_entry.h:208:8:void rocksdb::CachableEntry<T>::ReleaseResource(bool) [with T = rocksdb::ParsedFullFilterBlock]	32	static
/home/gregorian-rayne/CLionProjects/build-hotspot-analyzer/tests/cli/repos/rocksdb/table/block_based/filter_block_reader_common.h:26:3:rocksdb::FilterBlockReaderCommon<TBlocklike>::FilterBlockReaderCommon(const rocksdb::BlockBasedTable*, rocksdb::CachableEntry<TBlocklike>&&) [with TBlocklike = rocksdb::ParsedFullFilterBlock]	32	static
/home/gregorian-rayne/CLionProjects/build-hotspot-analyzer/tests/cli/repos/rocksdb/table/block_based/filter_block_reader_common.cc:168:1:cc)	8	static
