/usr/include/gflags/gflags.h:587:3:fLS::StringFlagDestructor::~StringFlagDestructor()	32	static
/mnt/c/Users/grego/CLionProjects/BuildtimeHotspotAnalyzer/tests/temp/repos/rocksdb/tools/io_tracer_parser_tool.cc:26:1:rocksdb::IOTraceRecordParser::IOTraceRecordParser(const std::string&)	48	static
/mnt/c/Users/grego/CLionProjects/BuildtimeHotspotAnalyzer/tests/temp/repos/rocksdb/trace_replay/io_tracer.h:40:8:constexpr rocksdb::IOTraceRecord::~IOTraceRecord()	32	static
/usr/include/c++/13/bits/basic_string.h:280:7:constexpr void std::__cxx11::basic_string<_CharT, _Traits, _Alloc>::_M_dispose() [with _CharT = char; _Traits = std::char_traits<char>; _Alloc = std::allocator<char>]	8	static
/mnt/c/Users/grego/CLionProjects/BuildtimeHotspotAnalyzer/tests/temp/repos/rocksdb/tools/io_tracer_parser_tool.cc:38:6:void rocksdb::IOTraceRecordParser::PrintHumanReadableIOTraceRecord(const rocksdb::IOTraceRecord&)	608	dynamic,bounded
/mnt/c/Users/grego/CLionProjects/BuildtimeHotspotAnalyzer/tests/temp/repos/rocksdb/tools/io_tracer_parser_tool.cc:29:6:void rocksdb::IOTraceRecordParser::PrintHumanReadableHeader(const rocksdb::IOTraceHeader&)	576	static
/mnt/c/Users/grego/CLionProjects/BuildtimeHotspotAnalyzer/tests/temp/repos/rocksdb/tools/io_tracer_parser_tool.cc:95:5:int rocksdb::IOTraceRecordParser::ReadIOTraceRecords()	416	static
/mnt/c/Users/grego/CLionProjects/BuildtimeHotspotAnalyzer/tests/temp/repos/rocksdb/tools/io_tracer_parser_tool.cc:129:5:int rocksdb::io_tracer_parser(int, char**)	112	static
/mnt/c/Users/grego/CLionProjects/BuildtimeHotspotAnalyzer/tests/temp/repos/rocksdb/tools/io_tracer_parser_tool.cc:141:1:cc)	32	static
