/mnt/c/Users/grego/CLionProjects/BuildtimeHotspotAnalyzer/tests/temp/repos/rocksdb/db/dbformat.h:400:11:rocksdb::InternalKeyComparator::~InternalKeyComparator()	8	static
/mnt/c/Users/grego/CLionProjects/BuildtimeHotspotAnalyzer/tests/temp/repos/rocksdb/table/block_based/block.h:335:8:bool rocksdb::BlockIter<TValue>::Valid() const [with TValue = rocksdb::Slice]	8	static
/mnt/c/Users/grego/CLionProjects/BuildtimeHotspotAnalyzer/tests/temp/repos/rocksdb/table/block_based/block.h:382:9:rocksdb::Slice rocksdb::BlockIter<TValue>::key() const [with TValue = rocksdb::Slice]	8	static
/mnt/c/Users/grego/CLionProjects/BuildtimeHotspotAnalyzer/tests/temp/repos/rocksdb/table/internal_iterator.h:43:16:void rocksdb::InternalIteratorBase<TValue>::SetRangeDelReadSeqno(rocksdb::SequenceNumber) [with TValue = rocksdb::Slice]	8	static
/mnt/c/Users/grego/CLionProjects/BuildtimeHotspotAnalyzer/tests/temp/repos/rocksdb/table/internal_iterator.h:111:20:uint64_t rocksdb::InternalIteratorBase<TValue>::write_unix_time() const [with TValue = rocksdb::Slice]	8	static
/mnt/c/Users/grego/CLionProjects/BuildtimeHotspotAnalyzer/tests/temp/repos/rocksdb/table/internal_iterator.h:117:17:rocksdb::Slice rocksdb::InternalIteratorBase<TValue>::user_key() const [with TValue = rocksdb::Slice]	16	static
/mnt/c/Users/grego/CLionProjects/BuildtimeHotspotAnalyzer/tests/temp/repos/rocksdb/table/internal_iterator.h:142:16:bool rocksdb::InternalIteratorBase<TValue>::PrepareValue() [with TValue = rocksdb::Slice]	8	static
/mnt/c/Users/grego/CLionProjects/BuildtimeHotspotAnalyzer/tests/temp/repos/rocksdb/table/internal_iterator.h:145:16:bool rocksdb::InternalIteratorBase<TValue>::MayBeOutOfLowerBound() [with TValue = rocksdb::Slice]	8	static
/mnt/c/Users/grego/CLionProjects/BuildtimeHotspotAnalyzer/tests/temp/repos/rocksdb/table/internal_iterator.h:152:26:rocksdb::IterBoundCheck rocksdb::InternalIteratorBase<TValue>::UpperBoundCheckResult() [with TValue = rocksdb::Slice]	8	static
/mnt/c/Users/grego/CLionProjects/BuildtimeHotspotAnalyzer/tests/temp/repos/rocksdb/table/internal_iterator.h:161:16:void rocksdb::InternalIteratorBase<TValue>::SetPinnedItersMgr(rocksdb::PinnedIteratorsManager*) [with TValue = rocksdb::Slice]	8	static
/mnt/c/Users/grego/CLionProjects/BuildtimeHotspotAnalyzer/tests/temp/repos/rocksdb/table/block_based/block.h:412:8:bool rocksdb::BlockIter<TValue>::IsKeyPinned() const [with TValue = rocksdb::Slice]	8	static
/mnt/c/Users/grego/CLionProjects/BuildtimeHotspotAnalyzer/tests/temp/repos/rocksdb/table/block_based/block.h:416:8:bool rocksdb::BlockIter<TValue>::IsValuePinned() const [with TValue = rocksdb::Slice]	8	static
/mnt/c/Users/grego/CLionProjects/BuildtimeHotspotAnalyzer/tests/temp/repos/rocksdb/table/internal_iterator.h:191:16:void rocksdb::InternalIteratorBase<TValue>::GetReadaheadState(rocksdb::ReadaheadFileInfo*) [with TValue = rocksdb::Slice]	8	static
/mnt/c/Users/grego/CLionProjects/BuildtimeHotspotAnalyzer/tests/temp/repos/rocksdb/table/internal_iterator.h:194:16:void rocksdb::InternalIteratorBase<TValue>::SetReadaheadState(rocksdb::ReadaheadFileInfo*) [with TValue = rocksdb::Slice]	8	static
/mnt/c/Users/grego/CLionProjects/BuildtimeHotspotAnalyzer/tests/temp/repos/rocksdb/table/internal_iterator.h:201:16:bool rocksdb::InternalIteratorBase<TValue>::IsDeleteRangeSentinelKey() const [with TValue = rocksdb::Slice]	8	static
/mnt/c/Users/grego/CLionProjects/BuildtimeHotspotAnalyzer/tests/temp/repos/rocksdb/table/internal_iterator.h:203:16:void rocksdb::InternalIteratorBase<TValue>::Prepare(const rocksdb::MultiScanArgs*) [with TValue = rocksdb::Slice]	8	static
/mnt/c/Users/grego/CLionProjects/BuildtimeHotspotAnalyzer/tests/temp/repos/rocksdb/table/block_based/block.h:498:20:uint32_t rocksdb::BlockIter<TValue>::NumberOfKeys(uint32_t) [with TValue = rocksdb::Slice]	32	static
/mnt/c/Users/grego/CLionProjects/BuildtimeHotspotAnalyzer/tests/temp/repos/rocksdb/table/internal_iterator.h:172:16:bool rocksdb::InternalIteratorBase<TValue>::IsKeyPinned() const [with TValue = rocksdb::Slice]	8	static
/mnt/c/Users/grego/CLionProjects/BuildtimeHotspotAnalyzer/tests/temp/repos/rocksdb/table/internal_iterator.h:178:16:bool rocksdb::InternalIteratorBase<TValue>::IsValuePinned() const [with TValue = rocksdb::Slice]	8	static
/mnt/c/Users/grego/CLionProjects/BuildtimeHotspotAnalyzer/tests/temp/repos/rocksdb/db/dbformat.h:400:11:virtual rocksdb::InternalKeyComparator::~InternalKeyComparator()	8	static
/mnt/c/Users/grego/CLionProjects/BuildtimeHotspotAnalyzer/tests/temp/repos/rocksdb/table/internal_iterator.h:180:18:rocksdb::Status rocksdb::InternalIteratorBase<TValue>::GetProperty(std::string, std::string*) [with TValue = rocksdb::Slice]	80	static
/mnt/c/Users/grego/CLionProjects/BuildtimeHotspotAnalyzer/tests/temp/repos/rocksdb/table/block_based/block.h:482:20:uint32_t rocksdb::BlockIter<TValue>::GetRestartInterval() [with TValue = rocksdb::Slice]	48	static
/mnt/c/Users/grego/CLionProjects/BuildtimeHotspotAnalyzer/tests/temp/repos/rocksdb/db/dbformat.h:1085:12:virtual int rocksdb::InternalKeyComparator::Compare(const rocksdb::Slice&, const rocksdb::Slice&) const	96	static
/usr/include/c++/13/bits/stl_vector.h:733:7:constexpr std::vector<_Tp, _Alloc>::~vector() [with _Tp = rocksdb::Slice; _Alloc = std::allocator<rocksdb::Slice>]	8	static
/usr/include/c++/13/bits/basic_string.h:853:7:constexpr std::__cxx11::basic_string<_CharT, _Traits, _Alloc>& std::__cxx11::basic_string<_CharT, _Traits, _Alloc>::operator=(std::__cxx11::basic_string<_CharT, _Traits, _Alloc>&&) [with _CharT = char; _Traits = std::char_traits<char>; _Alloc = std::allocator<char>]	32	static
/mnt/c/Users/grego/CLionProjects/BuildtimeHotspotAnalyzer/tests/temp/repos/rocksdb/memory/memory_allocator_impl.h:18:8:void rocksdb::CacheAllocationDeleter::operator()(char*) const	8	static
/mnt/c/Users/grego/CLionProjects/BuildtimeHotspotAnalyzer/tests/temp/repos/rocksdb/include/rocksdb/status.h:594:16:rocksdb::Status& rocksdb::Status::operator=(rocksdb::Status&&)	8	static
/mnt/c/Users/grego/CLionProjects/BuildtimeHotspotAnalyzer/tests/temp/repos/rocksdb/table/block_based/block.h:323:16:void rocksdb::BlockIter<TValue>::Invalidate(const rocksdb::Status&) [with TValue = rocksdb::Slice]	48	static
/mnt/c/Users/grego/CLionProjects/BuildtimeHotspotAnalyzer/tests/temp/repos/rocksdb/table/internal_iterator.h:81:16:bool rocksdb::InternalIteratorBase<TValue>::NextAndGetResult(rocksdb::IterateResult*) [with TValue = rocksdb::Slice]	48	static
/mnt/c/Users/grego/CLionProjects/BuildtimeHotspotAnalyzer/tests/temp/repos/rocksdb/table/block_based/block.h:380:10:rocksdb::Status rocksdb::BlockIter<TValue>::status() const [with TValue = rocksdb::Slice]	48	static
/mnt/c/Users/grego/CLionProjects/BuildtimeHotspotAnalyzer/tests/temp/repos/rocksdb/include/rocksdb/system_clock.h:95:12:virtual uint64_t rocksdb::SystemClockWrapper::NowMicros()	8	static
/mnt/c/Users/grego/CLionProjects/BuildtimeHotspotAnalyzer/tests/temp/repos/rocksdb/util/thread_operation.h:38:22:void __tcf_0(void*)	32	static
/mnt/c/Users/grego/CLionProjects/BuildtimeHotspotAnalyzer/tests/temp/repos/rocksdb/util/thread_operation.h:63:27:void __tcf_1(void*)	32	static
/mnt/c/Users/grego/CLionProjects/BuildtimeHotspotAnalyzer/tests/temp/repos/rocksdb/util/thread_operation.h:103:26:void __tcf_3(void*)	32	static
/usr/include/c++/13/bits/basic_string.tcc:221:7:constexpr void std::__cxx11::basic_string<_CharT, _Traits, _Alloc>::_M_construct(_InIterator, _InIterator, std::forward_iterator_tag) [with _FwdIterator = char*; _CharT = char; _Traits = std::char_traits<char>; _Alloc = std::allocator<char>]	48	static
/usr/include/c++/13/bits/basic_string.h:641:7:constexpr std::__cxx11::basic_string<_CharT, _Traits, _Alloc>::basic_string(const _CharT*, const _Alloc&) [with <template-parameter-2-1> = std::allocator<char>; _CharT = char; _Traits = std::char_traits<char>; _Alloc = std::allocator<char>]	48	static
/mnt/c/Users/grego/CLionProjects/BuildtimeHotspotAnalyzer/tests/temp/repos/rocksdb/util/thread_operation.h:112:26:void __tcf_4(void*)	32	static
/mnt/c/Users/grego/CLionProjects/BuildtimeHotspotAnalyzer/tests/temp/repos/rocksdb/util/thread_operation.h:93:18:void __tcf_2(void*)	16	static
/usr/include/c++/13/bits/basic_string.h:803:7:constexpr std::__cxx11::basic_string<_CharT, _Traits, _Alloc>::~basic_string() [with _CharT = char; _Traits = std::char_traits<char>; _Alloc = std::allocator<char>]	8	static
/usr/include/c++/13/bits/stl_tree.h:1930:5:void std::_Rb_tree<_Key, _Val, _KeyOfValue, _Compare, _Alloc>::_M_erase(_Link_type) [with _Key = std::__cxx11::basic_string<char>; _Val = std::pair<const std::__cxx11::basic_string<char>, long unsigned int>; _KeyOfValue = std::_Select1st<std::pair<const std::__cxx11::basic_string<char>, long unsigned int> >; _Compare = std::less<std::__cxx11::basic_string<char> >; _Alloc = std::allocator<std::pair<const std::__cxx11::basic_string<char>, long unsigned int> >]	112	static
/usr/include/c++/13/bits/stl_tree.h:1930:5:void std::_Rb_tree<_Key, _Val, _KeyOfValue, _Compare, _Alloc>::_M_erase(_Link_type) [with _Key = std::__cxx11::basic_string<char>; _Val = std::pair<const std::__cxx11::basic_string<char>, std::__cxx11::basic_string<char> >; _KeyOfValue = std::_Select1st<std::pair<const std::__cxx11::basic_string<char>, std::__cxx11::basic_string<char> > >; _Compare = rocksdb::stl_wrappers::LessOfComparator; _Alloc = std::allocator<std::pair<const std::__cxx11::basic_string<char>, std::__cxx11::basic_string<char> > >]	112	static
/usr/include/c++/13/bits/stl_tree.h:1930:5:void std::_Rb_tree<_Key, _Val, _KeyOfValue, _Compare, _Alloc>::_M_erase(_Link_type) [with _Key = std::__cxx11::basic_string<char>; _Val = std::pair<const std::__cxx11::basic_string<char>, std::__cxx11::basic_string<char> >; _KeyOfValue = std::_Select1st<std::pair<const std::__cxx11::basic_string<char>, std::__cxx11::basic_string<char> > >; _Compare = std::less<std::__cxx11::basic_string<char> >; _Alloc = std::allocator<std::pair<const std::__cxx11::basic_string<char>, std::__cxx11::basic_string<char> > >]	112	static
/mnt/c/Users/grego/CLionProjects/BuildtimeHotspotAnalyzer/tests/temp/repos/rocksdb/table/meta_blocks.cc:37:1:rocksdb::MetaIndexBuilder::MetaIndexBuilder()	64	dynamic,bounded
/mnt/c/Users/grego/CLionProjects/BuildtimeHotspotAnalyzer/tests/temp/repos/rocksdb/table/meta_blocks.cc:46:7:rocksdb::Slice rocksdb::MetaIndexBuilder::Finish()	112	static
/mnt/c/Users/grego/CLionProjects/BuildtimeHotspotAnalyzer/tests/temp/repos/rocksdb/table/meta_blocks.cc:175:7:rocksdb::Slice rocksdb::PropertyBlockBuilder::Finish()	112	static
/mnt/c/Users/grego/CLionProjects/BuildtimeHotspotAnalyzer/tests/temp/repos/rocksdb/table/meta_blocks.cc:214:6:void rocksdb::NotifyCollectTableCollectorsOnBlockAdd(const std::vector<std::unique_ptr<InternalTblPropColl> >&, uint64_t, uint64_t, uint64_t)	64	static
/usr/include/c++/13/bits/basic_string.h:3710:5:constexpr bool std::operator==(const __cxx11::basic_string<_CharT, _Traits, _Allocator>&, const __cxx11::basic_string<_CharT, _Traits, _Allocator>&) [with _CharT = char; _Traits = char_traits<char>; _Alloc = allocator<char>]	16	static
/mnt/c/Users/grego/CLionProjects/BuildtimeHotspotAnalyzer/tests/temp/repos/rocksdb/table/block_fetcher.h:40:7:rocksdb::BlockFetcher::~BlockFetcher()	48	static
/mnt/c/Users/grego/CLionProjects/BuildtimeHotspotAnalyzer/tests/temp/repos/rocksdb/include/rocksdb/file_system.h:228:8:rocksdb::IODebugContext::~IODebugContext()	48	static
/mnt/c/Users/grego/CLionProjects/BuildtimeHotspotAnalyzer/tests/temp/repos/rocksdb/table/meta_blocks.cc:539:8:rocksdb::Status rocksdb::FindOptionalMetaBlock(InternalIterator*, const std::string&, BlockHandle*)	112	static
/mnt/c/Users/grego/CLionProjects/BuildtimeHotspotAnalyzer/tests/temp/repos/rocksdb/table/meta_blocks.cc:563:8:rocksdb::Status rocksdb::FindMetaBlock(InternalIterator*, const std::string&, BlockHandle*)	112	static
/usr/include/c++/13/bits/basic_string.h:677:7:constexpr std::__cxx11::basic_string<_CharT, _Traits, _Alloc>::basic_string(std::__cxx11::basic_string<_CharT, _Traits, _Alloc>&&) [with _CharT = char; _Traits = std::char_traits<char>; _Alloc = std::allocator<char>]	8	static
/usr/include/c++/13/bits/hashtable.h:1595:5:std::_Hashtable<_Key, _Value, _Alloc, _ExtractKey, _Equal, _Hash, _RangeHash, _Unused, _RehashPolicy, _Traits>::~_Hashtable() [with _Key = std::__cxx11::basic_string<char>; _Value = std::pair<const std::__cxx11::basic_string<char>, std::__cxx11::basic_string<char> >; _Alloc = std::allocator<std::pair<const std::__cxx11::basic_string<char>, std::__cxx11::basic_string<char> > >; _ExtractKey = std::__detail::_Select1st; _Equal = std::equal_to<std::__cxx11::basic_string<char> >; _Hash = std::hash<std::__cxx11::basic_string<char> >; _RangeHash = std::__detail::_Mod_range_hashing; _Unused = std::__detail::_Default_ranged_hash; _RehashPolicy = std::__detail::_Prime_rehash_policy; _Traits = std::__detail::_Hashtable_traits<true, false, true>]	48	static
/usr/include/c++/13/bits/unique_ptr.h:398:7:std::unique_ptr<_Tp, _Dp>::~unique_ptr() [with _Tp = void; _Dp = std::function<void(void*)>]	48	static
/mnt/c/Users/grego/CLionProjects/BuildtimeHotspotAnalyzer/tests/temp/repos/rocksdb/table/meta_blocks.cc:575:8:rocksdb::Status rocksdb::ReadMetaIndexBlockInFile(RandomAccessFileReader*, uint64_t, uint64_t, const ImmutableOptions&, const ReadOptions&, BlockContents*, MemoryAllocator*, FilePrefetchBuffer*, Footer*)	6208	dynamic,bounded
/mnt/c/Users/grego/CLionProjects/BuildtimeHotspotAnalyzer/tests/temp/repos/rocksdb/table/meta_blocks.cc:609:8:rocksdb::Status rocksdb::FindMetaBlockInFile(RandomAccessFileReader*, uint64_t, uint64_t, const ImmutableOptions&, const ReadOptions&, const std::string&, BlockHandle*, MemoryAllocator*, FilePrefetchBuffer*, Footer*)	240	dynamic,bounded
/mnt/c/Users/grego/CLionProjects/BuildtimeHotspotAnalyzer/tests/temp/repos/rocksdb/table/meta_blocks.cc:632:8:rocksdb::Status rocksdb::ReadMetaBlock(RandomAccessFileReader*, FilePrefetchBuffer*, uint64_t, uint64_t, const ImmutableOptions&, const ReadOptions&, const std::string&, BlockType, BlockContents*, MemoryAllocator*)	5808	dynamic,bounded
/usr/include/c++/13/bits/basic_string.h:280:7:constexpr void std::__cxx11::basic_string<_CharT, _Traits, _Alloc>::_M_dispose() [with _CharT = char; _Traits = std::char_traits<char>; _Alloc = std::allocator<char>]	8	static
/mnt/c/Users/grego/CLionProjects/BuildtimeHotspotAnalyzer/tests/temp/repos/rocksdb/table/meta_blocks.cc:188:6:void rocksdb::LogPropertiesCollectionError(Logger*, const std::string&, const std::string&)	224	static
/mnt/c/Users/grego/CLionProjects/BuildtimeHotspotAnalyzer/tests/temp/repos/rocksdb/table/meta_blocks.cc:198:6:bool rocksdb::NotifyCollectTableCollectorsOnAdd(const Slice&, const Slice&, uint64_t, const std::vector<std::unique_ptr<InternalTblPropColl> >&, Logger*)	224	static
/usr/include/c++/13/bits/unique_ptr.h:398:7:std::unique_ptr<_Tp, _Dp>::~unique_ptr() [with _Tp = rocksdb::BlockBuilder; _Dp = std::default_delete<rocksdb::BlockBuilder>]	32	static
/mnt/c/Users/grego/CLionProjects/BuildtimeHotspotAnalyzer/tests/temp/repos/rocksdb/table/meta_blocks.cc:56:1:rocksdb::PropertyBlockBuilder::PropertyBlockBuilder()	48	dynamic,bounded
/usr/include/c++/13/bits/hashtable.h:1595:5:std::_Hashtable<_Key, _Value, _Alloc, _ExtractKey, _Equal, _Hash, _RangeHash, _Unused, _RehashPolicy, _Traits>::~_Hashtable() [with _Key = std::__cxx11::basic_string<char>; _Value = std::pair<const std::__cxx11::basic_string<char>, long unsigned int*>; _Alloc = std::allocator<std::pair<const std::__cxx11::basic_string<char>, long unsigned int*> >; _ExtractKey = std::__detail::_Select1st; _Equal = std::equal_to<std::__cxx11::basic_string<char> >; _Hash = std::hash<std::__cxx11::basic_string<char> >; _RangeHash = std::__detail::_Mod_range_hashing; _Unused = std::__detail::_Default_ranged_hash; _RehashPolicy = std::__detail::_Prime_rehash_policy; _Traits = std::__detail::_Hashtable_traits<true, false, true>]	48	static
/usr/include/c++/13/bits/unique_ptr.h:398:7:std::unique_ptr<_Tp, _Dp>::~unique_ptr() [with _Tp = rocksdb::TableProperties; _Dp = std::default_delete<rocksdb::TableProperties>]	48	static
/mnt/c/Users/grego/CLionProjects/BuildtimeHotspotAnalyzer/tests/temp/repos/rocksdb/table/block_based/block.h:563:8:void rocksdb::BlockIter<TValue>::PerKVChecksumCorruptionError() [with TValue = rocksdb::Slice]	512	static
/mnt/c/Users/grego/CLionProjects/BuildtimeHotspotAnalyzer/tests/temp/repos/rocksdb/table/block_based/block.h:586:8:void rocksdb::BlockIter<TValue>::UpdateKey() [with TValue = rocksdb::Slice]	80	static
/mnt/c/Users/grego/CLionProjects/BuildtimeHotspotAnalyzer/tests/temp/repos/rocksdb/table/block_based/block.h:364:8:void rocksdb::BlockIter<TValue>::Next() [with TValue = rocksdb::Slice]	80	static
/mnt/c/Users/grego/CLionProjects/BuildtimeHotspotAnalyzer/tests/temp/repos/rocksdb/table/block_based/block.h:375:8:void rocksdb::BlockIter<TValue>::Prev() [with TValue = rocksdb::Slice]	80	static
/mnt/c/Users/grego/CLionProjects/BuildtimeHotspotAnalyzer/tests/temp/repos/rocksdb/table/block_based/block.h:341:8:void rocksdb::BlockIter<TValue>::SeekToFirst() [with TValue = rocksdb::Slice]	80	static
/mnt/c/Users/grego/CLionProjects/BuildtimeHotspotAnalyzer/tests/temp/repos/rocksdb/table/block_based/block.h:349:8:void rocksdb::BlockIter<TValue>::SeekToLast() [with TValue = rocksdb::Slice]	80	static
/mnt/c/Users/grego/CLionProjects/BuildtimeHotspotAnalyzer/tests/temp/repos/rocksdb/table/block_based/block.h:359:8:void rocksdb::BlockIter<TValue>::SeekForPrev(const rocksdb::Slice&) [with TValue = rocksdb::Slice]	80	static
/mnt/c/Users/grego/CLionProjects/BuildtimeHotspotAnalyzer/tests/temp/repos/rocksdb/table/block_based/block.h:354:8:void rocksdb::BlockIter<TValue>::Seek(const rocksdb::Slice&) [with TValue = rocksdb::Slice]	80	static
/mnt/c/Users/grego/CLionProjects/BuildtimeHotspotAnalyzer/tests/temp/repos/rocksdb/table/block_based/block.h:369:8:bool rocksdb::BlockIter<TValue>::NextAndGetResult(rocksdb::IterateResult*) [with TValue = rocksdb::Slice]	96	static
/usr/include/c++/13/bits/stl_tree.h:2108:5:std::pair<std::_Rb_tree_node_base*, std::_Rb_tree_node_base*> std::_Rb_tree<_Key, _Val, _KeyOfValue, _Compare, _Alloc>::_M_get_insert_unique_pos(const key_type&) [with _Key = std::__cxx11::basic_string<char>; _Val = std::pair<const std::__cxx11::basic_string<char>, std::__cxx11::basic_string<char> >; _KeyOfValue = std::_Select1st<std::pair<const std::__cxx11::basic_string<char>, std::__cxx11::basic_string<char> > >; _Compare = std::less<std::__cxx11::basic_string<char> >; _Alloc = std::allocator<std::pair<const std::__cxx11::basic_string<char>, std::__cxx11::basic_string<char> > >]	96	static
/usr/include/c++/13/bits/stl_tree.h:2162:5:std::pair<std::_Rb_tree_iterator<_Val>, bool> std::_Rb_tree<_Key, _Val, _KeyOfValue, _Compare, _Alloc>::_M_insert_unique(_Arg&&) [with _Arg = std::pair<const std::__cxx11::basic_string<char>, std::__cxx11::basic_string<char> >; _Key = std::__cxx11::basic_string<char>; _Val = std::pair<const std::__cxx11::basic_string<char>, std::__cxx11::basic_string<char> >; _KeyOfValue = std::_Select1st<std::pair<const std::__cxx11::basic_string<char>, std::__cxx11::basic_string<char> > >; _Compare = std::less<std::__cxx11::basic_string<char> >; _Alloc = std::allocator<std::pair<const std::__cxx11::basic_string<char>, std::__cxx11::basic_string<char> > >]	80	static
/usr/include/c++/13/bits/stl_tree.h:2108:5:std::pair<std::_Rb_tree_node_base*, std::_Rb_tree_node_base*> std::_Rb_tree<_Key, _Val, _KeyOfValue, _Compare, _Alloc>::_M_get_insert_unique_pos(const key_type&) [with _Key = std::__cxx11::basic_string<char>; _Val = std::pair<const std::__cxx11::basic_string<char>, std::__cxx11::basic_string<char> >; _KeyOfValue = std::_Select1st<std::pair<const std::__cxx11::basic_string<char>, std::__cxx11::basic_string<char> > >; _Compare = rocksdb::stl_wrappers::LessOfComparator; _Alloc = std::allocator<std::pair<const std::__cxx11::basic_string<char>, std::__cxx11::basic_string<char> > >]	128	static
/usr/include/c++/13/bits/stl_tree.h:2162:5:std::pair<std::_Rb_tree_iterator<_Val>, bool> std::_Rb_tree<_Key, _Val, _KeyOfValue, _Compare, _Alloc>::_M_insert_unique(_Arg&&) [with _Arg = std::pair<const std::__cxx11::basic_string<char>, std::__cxx11::basic_string<char> >; _Key = std::__cxx11::basic_string<char>; _Val = std::pair<const std::__cxx11::basic_string<char>, std::__cxx11::basic_string<char> >; _KeyOfValue = std::_Select1st<std::pair<const std::__cxx11::basic_string<char>, std::__cxx11::basic_string<char> > >; _Compare = rocksdb::stl_wrappers::LessOfComparator; _Alloc = std::allocator<std::pair<const std::__cxx11::basic_string<char>, std::__cxx11::basic_string<char> > >]	128	static
/mnt/c/Users/grego/CLionProjects/BuildtimeHotspotAnalyzer/tests/temp/repos/rocksdb/table/meta_blocks.cc:60:6:void rocksdb::PropertyBlockBuilder::Add(const std::string&, const std::string&)	160	static
/mnt/c/Users/grego/CLionProjects/BuildtimeHotspotAnalyzer/tests/temp/repos/rocksdb/table/meta_blocks.cc:66:6:void rocksdb::PropertyBlockBuilder::Add(const std::string&, uint64_t)	160	static
/mnt/c/Users/grego/CLionProjects/BuildtimeHotspotAnalyzer/tests/temp/repos/rocksdb/table/meta_blocks.cc:80:6:void rocksdb::PropertyBlockBuilder::AddTableProperty(const rocksdb::TableProperties&)	32	static
/mnt/c/Users/grego/CLionProjects/BuildtimeHotspotAnalyzer/tests/temp/repos/rocksdb/table/meta_blocks.cc:225:6:bool rocksdb::NotifyCollectTableCollectorsOnFinish(const std::vector<std::unique_ptr<InternalTblPropColl> >&, Logger*, PropertyBlockBuilder*, UserCollectedProperties&, UserCollectedProperties&)	368	static
/mnt/c/Users/grego/CLionProjects/BuildtimeHotspotAnalyzer/tests/temp/repos/rocksdb/table/meta_blocks.cc:40:6:void rocksdb::MetaIndexBuilder::Add(const std::string&, const rocksdb::BlockHandle&)	192	static
/mnt/c/Users/grego/CLionProjects/BuildtimeHotspotAnalyzer/tests/temp/repos/rocksdb/table/meta_blocks.cc:73:6:void rocksdb::PropertyBlockBuilder::Add(const rocksdb::UserCollectedProperties&)	160	static
/usr/include/c++/13/bits/hashtable.h:2559:5:void std::_Hashtable<_Key, _Value, _Alloc, _ExtractKey, _Equal, _Hash, _RangeHash, _Unused, _RehashPolicy, _Traits>::_M_rehash(size_type, const __rehash_state&) [with _Key = std::__cxx11::basic_string<char>; _Value = std::pair<const std::__cxx11::basic_string<char>, long unsigned int*>; _Alloc = std::allocator<std::pair<const std::__cxx11::basic_string<char>, long unsigned int*> >; _ExtractKey = std::__detail::_Select1st; _Equal = std::equal_to<std::__cxx11::basic_string<char> >; _Hash = std::hash<std::__cxx11::basic_string<char> >; _RangeHash = std::__detail::_Mod_range_hashing; _Unused = std::__detail::_Default_ranged_hash; _RehashPolicy = std::__detail::_Prime_rehash_policy; _Traits = std::__detail::_Hashtable_traits<true, false, true>]	48	static
/usr/include/c++/13/bits/hashtable.h:1208:7:std::_Hashtable<_Key, _Value, _Alloc, _ExtractKey, _Equal, _Hash, _RangeHash, _Unused, _RehashPolicy, _Traits>::_Hashtable(_InputIterator, _InputIterator, size_type, const _Hash&, const _Equal&, const allocator_type&, std::true_type) [with _InputIterator = const std::pair<const std::__cxx11::basic_string<char>, long unsigned int*>*; _Key = std::__cxx11::basic_string<char>; _Value = std::pair<const std::__cxx11::basic_string<char>, long unsigned int*>; _Alloc = std::allocator<std::pair<const std::__cxx11::basic_string<char>, long unsigned int*> >; _ExtractKey = std::__detail::_Select1st; _Equal = std::equal_to<std::__cxx11::basic_string<char> >; _Hash = std::hash<std::__cxx11::basic_string<char> >; _RangeHash = std::__detail::_Mod_range_hashing; _Unused = std::__detail::_Default_ranged_hash; _RehashPolicy = std::__detail::_Prime_rehash_policy; _Traits = std::__detail::_Hashtable_traits<true, false, true>]	128	static
/mnt/c/Users/grego/CLionProjects/BuildtimeHotspotAnalyzer/tests/temp/repos/rocksdb/table/meta_blocks.cc:259:8:rocksdb::Status rocksdb::ParsePropertiesBlock(const ImmutableOptions&, uint64_t, Block&, std::unique_ptr<TableProperties>&)	1664	dynamic,bounded
/mnt/c/Users/grego/CLionProjects/BuildtimeHotspotAnalyzer/tests/temp/repos/rocksdb/table/meta_blocks.cc:401:8:rocksdb::Status rocksdb::ReadTablePropertiesHelper(const ReadOptions&, const BlockHandle&, RandomAccessFileReader*, FilePrefetchBuffer*, const Footer&, const ImmutableOptions&, std::unique_ptr<TableProperties>*, MemoryAllocator*)	6560	dynamic,bounded
/mnt/c/Users/grego/CLionProjects/BuildtimeHotspotAnalyzer/tests/temp/repos/rocksdb/table/meta_blocks.cc:512:8:rocksdb::Status rocksdb::ReadTableProperties(RandomAccessFileReader*, uint64_t, uint64_t, const ImmutableOptions&, const ReadOptions&, std::unique_ptr<TableProperties>*, MemoryAllocator*, FilePrefetchBuffer*)	416	dynamic,bounded
/mnt/c/Users/grego/CLionProjects/BuildtimeHotspotAnalyzer/tests/temp/repos/rocksdb/table/meta_blocks.cc:662:1:cc)	48	static
