/mnt/c/Users/grego/CLionProjects/BuildtimeHotspotAnalyzer/tests/temp/repos/rocksdb/include/rocksdb/db.h:436:18:virtual rocksdb::Status rocksdb::DB::Close()	8	static
/mnt/c/Users/grego/CLionProjects/BuildtimeHotspotAnalyzer/tests/temp/repos/rocksdb/include/rocksdb/db.h:1956:16:virtual void rocksdb::DB::GetColumnFamilyMetaData(rocksdb::ColumnFamilyHandle*, rocksdb::ColumnFamilyMetaData*)	8	static
/mnt/c/Users/grego/CLionProjects/BuildtimeHotspotAnalyzer/tests/temp/repos/rocksdb/utilities/option_change_migration/option_change_migration.cc:219:8:rocksdb::Status rocksdb::{anonymous}::OpenDBWithCFs(const rocksdb::DBOptions&, const std::string&, const std::vector<rocksdb::ColumnFamilyDescriptor>&, std::unique_ptr<rocksdb::DB>*, std::vector<rocksdb::ColumnFamilyHandle*>*)	64	static
/mnt/c/Users/grego/CLionProjects/BuildtimeHotspotAnalyzer/tests/temp/repos/rocksdb/utilities/option_change_migration/option_change_migration.cc:239:8:rocksdb::Status rocksdb::{anonymous}::CleanupCFHandles(rocksdb::DB*, std::vector<rocksdb::ColumnFamilyHandle*>*)	128	static
/mnt/c/Users/grego/CLionProjects/BuildtimeHotspotAnalyzer/tests/temp/repos/rocksdb/include/rocksdb/metadata.h:242:8:constexpr rocksdb::ColumnFamilyMetaData::~ColumnFamilyMetaData()	64	static
/usr/include/c++/13/bits/shared_ptr_base.h:198:7:void std::_Sp_counted_base<_Lp>::_M_release_last_use_cold() [with __gnu_cxx::_Lock_policy _Lp = __gnu_cxx::_S_atomic]	32	static
/usr/include/c++/13/bits/shared_ptr_base.h:317:5:void std::_Sp_counted_base<_Lp>::_M_release() [with __gnu_cxx::_Lock_policy _Lp = __gnu_cxx::_S_atomic]	32	static
/mnt/c/Users/grego/CLionProjects/BuildtimeHotspotAnalyzer/tests/temp/repos/rocksdb/include/rocksdb/advanced_options.h:214:8:rocksdb::AdvancedColumnFamilyOptions::~AdvancedColumnFamilyOptions()	64	static
/mnt/c/Users/grego/CLionProjects/BuildtimeHotspotAnalyzer/tests/temp/repos/rocksdb/include/rocksdb/options.h:571:8:rocksdb::DBOptions::~DBOptions()	64	static
/mnt/c/Users/grego/CLionProjects/BuildtimeHotspotAnalyzer/tests/temp/repos/rocksdb/include/rocksdb/options.h:69:8:rocksdb::ColumnFamilyOptions::~ColumnFamilyOptions()	64	static
/usr/include/c++/13/bits/stl_vector.h:733:7:constexpr std::vector<_Tp, _Alloc>::~vector() [with _Tp = std::shared_ptr<rocksdb::EventListener>; _Alloc = std::allocator<std::shared_ptr<rocksdb::EventListener> >]	64	static
/usr/include/c++/13/bits/stl_vector.h:733:7:constexpr std::vector<_Tp, _Alloc>::~vector() [with _Tp = rocksdb::ColumnFamilyDescriptor; _Alloc = std::allocator<rocksdb::ColumnFamilyDescriptor>]	80	static
/usr/include/c++/13/bits/basic_string.h:280:7:constexpr void std::__cxx11::basic_string<_CharT, _Traits, _Alloc>::_M_dispose() [with _CharT = char; _Traits = std::char_traits<char>; _Alloc = std::allocator<char>]	8	static
/mnt/c/Users/grego/CLionProjects/BuildtimeHotspotAnalyzer/tests/temp/repos/rocksdb/include/rocksdb/options.h:69:8:rocksdb::ColumnFamilyOptions& rocksdb::ColumnFamilyOptions::operator=(const rocksdb::ColumnFamilyOptions&)	112	static
/mnt/c/Users/grego/CLionProjects/BuildtimeHotspotAnalyzer/tests/temp/repos/rocksdb/utilities/option_change_migration/option_change_migration.cc:120:8:rocksdb::Status rocksdb::{anonymous}::ValidateCFDescriptors(const std::vector<rocksdb::ColumnFamilyDescriptor>&, const std::vector<rocksdb::ColumnFamilyDescriptor>&)	864	static
/mnt/c/Users/grego/CLionProjects/BuildtimeHotspotAnalyzer/tests/temp/repos/rocksdb/include/rocksdb/options.h:571:8:rocksdb::DBOptions::DBOptions(const rocksdb::DBOptions&)	96	static
/mnt/c/Users/grego/CLionProjects/BuildtimeHotspotAnalyzer/tests/temp/repos/rocksdb/include/rocksdb/options.h:69:8:rocksdb::ColumnFamilyOptions::ColumnFamilyOptions(const rocksdb::ColumnFamilyOptions&)	96	static
/mnt/c/Users/grego/CLionProjects/BuildtimeHotspotAnalyzer/tests/temp/repos/rocksdb/utilities/option_change_migration/option_change_migration.cc:253:8:rocksdb::Status rocksdb::{anonymous}::MigrateAllCFs(rocksdb::DB*, const std::vector<rocksdb::ColumnFamilyHandle*>&, const rocksdb::DBOptions&, const rocksdb::DBOptions&, const std::vector<rocksdb::ColumnFamilyDescriptor>&, const std::vector<rocksdb::ColumnFamilyDescriptor>&)	3792	static
/usr/include/c++/13/bits/vector.tcc:445:7:) [with _Args = {const std::__cxx11::basic_string<char, std::char_traits<char>, std::allocator<char> >&, rocksdb::ColumnFamilyOptions}; _Tp = rocksdb::ColumnFamilyDescriptor; _Alloc = std::allocator<rocksdb::ColumnFamilyDescriptor>]	128	static
/mnt/c/Users/grego/CLionProjects/BuildtimeHotspotAnalyzer/tests/temp/repos/rocksdb/utilities/option_change_migration/option_change_migration.cc:185:37:std::vector<rocksdb::ColumnFamilyDescriptor> rocksdb::{anonymous}::PrepareNoCompactionCFDescriptors(const rocksdb::DBOptions&, const std::vector<rocksdb::ColumnFamilyDescriptor>&, const std::vector<rocksdb::ColumnFamilyDescriptor>&, bool*)	6000	static
/mnt/c/Users/grego/CLionProjects/BuildtimeHotspotAnalyzer/tests/temp/repos/rocksdb/utilities/option_change_migration/option_change_migration.cc:277:8:rocksdb::Status rocksdb::OptionChangeMigration(const std::string&, const DBOptions&, const std::vector<ColumnFamilyDescriptor>&, const DBOptions&, const std::vector<ColumnFamilyDescriptor>&)	272	dynamic,bounded
/mnt/c/Users/grego/CLionProjects/BuildtimeHotspotAnalyzer/tests/temp/repos/rocksdb/utilities/option_change_migration/option_change_migration.cc:344:8:rocksdb::Status rocksdb::OptionChangeMigration(const std::string&, const Options&, const Options&)	4320	static
