/mnt/c/Users/grego/CLionProjects/BuildtimeHotspotAnalyzer/tests/temp/repos/rocksdb/include/rocksdb/slice_transform.h:92:16:virtual bool rocksdb::SliceTransform::FullLengthEnabled(size_t*) const	8	static
/mnt/c/Users/grego/CLionProjects/BuildtimeHotspotAnalyzer/tests/temp/repos/rocksdb/db/dbformat.h:400:11:rocksdb::InternalKeyComparator::~InternalKeyComparator()	8	static
/mnt/c/Users/grego/CLionProjects/BuildtimeHotspotAnalyzer/tests/temp/repos/rocksdb/table/block_based/filter_block.h:202:18:virtual rocksdb::Status rocksdb::FilterBlockReader::CacheDependencies(const rocksdb::ReadOptions&, bool, rocksdb::FilePrefetchBuffer*)	8	static
/mnt/c/Users/grego/CLionProjects/BuildtimeHotspotAnalyzer/tests/temp/repos/rocksdb/table/block_based/filter_policy_internal.h:64:17:virtual rocksdb::Slice rocksdb::FilterBitsBuilder::Finish(std::unique_ptr<const char []>*, rocksdb::Status*)	8	static
/mnt/c/Users/grego/CLionProjects/BuildtimeHotspotAnalyzer/tests/temp/repos/rocksdb/table/block_based/filter_policy_internal.h:85:18:virtual rocksdb::Status rocksdb::FilterBitsBuilder::MaybePostVerify(const rocksdb::Slice&)	8	static
/mnt/c/Users/grego/CLionProjects/BuildtimeHotspotAnalyzer/tests/temp/repos/rocksdb/table/block_based/full_filter_block.h:118:8:void rocksdb::FullFilterBlockReader::KeysMayMatch2(rocksdb::MultiGetRange*, const rocksdb::SliceTransform*, rocksdb::BlockCacheLookupContext*, const rocksdb::ReadOptions&)	8	static
/mnt/c/Users/grego/CLionProjects/BuildtimeHotspotAnalyzer/tests/temp/repos/rocksdb/table/block_based/partitioned_filter_block.h:44:8:virtual bool rocksdb::PartitionedFilterBlockBuilder::IsEmpty() const	32	static
/mnt/c/Users/grego/CLionProjects/BuildtimeHotspotAnalyzer/tests/temp/repos/rocksdb/table/block_based/partitioned_filter_block.h:69:10:virtual rocksdb::Status rocksdb::PartitionedFilterBlockBuilder::MaybePostVerifyFilter(const rocksdb::Slice&)	8	static
/mnt/c/Users/grego/CLionProjects/BuildtimeHotspotAnalyzer/tests/temp/repos/rocksdb/table/block_based/partitioned_filter_block.cc:209:8:virtual size_t rocksdb::PartitionedFilterBlockBuilder::EstimateEntriesAdded()	32	static
/mnt/c/Users/grego/CLionProjects/BuildtimeHotspotAnalyzer/tests/temp/repos/rocksdb/table/block_based/block.h:416:8:bool rocksdb::BlockIter<TValue>::IsValuePinned() const [with TValue = rocksdb::IndexValue]	8	static
/mnt/c/Users/grego/CLionProjects/BuildtimeHotspotAnalyzer/tests/temp/repos/rocksdb/table/block_based/block.h:335:8:bool rocksdb::BlockIter<TValue>::Valid() const [with TValue = rocksdb::IndexValue]	8	static
/mnt/c/Users/grego/CLionProjects/BuildtimeHotspotAnalyzer/tests/temp/repos/rocksdb/table/internal_iterator.h:43:16:void rocksdb::InternalIteratorBase<TValue>::SetRangeDelReadSeqno(rocksdb::SequenceNumber) [with TValue = rocksdb::IndexValue]	8	static
/mnt/c/Users/grego/CLionProjects/BuildtimeHotspotAnalyzer/tests/temp/repos/rocksdb/table/block_based/block.h:382:9:rocksdb::Slice rocksdb::BlockIter<TValue>::key() const [with TValue = rocksdb::IndexValue]	8	static
/mnt/c/Users/grego/CLionProjects/BuildtimeHotspotAnalyzer/tests/temp/repos/rocksdb/table/internal_iterator.h:111:20:uint64_t rocksdb::InternalIteratorBase<TValue>::write_unix_time() const [with TValue = rocksdb::IndexValue]	8	static
/mnt/c/Users/grego/CLionProjects/BuildtimeHotspotAnalyzer/tests/temp/repos/rocksdb/table/internal_iterator.h:142:16:bool rocksdb::InternalIteratorBase<TValue>::PrepareValue() [with TValue = rocksdb::IndexValue]	8	static
/mnt/c/Users/grego/CLionProjects/BuildtimeHotspotAnalyzer/tests/temp/repos/rocksdb/table/internal_iterator.h:145:16:bool rocksdb::InternalIteratorBase<TValue>::MayBeOutOfLowerBound() [with TValue = rocksdb::IndexValue]	8	static
/mnt/c/Users/grego/CLionProjects/BuildtimeHotspotAnalyzer/tests/temp/repos/rocksdb/table/internal_iterator.h:152:26:rocksdb::IterBoundCheck rocksdb::InternalIteratorBase<TValue>::UpperBoundCheckResult() [with TValue = rocksdb::IndexValue]	8	static
/mnt/c/Users/grego/CLionProjects/BuildtimeHotspotAnalyzer/tests/temp/repos/rocksdb/table/internal_iterator.h:161:16:void rocksdb::InternalIteratorBase<TValue>::SetPinnedItersMgr(rocksdb::PinnedIteratorsManager*) [with TValue = rocksdb::IndexValue]	8	static
/mnt/c/Users/grego/CLionProjects/BuildtimeHotspotAnalyzer/tests/temp/repos/rocksdb/table/block_based/block.h:412:8:bool rocksdb::BlockIter<TValue>::IsKeyPinned() const [with TValue = rocksdb::IndexValue]	8	static
/mnt/c/Users/grego/CLionProjects/BuildtimeHotspotAnalyzer/tests/temp/repos/rocksdb/table/internal_iterator.h:191:16:void rocksdb::InternalIteratorBase<TValue>::GetReadaheadState(rocksdb::ReadaheadFileInfo*) [with TValue = rocksdb::IndexValue]	8	static
/mnt/c/Users/grego/CLionProjects/BuildtimeHotspotAnalyzer/tests/temp/repos/rocksdb/table/internal_iterator.h:194:16:void rocksdb::InternalIteratorBase<TValue>::SetReadaheadState(rocksdb::ReadaheadFileInfo*) [with TValue = rocksdb::IndexValue]	8	static
/mnt/c/Users/grego/CLionProjects/BuildtimeHotspotAnalyzer/tests/temp/repos/rocksdb/table/internal_iterator.h:201:16:bool rocksdb::InternalIteratorBase<TValue>::IsDeleteRangeSentinelKey() const [with TValue = rocksdb::IndexValue]	8	static
/mnt/c/Users/grego/CLionProjects/BuildtimeHotspotAnalyzer/tests/temp/repos/rocksdb/table/internal_iterator.h:203:16:void rocksdb::InternalIteratorBase<TValue>::Prepare(const rocksdb::MultiScanArgs*) [with TValue = rocksdb::IndexValue]	8	static
/mnt/c/Users/grego/CLionProjects/BuildtimeHotspotAnalyzer/tests/temp/repos/rocksdb/table/block_based/block.h:498:20:uint32_t rocksdb::BlockIter<TValue>::NumberOfKeys(uint32_t) [with TValue = rocksdb::IndexValue]	32	static
/mnt/c/Users/grego/CLionProjects/BuildtimeHotspotAnalyzer/tests/temp/repos/rocksdb/table/internal_iterator.h:172:16:bool rocksdb::InternalIteratorBase<TValue>::IsKeyPinned() const [with TValue = rocksdb::IndexValue]	8	static
/mnt/c/Users/grego/CLionProjects/BuildtimeHotspotAnalyzer/tests/temp/repos/rocksdb/table/internal_iterator.h:178:16:bool rocksdb::InternalIteratorBase<TValue>::IsValuePinned() const [with TValue = rocksdb::IndexValue]	8	static
/mnt/c/Users/grego/CLionProjects/BuildtimeHotspotAnalyzer/tests/temp/repos/rocksdb/db/dbformat.h:400:11:virtual rocksdb::InternalKeyComparator::~InternalKeyComparator()	8	static
/mnt/c/Users/grego/CLionProjects/BuildtimeHotspotAnalyzer/tests/temp/repos/rocksdb/include/rocksdb/statistics.h:798:16:virtual void rocksdb::Statistics::reportTimeToHistogram(uint32_t, uint64_t)	8	static
/mnt/c/Users/grego/CLionProjects/BuildtimeHotspotAnalyzer/tests/temp/repos/rocksdb/table/block_based/index_builder.h:706:8:virtual bool rocksdb::PartitionedIndexBuilder::separator_is_key_plus_seq()	8	static
/mnt/c/Users/grego/CLionProjects/BuildtimeHotspotAnalyzer/tests/temp/repos/rocksdb/table/block_based/partitioned_filter_block.cc:213:8:virtual size_t rocksdb::PartitionedFilterBlockBuilder::CurrentFilterSizeEstimate()	32	static
/mnt/c/Users/grego/CLionProjects/BuildtimeHotspotAnalyzer/tests/temp/repos/rocksdb/table/internal_iterator.h:180:18:rocksdb::Status rocksdb::InternalIteratorBase<TValue>::GetProperty(std::string, std::string*) [with TValue = rocksdb::IndexValue]	80	static
/mnt/c/Users/grego/CLionProjects/BuildtimeHotspotAnalyzer/tests/temp/repos/rocksdb/table/block_based/partitioned_filter_block.cc:580:8:virtual size_t rocksdb::PartitionedFilterBlockReader::ApproximateMemoryUsage() const	32	static
/mnt/c/Users/grego/CLionProjects/BuildtimeHotspotAnalyzer/tests/temp/repos/rocksdb/table/block_based/block.h:482:20:uint32_t rocksdb::BlockIter<TValue>::GetRestartInterval() [with TValue = rocksdb::IndexValue]	48	static
/mnt/c/Users/grego/CLionProjects/BuildtimeHotspotAnalyzer/tests/temp/repos/rocksdb/db/dbformat.h:1085:12:virtual int rocksdb::InternalKeyComparator::Compare(const rocksdb::Slice&, const rocksdb::Slice&) const	96	static
/usr/include/c++/13/bits/stl_vector.h:733:7:constexpr std::vector<_Tp, _Alloc>::~vector() [with _Tp = rocksdb::Slice; _Alloc = std::allocator<rocksdb::Slice>]	8	static
/mnt/c/Users/grego/CLionProjects/BuildtimeHotspotAnalyzer/tests/temp/repos/rocksdb/table/block_based/block.h:323:16:void rocksdb::BlockIter<TValue>::Invalidate(const rocksdb::Status&) [with TValue = rocksdb::IndexValue]	48	static
/mnt/c/Users/grego/CLionProjects/BuildtimeHotspotAnalyzer/tests/temp/repos/rocksdb/table/internal_iterator.h:117:17:rocksdb::Slice rocksdb::InternalIteratorBase<TValue>::user_key() const [with TValue = rocksdb::IndexValue]	16	static
/mnt/c/Users/grego/CLionProjects/BuildtimeHotspotAnalyzer/tests/temp/repos/rocksdb/table/block_based/partitioned_filter_block.cc:225:6:virtual void rocksdb::PartitionedFilterBlockBuilder::UpdateFilterSizeEstimate(uint64_t)	48	static
/mnt/c/Users/grego/CLionProjects/BuildtimeHotspotAnalyzer/tests/temp/repos/rocksdb/table/block_based/filter_block.h:155:16:virtual void rocksdb::FilterBlockReader::KeysMayMatch(rocksdb::MultiGetRange*, rocksdb::BlockCacheLookupContext*, const rocksdb::ReadOptions&)	144	static
/mnt/c/Users/grego/CLionProjects/BuildtimeHotspotAnalyzer/tests/temp/repos/rocksdb/table/block_based/filter_block.h:197:23:virtual std::string rocksdb::FilterBlockReader::ToString() const	32	static
/mnt/c/Users/grego/CLionProjects/BuildtimeHotspotAnalyzer/tests/temp/repos/rocksdb/table/block_based/cachable_entry.h:208:8:void rocksdb::CachableEntry<T>::ReleaseResource(bool) [with T = rocksdb::ParsedFullFilterBlock]	32	static
/mnt/c/Users/grego/CLionProjects/BuildtimeHotspotAnalyzer/tests/temp/repos/rocksdb/table/block_based/filter_block.h:178:16:virtual void rocksdb::FilterBlockReader::PrefixesMayMatch(rocksdb::MultiGetRange*, const rocksdb::SliceTransform*, rocksdb::BlockCacheLookupContext*, const rocksdb::ReadOptions&)	224	static
/mnt/c/Users/grego/CLionProjects/BuildtimeHotspotAnalyzer/tests/temp/repos/rocksdb/include/rocksdb/system_clock.h:95:12:virtual uint64_t rocksdb::SystemClockWrapper::NowMicros()	8	static
/mnt/c/Users/grego/CLionProjects/BuildtimeHotspotAnalyzer/tests/temp/repos/rocksdb/include/rocksdb/advanced_cache.h:597:8:virtual bool rocksdb::CacheWrapper::Release(rocksdb::Cache::Handle*, bool)	8	static
/mnt/c/Users/grego/CLionProjects/BuildtimeHotspotAnalyzer/tests/temp/repos/rocksdb/table/block_based/block.h:894:8:virtual void rocksdb::IndexBlockIter::SeekForPrevImpl(const rocksdb::Slice&)	96	static
/usr/include/c++/13/bits/basic_string.h:803:7:constexpr std::__cxx11::basic_string<_CharT, _Traits, _Alloc>::~basic_string() [with _CharT = char; _Traits = std::char_traits<char>; _Alloc = std::allocator<char>]	8	static
/mnt/c/Users/grego/CLionProjects/BuildtimeHotspotAnalyzer/tests/temp/repos/rocksdb/db/dbformat.h:973:9:virtual rocksdb::Slice rocksdb::InternalKeySliceTransform::Transform(const rocksdb::Slice&) const	176	static
/mnt/c/Users/grego/CLionProjects/BuildtimeHotspotAnalyzer/tests/temp/repos/rocksdb/db/dbformat.h:978:8:virtual bool rocksdb::InternalKeySliceTransform::InDomain(const rocksdb::Slice&) const	176	static
/mnt/c/Users/grego/CLionProjects/BuildtimeHotspotAnalyzer/tests/temp/repos/rocksdb/table/block_based/block.h:380:10:rocksdb::Status rocksdb::BlockIter<TValue>::status() const [with TValue = rocksdb::IndexValue]	48	static
/usr/include/c++/13/bits/deque.tcc:859:6:void std::deque<_Tp, _Alloc>::_M_destroy_data_aux(iterator, iterator) [with _Tp = rocksdb::PartitionedFilterBlockBuilder::FilterEntry; _Alloc = std::allocator<rocksdb::PartitionedFilterBlockBuilder::FilterEntry>]	64	static
/mnt/c/Users/grego/CLionProjects/BuildtimeHotspotAnalyzer/tests/temp/repos/rocksdb/table/block_based/partitioned_filter_block.h:57:8:virtual void rocksdb::PartitionedFilterBlockBuilder::ResetFilterBitsBuilder()	192	static
/mnt/c/Users/grego/CLionProjects/BuildtimeHotspotAnalyzer/tests/temp/repos/rocksdb/table/block_based/partitioned_filter_block.cc:79:1:rocksdb::PartitionedFilterBlockBuilder::~PartitionedFilterBlockBuilder()	160	static
/mnt/c/Users/grego/CLionProjects/BuildtimeHotspotAnalyzer/tests/temp/repos/rocksdb/table/block_based/partitioned_filter_block.cc:79:1:virtual rocksdb::PartitionedFilterBlockBuilder::~PartitionedFilterBlockBuilder()	32	static
/mnt/c/Users/grego/CLionProjects/BuildtimeHotspotAnalyzer/tests/temp/repos/rocksdb/table/block_based/partitioned_filter_block.cc:220:6:virtual void rocksdb::PartitionedFilterBlockBuilder::OnDataBlockFinalized(uint64_t)	48	static
/usr/include/c++/13/bits/stl_tree.h:1930:5:void std::_Rb_tree<_Key, _Val, _KeyOfValue, _Compare, _Alloc>::_M_erase(_Link_type) [with _Key = std::__cxx11::basic_string<char>; _Val = std::pair<const std::__cxx11::basic_string<char>, long unsigned int>; _KeyOfValue = std::_Select1st<std::pair<const std::__cxx11::basic_string<char>, long unsigned int> >; _Compare = std::less<std::__cxx11::basic_string<char> >; _Alloc = std::allocator<std::pair<const std::__cxx11::basic_string<char>, long unsigned int> >]	112	static
/mnt/c/Users/grego/CLionProjects/BuildtimeHotspotAnalyzer/tests/temp/repos/rocksdb/table/block_based/partitioned_filter_block.h:150:7:rocksdb::PartitionedFilterBlockReader::~PartitionedFilterBlockReader()	64	static
/mnt/c/Users/grego/CLionProjects/BuildtimeHotspotAnalyzer/tests/temp/repos/rocksdb/table/block_based/partitioned_filter_block.h:150:7:virtual rocksdb::PartitionedFilterBlockReader::~PartitionedFilterBlockReader()	64	static
/mnt/c/Users/grego/CLionProjects/BuildtimeHotspotAnalyzer/tests/temp/repos/rocksdb/file/file_prefetch_buffer.h:233:3:rocksdb::FilePrefetchBuffer::~FilePrefetchBuffer()	240	static
/mnt/c/Users/grego/CLionProjects/BuildtimeHotspotAnalyzer/tests/temp/repos/rocksdb/table/block_based/block_builder.h:21:7:constexpr rocksdb::BlockBuilder::~BlockBuilder()	32	static
/mnt/c/Users/grego/CLionProjects/BuildtimeHotspotAnalyzer/tests/temp/repos/rocksdb/table/block_based/partitioned_filter_block.cc:83:6:bool rocksdb::PartitionedFilterBlockBuilder::DecideCutAFilterBlock()	32	static
/mnt/c/Users/grego/CLionProjects/BuildtimeHotspotAnalyzer/tests/temp/repos/rocksdb/table/block_based/block.h:823:7:rocksdb::IndexBlockIter::~IndexBlockIter()	48	static
/mnt/c/Users/grego/CLionProjects/BuildtimeHotspotAnalyzer/tests/temp/repos/rocksdb/table/block_based/block.h:823:7:virtual rocksdb::IndexBlockIter::~IndexBlockIter()	48	static
/mnt/c/Users/grego/CLionProjects/BuildtimeHotspotAnalyzer/tests/temp/repos/rocksdb/table/block_based/partitioned_filter_block.cc:446:8:rocksdb::Status rocksdb::PartitionedFilterBlockReader::GetFilterPartitionBlock(rocksdb::FilePrefetchBuffer*, const rocksdb::BlockHandle&, rocksdb::GetContext*, rocksdb::BlockCacheLookupContext*, const rocksdb::ReadOptions&, rocksdb::CachableEntry<rocksdb::ParsedFullFilterBlock>*) const	192	dynamic,bounded
/mnt/c/Users/grego/CLionProjects/BuildtimeHotspotAnalyzer/tests/temp/repos/rocksdb/table/block_based/partitioned_filter_block.cc:561:6:void rocksdb::PartitionedFilterBlockReader::MayMatchPartition(rocksdb::MultiGetRange*, const rocksdb::SliceTransform*, rocksdb::BlockHandle, rocksdb::BlockCacheLookupContext*, const rocksdb::ReadOptions&, FilterManyFunction) const	272	dynamic,bounded
/mnt/c/Users/grego/CLionProjects/BuildtimeHotspotAnalyzer/tests/temp/repos/rocksdb/include/rocksdb/file_system.h:228:8:rocksdb::IODebugContext::~IODebugContext()	48	static
/mnt/c/Users/grego/CLionProjects/BuildtimeHotspotAnalyzer/tests/temp/repos/rocksdb/table/block_based/partitioned_filter_block.cc:730:30:const rocksdb::InternalKeyComparator* rocksdb::PartitionedFilterBlockReader::internal_comparator() const	8	static
/mnt/c/Users/grego/CLionProjects/BuildtimeHotspotAnalyzer/tests/temp/repos/rocksdb/table/block_based/partitioned_filter_block.cc:738:6:bool rocksdb::PartitionedFilterBlockReader::index_key_includes_seq() const	8	static
/mnt/c/Users/grego/CLionProjects/BuildtimeHotspotAnalyzer/tests/temp/repos/rocksdb/table/block_based/partitioned_filter_block.cc:745:6:bool rocksdb::PartitionedFilterBlockReader::index_value_is_full() const	8	static
/mnt/c/Users/grego/CLionProjects/BuildtimeHotspotAnalyzer/tests/temp/repos/rocksdb/table/block_based/partitioned_filter_block.cc:752:6:bool rocksdb::PartitionedFilterBlockReader::user_defined_timestamps_persisted() const	8	static
/usr/include/c++/13/bits/hashtable.h:1595:5:std::_Hashtable<_Key, _Value, _Alloc, _ExtractKey, _Equal, _Hash, _RangeHash, _Unused, _RehashPolicy, _Traits>::~_Hashtable() [with _Key = std::__cxx11::basic_string<char>; _Value = std::pair<const std::__cxx11::basic_string<char>, std::__cxx11::basic_string<char> >; _Alloc = std::allocator<std::pair<const std::__cxx11::basic_string<char>, std::__cxx11::basic_string<char> > >; _ExtractKey = std::__detail::_Select1st; _Equal = std::equal_to<std::__cxx11::basic_string<char> >; _Hash = std::hash<std::__cxx11::basic_string<char> >; _RangeHash = std::__detail::_Mod_range_hashing; _Unused = std::__detail::_Default_ranged_hash; _RehashPolicy = std::__detail::_Prime_rehash_policy; _Traits = std::__detail::_Hashtable_traits<true, false, true>]	48	static
/usr/include/c++/13/bits/stl_deque.h:617:5:std::_Deque_base<_Tp, _Alloc>::~_Deque_base() [with _Tp = rocksdb::BufferInfo*; _Alloc = std::allocator<rocksdb::BufferInfo*>]	48	static
/usr/include/c++/13/bits/stl_deque.h:1027:7:std::deque<_Tp, _Alloc>::~deque() [with _Tp = rocksdb::PartitionedFilterBlockBuilder::FilterEntry; _Alloc = std::allocator<rocksdb::PartitionedFilterBlockBuilder::FilterEntry>]	160	static
/usr/include/c++/13/bits/basic_string.h:280:7:constexpr void std::__cxx11::basic_string<_CharT, _Traits, _Alloc>::_M_dispose() [with _CharT = char; _Traits = std::char_traits<char>; _Alloc = std::allocator<char>]	8	static
/mnt/c/Users/grego/CLionProjects/BuildtimeHotspotAnalyzer/tests/temp/repos/rocksdb/table/block_based/partitioned_filter_block.cc:24:1:rocksdb::PartitionedFilterBlockBuilder::PartitionedFilterBlockBuilder(const rocksdb::SliceTransform*, bool, rocksdb::FilterBitsBuilder*, int, bool, rocksdb::PartitionedIndexBuilder*, uint32_t, size_t, bool, bool)	144	dynamic,bounded
/usr/include/c++/13/bits/stl_deque.h:638:5:void std::_Deque_base<_Tp, _Alloc>::_M_initialize_map(std::size_t) [with _Tp = rocksdb::BufferInfo*; _Alloc = std::allocator<rocksdb::BufferInfo*>]	64	static
/mnt/c/Users/grego/CLionProjects/BuildtimeHotspotAnalyzer/tests/temp/repos/rocksdb/table/block_based/cachable_entry.h:208:8:void rocksdb::CachableEntry<T>::ReleaseResource(bool) [with T = rocksdb::Block_kFilterPartitionIndex]	32	static
/mnt/c/Users/grego/CLionProjects/BuildtimeHotspotAnalyzer/tests/temp/repos/rocksdb/table/block_based/partitioned_filter_block.cc:351:36:static std::unique_ptr<rocksdb::FilterBlockReader> rocksdb::PartitionedFilterBlockReader::Create(const rocksdb::BlockBasedTable*, const rocksdb::ReadOptions&, rocksdb::FilePrefetchBuffer*, bool, bool, bool, rocksdb::BlockCacheLookupContext*)	144	dynamic,bounded
/mnt/c/Users/grego/CLionProjects/BuildtimeHotspotAnalyzer/tests/temp/repos/rocksdb/table/block_based/partitioned_filter_block.cc:346:1:rocksdb::PartitionedFilterBlockReader::PartitionedFilterBlockReader(const rocksdb::BlockBasedTable*, rocksdb::CachableEntry<rocksdb::Block_kFilterPartitionIndex>&&)	32	static
/usr/include/c++/13/bits/deque.tcc:484:7:) [with _Args = {rocksdb::PartitionedFilterBlockBuilder::FilterEntry}; _Tp = rocksdb::PartitionedFilterBlockBuilder::FilterEntry; _Alloc = std::allocator<rocksdb::PartitionedFilterBlockBuilder::FilterEntry>]	96	static
/mnt/c/Users/grego/CLionProjects/BuildtimeHotspotAnalyzer/tests/temp/repos/rocksdb/table/block_based/partitioned_filter_block.cc:101:6:void rocksdb::PartitionedFilterBlockBuilder::CutAFilterBlock(const rocksdb::Slice*, const rocksdb::Slice*, const rocksdb::Slice&)	544	static
/mnt/c/Users/grego/CLionProjects/BuildtimeHotspotAnalyzer/tests/temp/repos/rocksdb/table/block_based/partitioned_filter_block.cc:183:6:void rocksdb::PartitionedFilterBlockBuilder::AddImpl(const rocksdb::Slice&, const rocksdb::Slice&)	240	static
/mnt/c/Users/grego/CLionProjects/BuildtimeHotspotAnalyzer/tests/temp/repos/rocksdb/table/block_based/partitioned_filter_block.cc:162:6:virtual void rocksdb::PartitionedFilterBlockBuilder::Add(const rocksdb::Slice&)	112	static
/mnt/c/Users/grego/CLionProjects/BuildtimeHotspotAnalyzer/tests/temp/repos/rocksdb/table/block_based/partitioned_filter_block.cc:168:6:virtual void rocksdb::PartitionedFilterBlockBuilder::AddWithPrevKey(const rocksdb::Slice&, const rocksdb::Slice&)	8	static
/mnt/c/Users/grego/CLionProjects/BuildtimeHotspotAnalyzer/tests/temp/repos/rocksdb/table/block_based/partitioned_filter_block.cc:263:6:virtual void rocksdb::PartitionedFilterBlockBuilder::PrevKeyBeforeFinish(const rocksdb::Slice&)	32	static
/mnt/c/Users/grego/CLionProjects/BuildtimeHotspotAnalyzer/tests/temp/repos/rocksdb/table/block_based/partitioned_filter_block.cc:274:8:virtual rocksdb::Status rocksdb::PartitionedFilterBlockBuilder::Finish(const rocksdb::BlockHandle&, rocksdb::Slice*, std::unique_ptr<const char []>*)	288	static
/mnt/c/Users/grego/CLionProjects/BuildtimeHotspotAnalyzer/tests/temp/repos/rocksdb/table/block_based/block.h:563:8:void rocksdb::BlockIter<TValue>::PerKVChecksumCorruptionError() [with TValue = rocksdb::IndexValue]	512	static
/mnt/c/Users/grego/CLionProjects/BuildtimeHotspotAnalyzer/tests/temp/repos/rocksdb/table/block_based/block.h:375:8:void rocksdb::BlockIter<TValue>::Prev() [with TValue = rocksdb::IndexValue]	80	static
/mnt/c/Users/grego/CLionProjects/BuildtimeHotspotAnalyzer/tests/temp/repos/rocksdb/table/block_based/block.h:341:8:void rocksdb::BlockIter<TValue>::SeekToFirst() [with TValue = rocksdb::IndexValue]	80	static
/mnt/c/Users/grego/CLionProjects/BuildtimeHotspotAnalyzer/tests/temp/repos/rocksdb/table/block_based/block.h:364:8:void rocksdb::BlockIter<TValue>::Next() [with TValue = rocksdb::IndexValue]	80	static
/mnt/c/Users/grego/CLionProjects/BuildtimeHotspotAnalyzer/tests/temp/repos/rocksdb/table/block_based/block.h:349:8:void rocksdb::BlockIter<TValue>::SeekToLast() [with TValue = rocksdb::IndexValue]	80	static
/mnt/c/Users/grego/CLionProjects/BuildtimeHotspotAnalyzer/tests/temp/repos/rocksdb/table/block_based/block.h:354:8:void rocksdb::BlockIter<TValue>::Seek(const rocksdb::Slice&) [with TValue = rocksdb::IndexValue]	80	static
/mnt/c/Users/grego/CLionProjects/BuildtimeHotspotAnalyzer/tests/temp/repos/rocksdb/table/block_based/block.h:369:8:bool rocksdb::BlockIter<TValue>::NextAndGetResult(rocksdb::IterateResult*) [with TValue = rocksdb::IndexValue]	96	static
/mnt/c/Users/grego/CLionProjects/BuildtimeHotspotAnalyzer/tests/temp/repos/rocksdb/table/block_based/block.h:359:8:void rocksdb::BlockIter<TValue>::SeekForPrev(const rocksdb::Slice&) [with TValue = rocksdb::IndexValue]	144	static
/mnt/c/Users/grego/CLionProjects/BuildtimeHotspotAnalyzer/tests/temp/repos/rocksdb/table/internal_iterator.h:81:16:bool rocksdb::InternalIteratorBase<TValue>::NextAndGetResult(rocksdb::IterateResult*) [with TValue = rocksdb::IndexValue]	96	static
/mnt/c/Users/grego/CLionProjects/BuildtimeHotspotAnalyzer/tests/temp/repos/rocksdb/table/block_based/partitioned_filter_block.cc:684:6:virtual void rocksdb::PartitionedFilterBlockReader::EraseFromCacheBeforeDestruction(uint32_t)	1264	dynamic,bounded
/mnt/c/Users/grego/CLionProjects/BuildtimeHotspotAnalyzer/tests/temp/repos/rocksdb/table/block_based/partitioned_filter_block.cc:419:13:rocksdb::BlockHandle rocksdb::PartitionedFilterBlockReader::GetFilterPartitionHandle(const rocksdb::CachableEntry<rocksdb::Block_kFilterPartitionIndex>&, const rocksdb::Slice&) const	976	dynamic,bounded
/mnt/c/Users/grego/CLionProjects/BuildtimeHotspotAnalyzer/tests/temp/repos/rocksdb/table/block_based/partitioned_filter_block.cc:474:6:bool rocksdb::PartitionedFilterBlockReader::MayMatch(const rocksdb::Slice&, const rocksdb::Slice*, rocksdb::GetContext*, rocksdb::BlockCacheLookupContext*, const rocksdb::ReadOptions&, FilterFunction) const	320	dynamic,bounded
/mnt/c/Users/grego/CLionProjects/BuildtimeHotspotAnalyzer/tests/temp/repos/rocksdb/table/block_based/partitioned_filter_block.cc:378:6:virtual bool rocksdb::PartitionedFilterBlockReader::KeyMayMatch(const rocksdb::Slice&, const rocksdb::Slice*, rocksdb::GetContext*, rocksdb::BlockCacheLookupContext*, const rocksdb::ReadOptions&)	96	dynamic,bounded
/mnt/c/Users/grego/CLionProjects/BuildtimeHotspotAnalyzer/tests/temp/repos/rocksdb/table/block_based/partitioned_filter_block.cc:402:6:virtual bool rocksdb::PartitionedFilterBlockReader::PrefixMayMatch(const rocksdb::Slice&, const rocksdb::Slice*, rocksdb::GetContext*, rocksdb::BlockCacheLookupContext*, const rocksdb::ReadOptions&)	32	dynamic,bounded
/mnt/c/Users/grego/CLionProjects/BuildtimeHotspotAnalyzer/tests/temp/repos/rocksdb/table/block_based/partitioned_filter_block.cc:510:6:void rocksdb::PartitionedFilterBlockReader::MayMatch(rocksdb::MultiGetRange*, const rocksdb::SliceTransform*, rocksdb::BlockCacheLookupContext*, const rocksdb::ReadOptions&, FilterManyFunction) const	352	dynamic,bounded
/mnt/c/Users/grego/CLionProjects/BuildtimeHotspotAnalyzer/tests/temp/repos/rocksdb/table/block_based/partitioned_filter_block.cc:391:6:virtual void rocksdb::PartitionedFilterBlockReader::KeysMayMatch(rocksdb::MultiGetRange*, rocksdb::BlockCacheLookupContext*, const rocksdb::ReadOptions&)	64	dynamic,bounded
/mnt/c/Users/grego/CLionProjects/BuildtimeHotspotAnalyzer/tests/temp/repos/rocksdb/table/block_based/partitioned_filter_block.cc:411:6:virtual void rocksdb::PartitionedFilterBlockReader::PrefixesMayMatch(rocksdb::MultiGetRange*, const rocksdb::SliceTransform*, rocksdb::BlockCacheLookupContext*, const rocksdb::ReadOptions&)	32	dynamic,bounded
/usr/include/c++/13/bits/deque.tcc:931:5:void std::deque<_Tp, _Alloc>::_M_reallocate_map(size_type, bool) [with _Tp = rocksdb::BufferInfo*; _Alloc = std::allocator<rocksdb::BufferInfo*>]	96	static
/usr/include/c++/13/bits/deque.tcc:906:5:void std::deque<_Tp, _Alloc>::_M_new_elements_at_back(size_type) [with _Tp = rocksdb::BufferInfo*; _Alloc = std::allocator<rocksdb::BufferInfo*>]	48	static
/usr/include/c++/13/bits/hashtable.h:2559:5:void std::_Hashtable<_Key, _Value, _Alloc, _ExtractKey, _Equal, _Hash, _RangeHash, _Unused, _RehashPolicy, _Traits>::_M_rehash(size_type, const __rehash_state&) [with _Key = long unsigned int; _Value = std::pair<const long unsigned int, rocksdb::CachableEntry<rocksdb::ParsedFullFilterBlock> >; _Alloc = std::allocator<std::pair<const long unsigned int, rocksdb::CachableEntry<rocksdb::ParsedFullFilterBlock> > >; _ExtractKey = std::__detail::_Select1st; _Equal = std::equal_to<long unsigned int>; _Hash = std::hash<long unsigned int>; _RangeHash = std::__detail::_Mod_range_hashing; _Unused = std::__detail::_Default_ranged_hash; _RehashPolicy = std::__detail::_Prime_rehash_policy; _Traits = std::__detail::_Hashtable_traits<false, false, true>]	48	static
/usr/include/c++/13/bits/hashtable_policy.h:834:5:std::__detail::_Map_base<_Key, std::pair<const _Key, _Val>, _Alloc, std::__detail::_Select1st, _Equal, _Hash, _RangeHash, _Unused, _RehashPolicy, _Traits, true>::mapped_type& std::__detail::_Map_base<_Key, std::pair<const _Key, _Val>, _Alloc, std::__detail::_Select1st, _Equal, _Hash, _RangeHash, _Unused, _RehashPolicy, _Traits, true>::operator[](key_type&&) [with _Key = long unsigned int; _Val = rocksdb::CachableEntry<rocksdb::ParsedFullFilterBlock>; _Alloc = std::allocator<std::pair<const long unsigned int, rocksdb::CachableEntry<rocksdb::ParsedFullFilterBlock> > >; _Equal = std::equal_to<long unsigned int>; _Hash = std::hash<long unsigned int>; _RangeHash = std::__detail::_Mod_range_hashing; _Unused = std::__detail::_Default_ranged_hash; _RehashPolicy = std::__detail::_Prime_rehash_policy; _Traits = std::__detail::_Hashtable_traits<false, false, true>]	96	static
/mnt/c/Users/grego/CLionProjects/BuildtimeHotspotAnalyzer/tests/temp/repos/rocksdb/table/block_based/partitioned_filter_block.cc:592:8:virtual rocksdb::Status rocksdb::PartitionedFilterBlockReader::CacheDependencies(const rocksdb::ReadOptions&, bool, rocksdb::FilePrefetchBuffer*)	1664	dynamic,bounded
/mnt/c/Users/grego/CLionProjects/BuildtimeHotspotAnalyzer/tests/temp/repos/rocksdb/table/block_based/partitioned_filter_block.cc:758:1:cc)	8	static
