/mnt/c/Users/grego/CLionProjects/BuildtimeHotspotAnalyzer/tests/temp/repos/rocksdb/utilities/trace/replayer_impl.cc:30:1:rocksdb::ReplayerImpl::~ReplayerImpl()	32	static
/mnt/c/Users/grego/CLionProjects/BuildtimeHotspotAnalyzer/tests/temp/repos/rocksdb/utilities/trace/replayer_impl.cc:74:8:virtual rocksdb::Status rocksdb::ReplayerImpl::Execute(const std::unique_ptr<rocksdb::TraceRecord>&, std::unique_ptr<rocksdb::TraceRecordResult>*)	48	static
/mnt/c/Users/grego/CLionProjects/BuildtimeHotspotAnalyzer/tests/temp/repos/rocksdb/utilities/trace/replayer_impl.cc:249:10:virtual uint64_t rocksdb::ReplayerImpl::GetHeaderTimestamp() const	8	static
/usr/include/c++/13/bits/std_function.h:267:7:), _Functor>::_M_manager(std::_Any_data&, const std::_Any_data&, std::_Manager_operation) [with _Res = void; _Functor = rocksdb::ReplayerImpl::Replay(const rocksdb::ReplayOptions&, const std::function<void(rocksdb::Status, std::unique_ptr<rocksdb::TraceRecordResult>&&)>&)::<lambda(rocksdb::Status, uint64_t)>; _ArgTypes = {rocksdb::Status, long unsigned int}]	32	static
/mnt/c/Users/grego/CLionProjects/BuildtimeHotspotAnalyzer/tests/temp/repos/rocksdb/utilities/trace/replayer_impl.cc:30:1:virtual rocksdb::ReplayerImpl::~ReplayerImpl()	32	static
/usr/include/c++/13/bits/std_function.h:288:7:) [with _Res = void; _Functor = rocksdb::ReplayerImpl::Replay(const rocksdb::ReplayOptions&, const std::function<void(rocksdb::Status, std::unique_ptr<rocksdb::TraceRecordResult>&&)>&)::<lambda(rocksdb::Status, uint64_t)>; _ArgTypes = {rocksdb::Status, long unsigned int}]	96	static
/mnt/c/Users/grego/CLionProjects/BuildtimeHotspotAnalyzer/tests/temp/repos/rocksdb/utilities/trace/replayer_impl.cc:18:1:rocksdb::ReplayerImpl::ReplayerImpl(rocksdb::DB*, const std::vector<rocksdb::ColumnFamilyHandle*>&, std::unique_ptr<rocksdb::TraceReader>&&)	32	static
/usr/include/c++/13/bits/unique_ptr.h:398:7:std::unique_ptr<_Tp, _Dp>::~unique_ptr() [with _Tp = rocksdb::ReplayerWorkerArg; _Dp = std::default_delete<rocksdb::ReplayerWorkerArg>]	32	static
/mnt/c/Users/grego/CLionProjects/BuildtimeHotspotAnalyzer/tests/temp/repos/rocksdb/utilities/trace/replayer_impl.cc:283:6:static void rocksdb::ReplayerImpl::BackgroundWork(void*)	128	static
/usr/include/c++/13/bits/basic_string.h:280:7:constexpr void std::__cxx11::basic_string<_CharT, _Traits, _Alloc>::_M_dispose() [with _CharT = char; _Traits = std::char_traits<char>; _Alloc = std::allocator<char>]	8	static
/mnt/c/Users/grego/CLionProjects/BuildtimeHotspotAnalyzer/tests/temp/repos/rocksdb/utilities/trace/replayer_impl.cc:251:8:rocksdb::Status rocksdb::ReplayerImpl::ReadHeader(rocksdb::Trace*)	144	static
/mnt/c/Users/grego/CLionProjects/BuildtimeHotspotAnalyzer/tests/temp/repos/rocksdb/utilities/trace/replayer_impl.cc:35:8:virtual rocksdb::Status rocksdb::ReplayerImpl::Prepare()	160	static
/mnt/c/Users/grego/CLionProjects/BuildtimeHotspotAnalyzer/tests/temp/repos/rocksdb/utilities/trace/replayer_impl.cc:267:8:rocksdb::Status rocksdb::ReplayerImpl::ReadTrace(rocksdb::Trace*)	144	static
/mnt/c/Users/grego/CLionProjects/BuildtimeHotspotAnalyzer/tests/temp/repos/rocksdb/utilities/trace/replayer_impl.cc:52:8:virtual rocksdb::Status rocksdb::ReplayerImpl::Next(std::unique_ptr<rocksdb::TraceRecord>*)	192	static
/mnt/c/Users/grego/CLionProjects/BuildtimeHotspotAnalyzer/tests/temp/repos/rocksdb/utilities/trace/replayer_impl.cc:79:8:virtual rocksdb::Status rocksdb::ReplayerImpl::Replay(const rocksdb::ReplayOptions&, const std::function<void(rocksdb::Status, std::unique_ptr<rocksdb::TraceRecordResult>&&)>&)	416	static
