/mnt/c/Users/grego/CLionProjects/BuildtimeHotspotAnalyzer/tests/temp/repos/rocksdb/utilities/transactions/lock/range/range_tree/lib/locktree/../portability/../util/omt_impl.h:1148:5:int toku::omt<omtdata_t, omtdataout_t, supports_marks>::find_internal_zero(const subtree&, const omtcmp_t&, omtdataout_t*, uint32_t*) const [with omtcmp_t = long unsigned int; int (* h)(const omtdata_t&, const omtcmp_t&) = toku::wfg::find_by_txnid; omtdata_t = toku::wfg::node*; omtdataout_t = toku::wfg::node*; bool supports_marks = false]	128	static
/mnt/c/Users/grego/CLionProjects/BuildtimeHotspotAnalyzer/tests/temp/repos/rocksdb/utilities/transactions/lock/range/range_tree/lib/locktree/../portability/../util/omt_impl.h:515:5:int toku::omt<omtdata_t, omtdataout_t, supports_marks>::find_zero(const omtcmp_t&, omtdataout_t*, uint32_t*) const [with omtcmp_t = long unsigned int; int (* h)(const omtdata_t&, const omtcmp_t&) = toku::wfg::find_by_txnid; omtdata_t = toku::wfg::node*; omtdataout_t = toku::wfg::node*; bool supports_marks = false]	32	static
/mnt/c/Users/grego/CLionProjects/BuildtimeHotspotAnalyzer/tests/temp/repos/rocksdb/utilities/transactions/lock/range/range_tree/lib/locktree/wfg.cc:67:6:void toku::wfg::create()	32	static
/mnt/c/Users/grego/CLionProjects/BuildtimeHotspotAnalyzer/tests/temp/repos/rocksdb/utilities/transactions/lock/range/range_tree/lib/locktree/wfg.cc:70:6:void toku::wfg::destroy()	48	static
/mnt/c/Users/grego/CLionProjects/BuildtimeHotspotAnalyzer/tests/temp/repos/rocksdb/utilities/transactions/lock/range/range_tree/lib/locktree/wfg.cc:92:6:bool toku::wfg::node_exists(TXNID)	48	static
/mnt/c/Users/grego/CLionProjects/BuildtimeHotspotAnalyzer/tests/temp/repos/rocksdb/utilities/transactions/lock/range/range_tree/lib/locktree/wfg.cc:97:6:bool toku::wfg::cycle_exists_from_node(node*, node*, std::function<void(long unsigned int)>)	176	static
/mnt/c/Users/grego/CLionProjects/BuildtimeHotspotAnalyzer/tests/temp/repos/rocksdb/utilities/transactions/lock/range/range_tree/lib/locktree/wfg.cc:121:6:bool toku::wfg::cycle_exists_from_txnid(TXNID, std::function<void(long unsigned int)>)	112	static
/mnt/c/Users/grego/CLionProjects/BuildtimeHotspotAnalyzer/tests/temp/repos/rocksdb/utilities/transactions/lock/range/range_tree/lib/locktree/wfg.cc:134:6:void toku::wfg::apply_nodes(int (*)(TXNID, void*), void*)	64	static
/mnt/c/Users/grego/CLionProjects/BuildtimeHotspotAnalyzer/tests/temp/repos/rocksdb/utilities/transactions/lock/range/range_tree/lib/locktree/wfg.cc:149:6:void toku::wfg::apply_edges(TXNID, int (*)(TXNID, TXNID, void*), void*)	96	static
/mnt/c/Users/grego/CLionProjects/BuildtimeHotspotAnalyzer/tests/temp/repos/rocksdb/utilities/transactions/lock/range/range_tree/lib/locktree/wfg.cc:163:12:toku::wfg::node* toku::wfg::find_node(TXNID)	48	static
/mnt/c/Users/grego/CLionProjects/BuildtimeHotspotAnalyzer/tests/temp/repos/rocksdb/utilities/transactions/lock/range/range_tree/lib/locktree/wfg.cc:172:5:static int toku::wfg::find_by_txnid(node* const&, const TXNID&)	8	static
/mnt/c/Users/grego/CLionProjects/BuildtimeHotspotAnalyzer/tests/temp/repos/rocksdb/utilities/transactions/lock/range/range_tree/lib/locktree/wfg.cc:197:12:static toku::wfg::node* toku::wfg::node::alloc(TXNID)	32	static
/mnt/c/Users/grego/CLionProjects/BuildtimeHotspotAnalyzer/tests/temp/repos/rocksdb/utilities/transactions/lock/range/range_tree/lib/locktree/wfg.cc:205:6:static void toku::wfg::node::free(toku::wfg::node*)	32	static
/mnt/c/Users/grego/CLionProjects/BuildtimeHotspotAnalyzer/tests/temp/repos/rocksdb/utilities/transactions/lock/range/range_tree/lib/locktree/../portability/../util/omt_impl.h:658:6:void toku::omt<omtdata_t, omtdataout_t, supports_marks>::rebuild_from_sorted_array(subtree*, const omtdata_t*, uint32_t) [with omtdata_t = toku::wfg::node*; omtdataout_t = toku::wfg::node*; bool supports_marks = false]	272	static
/mnt/c/Users/grego/CLionProjects/BuildtimeHotspotAnalyzer/tests/temp/repos/rocksdb/utilities/transactions/lock/range/range_tree/lib/locktree/../portability/../util/omt_impl.h:1017:6:void toku::omt<omtdata_t, omtdataout_t, supports_marks>::fill_array_with_subtree_idxs(node_idx*, const subtree&) const [with omtdata_t = toku::wfg::node*; omtdataout_t = toku::wfg::node*; bool supports_marks = false]	256	static
/mnt/c/Users/grego/CLionProjects/BuildtimeHotspotAnalyzer/tests/temp/repos/rocksdb/utilities/transactions/lock/range/range_tree/lib/locktree/../portability/../util/omt_impl.h:1029:6:void toku::omt<omtdata_t, omtdataout_t, supports_marks>::rebuild_subtree_from_idxs(subtree*, const node_idx*, uint32_t) [with omtdata_t = toku::wfg::node*; omtdataout_t = toku::wfg::node*; bool supports_marks = false]	256	static
/mnt/c/Users/grego/CLionProjects/BuildtimeHotspotAnalyzer/tests/temp/repos/rocksdb/utilities/transactions/lock/range/range_tree/lib/locktree/../portability/../util/omt_impl.h:627:6:void toku::omt<omtdata_t, omtdataout_t, supports_marks>::fill_array_with_subtree_values(omtdata_t*, const subtree&) const [with omtdata_t = toku::wfg::node*; omtdataout_t = toku::wfg::node*; bool supports_marks = false]	240	static
/mnt/c/Users/grego/CLionProjects/BuildtimeHotspotAnalyzer/tests/temp/repos/rocksdb/utilities/transactions/lock/range/range_tree/lib/locktree/../portability/../util/omt_impl.h:640:6:void toku::omt<omtdata_t, omtdataout_t, supports_marks>::convert_to_array() [with omtdata_t = toku::wfg::node*; omtdataout_t = toku::wfg::node*; bool supports_marks = false]	80	static
/mnt/c/Users/grego/CLionProjects/BuildtimeHotspotAnalyzer/tests/temp/repos/rocksdb/utilities/transactions/lock/range/range_tree/lib/locktree/wfg.cc:184:12:toku::wfg::node* toku::wfg::find_create_node(TXNID)	112	static
/mnt/c/Users/grego/CLionProjects/BuildtimeHotspotAnalyzer/tests/temp/repos/rocksdb/utilities/transactions/lock/range/range_tree/lib/locktree/wfg.cc:84:6:void toku::wfg::add_edge(TXNID, TXNID)	48	static
