/mnt/c/Users/grego/CLionProjects/BuildtimeHotspotAnalyzer/tests/temp/repos/rocksdb/include/rocksdb/write_batch.h:259:18:virtual void rocksdb::WriteBatch::Handler::Put(const rocksdb::Slice&, const rocksdb::Slice&)	8	static
/mnt/c/Users/grego/CLionProjects/BuildtimeHotspotAnalyzer/tests/temp/repos/rocksdb/include/rocksdb/write_batch.h:285:18:virtual void rocksdb::WriteBatch::Handler::Delete(const rocksdb::Slice&)	8	static
/mnt/c/Users/grego/CLionProjects/BuildtimeHotspotAnalyzer/tests/temp/repos/rocksdb/include/rocksdb/write_batch.h:297:18:virtual void rocksdb::WriteBatch::Handler::SingleDelete(const rocksdb::Slice&)	8	static
/mnt/c/Users/grego/CLionProjects/BuildtimeHotspotAnalyzer/tests/temp/repos/rocksdb/include/rocksdb/write_batch.h:318:18:virtual void rocksdb::WriteBatch::Handler::Merge(const rocksdb::Slice&, const rocksdb::Slice&)	8	static
/mnt/c/Users/grego/CLionProjects/BuildtimeHotspotAnalyzer/tests/temp/repos/rocksdb/include/rocksdb/write_batch.h:369:25:virtual rocksdb::WriteBatch::Handler::OptionState rocksdb::WriteBatch::Handler::WriteAfterCommit() const	8	static
/mnt/c/Users/grego/CLionProjects/BuildtimeHotspotAnalyzer/tests/temp/repos/rocksdb/include/rocksdb/write_batch.h:372:25:virtual rocksdb::WriteBatch::Handler::OptionState rocksdb::WriteBatch::Handler::WriteBeforePrepare() const	8	static
/mnt/c/Users/grego/CLionProjects/BuildtimeHotspotAnalyzer/tests/temp/repos/rocksdb/util/write_batch_util.h:68:10:virtual rocksdb::Status rocksdb::ColumnFamilyCollector::MarkBeginPrepare(bool)	8	static
/mnt/c/Users/grego/CLionProjects/BuildtimeHotspotAnalyzer/tests/temp/repos/rocksdb/util/write_batch_util.h:70:10:virtual rocksdb::Status rocksdb::ColumnFamilyCollector::MarkEndPrepare(const rocksdb::Slice&)	8	static
/mnt/c/Users/grego/CLionProjects/BuildtimeHotspotAnalyzer/tests/temp/repos/rocksdb/util/write_batch_util.h:72:10:virtual rocksdb::Status rocksdb::ColumnFamilyCollector::MarkRollback(const rocksdb::Slice&)	8	static
/mnt/c/Users/grego/CLionProjects/BuildtimeHotspotAnalyzer/tests/temp/repos/rocksdb/util/write_batch_util.h:74:10:virtual rocksdb::Status rocksdb::ColumnFamilyCollector::MarkCommit(const rocksdb::Slice&)	8	static
/mnt/c/Users/grego/CLionProjects/BuildtimeHotspotAnalyzer/tests/temp/repos/rocksdb/util/write_batch_util.h:76:10:virtual rocksdb::Status rocksdb::ColumnFamilyCollector::MarkCommitWithTimestamp(const rocksdb::Slice&, const rocksdb::Slice&)	8	static
/mnt/c/Users/grego/CLionProjects/BuildtimeHotspotAnalyzer/tests/temp/repos/rocksdb/util/write_batch_util.h:80:10:virtual rocksdb::Status rocksdb::ColumnFamilyCollector::MarkNoop(bool)	8	static
/mnt/c/Users/grego/CLionProjects/BuildtimeHotspotAnalyzer/tests/temp/repos/rocksdb/util/write_batch_util.h:29:3:rocksdb::ColumnFamilyCollector::~ColumnFamilyCollector()	32	static
/mnt/c/Users/grego/CLionProjects/BuildtimeHotspotAnalyzer/tests/temp/repos/rocksdb/util/write_batch_util.h:29:3:virtual rocksdb::ColumnFamilyCollector::~ColumnFamilyCollector()	32	static
/mnt/c/Users/grego/CLionProjects/BuildtimeHotspotAnalyzer/tests/temp/repos/rocksdb/util/write_batch_util.cc:11:8:rocksdb::Status rocksdb::CollectColumnFamilyIdsFromWriteBatch(const WriteBatch&, std::vector<unsigned int>*)	192	static
/usr/include/c++/13/bits/hashtable.h:2559:5:void std::_Hashtable<_Key, _Value, _Alloc, _ExtractKey, _Equal, _Hash, _RangeHash, _Unused, _RehashPolicy, _Traits>::_M_rehash(size_type, const __rehash_state&) [with _Key = unsigned int; _Value = unsigned int; _Alloc = std::allocator<unsigned int>; _ExtractKey = std::__detail::_Identity; _Equal = std::equal_to<unsigned int>; _Hash = std::hash<unsigned int>; _RangeHash = std::__detail::_Mod_range_hashing; _Unused = std::__detail::_Default_ranged_hash; _RehashPolicy = std::__detail::_Prime_rehash_policy; _Traits = std::__detail::_Hashtable_traits<false, true, true>]	48	static
/mnt/c/Users/grego/CLionProjects/BuildtimeHotspotAnalyzer/tests/temp/repos/rocksdb/util/write_batch_util.h:53:10:virtual rocksdb::Status rocksdb::ColumnFamilyCollector::DeleteRangeCF(uint32_t, const rocksdb::Slice&, const rocksdb::Slice&)	96	static
/mnt/c/Users/grego/CLionProjects/BuildtimeHotspotAnalyzer/tests/temp/repos/rocksdb/util/write_batch_util.h:63:10:virtual rocksdb::Status rocksdb::ColumnFamilyCollector::PutBlobIndexCF(uint32_t, const rocksdb::Slice&, const rocksdb::Slice&)	96	static
/mnt/c/Users/grego/CLionProjects/BuildtimeHotspotAnalyzer/tests/temp/repos/rocksdb/util/write_batch_util.h:45:10:virtual rocksdb::Status rocksdb::ColumnFamilyCollector::DeleteCF(uint32_t, const rocksdb::Slice&)	96	static
/mnt/c/Users/grego/CLionProjects/BuildtimeHotspotAnalyzer/tests/temp/repos/rocksdb/util/write_batch_util.h:31:10:virtual rocksdb::Status rocksdb::ColumnFamilyCollector::PutCF(uint32_t, const rocksdb::Slice&, const rocksdb::Slice&)	96	static
/mnt/c/Users/grego/CLionProjects/BuildtimeHotspotAnalyzer/tests/temp/repos/rocksdb/util/write_batch_util.h:35:10:virtual rocksdb::Status rocksdb::ColumnFamilyCollector::PutEntityCF(uint32_t, const rocksdb::Slice&, const rocksdb::Slice&)	96	static
/mnt/c/Users/grego/CLionProjects/BuildtimeHotspotAnalyzer/tests/temp/repos/rocksdb/util/write_batch_util.h:40:10:virtual rocksdb::Status rocksdb::ColumnFamilyCollector::TimedPutCF(uint32_t, const rocksdb::Slice&, const rocksdb::Slice&, uint64_t)	96	static
/mnt/c/Users/grego/CLionProjects/BuildtimeHotspotAnalyzer/tests/temp/repos/rocksdb/util/write_batch_util.h:58:10:virtual rocksdb::Status rocksdb::ColumnFamilyCollector::MergeCF(uint32_t, const rocksdb::Slice&, const rocksdb::Slice&)	96	static
/mnt/c/Users/grego/CLionProjects/BuildtimeHotspotAnalyzer/tests/temp/repos/rocksdb/util/write_batch_util.h:49:10:virtual rocksdb::Status rocksdb::ColumnFamilyCollector::SingleDeleteCF(uint32_t, const rocksdb::Slice&)	96	static
