repos/lz4/programs/bench.c:129:BMK_setNotificationLevel	0	static
repos/lz4/programs/bench.c:131:BMK_setAdditionalParam	0	static
repos/lz4/programs/bench.c:133:BMK_setNbSeconds	0	static
repos/lz4/programs/bench.c:139:BMK_setBlockSize	0	static
repos/lz4/programs/bench.c:141:BMK_setBenchSeparately	0	static
repos/lz4/programs/bench.c:143:BMK_setDecodeOnlyMode	0	static
repos/lz4/programs/bench.c:145:BMK_skipChecksums	0	static
repos/lz4/programs/bench.c:802:BMK_benchFiles	200	static
repos/lz4/programs/bench.c:710:BMK_benchFileTable	312	static
repos/lz4/programs/bench.c:646:BMK_benchCLevel	520	static
repos/lz4/programs/bench.c:322:LZ4F_decompress_binding	40	static
repos/lz4/programs/bench.c:184:LZ4_compressInitStream	8	static
repos/lz4/programs/bench.c:211:LZ4_compressResetStream	8	static
repos/lz4/programs/bench.c:242:LZ4_compressBlockStream	56	static
repos/lz4/programs/bench.c:267:LZ4_compressCleanupStream	8	static
repos/lz4/programs/bench.c:194:LZ4_compressInitStreamHC	8	static
repos/lz4/programs/bench.c:218:LZ4_compressResetStreamHC	8	static
repos/lz4/programs/bench.c:252:LZ4_compressBlockStreamHC	40	static
repos/lz4/programs/bench.c:274:LZ4_compressCleanupStreamHC	8	static
repos/lz4/programs/bench.c:175:LZ4_compressInitNoStream	0	static
repos/lz4/programs/bench.c:205:LZ4_compressResetNoStream	0	static
repos/lz4/programs/bench.c:261:LZ4_compressCleanupNoStream	0	static
repos/lz4/programs/bench.c:225:LZ4_compressBlockNoStream	0	static
repos/lz4/programs/bench.c:234:LZ4_compressBlockNoStreamHC	0	static
