repos/abseil/absl/base/internal/raw_logging.cc:205:_ZN4absl16raw_log_internal25AsyncSignalSafeWriteErrorEPKcm	40	static
repos/abseil/absl/base/internal/raw_logging.cc:247:_ZN4absl16raw_log_internal6RawLogENS_11LogSeverityEPKciS3_z	3288	static
repos/abseil/absl/base/internal/raw_logging.cc:255:_ZN4absl16raw_log_internal24RawLoggingFullySupportedEv	0	static
repos/abseil/absl/base/internal/raw_logging.cc:197:_ZN4absl16raw_log_internal12_GLOBAL__N_118DefaultInternalLogENS_11LogSeverityEPKciRKNSt7__cxx1112basic_stringIcSt11char_traitsIcESaIcEEE	0	static
repos/abseil/absl/base/internal/raw_logging.cc:267:_ZN4absl16raw_log_internal30RegisterLogFilterAndPrefixHookEPFbNS_11LogSeverityEPKciPPcPiE	0	static
repos/abseil/absl/base/internal/raw_logging.cc:271:_ZN4absl16raw_log_internal17RegisterAbortHookEPFvPKciS2_S2_S2_E	0	static
repos/abseil/absl/base/internal/raw_logging.cc:273:_ZN4absl16raw_log_internal27RegisterInternalLogFunctionEPFvNS_11LogSeverityEPKciRKNSt7__cxx1112basic_stringIcSt11char_traitsIcESaIcEEEE	0	static
repos/abseil/absl/base/internal/raw_logging.cc:122:_ZN4absl16raw_log_internal12_GLOBAL__N_18DoRawLogEPPcPiPKcz	232	static
repos/abseil/absl/base/internal/raw_logging.cc:134:_ZN4absl16raw_log_internal12_GLOBAL__N_125DefaultLogFilterAndPrefixENS_11LogSeverityEPKciPPcPi	8	static
repos/abseil/absl/base/internal/atomic_hook.h:135:_ZN4absl13base_internal10AtomicHookIPFvPKciS3_S3_S3_EE13DummyFunctionES3_iS3_S3_S3_	0	static
