repos/abseil/absl/synchronization/internal/stdcpp_waiter.cc:33:_ZN4absl24synchronization_internal12StdcppWaiterC2Ev	8	static
repos/abseil/absl/synchronization/internal/stdcpp_waiter.cc:35:_ZN4absl24synchronization_internal12StdcppWaiter4WaitENS0_13KernelTimeoutE	88	static
repos/abseil/absl/synchronization/internal/stdcpp_waiter.cc:66:_ZN4absl24synchronization_internal12StdcppWaiter4PostEv	8	static
repos/abseil/absl/synchronization/internal/stdcpp_waiter.cc:77:_ZN4absl24synchronization_internal12StdcppWaiter19InternalCondVarPokeEv	0	static
repos/abseil/absl/synchronization/internal/stdcpp_waiter.cc:72:_ZN4absl24synchronization_internal12StdcppWaiter4PokeEv	8	static
