../../../../../repos/curl/lib/cshutdn.c:110:Curl_cshutdn_run_once	40	static
../../../../../repos/curl/lib/cshutdn.c:69:cshutdn_run_once	56	static
../../../../../repos/curl/lib/cshutdn.c:121:Curl_cshutdn_terminate	56	static
../../../../../repos/curl/lib/cshutdn.c:41:cshutdn_run_conn_handler	24	static
../../../../../repos/curl/lib/cshutdn.c:195:Curl_cshutdn_close_oldest	40	static
../../../../../repos/curl/lib/cshutdn.c:167:cshutdn_destroy_oldest	216	static
../../../../../repos/curl/lib/cshutdn.c:319:Curl_cshutdn_init	24	static
../../../../../repos/curl/lib/cshutdn.c:329:Curl_cshutdn_destroy	40	static
../../../../../repos/curl/lib/cshutdn.c:266:cshutdn_terminate_all	248	static
../../../../../repos/curl/lib/cshutdn.c:353:Curl_cshutdn_count	40	static
../../../../../repos/curl/lib/cshutdn.c:362:Curl_cshutdn_dest_count	72	static
../../../../../repos/curl/lib/cshutdn.c:395:Curl_cshutdn_add	88	static
../../../../../repos/curl/lib/cshutdn.c:380:cshutdn_update_ev	40	static
../../../../../repos/curl/lib/cshutdn.c:426:Curl_cshutdn_perform	40	static
../../../../../repos/curl/lib/cshutdn.c:228:cshutdn_perform	88	static
../../../../../repos/curl/lib/cshutdn.c:434:Curl_cshutdn_setfds	152	static
../../../../../repos/curl/lib/cshutdn.c:475:Curl_cshutdn_add_waitfds	104	static
../../../../../repos/curl/lib/cshutdn.c:503:Curl_cshutdn_add_pollfds	104	static
../../../../../repos/curl/lib/sigpipe.h:36:sigpipe_init	24	static
../../../../../repos/curl/lib/sigpipe.h:80:sigpipe_apply	24	static
../../../../../repos/curl/lib/sigpipe.h:73:sigpipe_restore	24	static
../../../../../repos/curl/lib/sigpipe.h:47:sigpipe_ignore	184	static
../../../../../repos/curl/lib/cshutdn.c:207:cshutdn_wait	168	static
