ws.c:1240:Curl_ws_request	216	static
ws.c:1311:Curl_ws_accept	104	static
ws.c:356:ws_dec_init	24	static
ws.c:793:ws_enc_init	24	static
ws.c:1297:ws_conn_dtor	40	static
ws.c:345:ws_dec_reset	8	static
ws.c:786:ws_enc_reset	8	static
ws.c:1525:curl_ws_recv	200	static
ws.c:1517:nw_in_recv	56	static
ws.c:514:ws_dec_pass	104	static
ws.c:1461:ws_client_collect	120	static
ws.c:294:ws_dec_info	104	static
ws.c:570:update_meta	8	static
ws.c:977:ws_enc_add_pending	56	static
ws.c:1622:ws_flush	88	static
ws.c:1758:curl_ws_send	136	static
ws.c:1721:ws_send_raw	72	static
ws.c:1019:ws_enc_send	200	static
ws.c:1846:curl_ws_meta	40	static
ws.c:1861:curl_ws_start_frame	72	static
ws.c:925:ws_enc_write_head	72	static
ws.c:591:ws_cw_init	40	static
ws.c:710:ws_cw_write	136	static
ws.c:600:ws_cw_close	40	static
ws.c:664:ws_cw_dec_next	104	static
ws.c:651:ws_payload_remain	56	static
ws.c:626:ws_enc_add_cntrl	72	static
ws.c:1123:cr_ws_init	8	static
ws.c:1136:cr_ws_read	120	static
ws.c:1130:cr_ws_close	8	static
ws.c:942:ws_enc_write_payload	120	static
ws.c:776:ws_enc_info	56	static
ws.c:132:ws_frame_name_of_op	8	static
ws.c:334:ws_dec_next_frame	8	static
ws.c:361:ws_dec_read_head	72	static
ws.c:482:ws_dec_pass_payload	120	static
ws.c:152:ws_frame_firstbyte2flags	40	static
ws.c:821:ws_enc_add_frame	104	static
ws.c:231:ws_frame_flags2firstbyte	56	static
ws.c:1680:ws_send_raw_blocking	104	static
ws.c:1835:ws_setup_conn	24	static
