../../../../../repos/curl/lib/connect.c:73:Curl_alpn2alpnid	8	static
../../../../../repos/curl/lib/connect.c:90:Curl_str2alpnid	24	static
../../../../../repos/curl/lib/connect.c:105:Curl_timeleft_now_ms	88	static
../../../../../repos/curl/lib/connect.c:200:Curl_shutdown_started	8	static
../../../../../repos/curl/lib/connect.c:162:Curl_shutdown_timeleft	72	static
../../../../../repos/curl/lib/connect.c:139:Curl_timeleft_ms	24	static
../../../../../repos/curl/lib/connect.c:144:Curl_shutdown_start	56	static
../../../../../repos/curl/lib/connect.c:178:Curl_conn_shutdown_timeleft	56	static
../../../../../repos/curl/lib/connect.c:194:Curl_shutdown_clear	40	static
../../../../../repos/curl/lib/connect.c:211:Curl_addr2string	88	static
../../../../../repos/curl/lib/connect.c:268:Curl_getconnectinfo	40	static
../../../../../repos/curl/lib/connect.c:298:Curl_conncontrol	24	static
../../../../../repos/curl/lib/connect.c:462:cf_setup_destroy	40	static
../../../../../repos/curl/lib/connect.c:340:cf_setup_connect	72	static
../../../../../repos/curl/lib/connect.c:447:cf_setup_close	40	static
../../../../../repos/curl/lib/connect.c:538:Curl_cf_setup_insert_after	56	static
../../../../../repos/curl/lib/connect.c:488:cf_setup_create	72	static
../../../../../repos/curl/lib/connect.c:555:Curl_conn_setup	56	static
../../../../../repos/curl/lib/connect.c:520:cf_setup_add	56	static
../../../../../repos/curl/lib/connect.c:595:Curl_conn_set_multiplex	24	static
