../../../../../repos/curl/src/tool_operate.c:323:single_transfer_cleanup	24	static
../../../../../repos/curl/src/tool_operate.c:2240:operate	104	static
../../../../../repos/curl/src/tool_operate.c:2219:share_setup	40	static
../../../../../repos/curl/src/tool_operate.c:2173:run_all_transfers	56	static
../../../../../repos/curl/src/tool_operate.c:2211:share_setopt	40	static
../../../../../repos/curl/src/tool_operate.c:1830:parallel_transfers	152	static
../../../../../repos/curl/src/tool_operate.c:1912:serial_transfers	120	static
../../../../../repos/curl/src/tool_operate.c:594:post_per_transfer	600	static
../../../../../repos/curl/src/tool_operate.c:221:del_per_transfer	40	static
../../../../../repos/curl/src/tool_operate.c:1809:mnotify	56	static
../../../../../repos/curl/src/tool_operate.c:1430:add_parallel_transfers	120	static
../../../../../repos/curl/src/tool_operate.c:1742:check_finished	104	static
../../../../../repos/curl/src/tool_operate.c:107:is_fatal_error	8	static
../../../../../repos/curl/src/tool_operate.c:2155:create_transfer	40	static
../../../../../repos/curl/src/tool_operate.c:247:pre_transfer	216	static
../../../../../repos/curl/src/tool_operate.c:2126:transfer_per_config	56	static
../../../../../repos/curl/src/tool_operate.c:2055:cacertpaths	40	static
../../../../../repos/curl/src/tool_operate.c:1384:single_transfer	72	static
../../../../../repos/curl/src/tool_operate.c:2016:is_using_schannel	56	static
../../../../../repos/curl/src/tool_operate.c:769:set_cert_types	24	static
../../../../../repos/curl/src/tool_operate.c:1165:create_single	200	static
../../../../../repos/curl/src/tool_operate.c:127:is_pkcs11_uri	24	static
../../../../../repos/curl/src/tool_operate.c:843:etag_compare	344	static
../../../../../repos/curl/src/tool_operate.c:884:etag_store	56	static
../../../../../repos/curl/src/tool_operate.c:197:add_per_transfer	40	static
../../../../../repos/curl/src/tool_operate.c:917:setup_headerfile	56	static
../../../../../repos/curl/src/tool_operate.c:970:setup_outfile	392	static
../../../../../repos/curl/src/tool_operate.c:1090:check_stdin_upload	312	static
../../../../../repos/curl/src/tool_operate.c:809:append2query	72	static
../../../../../repos/curl/src/tool_operate.c:1150:setup_header_cb	8	static
../../../../../repos/curl/src/tool_operate.c:359:retrycheck	456	static
../../../../../repos/curl/src/tool_operate.c:343:is_outfile_auto_resumable	56	static
