/home/gregorian-rayne/CLionProjects/build-hotspot-analyzer/tests/cli/repos/glfw/src/context.c:47:10:_glfwIsValidContextConfig	16	static
/home/gregorian-rayne/CLionProjects/build-hotspot-analyzer/tests/cli/repos/glfw/src/context.c:183:22:_glfwChooseFBConfig	56	static
/home/gregorian-rayne/CLionProjects/build-hotspot-analyzer/tests/cli/repos/glfw/src/context.c:585:10:_glfwStringInExtensionString	32	static
/home/gregorian-rayne/CLionProjects/build-hotspot-analyzer/tests/cli/repos/glfw/src/context.c:616:14:glfwMakeContextCurrent	16	static
/home/gregorian-rayne/CLionProjects/build-hotspot-analyzer/tests/cli/repos/glfw/src/context.c:642:21:glfwGetCurrentContext	16	static
/home/gregorian-rayne/CLionProjects/build-hotspot-analyzer/tests/cli/repos/glfw/src/context.c:648:14:glfwSwapBuffers	8	static
/home/gregorian-rayne/CLionProjects/build-hotspot-analyzer/tests/cli/repos/glfw/src/context.c:665:14:glfwSwapInterval	16	static
/home/gregorian-rayne/CLionProjects/build-hotspot-analyzer/tests/cli/repos/glfw/src/context.c:682:13:glfwExtensionSupported	48	static
/home/gregorian-rayne/CLionProjects/build-hotspot-analyzer/tests/cli/repos/glfw/src/context.c:345:10:_glfwRefreshContextAttribs	144	static
/home/gregorian-rayne/CLionProjects/build-hotspot-analyzer/tests/cli/repos/glfw/src/context.c:748:20:glfwGetProcAddress	16	static
