/home/gregorian-rayne/CLionProjects/build-hotspot-analyzer/tests/cli/repos/glfw/src/init.c:80:13:defaultDeallocate	8	static
/home/gregorian-rayne/CLionProjects/build-hotspot-analyzer/tests/cli/repos/glfw/src/init.c:87:14:defaultReallocate	8	static
/home/gregorian-rayne/CLionProjects/build-hotspot-analyzer/tests/cli/repos/glfw/src/init.c:73:14:defaultAllocate	8	static
/home/gregorian-rayne/CLionProjects/build-hotspot-analyzer/tests/cli/repos/glfw/src/init.c:150:8:_glfwEncodeUTF8	8	static
/home/gregorian-rayne/CLionProjects/build-hotspot-analyzer/tests/cli/repos/glfw/src/init.c:239:5:_glfw_min	8	static
/home/gregorian-rayne/CLionProjects/build-hotspot-analyzer/tests/cli/repos/glfw/src/init.c:244:5:_glfw_max	8	static
/home/gregorian-rayne/CLionProjects/build-hotspot-analyzer/tests/cli/repos/glfw/src/init.c:296:6:_glfw_free	8	static
/home/gregorian-rayne/CLionProjects/build-hotspot-analyzer/tests/cli/repos/glfw/src/init.c:94:13:terminate	32	static
/home/gregorian-rayne/CLionProjects/build-hotspot-analyzer/tests/cli/repos/glfw/src/init.c:309:6:_glfwInputError	1296	static
/home/gregorian-rayne/CLionProjects/build-hotspot-analyzer/tests/cli/repos/glfw/src/init.c:249:7:_glfw_calloc	16	static
/home/gregorian-rayne/CLionProjects/build-hotspot-analyzer/tests/cli/repos/glfw/src/init.c:231:7:_glfw_strdup	16	static
/home/gregorian-rayne/CLionProjects/build-hotspot-analyzer/tests/cli/repos/glfw/src/init.c:274:7:_glfw_realloc	16	static
/home/gregorian-rayne/CLionProjects/build-hotspot-analyzer/tests/cli/repos/glfw/src/init.c:181:8:_glfwParseUriList	96	static
/home/gregorian-rayne/CLionProjects/build-hotspot-analyzer/tests/cli/repos/glfw/src/init.c:386:13:glfwInit	32	static
/home/gregorian-rayne/CLionProjects/build-hotspot-analyzer/tests/cli/repos/glfw/src/init.c:432:14:glfwTerminate	8	static
/home/gregorian-rayne/CLionProjects/build-hotspot-analyzer/tests/cli/repos/glfw/src/init.c:440:14:glfwInitHint	8	static
/home/gregorian-rayne/CLionProjects/build-hotspot-analyzer/tests/cli/repos/glfw/src/init.c:471:14:glfwInitAllocator	8	static
/home/gregorian-rayne/CLionProjects/build-hotspot-analyzer/tests/cli/repos/glfw/src/init.c:484:14:glfwInitVulkanLoader	8	static
/home/gregorian-rayne/CLionProjects/build-hotspot-analyzer/tests/cli/repos/glfw/src/init.c:489:14:glfwGetVersion	8	static
/home/gregorian-rayne/CLionProjects/build-hotspot-analyzer/tests/cli/repos/glfw/src/init.c:499:13:glfwGetError	16	static
/home/gregorian-rayne/CLionProjects/build-hotspot-analyzer/tests/cli/repos/glfw/src/init.c:523:22:glfwSetErrorCallback	8	static
