/mnt/c/Users/grego/CLionProjects/BuildtimeHotspotAnalyzer/tests/temp/repos/catch2/src/catch2/matchers/catch_matchers_exception.cpp:13:6:virtual bool Catch::Matchers::ExceptionMessageMatcher::match(const std::exception&) const	32	static
/mnt/c/Users/grego/CLionProjects/BuildtimeHotspotAnalyzer/tests/temp/repos/catch2/src/catch2/../catch2/matchers/catch_matchers_exception.hpp:16:7:Catch::Matchers::ExceptionMessageMatcher::~ExceptionMessageMatcher()	16	static
/mnt/c/Users/grego/CLionProjects/BuildtimeHotspotAnalyzer/tests/temp/repos/catch2/src/catch2/../catch2/matchers/catch_matchers_exception.hpp:16:7:virtual Catch::Matchers::ExceptionMessageMatcher::~ExceptionMessageMatcher()	16	static
/mnt/c/Users/grego/CLionProjects/BuildtimeHotspotAnalyzer/tests/temp/repos/catch2/src/catch2/matchers/catch_matchers_exception.cpp:17:13:virtual std::string Catch::Matchers::ExceptionMessageMatcher::describe() const	96	static
/mnt/c/Users/grego/CLionProjects/BuildtimeHotspotAnalyzer/tests/temp/repos/catch2/src/catch2/matchers/catch_matchers_exception.cpp:21:25:Catch::Matchers::ExceptionMessageMatcher Catch::Matchers::Message(const std::string&)	48	static
