/usr/include/c++/13/bits/shared_ptr_base.h:455:5:void std::_Sp_counted_ptr<_Ptr, _Lp>::_M_dispose() [with _Ptr = std::nullptr_t; __gnu_cxx::_Lock_policy _Lp = __gnu_cxx::_S_atomic]	8	static
/mnt/c/Users/grego/CLionProjects/BuildtimeHotspotAnalyzer/tests/temp/repos/catch2/src/catch2/../catch2/internal/catch_clara.hpp:470:30:virtual Catch::Clara::Detail::Result Catch::Clara::Detail::ParserBase::validate() const	8	static
/usr/include/c++/13/bits/shared_ptr_base.h:143:7:void std::_Sp_counted_base<_Lp>::_M_destroy() [with __gnu_cxx::_Lock_policy _Lp = __gnu_cxx::_S_atomic]	8	static
/mnt/c/Users/grego/CLionProjects/BuildtimeHotspotAnalyzer/tests/temp/repos/catch2/src/catch2/../catch2/internal/catch_clara.hpp:543:22:size_t Catch::Clara::Detail::ParserRefImpl<DerivedT>::cardinality() const [with DerivedT = Catch::Clara::Opt]	16	static
/mnt/c/Users/grego/CLionProjects/BuildtimeHotspotAnalyzer/tests/temp/repos/catch2/src/catch2/../catch2/internal/catch_clara.hpp:543:22:size_t Catch::Clara::Detail::ParserRefImpl<DerivedT>::cardinality() const [with DerivedT = Catch::Clara::Arg]	16	static
/mnt/c/Users/grego/CLionProjects/BuildtimeHotspotAnalyzer/tests/temp/repos/catch2/src/catch2/../catch2/internal/catch_clara.hpp:265:22:void Catch::Clara::Detail::BasicResult<T>::enforceOk() const [with T = void]	16	static
/mnt/c/Users/grego/CLionProjects/BuildtimeHotspotAnalyzer/tests/temp/repos/catch2/src/catch2/../catch2/internal/catch_clara.hpp:265:22:void Catch::Clara::Detail::BasicResult<T>::enforceOk() const [with T = Catch::Clara::Detail::ParseState]	16	static
/mnt/c/Users/grego/CLionProjects/BuildtimeHotspotAnalyzer/tests/temp/repos/catch2/src/catch2/catch_session.cpp:38:27:Catch::IEventListenerPtr Catch::{anonymous}::createReporter(const std::string&, Catch::ReporterConfig&&)	112	static
/usr/include/c++/13/bits/vector.tcc:210:5:std::vector<_Tp, _Alloc>& std::vector<_Tp, _Alloc>::operator=(const std::vector<_Tp, _Alloc>&) [with _Tp = Catch::StringRef; _Alloc = std::allocator<Catch::StringRef>]	48	static
/mnt/c/Users/grego/CLionProjects/BuildtimeHotspotAnalyzer/tests/temp/repos/catch2/src/catch2/../catch2/internal/catch_clara.hpp:233:19:Catch::Clara::Detail::BasicResult<void>::~BasicResult()	16	static
/mnt/c/Users/grego/CLionProjects/BuildtimeHotspotAnalyzer/tests/temp/repos/catch2/src/catch2/../catch2/internal/catch_clara.hpp:233:19:virtual Catch::Clara::Detail::BasicResult<void>::~BasicResult()	16	static
/mnt/c/Users/grego/CLionProjects/BuildtimeHotspotAnalyzer/tests/temp/repos/catch2/src/catch2/../catch2/internal/catch_clara.hpp:233:19:Catch::Clara::Detail::BasicResult<Catch::Clara::Detail::ParseState>::~BasicResult()	16	static
/mnt/c/Users/grego/CLionProjects/BuildtimeHotspotAnalyzer/tests/temp/repos/catch2/src/catch2/../catch2/internal/catch_clara.hpp:233:19:virtual Catch::Clara::Detail::BasicResult<Catch::Clara::Detail::ParseState>::~BasicResult()	16	static
/usr/include/c++/13/bits/stl_tree.h:1930:5:void std::_Rb_tree<_Key, _Val, _KeyOfValue, _Compare, _Alloc>::_M_erase(_Link_type) [with _Key = const Catch::TestCaseHandle*; _Val = const Catch::TestCaseHandle*; _KeyOfValue = std::_Identity<const Catch::TestCaseHandle*>; _Compare = std::less<const Catch::TestCaseHandle*>; _Alloc = std::allocator<const Catch::TestCaseHandle*>]	96	static
/usr/include/c++/13/bits/stl_tree.h:1892:7:std::_Rb_tree_node<_Val>* std::_Rb_tree<_Key, _Val, _KeyOfValue, _Compare, _Alloc>::_M_copy(_Link_type, _Base_ptr, _NodeGen&) [with bool _MoveValues = false; _NodeGen = std::_Rb_tree<const Catch::TestCaseHandle*, const Catch::TestCaseHandle*, std::_Identity<const Catch::TestCaseHandle*>, std::less<const Catch::TestCaseHandle*>, std::allocator<const Catch::TestCaseHandle*> >::_Alloc_node; _Key = const Catch::TestCaseHandle*; _Val = const Catch::TestCaseHandle*; _KeyOfValue = std::_Identity<const Catch::TestCaseHandle*>; _Compare = std::less<const Catch::TestCaseHandle*>; _Alloc = std::allocator<const Catch::TestCaseHandle*>]	48	static
/usr/include/c++/13/bits/vector.tcc:210:5:std::vector<_Tp, _Alloc>& std::vector<_Tp, _Alloc>::operator=(const std::vector<_Tp, _Alloc>&) [with _Tp = std::__cxx11::basic_string<char>; _Alloc = std::allocator<std::__cxx11::basic_string<char> >]	112	static
/usr/include/c++/13/bits/stl_tree.h:1930:5:void std::_Rb_tree<_Key, _Val, _KeyOfValue, _Compare, _Alloc>::_M_erase(_Link_type) [with _Key = std::__cxx11::basic_string<char>; _Val = std::pair<const std::__cxx11::basic_string<char>, std::__cxx11::basic_string<char> >; _KeyOfValue = std::_Select1st<std::pair<const std::__cxx11::basic_string<char>, std::__cxx11::basic_string<char> > >; _Compare = std::less<std::__cxx11::basic_string<char> >; _Alloc = std::allocator<std::pair<const std::__cxx11::basic_string<char>, std::__cxx11::basic_string<char> > >]	96	static
/usr/include/c++/13/bits/stl_tree.h:1892:7:std::_Rb_tree_node<_Val>* std::_Rb_tree<_Key, _Val, _KeyOfValue, _Compare, _Alloc>::_M_copy(_Link_type, _Base_ptr, _NodeGen&) [with bool _MoveValues = false; _NodeGen = std::_Rb_tree<std::__cxx11::basic_string<char>, std::pair<const std::__cxx11::basic_string<char>, std::__cxx11::basic_string<char> >, std::_Select1st<std::pair<const std::__cxx11::basic_string<char>, std::__cxx11::basic_string<char> > >, std::less<std::__cxx11::basic_string<char> >, std::allocator<std::pair<const std::__cxx11::basic_string<char>, std::__cxx11::basic_string<char> > > >::_Alloc_node; _Key = std::__cxx11::basic_string<char>; _Val = std::pair<const std::__cxx11::basic_string<char>, std::__cxx11::basic_string<char> >; _KeyOfValue = std::_Select1st<std::pair<const std::__cxx11::basic_string<char>, std::__cxx11::basic_string<char> > >; _Compare = std::less<std::__cxx11::basic_string<char> >; _Alloc = std::allocator<std::pair<const std::__cxx11::basic_string<char>, std::__cxx11::basic_string<char> > >]	96	static
/usr/include/c++/13/bits/stl_tree.h:1892:7:std::_Rb_tree_node<_Val>* std::_Rb_tree<_Key, _Val, _KeyOfValue, _Compare, _Alloc>::_M_copy(_Link_type, _Base_ptr, _NodeGen&) [with bool _MoveValues = false; _NodeGen = std::_Rb_tree<std::__cxx11::basic_string<char>, std::pair<const std::__cxx11::basic_string<char>, std::__cxx11::basic_string<char> >, std::_Select1st<std::pair<const std::__cxx11::basic_string<char>, std::__cxx11::basic_string<char> > >, std::less<std::__cxx11::basic_string<char> >, std::allocator<std::pair<const std::__cxx11::basic_string<char>, std::__cxx11::basic_string<char> > > >::_Reuse_or_alloc_node; _Key = std::__cxx11::basic_string<char>; _Val = std::pair<const std::__cxx11::basic_string<char>, std::__cxx11::basic_string<char> >; _KeyOfValue = std::_Select1st<std::pair<const std::__cxx11::basic_string<char>, std::__cxx11::basic_string<char> > >; _Compare = std::less<std::__cxx11::basic_string<char> >; _Alloc = std::allocator<std::pair<const std::__cxx11::basic_string<char>, std::__cxx11::basic_string<char> > >]	112	static
/mnt/c/Users/grego/CLionProjects/BuildtimeHotspotAnalyzer/tests/temp/repos/catch2/src/catch2/../catch2/catch_config.hpp:46:12:Catch::ConfigData::~ConfigData()	48	static
/mnt/c/Users/grego/CLionProjects/BuildtimeHotspotAnalyzer/tests/temp/repos/catch2/src/catch2/catch_session.cpp:229:10:void Catch::Session::showHelp() const	48	static
/mnt/c/Users/grego/CLionProjects/BuildtimeHotspotAnalyzer/tests/temp/repos/catch2/src/catch2/catch_session.cpp:235:10:void Catch::Session::libIdentify()	32	static
/mnt/c/Users/grego/CLionProjects/BuildtimeHotspotAnalyzer/tests/temp/repos/catch2/src/catch2/catch_session.cpp:243:9:int Catch::Session::applyCommandLine(int, const char* const*)	304	static
/mnt/c/Users/grego/CLionProjects/BuildtimeHotspotAnalyzer/tests/temp/repos/catch2/src/catch2/catch_session.cpp:315:26:const Catch::Clara::Parser& Catch::Session::cli() const	8	static
/mnt/c/Users/grego/CLionProjects/BuildtimeHotspotAnalyzer/tests/temp/repos/catch2/src/catch2/catch_session.cpp:321:17:Catch::ConfigData& Catch::Session::configData()	8	static
/mnt/c/Users/grego/CLionProjects/BuildtimeHotspotAnalyzer/tests/temp/repos/catch2/src/catch2/catch_session.cpp:324:13:Catch::Config& Catch::Session::config()	32	static
/usr/include/c++/13/bits/shared_ptr_base.h:198:7:void std::_Sp_counted_base<_Lp>::_M_release_last_use_cold() [with __gnu_cxx::_Lock_policy _Lp = __gnu_cxx::_S_atomic]	32	static
/usr/include/c++/13/bits/shared_ptr_base.h:317:5:void std::_Sp_counted_base<_Lp>::_M_release() [with __gnu_cxx::_Lock_policy _Lp = __gnu_cxx::_S_atomic]	32	static
/mnt/c/Users/grego/CLionProjects/BuildtimeHotspotAnalyzer/tests/temp/repos/catch2/src/catch2/../catch2/internal/catch_clara.hpp:644:15:Catch::Clara::Parser::~Parser()	48	static
/mnt/c/Users/grego/CLionProjects/BuildtimeHotspotAnalyzer/tests/temp/repos/catch2/src/catch2/../catch2/internal/catch_clara.hpp:644:15:virtual Catch::Clara::Parser::~Parser()	48	static
/mnt/c/Users/grego/CLionProjects/BuildtimeHotspotAnalyzer/tests/temp/repos/catch2/src/catch2/catch_session.cpp:225:5:Catch::Session::~Session()	64	static
/mnt/c/Users/grego/CLionProjects/BuildtimeHotspotAnalyzer/tests/temp/repos/catch2/src/catch2/catch_session.cpp:191:5:Catch::Session::Session()	368	static
/mnt/c/Users/grego/CLionProjects/BuildtimeHotspotAnalyzer/tests/temp/repos/catch2/src/catch2/catch_session.cpp:318:10:void Catch::Session::cli(const Catch::Clara::Parser&)	96	static
/mnt/c/Users/grego/CLionProjects/BuildtimeHotspotAnalyzer/tests/temp/repos/catch2/src/catch2/../catch2/reporters/catch_reporter_multi.hpp:15:11:Catch::MultiReporter::~MultiReporter()	32	static
/mnt/c/Users/grego/CLionProjects/BuildtimeHotspotAnalyzer/tests/temp/repos/catch2/src/catch2/../catch2/reporters/catch_reporter_multi.hpp:15:11:virtual Catch::MultiReporter::~MultiReporter()	32	static
/usr/include/c++/13/bits/stl_vector.h:733:7:std::vector<_Tp, _Alloc>::~vector() [with _Tp = Catch::TestSpec::FilterMatch; _Alloc = std::allocator<Catch::TestSpec::FilterMatch>]	32	static
/mnt/c/Users/grego/CLionProjects/BuildtimeHotspotAnalyzer/tests/temp/repos/catch2/src/catch2/../catch2/internal/catch_sharding.hpp:17:15:Container Catch::createShard(const Container&, std::size_t, std::size_t) [with Container = std::set<const TestCaseHandle*>]	80	static
/usr/include/c++/13/bits/stl_tree.h:2430:7:) [with _Args = {const Catch::TestCaseHandle*}; _Key = const Catch::TestCaseHandle*; _Val = const Catch::TestCaseHandle*; _KeyOfValue = std::_Identity<const Catch::TestCaseHandle*>; _Compare = std::less<const Catch::TestCaseHandle*>; _Alloc = std::allocator<const Catch::TestCaseHandle*>]	48	static
/mnt/c/Users/grego/CLionProjects/BuildtimeHotspotAnalyzer/tests/temp/repos/catch2/src/catch2/../catch2/internal/catch_reporter_spec_parser.hpp:38:11:Catch::ReporterSpec::~ReporterSpec()	32	static
/mnt/c/Users/grego/CLionProjects/BuildtimeHotspotAnalyzer/tests/temp/repos/catch2/src/catch2/catch_session.cpp:296:10:void Catch::Session::useConfigData(const Catch::ConfigData&)	144	static
/mnt/c/Users/grego/CLionProjects/BuildtimeHotspotAnalyzer/tests/temp/repos/catch2/src/catch2/catch_session.cpp:330:9:int Catch::Session::runInternal()	832	static
/mnt/c/Users/grego/CLionProjects/BuildtimeHotspotAnalyzer/tests/temp/repos/catch2/src/catch2/catch_session.cpp:301:9:int Catch::Session::run()	48	static
