/usr/include/c++/13/ostream:570:5:std::basic_ostream<char, _Traits>& std::operator<<(basic_ostream<char, _Traits>&, char) [with _Traits = char_traits<char>]	32	static
/home/gregorian-rayne/CLionProjects/build-hotspot-analyzer/tests/cli/repos/catch2/src/catch2/catch_approx.cpp:27:5:Catch::Approx::Approx(double)	8	static
/home/gregorian-rayne/CLionProjects/build-hotspot-analyzer/tests/cli/repos/catch2/src/catch2/catch_approx.cpp:34:12:static Catch::Approx Catch::Approx::custom()	8	static
/home/gregorian-rayne/CLionProjects/build-hotspot-analyzer/tests/cli/repos/catch2/src/catch2/catch_approx.cpp:38:12:Catch::Approx Catch::Approx::operator-() const	8	static
/home/gregorian-rayne/CLionProjects/build-hotspot-analyzer/tests/cli/repos/catch2/src/catch2/catch_approx.cpp:45:17:std::string Catch::Approx::toString() const	112	static
/home/gregorian-rayne/CLionProjects/build-hotspot-analyzer/tests/cli/repos/catch2/src/catch2/catch_approx.cpp:51:10:bool Catch::Approx::equalityComparisonImpl(double) const	8	static
/home/gregorian-rayne/CLionProjects/build-hotspot-analyzer/tests/cli/repos/catch2/src/catch2/catch_approx.cpp:58:10:void Catch::Approx::setMargin(double)	96	static
/home/gregorian-rayne/CLionProjects/build-hotspot-analyzer/tests/cli/repos/catch2/src/catch2/catch_approx.cpp:65:10:void Catch::Approx::setEpsilon(double)	112	static
/home/gregorian-rayne/CLionProjects/build-hotspot-analyzer/tests/cli/repos/catch2/src/catch2/catch_approx.cpp:73:12:Catch::Approx Catch::literals::operator_a(long double)	8	static
/home/gregorian-rayne/CLionProjects/build-hotspot-analyzer/tests/cli/repos/catch2/src/catch2/catch_approx.cpp:76:12:Catch::Approx Catch::literals::operator_a(long long unsigned int)	8	static
/home/gregorian-rayne/CLionProjects/build-hotspot-analyzer/tests/cli/repos/catch2/src/catch2/catch_approx.cpp:81:13:static std::string Catch::StringMaker<Catch::Approx>::convert(const Catch::Approx&)	32	static
