/usr/include/c++/13/bits/locale_facets.h:1092:7:virtual std::ctype<char>::char_type std::ctype<char>::do_widen(char) const	8	static
/mnt/c/Users/grego/CLionProjects/BuildtimeHotspotAnalyzer/tests/temp/repos/abseil/absl/numeric/int128.cc:134:1:absl::uint128::uint128(float)	48	static
/mnt/c/Users/grego/CLionProjects/BuildtimeHotspotAnalyzer/tests/temp/repos/abseil/absl/numeric/int128.cc:135:1:absl::uint128::uint128(double)	48	static
/mnt/c/Users/grego/CLionProjects/BuildtimeHotspotAnalyzer/tests/temp/repos/abseil/absl/numeric/int128.cc:136:1:absl::uint128::uint128(long double)	64	dynamic,bounded
/mnt/c/Users/grego/CLionProjects/BuildtimeHotspotAnalyzer/tests/temp/repos/abseil/absl/numeric/int128.cc:156:13:std::string absl::{anonymous}::Uint128ToFormattedString(absl::uint128, std::ios_base::fmtflags)	544	static
/mnt/c/Users/grego/CLionProjects/BuildtimeHotspotAnalyzer/tests/temp/repos/abseil/absl/numeric/int128.cc:202:13:std::string absl::uint128::ToString() const	32	static
/mnt/c/Users/grego/CLionProjects/BuildtimeHotspotAnalyzer/tests/temp/repos/abseil/absl/numeric/int128.cc:206:15:std::ostream& absl::operator<<(std::ostream&, uint128)	128	static
/mnt/c/Users/grego/CLionProjects/BuildtimeHotspotAnalyzer/tests/temp/repos/abseil/absl/numeric/int128.cc:289:13:std::string absl::int128::ToString() const	80	static
/mnt/c/Users/grego/CLionProjects/BuildtimeHotspotAnalyzer/tests/temp/repos/abseil/absl/numeric/int128.cc:297:15:std::ostream& absl::operator<<(std::ostream&, int128)	176	static
