/home/gregorian-rayne/CLionProjects/build-hotspot-analyzer/tests/cli/repos/zstd/lib/compress/zstd_compress.c:4017:13:ZSTD_deriveSeqStoreChunk	24	static
/home/gregorian-rayne/CLionProjects/build-hotspot-analyzer/tests/cli/repos/zstd/lib/compress/zstd_compress.c:4711:15:ZSTD_writeFrameHeader	48	static
/home/gregorian-rayne/CLionProjects/build-hotspot-analyzer/tests/cli/repos/zstd/lib/compress/zstd_compress.c:3588:12:ZSTD_isRLE	8	static
/home/gregorian-rayne/CLionProjects/build-hotspot-analyzer/tests/cli/repos/zstd/lib/compress/zstd_compress.c:3445:15:ZSTD_copyBlockSequences	112	static
/home/gregorian-rayne/CLionProjects/build-hotspot-analyzer/tests/cli/repos/zstd/lib/compress/zstd_compress.c:6661:1:ZSTD_transferSequences_wBlockDelim	176	static
/home/gregorian-rayne/CLionProjects/build-hotspot-analyzer/tests/cli/repos/zstd/lib/compress/zstd_compress.c:6761:1:ZSTD_transferSequences_noDelim	192	static
/home/gregorian-rayne/CLionProjects/build-hotspot-analyzer/tests/cli/repos/zstd/lib/compress/zstd_compress.c:78:8:ZSTD_compressBound	8	static
/home/gregorian-rayne/CLionProjects/build-hotspot-analyzer/tests/cli/repos/zstd/lib/compress/zstd_compress.c:134:12:ZSTD_initStaticCCtx	96	static
/home/gregorian-rayne/CLionProjects/build-hotspot-analyzer/tests/cli/repos/zstd/lib/compress/zstd_compress.c:230:19:ZSTD_getSeqStore	8	static
/home/gregorian-rayne/CLionProjects/build-hotspot-analyzer/tests/cli/repos/zstd/lib/compress/zstd_compress.c:362:8:ZSTD_freeCCtxParams	16	static
/home/gregorian-rayne/CLionProjects/build-hotspot-analyzer/tests/cli/repos/zstd/lib/compress/zstd_compress.c:374:8:ZSTD_CCtxParams_init	8	static
/home/gregorian-rayne/CLionProjects/build-hotspot-analyzer/tests/cli/repos/zstd/lib/compress/zstd_compress.c:369:8:ZSTD_CCtxParams_reset	8	static
/home/gregorian-rayne/CLionProjects/build-hotspot-analyzer/tests/cli/repos/zstd/lib/compress/zstd_compress.c:357:19:ZSTD_createCCtxParams	16	static
/home/gregorian-rayne/CLionProjects/build-hotspot-analyzer/tests/cli/repos/zstd/lib/compress/zstd_compress.c:1044:8:ZSTD_CCtxParams_getParameter	8	static
/home/gregorian-rayne/CLionProjects/build-hotspot-analyzer/tests/cli/repos/zstd/lib/compress/zstd_compress.c:1039:8:ZSTD_CCtx_getParameter	8	static
/home/gregorian-rayne/CLionProjects/build-hotspot-analyzer/tests/cli/repos/zstd/lib/compress/zstd_compress.c:1194:8:ZSTD_CCtx_setParametersUsingCCtxParams	8	static
/home/gregorian-rayne/CLionProjects/build-hotspot-analyzer/tests/cli/repos/zstd/lib/compress/zstd_compress.c:1246:8:ZSTD_CCtx_setPledgedSrcSize	8	static
/home/gregorian-rayne/CLionProjects/build-hotspot-analyzer/tests/cli/repos/zstd/lib/compress/zstd_compress.c:1354:8:ZSTD_CCtx_refThreadPool	8	static
/home/gregorian-rayne/CLionProjects/build-hotspot-analyzer/tests/cli/repos/zstd/lib/compress/zstd_compress.c:1441:5:ZSTD_cycleLog	8	static
/home/gregorian-rayne/CLionProjects/build-hotspot-analyzer/tests/cli/repos/zstd/lib/compress/zstd_compress.c:4542:13:ZSTD_overflowCorrectIfNeeded	64	static
/home/gregorian-rayne/CLionProjects/build-hotspot-analyzer/tests/cli/repos/zstd/lib/compress/zstd_compress.c:4918:1:ZSTD_loadDictionaryContent	64	static
/home/gregorian-rayne/CLionProjects/build-hotspot-analyzer/tests/cli/repos/zstd/lib/compress/zstd_compress.c:1885:23:ZSTD_getFrameProgression	32	static
/home/gregorian-rayne/CLionProjects/build-hotspot-analyzer/tests/cli/repos/zstd/lib/compress/zstd_compress.c:1909:8:ZSTD_toFlushNow	8	static
/home/gregorian-rayne/CLionProjects/build-hotspot-analyzer/tests/cli/repos/zstd/lib/compress/zstd_compress.c:1934:6:ZSTD_reset_compressedBlockState	8	static
/home/gregorian-rayne/CLionProjects/build-hotspot-analyzer/tests/cli/repos/zstd/lib/compress/zstd_compress.c:2302:6:ZSTD_invalidateRepCodes	8	static
/home/gregorian-rayne/CLionProjects/build-hotspot-analyzer/tests/cli/repos/zstd/lib/compress/zstd_compress.c:2709:5:ZSTD_seqToCodes	32	static
/home/gregorian-rayne/CLionProjects/build-hotspot-analyzer/tests/cli/repos/zstd/lib/compress/zstd_compress.c:2779:1:ZSTD_buildSequencesStatistics	240	dynamic,bounded
/home/gregorian-rayne/CLionProjects/build-hotspot-analyzer/tests/cli/repos/zstd/lib/compress/zstd_compress.c:4121:1:ZSTD_compressSeqStore_singleBlock	304	dynamic,bounded
/home/gregorian-rayne/CLionProjects/build-hotspot-analyzer/tests/cli/repos/zstd/lib/compress/zstd_compress.c:3085:24:ZSTD_selectBlockCompressor	8	static
/home/gregorian-rayne/CLionProjects/build-hotspot-analyzer/tests/cli/repos/zstd/lib/compress/zstd_compress.c:3177:6:ZSTD_resetSeqStore	8	static
/home/gregorian-rayne/CLionProjects/build-hotspot-analyzer/tests/cli/repos/zstd/lib/compress/zstd_compress.c:3280:15:ZSTD_buildSeqStore	144	dynamic,bounded
/home/gregorian-rayne/CLionProjects/build-hotspot-analyzer/tests/cli/repos/zstd/lib/compress/zstd_compress.c:4399:1:ZSTD_compressBlock_internal	272	dynamic,bounded
/home/gregorian-rayne/CLionProjects/build-hotspot-analyzer/tests/cli/repos/zstd/lib/compress/zstd_compress.c:3530:8:ZSTD_sequenceBound	8	static
/home/gregorian-rayne/CLionProjects/build-hotspot-analyzer/tests/cli/repos/zstd/lib/compress/zstd_compress.c:3571:8:ZSTD_mergeBlockDelimiters	8	static
/home/gregorian-rayne/CLionProjects/build-hotspot-analyzer/tests/cli/repos/zstd/lib/compress/zstd_compress.c:3814:8:ZSTD_buildBlockEntropyStats	240	dynamic,bounded
/home/gregorian-rayne/CLionProjects/build-hotspot-analyzer/tests/cli/repos/zstd/lib/compress/zstd_compress.c:3964:1:ZSTD_buildEntropyStatisticsAndEstimateSubBlockSize	240	dynamic,bounded
/home/gregorian-rayne/CLionProjects/build-hotspot-analyzer/tests/cli/repos/zstd/lib/compress/zstd_compress.c:4213:1:ZSTD_deriveBlockSplitsHelper	112	static
/home/gregorian-rayne/CLionProjects/build-hotspot-analyzer/tests/cli/repos/zstd/lib/compress/zstd_compress.c:4607:15:ZSTD_compress_frameChunk	304	dynamic,bounded
/home/gregorian-rayne/CLionProjects/build-hotspot-analyzer/tests/cli/repos/zstd/lib/compress/zstd_compress.c:4767:8:ZSTD_writeSkippableFrame	16	static
/home/gregorian-rayne/CLionProjects/build-hotspot-analyzer/tests/cli/repos/zstd/lib/compress/zstd_compress.c:4786:8:ZSTD_writeLastEmptyBlock	8	static
/home/gregorian-rayne/CLionProjects/build-hotspot-analyzer/tests/cli/repos/zstd/lib/compress/zstd_compress.c:4796:6:ZSTD_referenceExternalSequences	8	static
/home/gregorian-rayne/CLionProjects/build-hotspot-analyzer/tests/cli/repos/zstd/lib/compress/zstd_compress.c:2116:15:ZSTD_resetCCtx_internal	240	dynamic,bounded
/home/gregorian-rayne/CLionProjects/build-hotspot-analyzer/tests/cli/repos/zstd/lib/compress/zstd_compress.c:2607:8:ZSTD_copyCCtx	288	static
/home/gregorian-rayne/CLionProjects/build-hotspot-analyzer/tests/cli/repos/zstd/lib/compress/zstd_compress.c:4869:8:ZSTD_compressContinue_public	64	static
/home/gregorian-rayne/CLionProjects/build-hotspot-analyzer/tests/cli/repos/zstd/lib/compress/zstd_compress.c:4878:8:ZSTD_compressContinue	8	static
/home/gregorian-rayne/CLionProjects/build-hotspot-analyzer/tests/cli/repos/zstd/lib/compress/zstd_compress.c:4893:8:ZSTD_getBlockSize	8	static
/home/gregorian-rayne/CLionProjects/build-hotspot-analyzer/tests/cli/repos/zstd/lib/compress/zstd_compress.c:4899:8:ZSTD_compressBlock_deprecated	48	static
/home/gregorian-rayne/CLionProjects/build-hotspot-analyzer/tests/cli/repos/zstd/lib/compress/zstd_compress.c:4909:8:ZSTD_compressBlock	8	static
/home/gregorian-rayne/CLionProjects/build-hotspot-analyzer/tests/cli/repos/zstd/lib/compress/zstd_compress.c:5077:8:ZSTD_loadCEntropy	320	static
/home/gregorian-rayne/CLionProjects/build-hotspot-analyzer/tests/cli/repos/zstd/lib/compress/zstd_compress.c:5210:1:ZSTD_compress_insertDictionary	112	dynamic,bounded
/home/gregorian-rayne/CLionProjects/build-hotspot-analyzer/tests/cli/repos/zstd/lib/compress/zstd_compress.c:5254:15:ZSTD_compressBegin_internal	384	dynamic,bounded
/home/gregorian-rayne/CLionProjects/build-hotspot-analyzer/tests/cli/repos/zstd/lib/compress/zstd_compress.c:5567:15:ZSTD_initCDict_internal	128	dynamic,bounded
/home/gregorian-rayne/CLionProjects/build-hotspot-analyzer/tests/cli/repos/zstd/lib/compress/zstd_compress.c:5399:6:ZSTD_CCtx_trace	96	static
/home/gregorian-rayne/CLionProjects/build-hotspot-analyzer/tests/cli/repos/zstd/lib/compress/zstd_compress.c:5423:8:ZSTD_compressEnd_public	80	static
/home/gregorian-rayne/CLionProjects/build-hotspot-analyzer/tests/cli/repos/zstd/lib/compress/zstd_compress.c:5450:8:ZSTD_compressEnd	8	static
/home/gregorian-rayne/CLionProjects/build-hotspot-analyzer/tests/cli/repos/zstd/lib/compress/zstd_compress.c:5474:8:ZSTD_compress_advanced_internal	128	dynamic,bounded
/home/gregorian-rayne/CLionProjects/build-hotspot-analyzer/tests/cli/repos/zstd/lib/compress/zstd_compress.c:5537:8:ZSTD_estimateCDictSize_advanced	8	static
/home/gregorian-rayne/CLionProjects/build-hotspot-analyzer/tests/cli/repos/zstd/lib/compress/zstd_compress.c:5558:8:ZSTD_sizeof_CDict	8	static
/home/gregorian-rayne/CLionProjects/build-hotspot-analyzer/tests/cli/repos/zstd/lib/compress/zstd_compress.c:214:8:ZSTD_sizeof_CCtx	32	static
/home/gregorian-rayne/CLionProjects/build-hotspot-analyzer/tests/cli/repos/zstd/lib/compress/zstd_compress.c:224:8:ZSTD_sizeof_CStream	8	static
/home/gregorian-rayne/CLionProjects/build-hotspot-analyzer/tests/cli/repos/zstd/lib/compress/zstd_compress.c:5748:8:ZSTD_freeCDict	48	static
/home/gregorian-rayne/CLionProjects/build-hotspot-analyzer/tests/cli/repos/zstd/lib/compress/zstd_compress.c:1383:8:ZSTD_CCtx_reset	16	static
/home/gregorian-rayne/CLionProjects/build-hotspot-analyzer/tests/cli/repos/zstd/lib/compress/zstd_compress.c:122:12:ZSTD_createCCtx_advanced	48	static
/home/gregorian-rayne/CLionProjects/build-hotspot-analyzer/tests/cli/repos/zstd/lib/compress/zstd_compress.c:105:12:ZSTD_createCCtx	48	dynamic,bounded
/home/gregorian-rayne/CLionProjects/build-hotspot-analyzer/tests/cli/repos/zstd/lib/compress/zstd_compress.c:1344:8:ZSTD_CCtx_refCDict	32	static
/home/gregorian-rayne/CLionProjects/build-hotspot-analyzer/tests/cli/repos/zstd/lib/compress/zstd_compress.c:1367:8:ZSTD_CCtx_refPrefix_advanced	48	static
/home/gregorian-rayne/CLionProjects/build-hotspot-analyzer/tests/cli/repos/zstd/lib/compress/zstd_compress.c:1362:8:ZSTD_CCtx_refPrefix	8	static
/home/gregorian-rayne/CLionProjects/build-hotspot-analyzer/tests/cli/repos/zstd/lib/compress/zstd_compress.c:1299:8:ZSTD_CCtx_loadDictionary_advanced	48	static
/home/gregorian-rayne/CLionProjects/build-hotspot-analyzer/tests/cli/repos/zstd/lib/compress/zstd_compress.c:1330:8:ZSTD_CCtx_loadDictionary_byReference	8	static
/home/gregorian-rayne/CLionProjects/build-hotspot-analyzer/tests/cli/repos/zstd/lib/compress/zstd_compress.c:1337:8:ZSTD_CCtx_loadDictionary	8	static
/home/gregorian-rayne/CLionProjects/build-hotspot-analyzer/tests/cli/repos/zstd/lib/compress/zstd_compress.c:189:8:ZSTD_freeCCtx	32	static
/home/gregorian-rayne/CLionProjects/build-hotspot-analyzer/tests/cli/repos/zstd/lib/compress/zstd_compress.c:5774:19:ZSTD_initStaticCDict	528	dynamic,bounded
/home/gregorian-rayne/CLionProjects/build-hotspot-analyzer/tests/cli/repos/zstd/lib/compress/zstd_compress.c:5820:28:ZSTD_getCParamsFromCDict	8	static
/home/gregorian-rayne/CLionProjects/build-hotspot-analyzer/tests/cli/repos/zstd/lib/compress/zstd_compress.c:5830:10:ZSTD_getDictID_fromCDict	8	static
/home/gregorian-rayne/CLionProjects/build-hotspot-analyzer/tests/cli/repos/zstd/lib/compress/zstd_compress.c:5949:15:ZSTD_initStaticCStream	8	static
/home/gregorian-rayne/CLionProjects/build-hotspot-analyzer/tests/cli/repos/zstd/lib/compress/zstd_compress.c:5954:15:ZSTD_createCStream_advanced	8	static
/home/gregorian-rayne/CLionProjects/build-hotspot-analyzer/tests/cli/repos/zstd/lib/compress/zstd_compress.c:5943:15:ZSTD_createCStream	48	dynamic,bounded
/home/gregorian-rayne/CLionProjects/build-hotspot-analyzer/tests/cli/repos/zstd/lib/compress/zstd_compress.c:5959:8:ZSTD_freeCStream	8	static
/home/gregorian-rayne/CLionProjects/build-hotspot-analyzer/tests/cli/repos/zstd/lib/compress/zstd_compress.c:5968:8:ZSTD_CStreamInSize	8	static
/home/gregorian-rayne/CLionProjects/build-hotspot-analyzer/tests/cli/repos/zstd/lib/compress/zstd_compress.c:5970:8:ZSTD_CStreamOutSize	16	static
/home/gregorian-rayne/CLionProjects/build-hotspot-analyzer/tests/cli/repos/zstd/lib/compress/zstd_compress.c:5985:8:ZSTD_resetCStream	32	static
/home/gregorian-rayne/CLionProjects/build-hotspot-analyzer/tests/cli/repos/zstd/lib/compress/zstd_compress.c:6002:8:ZSTD_initCStream_internal	64	static
/home/gregorian-rayne/CLionProjects/build-hotspot-analyzer/tests/cli/repos/zstd/lib/compress/zstd_compress.c:6024:8:ZSTD_initCStream_usingCDict_advanced	48	static
/home/gregorian-rayne/CLionProjects/build-hotspot-analyzer/tests/cli/repos/zstd/lib/compress/zstd_compress.c:6038:8:ZSTD_initCStream_usingCDict	32	static
/home/gregorian-rayne/CLionProjects/build-hotspot-analyzer/tests/cli/repos/zstd/lib/compress/zstd_compress.c:7666:8:convertSequences_noRepcodes	8	static
/home/gregorian-rayne/CLionProjects/build-hotspot-analyzer/tests/cli/repos/zstd/lib/compress/zstd_compress.c:7699:8:ZSTD_convertBlockSequences	80	static
/home/gregorian-rayne/CLionProjects/build-hotspot-analyzer/tests/cli/repos/zstd/lib/compress/zstd_compress.c:7911:14:ZSTD_get1BlockSummary	48	static
/home/gregorian-rayne/CLionProjects/build-hotspot-analyzer/tests/cli/repos/zstd/lib/compress/zstd_compress.c:8192:5:ZSTD_maxCLevel	8	static
/home/gregorian-rayne/CLionProjects/build-hotspot-analyzer/tests/cli/repos/zstd/lib/compress/zstd_compress.c:8193:5:ZSTD_minCLevel	8	static
/home/gregorian-rayne/CLionProjects/build-hotspot-analyzer/tests/cli/repos/zstd/lib/compress/zstd_compress.c:435:13:ZSTD_cParam_getBounds	16	static
/home/gregorian-rayne/CLionProjects/build-hotspot-analyzer/tests/cli/repos/zstd/lib/compress/zstd_compress.c:1628:1:ZSTD_adjustCParams	96	static
/home/gregorian-rayne/CLionProjects/build-hotspot-analyzer/tests/cli/repos/zstd/lib/compress/zstd_compress.c:1404:8:ZSTD_checkCParams	16	static
/home/gregorian-rayne/CLionProjects/build-hotspot-analyzer/tests/cli/repos/zstd/lib/compress/zstd_compress.c:411:8:ZSTD_CCtxParams_init_advanced	48	dynamic,bounded
/home/gregorian-rayne/CLionProjects/build-hotspot-analyzer/tests/cli/repos/zstd/lib/compress/zstd_compress.c:5301:8:ZSTD_compressBegin_advanced_internal	112	dynamic,bounded
/home/gregorian-rayne/CLionProjects/build-hotspot-analyzer/tests/cli/repos/zstd/lib/compress/zstd_compress.c:5321:8:ZSTD_compressBegin_advanced	272	dynamic,bounded
/home/gregorian-rayne/CLionProjects/build-hotspot-analyzer/tests/cli/repos/zstd/lib/compress/zstd_compress.c:5457:8:ZSTD_compress_advanced	112	dynamic,bounded
/home/gregorian-rayne/CLionProjects/build-hotspot-analyzer/tests/cli/repos/zstd/lib/compress/zstd_compress.c:6051:8:ZSTD_initCStream_advanced	80	dynamic,bounded
/home/gregorian-rayne/CLionProjects/build-hotspot-analyzer/tests/cli/repos/zstd/lib/compress/zstd_compress.c:786:8:ZSTD_CCtxParams_setParameter	32	static
/home/gregorian-rayne/CLionProjects/build-hotspot-analyzer/tests/cli/repos/zstd/lib/compress/zstd_compress.c:724:8:ZSTD_CCtx_setParameter	8	static
/home/gregorian-rayne/CLionProjects/build-hotspot-analyzer/tests/cli/repos/zstd/lib/compress/zstd_compress.c:1224:8:ZSTD_CCtx_setFParams	32	static
/home/gregorian-rayne/CLionProjects/build-hotspot-analyzer/tests/cli/repos/zstd/lib/compress/zstd_compress.c:6069:8:ZSTD_initCStream_usingDict	48	static
/home/gregorian-rayne/CLionProjects/build-hotspot-analyzer/tests/cli/repos/zstd/lib/compress/zstd_compress.c:6078:8:ZSTD_initCStream_srcSize	32	static
/home/gregorian-rayne/CLionProjects/build-hotspot-analyzer/tests/cli/repos/zstd/lib/compress/zstd_compress.c:6093:8:ZSTD_initCStream	32	static
/home/gregorian-rayne/CLionProjects/build-hotspot-analyzer/tests/cli/repos/zstd/lib/compress/zstd_compress.c:1208:8:ZSTD_CCtx_setCParams	48	dynamic,bounded
/home/gregorian-rayne/CLionProjects/build-hotspot-analyzer/tests/cli/repos/zstd/lib/compress/zstd_compress.c:1234:8:ZSTD_CCtx_setParams	48	dynamic,bounded
/home/gregorian-rayne/CLionProjects/build-hotspot-analyzer/tests/cli/repos/zstd/lib/compress/zstd_compress.c:8278:35:ZSTD_getCParams_internal	96	static
/home/gregorian-rayne/CLionProjects/build-hotspot-analyzer/tests/cli/repos/zstd/lib/compress/zstd_compress.c:1653:28:ZSTD_getCParamsFromCCtxParams	144	static
/home/gregorian-rayne/CLionProjects/build-hotspot-analyzer/tests/cli/repos/zstd/lib/compress/zstd_compress.c:1770:8:ZSTD_estimateCCtxSize_usingCCtxParams	192	dynamic,bounded
/home/gregorian-rayne/CLionProjects/build-hotspot-analyzer/tests/cli/repos/zstd/lib/compress/zstd_compress.c:1785:8:ZSTD_estimateCCtxSize_usingCParams	528	static
/home/gregorian-rayne/CLionProjects/build-hotspot-analyzer/tests/cli/repos/zstd/lib/compress/zstd_compress.c:1827:8:ZSTD_estimateCStreamSize_usingCCtxParams	192	dynamic,bounded
/home/gregorian-rayne/CLionProjects/build-hotspot-analyzer/tests/cli/repos/zstd/lib/compress/zstd_compress.c:1847:8:ZSTD_estimateCStreamSize_usingCParams	528	static
/home/gregorian-rayne/CLionProjects/build-hotspot-analyzer/tests/cli/repos/zstd/lib/compress/zstd_compress.c:5488:8:ZSTD_compress_usingDict	176	static
/home/gregorian-rayne/CLionProjects/build-hotspot-analyzer/tests/cli/repos/zstd/lib/compress/zstd_compress.c:5503:8:ZSTD_compressCCtx	32	dynamic,bounded
/home/gregorian-rayne/CLionProjects/build-hotspot-analyzer/tests/cli/repos/zstd/lib/compress/zstd_compress.c:5513:8:ZSTD_compress	5376	static
/home/gregorian-rayne/CLionProjects/build-hotspot-analyzer/tests/cli/repos/zstd/lib/compress/zstd_compress.c:5676:13:ZSTD_createCDict_advanced2	592	dynamic,bounded
/home/gregorian-rayne/CLionProjects/build-hotspot-analyzer/tests/cli/repos/zstd/lib/compress/zstd_compress.c:5658:13:ZSTD_createCDict_advanced	320	dynamic,bounded
/home/gregorian-rayne/CLionProjects/build-hotspot-analyzer/tests/cli/repos/zstd/lib/compress/zstd_compress.c:6365:15:ZSTD_CCtx_init_compressStream2	560	dynamic,bounded
/home/gregorian-rayne/CLionProjects/build-hotspot-analyzer/tests/cli/repos/zstd/lib/compress/zstd_compress.c:6463:8:ZSTD_compressStream2	128	static
/home/gregorian-rayne/CLionProjects/build-hotspot-analyzer/tests/cli/repos/zstd/lib/compress/zstd_compress.c:6317:8:ZSTD_compressStream	16	static
/home/gregorian-rayne/CLionProjects/build-hotspot-analyzer/tests/cli/repos/zstd/lib/compress/zstd_compress.c:6562:8:ZSTD_compressStream2_simpleArgs	96	static
/home/gregorian-rayne/CLionProjects/build-hotspot-analyzer/tests/cli/repos/zstd/lib/compress/zstd_compress.c:6584:8:ZSTD_compress2	112	dynamic,bounded
/home/gregorian-rayne/CLionProjects/build-hotspot-analyzer/tests/cli/repos/zstd/lib/compress/zstd_compress.c:3536:8:ZSTD_generateSequences	96	static
/home/gregorian-rayne/CLionProjects/build-hotspot-analyzer/tests/cli/repos/zstd/lib/compress/zstd_compress.c:8166:8:ZSTD_flushStream	48	static
/home/gregorian-rayne/CLionProjects/build-hotspot-analyzer/tests/cli/repos/zstd/lib/compress/zstd_compress.c:8173:8:ZSTD_endStream	48	static
/home/gregorian-rayne/CLionProjects/build-hotspot-analyzer/tests/cli/repos/zstd/lib/compress/zstd_compress.c:7079:8:ZSTD_compressSequences	368	dynamic,bounded
/home/gregorian-rayne/CLionProjects/build-hotspot-analyzer/tests/cli/repos/zstd/lib/compress/zstd_compress.c:8104:1:ZSTD_compressSequencesAndLiterals	384	dynamic,bounded
/home/gregorian-rayne/CLionProjects/build-hotspot-analyzer/tests/cli/repos/zstd/lib/compress/zstd_compress.c:5334:1:ZSTD_compressBegin_usingDict_deprecated	368	dynamic,bounded
/home/gregorian-rayne/CLionProjects/build-hotspot-analyzer/tests/cli/repos/zstd/lib/compress/zstd_compress.c:5346:1:ZSTD_compressBegin_usingDict	8	static
/home/gregorian-rayne/CLionProjects/build-hotspot-analyzer/tests/cli/repos/zstd/lib/compress/zstd_compress.c:5351:8:ZSTD_compressBegin	8	static
/home/gregorian-rayne/CLionProjects/build-hotspot-analyzer/tests/cli/repos/zstd/lib/compress/zstd_compress.c:1815:8:ZSTD_estimateCCtxSize	176	dynamic,bounded
/home/gregorian-rayne/CLionProjects/build-hotspot-analyzer/tests/cli/repos/zstd/lib/compress/zstd_compress.c:1870:8:ZSTD_estimateCStreamSize	160	dynamic,bounded
/home/gregorian-rayne/CLionProjects/build-hotspot-analyzer/tests/cli/repos/zstd/lib/compress/zstd_compress.c:5552:8:ZSTD_estimateCDictSize	144	dynamic,bounded
/home/gregorian-rayne/CLionProjects/build-hotspot-analyzer/tests/cli/repos/zstd/lib/compress/zstd_compress.c:5726:13:ZSTD_createCDict	192	dynamic,bounded
/home/gregorian-rayne/CLionProjects/build-hotspot-analyzer/tests/cli/repos/zstd/lib/compress/zstd_compress.c:5737:13:ZSTD_createCDict_byReference	192	dynamic,bounded
/home/gregorian-rayne/CLionProjects/build-hotspot-analyzer/tests/cli/repos/zstd/lib/compress/zstd_compress.c:8194:5:ZSTD_defaultCLevel	8	static
/home/gregorian-rayne/CLionProjects/build-hotspot-analyzer/tests/cli/repos/zstd/lib/compress/zstd_compress.c:8306:28:ZSTD_getCParams	96	static
/home/gregorian-rayne/CLionProjects/build-hotspot-analyzer/tests/cli/repos/zstd/lib/compress/zstd_compress.c:5839:15:ZSTD_compressBegin_usingCDict_internal	368	dynamic,bounded
/home/gregorian-rayne/CLionProjects/build-hotspot-analyzer/tests/cli/repos/zstd/lib/compress/zstd_compress.c:5880:8:ZSTD_compressBegin_usingCDict_advanced	8	static
/home/gregorian-rayne/CLionProjects/build-hotspot-analyzer/tests/cli/repos/zstd/lib/compress/zstd_compress.c:5889:8:ZSTD_compressBegin_usingCDict_deprecated	8	static
/home/gregorian-rayne/CLionProjects/build-hotspot-analyzer/tests/cli/repos/zstd/lib/compress/zstd_compress.c:5895:8:ZSTD_compressBegin_usingCDict	8	static
/home/gregorian-rayne/CLionProjects/build-hotspot-analyzer/tests/cli/repos/zstd/lib/compress/zstd_compress.c:5928:8:ZSTD_compress_usingCDict	64	static
/home/gregorian-rayne/CLionProjects/build-hotspot-analyzer/tests/cli/repos/zstd/lib/compress/zstd_compress.c:5915:8:ZSTD_compress_usingCDict_advanced	64	static
/home/gregorian-rayne/CLionProjects/build-hotspot-analyzer/tests/cli/repos/zstd/lib/compress/zstd_compress.c:8332:17:ZSTD_getParams	144	static
/home/gregorian-rayne/CLionProjects/build-hotspot-analyzer/tests/cli/repos/zstd/lib/compress/zstd_compress.c:8349:6:ZSTD_CCtxParams_registerSequenceProducer	8	static
/home/gregorian-rayne/CLionProjects/build-hotspot-analyzer/tests/cli/repos/zstd/lib/compress/zstd_compress.c:8338:6:ZSTD_registerSequenceProducer	8	static
