repos/spdlog/include/spdlog/sinks/ansicolor_sink-inl.h:17:_ZN6spdlog5sinks14ansicolor_sinkINS_7details13console_mutexEEC2EP8_IO_FILENS_10color_modeE	136	static
repos/spdlog/include/spdlog/sinks/ansicolor_sink-inl.h:96:_ZN6spdlog5sinks14ansicolor_sinkINS_7details13console_mutexEE15set_color_mode_ENS_10color_modeE	8	static
repos/spdlog/include/spdlog/sinks/ansicolor_sink-inl.h:127:_ZN6spdlog5sinks14ansicolor_sinkINS_7details13console_mutexEE10to_string_B5cxx11ERKN3fmt3v1217basic_string_viewIcEE	40	static
/usr/bin/../lib/gcc/x86_64-linux-gnu/13/../../../../include/c++/13/array:94:_ZNSt5arrayINSt7__cxx1112basic_stringIcSt11char_traitsIcESaIcEEELm7EED2Ev	8	static
repos/spdlog/include/spdlog/sinks/ansicolor_sink-inl.h:34:_ZN6spdlog5sinks14ansicolor_sinkINS_7details13console_mutexEE9set_colorENS_5level10level_enumEN3fmt3v1217basic_string_viewIcEE	88	static
repos/spdlog/include/spdlog/sinks/ansicolor_sink-inl.h:90:_ZN6spdlog5sinks14ansicolor_sinkINS_7details13console_mutexEE14set_color_modeENS_10color_modeE	24	static
repos/spdlog/include/spdlog/sinks/ansicolor_sink-inl.h:85:_ZNK6spdlog5sinks14ansicolor_sinkINS_7details13console_mutexEE12should_colorEv	0	static
repos/spdlog/include/spdlog/sinks/ansicolor_sink-inl.h:41:_ZN6spdlog5sinks14ansicolor_sinkINS_7details13console_mutexEE3logERKNS2_7log_msgE	328	static
repos/spdlog/include/spdlog/sinks/ansicolor_sink-inl.h:120:_ZNK6spdlog5sinks14ansicolor_sinkINS_7details13console_mutexEE12print_range_ERKN3fmt3v1219basic_memory_bufferIcLm250ENS6_6detail9allocatorIcEEEEmm	0	static
repos/spdlog/include/spdlog/sinks/ansicolor_sink-inl.h:114:_ZNK6spdlog5sinks14ansicolor_sinkINS_7details13console_mutexEE12print_ccode_ERKN3fmt3v1217basic_string_viewIcEE	0	static
repos/spdlog/include/spdlog/sinks/ansicolor_sink-inl.h:66:_ZN6spdlog5sinks14ansicolor_sinkINS_7details13console_mutexEE5flushEv	24	static
repos/spdlog/include/spdlog/sinks/ansicolor_sink-inl.h:72:_ZN6spdlog5sinks14ansicolor_sinkINS_7details13console_mutexEE11set_patternERKNSt7__cxx1112basic_stringIcSt11char_traitsIcESaIcEEE	184	static
/usr/bin/../lib/gcc/x86_64-linux-gnu/13/../../../../include/c++/13/bits/unordered_map.h:109:_ZNSt13unordered_mapIcSt10unique_ptrIN6spdlog21custom_flag_formatterESt14default_deleteIS2_EESt4hashIcESt8equal_toIcESaISt4pairIKcS5_EEED2Ev	40	static
repos/spdlog/include/spdlog/sinks/ansicolor_sink-inl.h:78:_ZN6spdlog5sinks14ansicolor_sinkINS_7details13console_mutexEE13set_formatterESt10unique_ptrINS_9formatterESt14default_deleteIS6_EE	24	static
repos/spdlog/include/spdlog/sinks/ansicolor_sink-inl.h:17:_ZN6spdlog5sinks14ansicolor_sinkINS_7details17console_nullmutexEEC2EP8_IO_FILENS_10color_modeE	136	static
repos/spdlog/include/spdlog/sinks/ansicolor_sink-inl.h:96:_ZN6spdlog5sinks14ansicolor_sinkINS_7details17console_nullmutexEE15set_color_mode_ENS_10color_modeE	8	static
repos/spdlog/include/spdlog/sinks/ansicolor_sink-inl.h:127:_ZN6spdlog5sinks14ansicolor_sinkINS_7details17console_nullmutexEE10to_string_B5cxx11ERKN3fmt3v1217basic_string_viewIcEE	40	static
repos/spdlog/include/spdlog/sinks/ansicolor_sink-inl.h:34:_ZN6spdlog5sinks14ansicolor_sinkINS_7details17console_nullmutexEE9set_colorENS_5level10level_enumEN3fmt3v1217basic_string_viewIcEE	88	static
repos/spdlog/include/spdlog/sinks/ansicolor_sink-inl.h:90:_ZN6spdlog5sinks14ansicolor_sinkINS_7details17console_nullmutexEE14set_color_modeENS_10color_modeE	8	static
repos/spdlog/include/spdlog/sinks/ansicolor_sink-inl.h:85:_ZNK6spdlog5sinks14ansicolor_sinkINS_7details17console_nullmutexEE12should_colorEv	0	static
repos/spdlog/include/spdlog/sinks/ansicolor_sink-inl.h:41:_ZN6spdlog5sinks14ansicolor_sinkINS_7details17console_nullmutexEE3logERKNS2_7log_msgE	328	static
repos/spdlog/include/spdlog/sinks/ansicolor_sink-inl.h:120:_ZNK6spdlog5sinks14ansicolor_sinkINS_7details17console_nullmutexEE12print_range_ERKN3fmt3v1219basic_memory_bufferIcLm250ENS6_6detail9allocatorIcEEEEmm	0	static
repos/spdlog/include/spdlog/sinks/ansicolor_sink-inl.h:114:_ZNK6spdlog5sinks14ansicolor_sinkINS_7details17console_nullmutexEE12print_ccode_ERKN3fmt3v1217basic_string_viewIcEE	0	static
repos/spdlog/include/spdlog/sinks/ansicolor_sink-inl.h:66:_ZN6spdlog5sinks14ansicolor_sinkINS_7details17console_nullmutexEE5flushEv	0	static
repos/spdlog/include/spdlog/sinks/ansicolor_sink-inl.h:72:_ZN6spdlog5sinks14ansicolor_sinkINS_7details17console_nullmutexEE11set_patternERKNSt7__cxx1112basic_stringIcSt11char_traitsIcESaIcEEE	184	static
repos/spdlog/include/spdlog/sinks/ansicolor_sink-inl.h:78:_ZN6spdlog5sinks14ansicolor_sinkINS_7details17console_nullmutexEE13set_formatterESt10unique_ptrINS_9formatterESt14default_deleteIS6_EE	0	static
repos/spdlog/include/spdlog/sinks/ansicolor_sink-inl.h:133:_ZN6spdlog5sinks21ansicolor_stdout_sinkINS_7details13console_mutexEEC2ENS_10color_modeE	8	static
repos/spdlog/include/spdlog/sinks/ansicolor_sink-inl.h:133:_ZN6spdlog5sinks21ansicolor_stdout_sinkINS_7details17console_nullmutexEEC2ENS_10color_modeE	8	static
repos/spdlog/include/spdlog/sinks/ansicolor_sink-inl.h:138:_ZN6spdlog5sinks21ansicolor_stderr_sinkINS_7details13console_mutexEEC2ENS_10color_modeE	8	static
repos/spdlog/include/spdlog/sinks/ansicolor_sink-inl.h:138:_ZN6spdlog5sinks21ansicolor_stderr_sinkINS_7details17console_nullmutexEEC2ENS_10color_modeE	8	static
repos/spdlog/include/spdlog/sinks/stdout_color_sinks-inl.h:16:_ZN6spdlog15stdout_color_mtINS_19synchronous_factoryEEESt10shared_ptrINS_6loggerEERKNSt7__cxx1112basic_stringIcSt11char_traitsIcESaIcEEENS_10color_modeE	88	static
repos/spdlog/include/spdlog/details/synchronous_factory.h:15:_ZN6spdlog19synchronous_factory6createINS_5sinks21ansicolor_stdout_sinkINS_7details13console_mutexEEEJRNS_10color_modeEEEESt10shared_ptrINS_6loggerEENSt7__cxx1112basic_stringIcSt11char_traitsIcESaIcEEEDpOT0_	88	static
repos/spdlog/include/spdlog/sinks/stdout_color_sinks-inl.h:22:_ZN6spdlog15stdout_color_stINS_19synchronous_factoryEEESt10shared_ptrINS_6loggerEERKNSt7__cxx1112basic_stringIcSt11char_traitsIcESaIcEEENS_10color_modeE	88	static
repos/spdlog/include/spdlog/details/synchronous_factory.h:15:_ZN6spdlog19synchronous_factory6createINS_5sinks21ansicolor_stdout_sinkINS_7details17console_nullmutexEEEJRNS_10color_modeEEEESt10shared_ptrINS_6loggerEENSt7__cxx1112basic_stringIcSt11char_traitsIcESaIcEEEDpOT0_	88	static
repos/spdlog/include/spdlog/sinks/stdout_color_sinks-inl.h:28:_ZN6spdlog15stderr_color_mtINS_19synchronous_factoryEEESt10shared_ptrINS_6loggerEERKNSt7__cxx1112basic_stringIcSt11char_traitsIcESaIcEEENS_10color_modeE	88	static
repos/spdlog/include/spdlog/details/synchronous_factory.h:15:_ZN6spdlog19synchronous_factory6createINS_5sinks21ansicolor_stderr_sinkINS_7details13console_mutexEEEJRNS_10color_modeEEEESt10shared_ptrINS_6loggerEENSt7__cxx1112basic_stringIcSt11char_traitsIcESaIcEEEDpOT0_	88	static
repos/spdlog/include/spdlog/sinks/stdout_color_sinks-inl.h:34:_ZN6spdlog15stderr_color_stINS_19synchronous_factoryEEESt10shared_ptrINS_6loggerEERKNSt7__cxx1112basic_stringIcSt11char_traitsIcESaIcEEENS_10color_modeE	88	static
repos/spdlog/include/spdlog/details/synchronous_factory.h:15:_ZN6spdlog19synchronous_factory6createINS_5sinks21ansicolor_stderr_sinkINS_7details17console_nullmutexEEEJRNS_10color_modeEEEESt10shared_ptrINS_6loggerEENSt7__cxx1112basic_stringIcSt11char_traitsIcESaIcEEEDpOT0_	88	static
repos/spdlog/include/spdlog/sinks/stdout_color_sinks-inl.h:16:_ZN6spdlog15stdout_color_mtINS_18async_factory_implILNS_21async_overflow_policyE0EEEEESt10shared_ptrINS_6loggerEERKNSt7__cxx1112basic_stringIcSt11char_traitsIcESaIcEEENS_10color_modeE	104	static
repos/spdlog/include/spdlog/async.h:37:_ZN6spdlog18async_factory_implILNS_21async_overflow_policyE0EE6createINS_5sinks21ansicolor_stdout_sinkINS_7details13console_mutexEEEJRNS_10color_modeEEEESt10shared_ptrINS_12async_loggerEENSt7__cxx1112basic_stringIcSt11char_traitsIcESaIcEEEDpOT0_	152	static
/usr/bin/../lib/gcc/x86_64-linux-gnu/13/../../../../include/c++/13/bits/shared_ptr_base.h:1524:_ZNSt12__shared_ptrIN6spdlog12async_loggerELN9__gnu_cxx12_Lock_policyE2EED2Ev	8	static
repos/spdlog/include/spdlog/sinks/stdout_color_sinks-inl.h:22:_ZN6spdlog15stdout_color_stINS_18async_factory_implILNS_21async_overflow_policyE0EEEEESt10shared_ptrINS_6loggerEERKNSt7__cxx1112basic_stringIcSt11char_traitsIcESaIcEEENS_10color_modeE	104	static
repos/spdlog/include/spdlog/async.h:37:_ZN6spdlog18async_factory_implILNS_21async_overflow_policyE0EE6createINS_5sinks21ansicolor_stdout_sinkINS_7details17console_nullmutexEEEJRNS_10color_modeEEEESt10shared_ptrINS_12async_loggerEENSt7__cxx1112basic_stringIcSt11char_traitsIcESaIcEEEDpOT0_	152	static
repos/spdlog/include/spdlog/sinks/stdout_color_sinks-inl.h:28:_ZN6spdlog15stderr_color_mtINS_18async_factory_implILNS_21async_overflow_policyE0EEEEESt10shared_ptrINS_6loggerEERKNSt7__cxx1112basic_stringIcSt11char_traitsIcESaIcEEENS_10color_modeE	104	static
repos/spdlog/include/spdlog/async.h:37:_ZN6spdlog18async_factory_implILNS_21async_overflow_policyE0EE6createINS_5sinks21ansicolor_stderr_sinkINS_7details13console_mutexEEEJRNS_10color_modeEEEESt10shared_ptrINS_12async_loggerEENSt7__cxx1112basic_stringIcSt11char_traitsIcESaIcEEEDpOT0_	152	static
repos/spdlog/include/spdlog/sinks/stdout_color_sinks-inl.h:34:_ZN6spdlog15stderr_color_stINS_18async_factory_implILNS_21async_overflow_policyE0EEEEESt10shared_ptrINS_6loggerEERKNSt7__cxx1112basic_stringIcSt11char_traitsIcESaIcEEENS_10color_modeE	104	static
repos/spdlog/include/spdlog/async.h:37:_ZN6spdlog18async_factory_implILNS_21async_overflow_policyE0EE6createINS_5sinks21ansicolor_stderr_sinkINS_7details17console_nullmutexEEEJRNS_10color_modeEEEESt10shared_ptrINS_12async_loggerEENSt7__cxx1112basic_stringIcSt11char_traitsIcESaIcEEEDpOT0_	152	static
repos/spdlog/include/spdlog/sinks/ansicolor_sink.h:29:_ZN6spdlog5sinks14ansicolor_sinkINS_7details13console_mutexEED0Ev	8	static
repos/spdlog/include/spdlog/sinks/ansicolor_sink.h:29:_ZN6spdlog5sinks14ansicolor_sinkINS_7details17console_nullmutexEED0Ev	8	static
repos/spdlog/src/color_sinks.cpp:27:_ZN6spdlog5sinks21ansicolor_stdout_sinkINS_7details13console_mutexEED0Ev	8	static
repos/spdlog/src/color_sinks.cpp:28:_ZN6spdlog5sinks21ansicolor_stdout_sinkINS_7details17console_nullmutexEED0Ev	8	static
repos/spdlog/include/spdlog/sinks/ansicolor_sink.h:29:_ZN6spdlog5sinks14ansicolor_sinkINS_7details13console_mutexEED2Ev	8	static
repos/spdlog/src/color_sinks.cpp:29:_ZN6spdlog5sinks21ansicolor_stderr_sinkINS_7details13console_mutexEED0Ev	8	static
repos/spdlog/include/spdlog/sinks/ansicolor_sink.h:29:_ZN6spdlog5sinks14ansicolor_sinkINS_7details17console_nullmutexEED2Ev	8	static
repos/spdlog/src/color_sinks.cpp:30:_ZN6spdlog5sinks21ansicolor_stderr_sinkINS_7details17console_nullmutexEED0Ev	8	static
/home/gregorian-rayne/CLionProjects/build-hotspot-analyzer/tests/cli/repos/spdlog/src/color_sinks.cpp:__clang_call_terminate	8	static
/usr/bin/../lib/gcc/x86_64-linux-gnu/13/../../../../include/c++/13/bits/shared_ptr_base.h:198:_ZNSt16_Sp_counted_baseILN9__gnu_cxx12_Lock_policyE2EE24_M_release_last_use_coldEv	8	static
repos/spdlog/include/spdlog/fmt/bundled/format.h:810:_ZN3fmt3v1219basic_memory_bufferIcLm250ENS0_6detail9allocatorIcEEE4growERNS2_6bufferIcEEm	40	static
/usr/bin/../lib/gcc/x86_64-linux-gnu/13/../../../../include/c++/13/bits/shared_ptr_base.h:1524:_ZNSt12__shared_ptrIN6spdlog6loggerELN9__gnu_cxx12_Lock_policyE2EED2Ev	8	static
/usr/bin/../lib/gcc/x86_64-linux-gnu/13/../../../../include/c++/13/bits/shared_ptr_base.h:1524:_ZNSt12__shared_ptrIN6spdlog5sinks21ansicolor_stdout_sinkINS0_7details13console_mutexEEELN9__gnu_cxx12_Lock_policyE2EED2Ev	8	static
/usr/bin/../lib/gcc/x86_64-linux-gnu/13/../../../../include/c++/13/bits/shared_ptr_base.h:608:_ZNSt23_Sp_counted_ptr_inplaceIN6spdlog5sinks21ansicolor_stdout_sinkINS0_7details13console_mutexEEESaIvELN9__gnu_cxx12_Lock_policyE2EED0Ev	0	static
/usr/bin/../lib/gcc/x86_64-linux-gnu/13/../../../../include/c++/13/bits/shared_ptr_base.h:611:_ZNSt23_Sp_counted_ptr_inplaceIN6spdlog5sinks21ansicolor_stdout_sinkINS0_7details13console_mutexEEESaIvELN9__gnu_cxx12_Lock_policyE2EE10_M_disposeEv	0	static
/usr/bin/../lib/gcc/x86_64-linux-gnu/13/../../../../include/c++/13/bits/shared_ptr_base.h:618:_ZNSt23_Sp_counted_ptr_inplaceIN6spdlog5sinks21ansicolor_stdout_sinkINS0_7details13console_mutexEEESaIvELN9__gnu_cxx12_Lock_policyE2EE10_M_destroyEv	0	static
/usr/bin/../lib/gcc/x86_64-linux-gnu/13/../../../../include/c++/13/bits/shared_ptr_base.h:631:_ZNSt23_Sp_counted_ptr_inplaceIN6spdlog5sinks21ansicolor_stdout_sinkINS0_7details13console_mutexEEESaIvELN9__gnu_cxx12_Lock_policyE2EE14_M_get_deleterERKSt9type_info	8	static
/usr/bin/../lib/gcc/x86_64-linux-gnu/13/../../../../include/c++/13/bits/shared_ptr_base.h:608:_ZNSt23_Sp_counted_ptr_inplaceIN6spdlog6loggerESaIvELN9__gnu_cxx12_Lock_policyE2EED0Ev	0	static
/usr/bin/../lib/gcc/x86_64-linux-gnu/13/../../../../include/c++/13/bits/shared_ptr_base.h:611:_ZNSt23_Sp_counted_ptr_inplaceIN6spdlog6loggerESaIvELN9__gnu_cxx12_Lock_policyE2EE10_M_disposeEv	0	static
/usr/bin/../lib/gcc/x86_64-linux-gnu/13/../../../../include/c++/13/bits/shared_ptr_base.h:618:_ZNSt23_Sp_counted_ptr_inplaceIN6spdlog6loggerESaIvELN9__gnu_cxx12_Lock_policyE2EE10_M_destroyEv	0	static
/usr/bin/../lib/gcc/x86_64-linux-gnu/13/../../../../include/c++/13/bits/shared_ptr_base.h:631:_ZNSt23_Sp_counted_ptr_inplaceIN6spdlog6loggerESaIvELN9__gnu_cxx12_Lock_policyE2EE14_M_get_deleterERKSt9type_info	8	static
/usr/bin/../lib/gcc/x86_64-linux-gnu/13/../../../../include/c++/13/bits/stl_construct.h:109:_ZSt10_ConstructIN6spdlog6loggerEJNSt7__cxx1112basic_stringIcSt11char_traitsIcESaIcEEESt10shared_ptrINS0_5sinks21ansicolor_stdout_sinkINS0_7details13console_mutexEEEEEEvPT_DpOT0_	104	static
repos/spdlog/include/spdlog/logger.h:64:_ZN6spdlog6loggerC2ENSt7__cxx1112basic_stringIcSt11char_traitsIcESaIcEEESt10shared_ptrINS_5sinks4sinkEE	136	static
/usr/bin/../lib/gcc/x86_64-linux-gnu/13/../../../../include/c++/13/bits/shared_ptr_base.h:1524:_ZNSt12__shared_ptrIN6spdlog5sinks4sinkELN9__gnu_cxx12_Lock_policyE2EED2Ev	8	static
repos/spdlog/include/spdlog/logger.h:59:_ZN6spdlog6loggerC2IPKSt10shared_ptrINS_5sinks4sinkEEEENSt7__cxx1112basic_stringIcSt11char_traitsIcESaIcEEET_SE_	56	static
/usr/bin/../lib/gcc/x86_64-linux-gnu/13/../../../../include/c++/13/bits/shared_ptr_base.h:1524:_ZNSt12__shared_ptrIN6spdlog5sinks21ansicolor_stdout_sinkINS0_7details17console_nullmutexEEELN9__gnu_cxx12_Lock_policyE2EED2Ev	8	static
/usr/bin/../lib/gcc/x86_64-linux-gnu/13/../../../../include/c++/13/bits/shared_ptr_base.h:608:_ZNSt23_Sp_counted_ptr_inplaceIN6spdlog5sinks21ansicolor_stdout_sinkINS0_7details17console_nullmutexEEESaIvELN9__gnu_cxx12_Lock_policyE2EED0Ev	0	static
/usr/bin/../lib/gcc/x86_64-linux-gnu/13/../../../../include/c++/13/bits/shared_ptr_base.h:611:_ZNSt23_Sp_counted_ptr_inplaceIN6spdlog5sinks21ansicolor_stdout_sinkINS0_7details17console_nullmutexEEESaIvELN9__gnu_cxx12_Lock_policyE2EE10_M_disposeEv	0	static
/usr/bin/../lib/gcc/x86_64-linux-gnu/13/../../../../include/c++/13/bits/shared_ptr_base.h:618:_ZNSt23_Sp_counted_ptr_inplaceIN6spdlog5sinks21ansicolor_stdout_sinkINS0_7details17console_nullmutexEEESaIvELN9__gnu_cxx12_Lock_policyE2EE10_M_destroyEv	0	static
/usr/bin/../lib/gcc/x86_64-linux-gnu/13/../../../../include/c++/13/bits/shared_ptr_base.h:631:_ZNSt23_Sp_counted_ptr_inplaceIN6spdlog5sinks21ansicolor_stdout_sinkINS0_7details17console_nullmutexEEESaIvELN9__gnu_cxx12_Lock_policyE2EE14_M_get_deleterERKSt9type_info	8	static
/usr/bin/../lib/gcc/x86_64-linux-gnu/13/../../../../include/c++/13/bits/stl_construct.h:109:_ZSt10_ConstructIN6spdlog6loggerEJNSt7__cxx1112basic_stringIcSt11char_traitsIcESaIcEEESt10shared_ptrINS0_5sinks21ansicolor_stdout_sinkINS0_7details17console_nullmutexEEEEEEvPT_DpOT0_	104	static
/usr/bin/../lib/gcc/x86_64-linux-gnu/13/../../../../include/c++/13/bits/shared_ptr_base.h:1524:_ZNSt12__shared_ptrIN6spdlog5sinks21ansicolor_stderr_sinkINS0_7details13console_mutexEEELN9__gnu_cxx12_Lock_policyE2EED2Ev	8	static
/usr/bin/../lib/gcc/x86_64-linux-gnu/13/../../../../include/c++/13/bits/shared_ptr_base.h:608:_ZNSt23_Sp_counted_ptr_inplaceIN6spdlog5sinks21ansicolor_stderr_sinkINS0_7details13console_mutexEEESaIvELN9__gnu_cxx12_Lock_policyE2EED0Ev	0	static
/usr/bin/../lib/gcc/x86_64-linux-gnu/13/../../../../include/c++/13/bits/shared_ptr_base.h:611:_ZNSt23_Sp_counted_ptr_inplaceIN6spdlog5sinks21ansicolor_stderr_sinkINS0_7details13console_mutexEEESaIvELN9__gnu_cxx12_Lock_policyE2EE10_M_disposeEv	0	static
/usr/bin/../lib/gcc/x86_64-linux-gnu/13/../../../../include/c++/13/bits/shared_ptr_base.h:618:_ZNSt23_Sp_counted_ptr_inplaceIN6spdlog5sinks21ansicolor_stderr_sinkINS0_7details13console_mutexEEESaIvELN9__gnu_cxx12_Lock_policyE2EE10_M_destroyEv	0	static
/usr/bin/../lib/gcc/x86_64-linux-gnu/13/../../../../include/c++/13/bits/shared_ptr_base.h:631:_ZNSt23_Sp_counted_ptr_inplaceIN6spdlog5sinks21ansicolor_stderr_sinkINS0_7details13console_mutexEEESaIvELN9__gnu_cxx12_Lock_policyE2EE14_M_get_deleterERKSt9type_info	8	static
/usr/bin/../lib/gcc/x86_64-linux-gnu/13/../../../../include/c++/13/bits/stl_construct.h:109:_ZSt10_ConstructIN6spdlog6loggerEJNSt7__cxx1112basic_stringIcSt11char_traitsIcESaIcEEESt10shared_ptrINS0_5sinks21ansicolor_stderr_sinkINS0_7details13console_mutexEEEEEEvPT_DpOT0_	104	static
/usr/bin/../lib/gcc/x86_64-linux-gnu/13/../../../../include/c++/13/bits/shared_ptr_base.h:1524:_ZNSt12__shared_ptrIN6spdlog5sinks21ansicolor_stderr_sinkINS0_7details17console_nullmutexEEELN9__gnu_cxx12_Lock_policyE2EED2Ev	8	static
/usr/bin/../lib/gcc/x86_64-linux-gnu/13/../../../../include/c++/13/bits/shared_ptr_base.h:608:_ZNSt23_Sp_counted_ptr_inplaceIN6spdlog5sinks21ansicolor_stderr_sinkINS0_7details17console_nullmutexEEESaIvELN9__gnu_cxx12_Lock_policyE2EED0Ev	0	static
/usr/bin/../lib/gcc/x86_64-linux-gnu/13/../../../../include/c++/13/bits/shared_ptr_base.h:611:_ZNSt23_Sp_counted_ptr_inplaceIN6spdlog5sinks21ansicolor_stderr_sinkINS0_7details17console_nullmutexEEESaIvELN9__gnu_cxx12_Lock_policyE2EE10_M_disposeEv	0	static
/usr/bin/../lib/gcc/x86_64-linux-gnu/13/../../../../include/c++/13/bits/shared_ptr_base.h:618:_ZNSt23_Sp_counted_ptr_inplaceIN6spdlog5sinks21ansicolor_stderr_sinkINS0_7details17console_nullmutexEEESaIvELN9__gnu_cxx12_Lock_policyE2EE10_M_destroyEv	0	static
/usr/bin/../lib/gcc/x86_64-linux-gnu/13/../../../../include/c++/13/bits/shared_ptr_base.h:631:_ZNSt23_Sp_counted_ptr_inplaceIN6spdlog5sinks21ansicolor_stderr_sinkINS0_7details17console_nullmutexEEESaIvELN9__gnu_cxx12_Lock_policyE2EE14_M_get_deleterERKSt9type_info	8	static
/usr/bin/../lib/gcc/x86_64-linux-gnu/13/../../../../include/c++/13/bits/stl_construct.h:109:_ZSt10_ConstructIN6spdlog6loggerEJNSt7__cxx1112basic_stringIcSt11char_traitsIcESaIcEEESt10shared_ptrINS0_5sinks21ansicolor_stderr_sinkINS0_7details17console_nullmutexEEEEEEvPT_DpOT0_	104	static
/usr/bin/../lib/gcc/x86_64-linux-gnu/13/../../../../include/c++/13/bits/shared_ptr_base.h:1524:_ZNSt12__shared_ptrIN6spdlog7details11thread_poolELN9__gnu_cxx12_Lock_policyE2EED2Ev	8	static
/usr/bin/../lib/gcc/x86_64-linux-gnu/13/../../../../include/c++/13/bits/shared_ptr_base.h:608:_ZNSt23_Sp_counted_ptr_inplaceIN6spdlog7details11thread_poolESaIvELN9__gnu_cxx12_Lock_policyE2EED0Ev	0	static
/usr/bin/../lib/gcc/x86_64-linux-gnu/13/../../../../include/c++/13/bits/shared_ptr_base.h:611:_ZNSt23_Sp_counted_ptr_inplaceIN6spdlog7details11thread_poolESaIvELN9__gnu_cxx12_Lock_policyE2EE10_M_disposeEv	0	static
/usr/bin/../lib/gcc/x86_64-linux-gnu/13/../../../../include/c++/13/bits/shared_ptr_base.h:618:_ZNSt23_Sp_counted_ptr_inplaceIN6spdlog7details11thread_poolESaIvELN9__gnu_cxx12_Lock_policyE2EE10_M_destroyEv	0	static
/usr/bin/../lib/gcc/x86_64-linux-gnu/13/../../../../include/c++/13/bits/shared_ptr_base.h:631:_ZNSt23_Sp_counted_ptr_inplaceIN6spdlog7details11thread_poolESaIvELN9__gnu_cxx12_Lock_policyE2EE14_M_get_deleterERKSt9type_info	8	static
/usr/bin/../lib/gcc/x86_64-linux-gnu/13/../../../../include/c++/13/bits/shared_ptr_base.h:1711:_ZNSt12__shared_ptrIN6spdlog12async_loggerELN9__gnu_cxx12_Lock_policyE2EEC2ISaIvEJNSt7__cxx1112basic_stringIcSt11char_traitsIcESaIcEEESt10shared_ptrINS0_5sinks21ansicolor_stdout_sinkINS0_7details13console_mutexEEEESD_INSG_11thread_poolEENS0_21async_overflow_policyEEEESt20_Sp_alloc_shared_tagIT_EDpOT0_	56	static
/usr/bin/../lib/gcc/x86_64-linux-gnu/13/../../../../include/c++/13/bits/shared_ptr_base.h:133:_ZNSt16_Sp_counted_baseILN9__gnu_cxx12_Lock_policyE2EED2Ev	0	static
/usr/bin/../lib/gcc/x86_64-linux-gnu/13/../../../../include/c++/13/bits/shared_ptr_base.h:608:_ZNSt23_Sp_counted_ptr_inplaceIN6spdlog12async_loggerESaIvELN9__gnu_cxx12_Lock_policyE2EED0Ev	0	static
/usr/bin/../lib/gcc/x86_64-linux-gnu/13/../../../../include/c++/13/bits/shared_ptr_base.h:611:_ZNSt23_Sp_counted_ptr_inplaceIN6spdlog12async_loggerESaIvELN9__gnu_cxx12_Lock_policyE2EE10_M_disposeEv	24	static
/usr/bin/../lib/gcc/x86_64-linux-gnu/13/../../../../include/c++/13/bits/shared_ptr_base.h:618:_ZNSt23_Sp_counted_ptr_inplaceIN6spdlog12async_loggerESaIvELN9__gnu_cxx12_Lock_policyE2EE10_M_destroyEv	0	static
/usr/bin/../lib/gcc/x86_64-linux-gnu/13/../../../../include/c++/13/bits/shared_ptr_base.h:631:_ZNSt23_Sp_counted_ptr_inplaceIN6spdlog12async_loggerESaIvELN9__gnu_cxx12_Lock_policyE2EE14_M_get_deleterERKSt9type_info	8	static
/usr/bin/../lib/gcc/x86_64-linux-gnu/13/../../../../include/c++/13/bits/stl_construct.h:109:_ZSt10_ConstructIN6spdlog12async_loggerEJNSt7__cxx1112basic_stringIcSt11char_traitsIcESaIcEEESt10shared_ptrINS0_5sinks21ansicolor_stdout_sinkINS0_7details13console_mutexEEEES8_INSB_11thread_poolEENS0_21async_overflow_policyEEEvPT_DpOT0_	136	static
repos/spdlog/include/spdlog/logger.h:71:_ZN6spdlog6loggerD2Ev	56	static
/usr/bin/../lib/gcc/x86_64-linux-gnu/13/../../../../include/c++/13/bits/shared_ptr_base.h:1711:_ZNSt12__shared_ptrIN6spdlog12async_loggerELN9__gnu_cxx12_Lock_policyE2EEC2ISaIvEJNSt7__cxx1112basic_stringIcSt11char_traitsIcESaIcEEESt10shared_ptrINS0_5sinks21ansicolor_stdout_sinkINS0_7details17console_nullmutexEEEESD_INSG_11thread_poolEENS0_21async_overflow_policyEEEESt20_Sp_alloc_shared_tagIT_EDpOT0_	56	static
/usr/bin/../lib/gcc/x86_64-linux-gnu/13/../../../../include/c++/13/bits/stl_construct.h:109:_ZSt10_ConstructIN6spdlog12async_loggerEJNSt7__cxx1112basic_stringIcSt11char_traitsIcESaIcEEESt10shared_ptrINS0_5sinks21ansicolor_stdout_sinkINS0_7details17console_nullmutexEEEES8_INSB_11thread_poolEENS0_21async_overflow_policyEEEvPT_DpOT0_	136	static
/usr/bin/../lib/gcc/x86_64-linux-gnu/13/../../../../include/c++/13/bits/shared_ptr_base.h:1711:_ZNSt12__shared_ptrIN6spdlog12async_loggerELN9__gnu_cxx12_Lock_policyE2EEC2ISaIvEJNSt7__cxx1112basic_stringIcSt11char_traitsIcESaIcEEESt10shared_ptrINS0_5sinks21ansicolor_stderr_sinkINS0_7details13console_mutexEEEESD_INSG_11thread_poolEENS0_21async_overflow_policyEEEESt20_Sp_alloc_shared_tagIT_EDpOT0_	56	static
/usr/bin/../lib/gcc/x86_64-linux-gnu/13/../../../../include/c++/13/bits/stl_construct.h:109:_ZSt10_ConstructIN6spdlog12async_loggerEJNSt7__cxx1112basic_stringIcSt11char_traitsIcESaIcEEESt10shared_ptrINS0_5sinks21ansicolor_stderr_sinkINS0_7details13console_mutexEEEES8_INSB_11thread_poolEENS0_21async_overflow_policyEEEvPT_DpOT0_	136	static
/usr/bin/../lib/gcc/x86_64-linux-gnu/13/../../../../include/c++/13/bits/shared_ptr_base.h:1711:_ZNSt12__shared_ptrIN6spdlog12async_loggerELN9__gnu_cxx12_Lock_policyE2EEC2ISaIvEJNSt7__cxx1112basic_stringIcSt11char_traitsIcESaIcEEESt10shared_ptrINS0_5sinks21ansicolor_stderr_sinkINS0_7details17console_nullmutexEEEESD_INSG_11thread_poolEENS0_21async_overflow_policyEEEESt20_Sp_alloc_shared_tagIT_EDpOT0_	56	static
/usr/bin/../lib/gcc/x86_64-linux-gnu/13/../../../../include/c++/13/bits/stl_construct.h:109:_ZSt10_ConstructIN6spdlog12async_loggerEJNSt7__cxx1112basic_stringIcSt11char_traitsIcESaIcEEESt10shared_ptrINS0_5sinks21ansicolor_stderr_sinkINS0_7details17console_nullmutexEEEES8_INSB_11thread_poolEENS0_21async_overflow_policyEEEvPT_DpOT0_	136	static
