repos/rocksdb/cache/cache_reservation_manager.cc:25:_ZN7rocksdb27CacheReservationManagerImplILNS_14CacheEntryRoleE9EE22CacheReservationHandleC2EmSt10shared_ptrIS2_E	40	static
repos/rocksdb/cache/cache_reservation_manager.cc:35:_ZN7rocksdb27CacheReservationManagerImplILNS_14CacheEntryRoleE9EE22CacheReservationHandleD2Ev	56	static
repos/rocksdb/cache/cache_reservation_manager.cc:102:_ZN7rocksdb27CacheReservationManagerImplILNS_14CacheEntryRoleE9EE23ReleaseCacheReservationEm	40	static
/home/gregorian-rayne/CLionProjects/build-hotspot-analyzer/tests/cli/repos/rocksdb/cache/cache_reservation_manager.cc:__clang_call_terminate	8	static
/usr/bin/../lib/gcc/x86_64-linux-gnu/13/../../../../include/c++/13/bits/shared_ptr_base.h:1524:_ZNSt12__shared_ptrIN7rocksdb27CacheReservationManagerImplILNS0_14CacheEntryRoleE9EEELN9__gnu_cxx12_Lock_policyE2EED2Ev	24	static
repos/rocksdb/cache/cache_reservation_manager.cc:35:_ZN7rocksdb27CacheReservationManagerImplILNS_14CacheEntryRoleE9EE22CacheReservationHandleD0Ev	24	static
repos/rocksdb/cache/cache_reservation_manager.cc:41:_ZN7rocksdb27CacheReservationManagerImplILNS_14CacheEntryRoleE9EEC2ESt10shared_ptrINS_5CacheEEb	0	static
repos/rocksdb/cache/cache_reservation_manager.cc:51:_ZN7rocksdb27CacheReservationManagerImplILNS_14CacheEntryRoleE9EED2Ev	40	static
repos/rocksdb/cache/cache_reservation_manager.cc:51:_ZN7rocksdb27CacheReservationManagerImplILNS_14CacheEntryRoleE9EED0Ev	24	static
repos/rocksdb/cache/cache_reservation_manager.cc:58:_ZN7rocksdb27CacheReservationManagerImplILNS_14CacheEntryRoleE9EE22UpdateCacheReservationEm	40	static
repos/rocksdb/cache/cache_reservation_manager.cc:112:_ZN7rocksdb27CacheReservationManagerImplILNS_14CacheEntryRoleE9EE24IncreaseCacheReservationEm	136	static
repos/rocksdb/cache/cache_reservation_manager.cc:130:_ZN7rocksdb27CacheReservationManagerImplILNS_14CacheEntryRoleE9EE24DecreaseCacheReservationEm	40	static
repos/rocksdb/cache/cache_reservation_manager.h:137:_ZN7rocksdb27CacheReservationManagerImplILNS_14CacheEntryRoleE9EE22UpdateCacheReservationEmb	0	static
repos/rocksdb/cache/cache_reservation_manager.cc:88:_ZN7rocksdb27CacheReservationManagerImplILNS_14CacheEntryRoleE9EE20MakeCacheReservationEmPSt10unique_ptrINS_23CacheReservationManager22CacheReservationHandleESt14default_deleteIS5_EE	72	static
repos/rocksdb/cache/cache_reservation_manager.cc:150:_ZN7rocksdb27CacheReservationManagerImplILNS_14CacheEntryRoleE9EE25GetTotalReservedCacheSizeEv	0	static
repos/rocksdb/cache/cache_reservation_manager.cc:155:_ZN7rocksdb27CacheReservationManagerImplILNS_14CacheEntryRoleE9EE18GetTotalMemoryUsedEv	0	static
repos/rocksdb/cache/cache_reservation_manager.h:198:_ZN7rocksdb27CacheReservationManagerImplILNS_14CacheEntryRoleE9EE17GetDummyEntrySizeEv	0	static
repos/rocksdb/cache/cache_reservation_manager.cc:171:_ZN7rocksdb27CacheReservationManagerImplILNS_14CacheEntryRoleE9EE30TEST_GetCacheItemHelperForRoleEv	8	static
repos/rocksdb/cache/cache_reservation_manager.cc:160:_ZN7rocksdb27CacheReservationManagerImplILNS_14CacheEntryRoleE9EE15GetNextCacheKeyEv	24	static
repos/rocksdb/cache/cache_reservation_manager.cc:25:_ZN7rocksdb27CacheReservationManagerImplILNS_14CacheEntryRoleE7EE22CacheReservationHandleC2EmSt10shared_ptrIS2_E	40	static
repos/rocksdb/cache/cache_reservation_manager.cc:35:_ZN7rocksdb27CacheReservationManagerImplILNS_14CacheEntryRoleE7EE22CacheReservationHandleD2Ev	56	static
repos/rocksdb/cache/cache_reservation_manager.cc:102:_ZN7rocksdb27CacheReservationManagerImplILNS_14CacheEntryRoleE7EE23ReleaseCacheReservationEm	40	static
/usr/bin/../lib/gcc/x86_64-linux-gnu/13/../../../../include/c++/13/bits/shared_ptr_base.h:1524:_ZNSt12__shared_ptrIN7rocksdb27CacheReservationManagerImplILNS0_14CacheEntryRoleE7EEELN9__gnu_cxx12_Lock_policyE2EED2Ev	24	static
repos/rocksdb/cache/cache_reservation_manager.cc:35:_ZN7rocksdb27CacheReservationManagerImplILNS_14CacheEntryRoleE7EE22CacheReservationHandleD0Ev	24	static
repos/rocksdb/cache/cache_reservation_manager.cc:41:_ZN7rocksdb27CacheReservationManagerImplILNS_14CacheEntryRoleE7EEC2ESt10shared_ptrINS_5CacheEEb	0	static
repos/rocksdb/cache/cache_reservation_manager.cc:51:_ZN7rocksdb27CacheReservationManagerImplILNS_14CacheEntryRoleE7EED2Ev	40	static
repos/rocksdb/cache/cache_reservation_manager.cc:51:_ZN7rocksdb27CacheReservationManagerImplILNS_14CacheEntryRoleE7EED0Ev	24	static
repos/rocksdb/cache/cache_reservation_manager.cc:58:_ZN7rocksdb27CacheReservationManagerImplILNS_14CacheEntryRoleE7EE22UpdateCacheReservationEm	40	static
repos/rocksdb/cache/cache_reservation_manager.cc:112:_ZN7rocksdb27CacheReservationManagerImplILNS_14CacheEntryRoleE7EE24IncreaseCacheReservationEm	136	static
repos/rocksdb/cache/cache_reservation_manager.cc:130:_ZN7rocksdb27CacheReservationManagerImplILNS_14CacheEntryRoleE7EE24DecreaseCacheReservationEm	40	static
repos/rocksdb/cache/cache_reservation_manager.h:137:_ZN7rocksdb27CacheReservationManagerImplILNS_14CacheEntryRoleE7EE22UpdateCacheReservationEmb	0	static
repos/rocksdb/cache/cache_reservation_manager.cc:88:_ZN7rocksdb27CacheReservationManagerImplILNS_14CacheEntryRoleE7EE20MakeCacheReservationEmPSt10unique_ptrINS_23CacheReservationManager22CacheReservationHandleESt14default_deleteIS5_EE	72	static
repos/rocksdb/cache/cache_reservation_manager.cc:150:_ZN7rocksdb27CacheReservationManagerImplILNS_14CacheEntryRoleE7EE25GetTotalReservedCacheSizeEv	0	static
repos/rocksdb/cache/cache_reservation_manager.cc:155:_ZN7rocksdb27CacheReservationManagerImplILNS_14CacheEntryRoleE7EE18GetTotalMemoryUsedEv	0	static
repos/rocksdb/cache/cache_reservation_manager.h:198:_ZN7rocksdb27CacheReservationManagerImplILNS_14CacheEntryRoleE7EE17GetDummyEntrySizeEv	0	static
repos/rocksdb/cache/cache_reservation_manager.cc:171:_ZN7rocksdb27CacheReservationManagerImplILNS_14CacheEntryRoleE7EE30TEST_GetCacheItemHelperForRoleEv	8	static
repos/rocksdb/cache/cache_reservation_manager.cc:160:_ZN7rocksdb27CacheReservationManagerImplILNS_14CacheEntryRoleE7EE15GetNextCacheKeyEv	24	static
repos/rocksdb/cache/cache_reservation_manager.cc:25:_ZN7rocksdb27CacheReservationManagerImplILNS_14CacheEntryRoleE8EE22CacheReservationHandleC2EmSt10shared_ptrIS2_E	40	static
repos/rocksdb/cache/cache_reservation_manager.cc:35:_ZN7rocksdb27CacheReservationManagerImplILNS_14CacheEntryRoleE8EE22CacheReservationHandleD2Ev	56	static
repos/rocksdb/cache/cache_reservation_manager.cc:102:_ZN7rocksdb27CacheReservationManagerImplILNS_14CacheEntryRoleE8EE23ReleaseCacheReservationEm	40	static
/usr/bin/../lib/gcc/x86_64-linux-gnu/13/../../../../include/c++/13/bits/shared_ptr_base.h:1524:_ZNSt12__shared_ptrIN7rocksdb27CacheReservationManagerImplILNS0_14CacheEntryRoleE8EEELN9__gnu_cxx12_Lock_policyE2EED2Ev	24	static
repos/rocksdb/cache/cache_reservation_manager.cc:35:_ZN7rocksdb27CacheReservationManagerImplILNS_14CacheEntryRoleE8EE22CacheReservationHandleD0Ev	24	static
repos/rocksdb/cache/cache_reservation_manager.cc:41:_ZN7rocksdb27CacheReservationManagerImplILNS_14CacheEntryRoleE8EEC2ESt10shared_ptrINS_5CacheEEb	0	static
repos/rocksdb/cache/cache_reservation_manager.cc:51:_ZN7rocksdb27CacheReservationManagerImplILNS_14CacheEntryRoleE8EED2Ev	40	static
repos/rocksdb/cache/cache_reservation_manager.cc:51:_ZN7rocksdb27CacheReservationManagerImplILNS_14CacheEntryRoleE8EED0Ev	24	static
repos/rocksdb/cache/cache_reservation_manager.cc:58:_ZN7rocksdb27CacheReservationManagerImplILNS_14CacheEntryRoleE8EE22UpdateCacheReservationEm	40	static
repos/rocksdb/cache/cache_reservation_manager.cc:112:_ZN7rocksdb27CacheReservationManagerImplILNS_14CacheEntryRoleE8EE24IncreaseCacheReservationEm	136	static
repos/rocksdb/cache/cache_reservation_manager.cc:130:_ZN7rocksdb27CacheReservationManagerImplILNS_14CacheEntryRoleE8EE24DecreaseCacheReservationEm	40	static
repos/rocksdb/cache/cache_reservation_manager.h:137:_ZN7rocksdb27CacheReservationManagerImplILNS_14CacheEntryRoleE8EE22UpdateCacheReservationEmb	0	static
repos/rocksdb/cache/cache_reservation_manager.cc:88:_ZN7rocksdb27CacheReservationManagerImplILNS_14CacheEntryRoleE8EE20MakeCacheReservationEmPSt10unique_ptrINS_23CacheReservationManager22CacheReservationHandleESt14default_deleteIS5_EE	72	static
repos/rocksdb/cache/cache_reservation_manager.cc:150:_ZN7rocksdb27CacheReservationManagerImplILNS_14CacheEntryRoleE8EE25GetTotalReservedCacheSizeEv	0	static
repos/rocksdb/cache/cache_reservation_manager.cc:155:_ZN7rocksdb27CacheReservationManagerImplILNS_14CacheEntryRoleE8EE18GetTotalMemoryUsedEv	0	static
repos/rocksdb/cache/cache_reservation_manager.h:198:_ZN7rocksdb27CacheReservationManagerImplILNS_14CacheEntryRoleE8EE17GetDummyEntrySizeEv	0	static
repos/rocksdb/cache/cache_reservation_manager.cc:171:_ZN7rocksdb27CacheReservationManagerImplILNS_14CacheEntryRoleE8EE30TEST_GetCacheItemHelperForRoleEv	8	static
repos/rocksdb/cache/cache_reservation_manager.cc:160:_ZN7rocksdb27CacheReservationManagerImplILNS_14CacheEntryRoleE8EE15GetNextCacheKeyEv	24	static
repos/rocksdb/cache/cache_reservation_manager.cc:25:_ZN7rocksdb27CacheReservationManagerImplILNS_14CacheEntryRoleE13EE22CacheReservationHandleC2EmSt10shared_ptrIS2_E	40	static
repos/rocksdb/cache/cache_reservation_manager.cc:35:_ZN7rocksdb27CacheReservationManagerImplILNS_14CacheEntryRoleE13EE22CacheReservationHandleD2Ev	56	static
repos/rocksdb/cache/cache_reservation_manager.cc:102:_ZN7rocksdb27CacheReservationManagerImplILNS_14CacheEntryRoleE13EE23ReleaseCacheReservationEm	40	static
/usr/bin/../lib/gcc/x86_64-linux-gnu/13/../../../../include/c++/13/bits/shared_ptr_base.h:1524:_ZNSt12__shared_ptrIN7rocksdb27CacheReservationManagerImplILNS0_14CacheEntryRoleE13EEELN9__gnu_cxx12_Lock_policyE2EED2Ev	24	static
repos/rocksdb/cache/cache_reservation_manager.cc:35:_ZN7rocksdb27CacheReservationManagerImplILNS_14CacheEntryRoleE13EE22CacheReservationHandleD0Ev	24	static
repos/rocksdb/cache/cache_reservation_manager.cc:41:_ZN7rocksdb27CacheReservationManagerImplILNS_14CacheEntryRoleE13EEC2ESt10shared_ptrINS_5CacheEEb	0	static
repos/rocksdb/cache/cache_reservation_manager.cc:51:_ZN7rocksdb27CacheReservationManagerImplILNS_14CacheEntryRoleE13EED2Ev	40	static
repos/rocksdb/cache/cache_reservation_manager.cc:51:_ZN7rocksdb27CacheReservationManagerImplILNS_14CacheEntryRoleE13EED0Ev	24	static
repos/rocksdb/cache/cache_reservation_manager.cc:58:_ZN7rocksdb27CacheReservationManagerImplILNS_14CacheEntryRoleE13EE22UpdateCacheReservationEm	40	static
repos/rocksdb/cache/cache_reservation_manager.cc:112:_ZN7rocksdb27CacheReservationManagerImplILNS_14CacheEntryRoleE13EE24IncreaseCacheReservationEm	136	static
repos/rocksdb/cache/cache_reservation_manager.cc:130:_ZN7rocksdb27CacheReservationManagerImplILNS_14CacheEntryRoleE13EE24DecreaseCacheReservationEm	40	static
repos/rocksdb/cache/cache_reservation_manager.h:137:_ZN7rocksdb27CacheReservationManagerImplILNS_14CacheEntryRoleE13EE22UpdateCacheReservationEmb	0	static
repos/rocksdb/cache/cache_reservation_manager.cc:88:_ZN7rocksdb27CacheReservationManagerImplILNS_14CacheEntryRoleE13EE20MakeCacheReservationEmPSt10unique_ptrINS_23CacheReservationManager22CacheReservationHandleESt14default_deleteIS5_EE	72	static
repos/rocksdb/cache/cache_reservation_manager.cc:150:_ZN7rocksdb27CacheReservationManagerImplILNS_14CacheEntryRoleE13EE25GetTotalReservedCacheSizeEv	0	static
repos/rocksdb/cache/cache_reservation_manager.cc:155:_ZN7rocksdb27CacheReservationManagerImplILNS_14CacheEntryRoleE13EE18GetTotalMemoryUsedEv	0	static
repos/rocksdb/cache/cache_reservation_manager.h:198:_ZN7rocksdb27CacheReservationManagerImplILNS_14CacheEntryRoleE13EE17GetDummyEntrySizeEv	0	static
repos/rocksdb/cache/cache_reservation_manager.cc:171:_ZN7rocksdb27CacheReservationManagerImplILNS_14CacheEntryRoleE13EE30TEST_GetCacheItemHelperForRoleEv	8	static
repos/rocksdb/cache/cache_reservation_manager.cc:160:_ZN7rocksdb27CacheReservationManagerImplILNS_14CacheEntryRoleE13EE15GetNextCacheKeyEv	24	static
repos/rocksdb/cache/cache_reservation_manager.cc:25:_ZN7rocksdb27CacheReservationManagerImplILNS_14CacheEntryRoleE6EE22CacheReservationHandleC2EmSt10shared_ptrIS2_E	40	static
repos/rocksdb/cache/cache_reservation_manager.cc:35:_ZN7rocksdb27CacheReservationManagerImplILNS_14CacheEntryRoleE6EE22CacheReservationHandleD2Ev	56	static
repos/rocksdb/cache/cache_reservation_manager.cc:102:_ZN7rocksdb27CacheReservationManagerImplILNS_14CacheEntryRoleE6EE23ReleaseCacheReservationEm	40	static
/usr/bin/../lib/gcc/x86_64-linux-gnu/13/../../../../include/c++/13/bits/shared_ptr_base.h:1524:_ZNSt12__shared_ptrIN7rocksdb27CacheReservationManagerImplILNS0_14CacheEntryRoleE6EEELN9__gnu_cxx12_Lock_policyE2EED2Ev	24	static
repos/rocksdb/cache/cache_reservation_manager.cc:35:_ZN7rocksdb27CacheReservationManagerImplILNS_14CacheEntryRoleE6EE22CacheReservationHandleD0Ev	24	static
repos/rocksdb/cache/cache_reservation_manager.cc:41:_ZN7rocksdb27CacheReservationManagerImplILNS_14CacheEntryRoleE6EEC2ESt10shared_ptrINS_5CacheEEb	0	static
repos/rocksdb/cache/cache_reservation_manager.cc:51:_ZN7rocksdb27CacheReservationManagerImplILNS_14CacheEntryRoleE6EED2Ev	40	static
repos/rocksdb/cache/cache_reservation_manager.cc:51:_ZN7rocksdb27CacheReservationManagerImplILNS_14CacheEntryRoleE6EED0Ev	24	static
repos/rocksdb/cache/cache_reservation_manager.cc:58:_ZN7rocksdb27CacheReservationManagerImplILNS_14CacheEntryRoleE6EE22UpdateCacheReservationEm	40	static
repos/rocksdb/cache/cache_reservation_manager.cc:112:_ZN7rocksdb27CacheReservationManagerImplILNS_14CacheEntryRoleE6EE24IncreaseCacheReservationEm	136	static
repos/rocksdb/cache/cache_reservation_manager.cc:130:_ZN7rocksdb27CacheReservationManagerImplILNS_14CacheEntryRoleE6EE24DecreaseCacheReservationEm	40	static
repos/rocksdb/cache/cache_reservation_manager.h:137:_ZN7rocksdb27CacheReservationManagerImplILNS_14CacheEntryRoleE6EE22UpdateCacheReservationEmb	0	static
repos/rocksdb/cache/cache_reservation_manager.cc:88:_ZN7rocksdb27CacheReservationManagerImplILNS_14CacheEntryRoleE6EE20MakeCacheReservationEmPSt10unique_ptrINS_23CacheReservationManager22CacheReservationHandleESt14default_deleteIS5_EE	72	static
repos/rocksdb/cache/cache_reservation_manager.cc:150:_ZN7rocksdb27CacheReservationManagerImplILNS_14CacheEntryRoleE6EE25GetTotalReservedCacheSizeEv	0	static
repos/rocksdb/cache/cache_reservation_manager.cc:155:_ZN7rocksdb27CacheReservationManagerImplILNS_14CacheEntryRoleE6EE18GetTotalMemoryUsedEv	0	static
repos/rocksdb/cache/cache_reservation_manager.h:198:_ZN7rocksdb27CacheReservationManagerImplILNS_14CacheEntryRoleE6EE17GetDummyEntrySizeEv	0	static
repos/rocksdb/cache/cache_reservation_manager.cc:171:_ZN7rocksdb27CacheReservationManagerImplILNS_14CacheEntryRoleE6EE30TEST_GetCacheItemHelperForRoleEv	8	static
repos/rocksdb/cache/cache_reservation_manager.cc:160:_ZN7rocksdb27CacheReservationManagerImplILNS_14CacheEntryRoleE6EE15GetNextCacheKeyEv	24	static
repos/rocksdb/cache/cache_reservation_manager.cc:25:_ZN7rocksdb27CacheReservationManagerImplILNS_14CacheEntryRoleE10EE22CacheReservationHandleC2EmSt10shared_ptrIS2_E	40	static
repos/rocksdb/cache/cache_reservation_manager.cc:35:_ZN7rocksdb27CacheReservationManagerImplILNS_14CacheEntryRoleE10EE22CacheReservationHandleD2Ev	56	static
repos/rocksdb/cache/cache_reservation_manager.cc:102:_ZN7rocksdb27CacheReservationManagerImplILNS_14CacheEntryRoleE10EE23ReleaseCacheReservationEm	40	static
/usr/bin/../lib/gcc/x86_64-linux-gnu/13/../../../../include/c++/13/bits/shared_ptr_base.h:1524:_ZNSt12__shared_ptrIN7rocksdb27CacheReservationManagerImplILNS0_14CacheEntryRoleE10EEELN9__gnu_cxx12_Lock_policyE2EED2Ev	24	static
repos/rocksdb/cache/cache_reservation_manager.cc:35:_ZN7rocksdb27CacheReservationManagerImplILNS_14CacheEntryRoleE10EE22CacheReservationHandleD0Ev	24	static
repos/rocksdb/cache/cache_reservation_manager.cc:41:_ZN7rocksdb27CacheReservationManagerImplILNS_14CacheEntryRoleE10EEC2ESt10shared_ptrINS_5CacheEEb	0	static
repos/rocksdb/cache/cache_reservation_manager.cc:51:_ZN7rocksdb27CacheReservationManagerImplILNS_14CacheEntryRoleE10EED2Ev	40	static
repos/rocksdb/cache/cache_reservation_manager.cc:51:_ZN7rocksdb27CacheReservationManagerImplILNS_14CacheEntryRoleE10EED0Ev	24	static
repos/rocksdb/cache/cache_reservation_manager.cc:58:_ZN7rocksdb27CacheReservationManagerImplILNS_14CacheEntryRoleE10EE22UpdateCacheReservationEm	40	static
repos/rocksdb/cache/cache_reservation_manager.cc:112:_ZN7rocksdb27CacheReservationManagerImplILNS_14CacheEntryRoleE10EE24IncreaseCacheReservationEm	136	static
repos/rocksdb/cache/cache_reservation_manager.cc:130:_ZN7rocksdb27CacheReservationManagerImplILNS_14CacheEntryRoleE10EE24DecreaseCacheReservationEm	40	static
repos/rocksdb/cache/cache_reservation_manager.h:137:_ZN7rocksdb27CacheReservationManagerImplILNS_14CacheEntryRoleE10EE22UpdateCacheReservationEmb	0	static
repos/rocksdb/cache/cache_reservation_manager.cc:88:_ZN7rocksdb27CacheReservationManagerImplILNS_14CacheEntryRoleE10EE20MakeCacheReservationEmPSt10unique_ptrINS_23CacheReservationManager22CacheReservationHandleESt14default_deleteIS5_EE	72	static
repos/rocksdb/cache/cache_reservation_manager.cc:150:_ZN7rocksdb27CacheReservationManagerImplILNS_14CacheEntryRoleE10EE25GetTotalReservedCacheSizeEv	0	static
repos/rocksdb/cache/cache_reservation_manager.cc:155:_ZN7rocksdb27CacheReservationManagerImplILNS_14CacheEntryRoleE10EE18GetTotalMemoryUsedEv	0	static
repos/rocksdb/cache/cache_reservation_manager.h:198:_ZN7rocksdb27CacheReservationManagerImplILNS_14CacheEntryRoleE10EE17GetDummyEntrySizeEv	0	static
repos/rocksdb/cache/cache_reservation_manager.cc:171:_ZN7rocksdb27CacheReservationManagerImplILNS_14CacheEntryRoleE10EE30TEST_GetCacheItemHelperForRoleEv	8	static
repos/rocksdb/cache/cache_reservation_manager.cc:160:_ZN7rocksdb27CacheReservationManagerImplILNS_14CacheEntryRoleE10EE15GetNextCacheKeyEv	24	static
repos/rocksdb/cache/cache_reservation_manager.cc:25:_ZN7rocksdb27CacheReservationManagerImplILNS_14CacheEntryRoleE12EE22CacheReservationHandleC2EmSt10shared_ptrIS2_E	40	static
repos/rocksdb/cache/cache_reservation_manager.cc:35:_ZN7rocksdb27CacheReservationManagerImplILNS_14CacheEntryRoleE12EE22CacheReservationHandleD2Ev	56	static
repos/rocksdb/cache/cache_reservation_manager.cc:102:_ZN7rocksdb27CacheReservationManagerImplILNS_14CacheEntryRoleE12EE23ReleaseCacheReservationEm	40	static
/usr/bin/../lib/gcc/x86_64-linux-gnu/13/../../../../include/c++/13/bits/shared_ptr_base.h:1524:_ZNSt12__shared_ptrIN7rocksdb27CacheReservationManagerImplILNS0_14CacheEntryRoleE12EEELN9__gnu_cxx12_Lock_policyE2EED2Ev	24	static
repos/rocksdb/cache/cache_reservation_manager.cc:35:_ZN7rocksdb27CacheReservationManagerImplILNS_14CacheEntryRoleE12EE22CacheReservationHandleD0Ev	24	static
repos/rocksdb/cache/cache_reservation_manager.cc:41:_ZN7rocksdb27CacheReservationManagerImplILNS_14CacheEntryRoleE12EEC2ESt10shared_ptrINS_5CacheEEb	0	static
repos/rocksdb/cache/cache_reservation_manager.cc:51:_ZN7rocksdb27CacheReservationManagerImplILNS_14CacheEntryRoleE12EED2Ev	40	static
repos/rocksdb/cache/cache_reservation_manager.cc:51:_ZN7rocksdb27CacheReservationManagerImplILNS_14CacheEntryRoleE12EED0Ev	24	static
repos/rocksdb/cache/cache_reservation_manager.cc:58:_ZN7rocksdb27CacheReservationManagerImplILNS_14CacheEntryRoleE12EE22UpdateCacheReservationEm	40	static
repos/rocksdb/cache/cache_reservation_manager.cc:112:_ZN7rocksdb27CacheReservationManagerImplILNS_14CacheEntryRoleE12EE24IncreaseCacheReservationEm	136	static
repos/rocksdb/cache/cache_reservation_manager.cc:130:_ZN7rocksdb27CacheReservationManagerImplILNS_14CacheEntryRoleE12EE24DecreaseCacheReservationEm	40	static
repos/rocksdb/cache/cache_reservation_manager.h:137:_ZN7rocksdb27CacheReservationManagerImplILNS_14CacheEntryRoleE12EE22UpdateCacheReservationEmb	0	static
repos/rocksdb/cache/cache_reservation_manager.cc:88:_ZN7rocksdb27CacheReservationManagerImplILNS_14CacheEntryRoleE12EE20MakeCacheReservationEmPSt10unique_ptrINS_23CacheReservationManager22CacheReservationHandleESt14default_deleteIS5_EE	72	static
repos/rocksdb/cache/cache_reservation_manager.cc:150:_ZN7rocksdb27CacheReservationManagerImplILNS_14CacheEntryRoleE12EE25GetTotalReservedCacheSizeEv	0	static
repos/rocksdb/cache/cache_reservation_manager.cc:155:_ZN7rocksdb27CacheReservationManagerImplILNS_14CacheEntryRoleE12EE18GetTotalMemoryUsedEv	0	static
repos/rocksdb/cache/cache_reservation_manager.h:198:_ZN7rocksdb27CacheReservationManagerImplILNS_14CacheEntryRoleE12EE17GetDummyEntrySizeEv	0	static
repos/rocksdb/cache/cache_reservation_manager.cc:171:_ZN7rocksdb27CacheReservationManagerImplILNS_14CacheEntryRoleE12EE30TEST_GetCacheItemHelperForRoleEv	8	static
repos/rocksdb/cache/cache_reservation_manager.cc:160:_ZN7rocksdb27CacheReservationManagerImplILNS_14CacheEntryRoleE12EE15GetNextCacheKeyEv	24	static
/usr/bin/../lib/gcc/x86_64-linux-gnu/13/../../../../include/c++/13/bits/shared_ptr_base.h:198:_ZNSt16_Sp_counted_baseILN9__gnu_cxx12_Lock_policyE2EE24_M_release_last_use_coldEv	24	static
