/usr/bin/../lib/gcc/x86_64-linux-gnu/13/../../../../include/c++/13/bits/basic_string.h:803:_ZNSt7__cxx1112basic_stringIcSt11char_traitsIcESaIcEED2Ev	0	static
repos/rocksdb/utilities/table_properties_collectors/compact_for_tiering_collector.cc:37:_ZN7rocksdb26CompactForTieringCollectorC2Emdb	0	static
repos/rocksdb/utilities/table_properties_collectors/compact_for_tiering_collector.cc:49:_ZN7rocksdb26CompactForTieringCollector10AddUserKeyERKNS_5SliceES3_NS_9EntryTypeEmm	24	static
repos/rocksdb/utilities/table_properties_collectors/compact_for_tiering_collector.cc:65:_ZN7rocksdb26CompactForTieringCollector6FinishEPSt3mapINSt7__cxx1112basic_stringIcSt11char_traitsIcESaIcEEES7_St4lessIS7_ESaISt4pairIKS7_S7_EEE	216	static
/usr/bin/../lib/gcc/x86_64-linux-gnu/13/../../../../include/c++/13/bits/stl_map.h:240:_ZNSt3mapINSt7__cxx1112basic_stringIcSt11char_traitsIcESaIcEEES5_St4lessIS5_ESaISt4pairIKS5_S5_EEEC2ESt16initializer_listISA_ERKS7_RKSB_	72	static
/usr/bin/../lib/gcc/x86_64-linux-gnu/13/../../../../include/c++/13/bits/stl_iterator.h:2992:_ZNSt4pairIKNSt7__cxx1112basic_stringIcSt11char_traitsIcESaIcEEES5_ED2Ev	24	static
repos/rocksdb/utilities/table_properties_collectors/compact_for_tiering_collector.cc:83:_ZNK7rocksdb26CompactForTieringCollector21GetReadablePropertiesB5cxx11Ev	152	static
repos/rocksdb/utilities/table_properties_collectors/compact_for_tiering_collector.cc:91:_ZNK7rocksdb26CompactForTieringCollector11NeedCompactEv	0	static
repos/rocksdb/utilities/table_properties_collectors/compact_for_tiering_collector.cc:95:_ZN7rocksdb26CompactForTieringCollector5ResetEv	0	static
repos/rocksdb/utilities/table_properties_collectors/compact_for_tiering_collector.cc:103:_ZN7rocksdb33CompactForTieringCollectorFactory30CreateTablePropertiesCollectorENS_31TablePropertiesCollectorFactory7ContextE	40	static
repos/rocksdb/include/rocksdb/utilities/options_type.h:245:_ZN7rocksdb14OptionTypeInfoC2EiNS_10OptionTypeENS_22OptionVerificationTypeENS_15OptionTypeFlagsERKSt8functionIFNS_6StatusERKNS_13ConfigOptionsERKNSt7__cxx1112basic_stringIcSt11char_traitsIcESaIcEEESG_PvEERKS4_IFS5_S8_SG_PKvPSE_EERKS4_IFbS8_SG_SN_SN_SO_EE	72	static
/usr/bin/../lib/gcc/x86_64-linux-gnu/13/../../../../include/c++/13/bits/stl_pair.h:305:_ZNSt4pairIKNSt7__cxx1112basic_stringIcSt11char_traitsIcESaIcEEEN7rocksdb14OptionTypeInfoEEC2ERS6_RKS8_Qcl16_S_constructibleIRKT_RKT0_EE	56	static
/usr/bin/../lib/gcc/x86_64-linux-gnu/13/../../../../include/c++/13/bits/stl_iterator.h:2992:_ZNSt4pairIKNSt7__cxx1112basic_stringIcSt11char_traitsIcESaIcEEEN7rocksdb14OptionTypeInfoEED2Ev	24	static
repos/rocksdb/include/rocksdb/utilities/options_type.h:243:_ZN7rocksdb14OptionTypeInfoD2Ev	24	static
/usr/bin/../lib/gcc/x86_64-linux-gnu/13/../../../../include/c++/13/bits/unordered_map.h:109:_ZNSt13unordered_mapINSt7__cxx1112basic_stringIcSt11char_traitsIcESaIcEEEN7rocksdb14OptionTypeInfoESt4hashIS5_ESt8equal_toIS5_ESaISt4pairIKS5_S7_EEED2Ev	40	static
repos/rocksdb/utilities/table_properties_collectors/compact_for_tiering_collector.cc:141:_ZN7rocksdb33CompactForTieringCollectorFactoryC2Ed	72	static
repos/rocksdb/utilities/table_properties_collectors/compact_for_tiering_collector.cc:147:_ZNK7rocksdb33CompactForTieringCollectorFactory8ToStringB5cxx11Ev	408	static
repos/rocksdb/utilities/table_properties_collectors/compact_for_tiering_collector.cc:156:_ZN7rocksdb36NewCompactForTieringCollectorFactoryEd	40	static
repos/rocksdb/utilities/table_properties_collectors/compact_for_tiering_collector.cc:161:_ZN7rocksdb41GetDataCollectionUnixWriteTimeInfoForFileERKSt10shared_ptrIKNS_15TablePropertiesEEPSt10unique_ptrINS_31DataCollectionUnixWriteTimeInfoESt14default_deleteIS7_EE	0	static
repos/rocksdb/utilities/table_properties_collectors/compact_for_tiering_collector.cc:167:_ZN7rocksdb43GetDataCollectionUnixWriteTimeInfoForLevelsERKSt6vectorISt10unique_ptrISt13unordered_mapINSt7__cxx1112basic_stringIcSt11char_traitsIcESaIcEEESt10shared_ptrIKNS_15TablePropertiesEESt4hashIS8_ESt8equal_toIS8_ESaISt4pairIKS8_SC_EEESt14default_deleteISL_EESaISO_EEPS0_IS1_INS_31DataCollectionUnixWriteTimeInfoESM_IST_EESaISV_EE	0	static
repos/rocksdb/include/rocksdb/configurable.h:59:_ZN7rocksdb12ConfigurableD2Ev	40	static
repos/rocksdb/include/rocksdb/utilities/table_properties_collectors.h:124:_ZN7rocksdb33CompactForTieringCollectorFactoryD0Ev	40	static
repos/rocksdb/include/rocksdb/configurable.h:219:_ZNK7rocksdb12Configurable19GetPrintableOptionsB5cxx11Ev	0	static
repos/rocksdb/include/rocksdb/customizable.h:104:_ZNK7rocksdb12Customizable13GetOptionsPtrERKNSt7__cxx1112basic_stringIcSt11char_traitsIcESaIcEEE	24	static
repos/rocksdb/include/rocksdb/utilities/table_properties_collectors.h:138:_ZNK7rocksdb33CompactForTieringCollectorFactory4NameEv	0	static
repos/rocksdb/include/rocksdb/customizable.h:66:_ZNK7rocksdb12Customizable5GetIdB5cxx11Ev	40	static
repos/rocksdb/include/rocksdb/customizable.h:89:_ZNK7rocksdb12Customizable12IsInstanceOfERKNSt7__cxx1112basic_stringIcSt11char_traitsIcESaIcEEE	56	static
repos/rocksdb/include/rocksdb/customizable.h:202:_ZNK7rocksdb12Customizable5InnerEv	0	static
repos/rocksdb/include/rocksdb/customizable.h:222:_ZNK7rocksdb12Customizable8NickNameEv	0	static
repos/rocksdb/include/rocksdb/table_properties.h:97:_ZN7rocksdb24TablePropertiesCollectorD2Ev	0	static
repos/rocksdb/utilities/table_properties_collectors/compact_for_tiering_collector.h:16:_ZN7rocksdb26CompactForTieringCollectorD0Ev	0	static
repos/rocksdb/include/rocksdb/table_properties.h:104:_ZN7rocksdb24TablePropertiesCollector3AddERKNS_5SliceES3_	56	static
repos/rocksdb/include/rocksdb/table_properties.h:125:_ZN7rocksdb24TablePropertiesCollector8BlockAddEmmm	0	static
repos/rocksdb/utilities/table_properties_collectors/compact_for_tiering_collector.h:35:_ZNK7rocksdb26CompactForTieringCollector4NameEv	0	static
repos/rocksdb/include/rocksdb/table_properties.h:155:_ZN7rocksdb24TablePropertiesCollector10AsInternalEv	0	static
/home/gregorian-rayne/CLionProjects/build-hotspot-analyzer/tests/cli/repos/rocksdb/utilities/table_properties_collectors/compact_for_tiering_collector.cc:__clang_call_terminate	8	static
/usr/bin/../lib/gcc/x86_64-linux-gnu/13/../../../../include/c++/13/bits/stl_tree.h:1931:_ZNSt8_Rb_treeINSt7__cxx1112basic_stringIcSt11char_traitsIcESaIcEEESt4pairIKS5_S5_ESt10_Select1stIS8_ESt4lessIS5_ESaIS8_EE8_M_eraseEPSt13_Rb_tree_nodeIS8_E	40	static
/usr/bin/../lib/gcc/x86_64-linux-gnu/13/../../../../include/c++/13/bits/stl_tree.h:985:_ZNSt8_Rb_treeINSt7__cxx1112basic_stringIcSt11char_traitsIcESaIcEEESt4pairIKS5_S5_ESt10_Select1stIS8_ESt4lessIS5_ESaIS8_EED2Ev	8	static
repos/rocksdb/include/rocksdb/utilities/options_type.h:243:_ZN7rocksdb14OptionTypeInfoC2ERKS0_	72	static
/usr/bin/../lib/gcc/x86_64-linux-gnu/13/../../../../include/c++/13/bits/hashtable.h:1597:_ZNSt10_HashtableINSt7__cxx1112basic_stringIcSt11char_traitsIcESaIcEEESt4pairIKS5_N7rocksdb14OptionTypeInfoEESaISA_ENSt8__detail10_Select1stESt8equal_toIS5_ESt4hashIS5_ENSC_18_Mod_range_hashingENSC_20_Default_ranged_hashENSC_20_Prime_rehash_policyENSC_17_Hashtable_traitsILb1ELb0ELb1EEEED2Ev	40	static
/usr/bin/../lib/gcc/x86_64-linux-gnu/13/../../../../include/c++/13/bits/stl_tree.h:1819:_ZNSt8_Rb_treeINSt7__cxx1112basic_stringIcSt11char_traitsIcESaIcEEESt4pairIKS5_S5_ESt10_Select1stIS8_ESt4lessIS5_ESaIS8_EE10_M_insert_IRKS8_NSE_11_Alloc_nodeEEESt17_Rb_tree_iteratorIS8_EPSt18_Rb_tree_node_baseSM_OT_RT0_	72	static
/usr/bin/../lib/gcc/x86_64-linux-gnu/13/../../../../include/c++/13/bits/stl_tree.h:2109:_ZNSt8_Rb_treeINSt7__cxx1112basic_stringIcSt11char_traitsIcESaIcEEESt4pairIKS5_S5_ESt10_Select1stIS8_ESt4lessIS5_ESaIS8_EE24_M_get_insert_unique_posERS7_	72	static
/usr/bin/../lib/gcc/x86_64-linux-gnu/13/../../../../include/c++/13/bits/stl_pair.h:197:_ZNSt4pairIKNSt7__cxx1112basic_stringIcSt11char_traitsIcESaIcEEES5_EC2ERKS7_	56	static
/usr/bin/../lib/gcc/x86_64-linux-gnu/13/../../../../include/c++/13/bits/std_function.h:288:_ZNSt17_Function_handlerIFN7rocksdb6StatusERKNS0_13ConfigOptionsERKNSt7__cxx1112basic_stringIcSt11char_traitsIcESaIcEEESC_PvENS0_3$_0EE9_M_invokeERKSt9_Any_dataS4_SC_SC_OSD_	24	static
/usr/bin/../lib/gcc/x86_64-linux-gnu/13/../../../../include/c++/13/bits/std_function.h:267:_ZNSt17_Function_handlerIFN7rocksdb6StatusERKNS0_13ConfigOptionsERKNSt7__cxx1112basic_stringIcSt11char_traitsIcESaIcEEESC_PvENS0_3$_0EE10_M_managerERSt9_Any_dataRKSH_St18_Manager_operation	0	static
/usr/bin/../lib/gcc/x86_64-linux-gnu/13/../../../../include/c++/13/bits/std_function.h:288:_ZNSt17_Function_handlerIFN7rocksdb6StatusERKNS0_13ConfigOptionsERKNSt7__cxx1112basic_stringIcSt11char_traitsIcESaIcEEEPKvPSA_ENS0_3$_1EE9_M_invokeERKSt9_Any_dataS4_SC_OSE_OSF_	72	static
/usr/bin/../lib/gcc/x86_64-linux-gnu/13/../../../../include/c++/13/bits/std_function.h:267:_ZNSt17_Function_handlerIFN7rocksdb6StatusERKNS0_13ConfigOptionsERKNSt7__cxx1112basic_stringIcSt11char_traitsIcESaIcEEEPKvPSA_ENS0_3$_1EE10_M_managerERSt9_Any_dataRKSJ_St18_Manager_operation	0	static
/usr/bin/../lib/gcc/x86_64-linux-gnu/13/../../../../include/c++/13/ext/string_conversions.h:101:_ZN9__gnu_cxx12__to_xstringINSt7__cxx1112basic_stringIcSt11char_traitsIcESaIcEEEcEET_PFiPT0_mPKS8_P13__va_list_tagEmSB_z	248	dynamic
/usr/bin/../lib/gcc/x86_64-linux-gnu/13/../../../../include/c++/13/bits/hashtable.h:1210:_ZNSt10_HashtableINSt7__cxx1112basic_stringIcSt11char_traitsIcESaIcEEESt4pairIKS5_N7rocksdb14OptionTypeInfoEESaISA_ENSt8__detail10_Select1stESt8equal_toIS5_ESt4hashIS5_ENSC_18_Mod_range_hashingENSC_20_Default_ranged_hashENSC_20_Prime_rehash_policyENSC_17_Hashtable_traitsILb1ELb0ELb1EEEEC2IPKSA_EET_SR_mRKSH_RKSF_RKSB_St17integral_constantIbLb1EE	72	static
/usr/bin/../lib/gcc/x86_64-linux-gnu/13/../../../../include/c++/13/bits/hashtable.h:2255:_ZNSt10_HashtableINSt7__cxx1112basic_stringIcSt11char_traitsIcESaIcEEESt4pairIKS5_N7rocksdb14OptionTypeInfoEESaISA_ENSt8__detail10_Select1stESt8equal_toIS5_ESt4hashIS5_ENSC_18_Mod_range_hashingENSC_20_Default_ranged_hashENSC_20_Prime_rehash_policyENSC_17_Hashtable_traitsILb1ELb0ELb1EEEE16_M_insert_uniqueIRS7_RKSA_NSC_10_AllocNodeISaINSC_10_Hash_nodeISA_Lb1EEEEEEEES6_INSC_14_Node_iteratorISA_Lb0ELb1EEEbEOT_OT0_RKT1_	104	static
/usr/bin/../lib/gcc/x86_64-linux-gnu/13/../../../../include/c++/13/bits/hashtable.h:2168:_ZNSt10_HashtableINSt7__cxx1112basic_stringIcSt11char_traitsIcESaIcEEESt4pairIKS5_N7rocksdb14OptionTypeInfoEESaISA_ENSt8__detail10_Select1stESt8equal_toIS5_ESt4hashIS5_ENSC_18_Mod_range_hashingENSC_20_Default_ranged_hashENSC_20_Prime_rehash_policyENSC_17_Hashtable_traitsILb1ELb0ELb1EEEE21_M_insert_unique_nodeEmmPNSC_10_Hash_nodeISA_Lb1EEEm	56	static
/usr/bin/../lib/gcc/x86_64-linux-gnu/13/../../../../include/c++/13/bits/hashtable.h:311:_ZNSt10_HashtableINSt7__cxx1112basic_stringIcSt11char_traitsIcESaIcEEESt4pairIKS5_N7rocksdb14OptionTypeInfoEESaISA_ENSt8__detail10_Select1stESt8equal_toIS5_ESt4hashIS5_ENSC_18_Mod_range_hashingENSC_20_Default_ranged_hashENSC_20_Prime_rehash_policyENSC_17_Hashtable_traitsILb1ELb0ELb1EEEE12_Scoped_nodeD2Ev	24	static
/usr/bin/../lib/gcc/x86_64-linux-gnu/13/../../../../include/c++/13/bits/hashtable.h:2584:_ZNSt10_HashtableINSt7__cxx1112basic_stringIcSt11char_traitsIcESaIcEEESt4pairIKS5_N7rocksdb14OptionTypeInfoEESaISA_ENSt8__detail10_Select1stESt8equal_toIS5_ESt4hashIS5_ENSC_18_Mod_range_hashingENSC_20_Default_ranged_hashENSC_20_Prime_rehash_policyENSC_17_Hashtable_traitsILb1ELb0ELb1EEEE13_M_rehash_auxEmSt17integral_constantIbLb1EE	40	static
/usr/bin/../lib/gcc/x86_64-linux-gnu/13/../../../../include/c++/13/bits/basic_string.tcc:512:_ZNSt7__cxx1112basic_stringIcSt11char_traitsIcESaIcEE10_M_replaceEmmPKcm	56	static
/usr/bin/../lib/gcc/x86_64-linux-gnu/13/../../../../include/c++/13/bits/basic_string.tcc:326:_ZNSt7__cxx1112basic_stringIcSt11char_traitsIcESaIcEE9_M_mutateEmmPKcm	104	static
/usr/bin/../lib/gcc/x86_64-linux-gnu/13/../../../../include/c++/13/bits/basic_string.tcc:278:_ZNSt7__cxx1112basic_stringIcSt11char_traitsIcESaIcEE9_M_assignERKS4_	72	static
/usr/bin/../lib/gcc/x86_64-linux-gnu/13/../../../../include/c++/13/bits/shared_ptr_base.h:133:_ZNSt16_Sp_counted_baseILN9__gnu_cxx12_Lock_policyE2EED2Ev	0	static
/usr/bin/../lib/gcc/x86_64-linux-gnu/13/../../../../include/c++/13/bits/shared_ptr_base.h:608:_ZNSt23_Sp_counted_ptr_inplaceIN7rocksdb33CompactForTieringCollectorFactoryESaIvELN9__gnu_cxx12_Lock_policyE2EED0Ev	0	static
/usr/bin/../lib/gcc/x86_64-linux-gnu/13/../../../../include/c++/13/bits/shared_ptr_base.h:611:_ZNSt23_Sp_counted_ptr_inplaceIN7rocksdb33CompactForTieringCollectorFactoryESaIvELN9__gnu_cxx12_Lock_policyE2EE10_M_disposeEv	0	static
/usr/bin/../lib/gcc/x86_64-linux-gnu/13/../../../../include/c++/13/bits/shared_ptr_base.h:618:_ZNSt23_Sp_counted_ptr_inplaceIN7rocksdb33CompactForTieringCollectorFactoryESaIvELN9__gnu_cxx12_Lock_policyE2EE10_M_destroyEv	0	static
/usr/bin/../lib/gcc/x86_64-linux-gnu/13/../../../../include/c++/13/bits/shared_ptr_base.h:631:_ZNSt23_Sp_counted_ptr_inplaceIN7rocksdb33CompactForTieringCollectorFactoryESaIvELN9__gnu_cxx12_Lock_policyE2EE14_M_get_deleterERKSt9type_info	24	static
repos/rocksdb/utilities/table_properties_collectors/compact_for_tiering_collector.cc:0:_GLOBAL__sub_I_compact_for_tiering_collector.cc	568	static
