repos/rocksdb/table/cuckoo/cuckoo_table_reader.cc:0:__cxx_global_array_dtor	8	static
repos/rocksdb/table/cuckoo/cuckoo_table_reader.cc:0:__cxx_global_array_dtor.24	8	static
repos/rocksdb/table/cuckoo/cuckoo_table_reader.cc:0:__cxx_global_array_dtor.27	8	static
repos/rocksdb/table/cuckoo/cuckoo_table_reader.cc:0:__cxx_global_array_dtor.35	8	static
repos/rocksdb/table/cuckoo/cuckoo_table_reader.cc:0:__cxx_global_array_dtor.38	8	static
repos/rocksdb/table/cuckoo/cuckoo_table_reader.cc:36:_ZN7rocksdb17CuckooTableReaderC2ERKNS_16ImmutableOptionsEOSt10unique_ptrINS_22RandomAccessFileReaderESt14default_deleteIS5_EEmPKNS_10ComparatorEPFmRKNS_5SliceEjmE	424	static
repos/rocksdb/include/rocksdb/status.h:594:_ZN7rocksdb6StatusaSEOS0_	24	static
/usr/bin/../lib/gcc/x86_64-linux-gnu/13/../../../../include/c++/13/bits/unique_ptr.h:398:_ZNSt10unique_ptrIN7rocksdb15TablePropertiesESt14default_deleteIS1_EED2Ev	24	static
/usr/bin/../lib/gcc/x86_64-linux-gnu/13/../../../../include/c++/13/bits/stl_map.h:1244:_ZNKSt3mapINSt7__cxx1112basic_stringIcSt11char_traitsIcESaIcEEES5_St4lessIS5_ESaISt4pairIKS5_S5_EEE4findERS9_	56	static
repos/rocksdb/include/rocksdb/file_system.h:100:_ZN7rocksdb9IOOptionsD2Ev	40	static
/usr/bin/../lib/gcc/x86_64-linux-gnu/13/../../../../include/c++/13/bits/unique_ptr.h:398:_ZNSt10unique_ptrIN7rocksdb22RandomAccessFileReaderESt14default_deleteIS1_EED2Ev	24	static
repos/rocksdb/table/cuckoo/cuckoo_table_reader.cc:151:_ZN7rocksdb17CuckooTableReader3GetERKNS_11ReadOptionsERKNS_5SliceEPNS_10GetContextEPKNS_14SliceTransformEb	168	static
repos/rocksdb/db/dbformat.h:519:_ZN7rocksdb16ParseInternalKeyERKNS_5SliceEPNS_17ParsedInternalKeyEb	184	static
repos/rocksdb/table/cuckoo/cuckoo_table_reader.cc:202:_ZN7rocksdb17CuckooTableReader7PrepareERKNS_5SliceE	56	static
repos/rocksdb/table/cuckoo/cuckoo_table_reader.cc:275:_ZN7rocksdb19CuckooTableIteratorC2EPNS_17CuckooTableReaderE	24	static
repos/rocksdb/table/cuckoo/cuckoo_table_reader.cc:286:_ZN7rocksdb19CuckooTableIterator12InitIfNeededEv	184	static
repos/rocksdb/table/cuckoo/cuckoo_table_reader.cc:309:_ZN7rocksdb19CuckooTableIterator11SeekToFirstEv	24	static
repos/rocksdb/table/cuckoo/cuckoo_table_reader.cc:343:_ZN7rocksdb19CuckooTableIterator18PrepareKVAtCurrIdxEv	40	static
repos/rocksdb/table/cuckoo/cuckoo_table_reader.cc:315:_ZN7rocksdb19CuckooTableIterator10SeekToLastEv	24	static
repos/rocksdb/table/cuckoo/cuckoo_table_reader.cc:321:_ZN7rocksdb19CuckooTableIterator4SeekERKNS_5SliceE	120	static
repos/rocksdb/table/cuckoo/cuckoo_table_reader.cc:334:_ZN7rocksdb19CuckooTableIterator11SeekForPrevERKNS_5SliceE	0	static
repos/rocksdb/table/cuckoo/cuckoo_table_reader.cc:339:_ZNK7rocksdb19CuckooTableIterator5ValidEv	0	static
repos/rocksdb/table/cuckoo/cuckoo_table_reader.cc:362:_ZN7rocksdb19CuckooTableIterator4NextEv	24	static
repos/rocksdb/table/cuckoo/cuckoo_table_reader.cc:372:_ZN7rocksdb19CuckooTableIterator4PrevEv	24	static
repos/rocksdb/table/cuckoo/cuckoo_table_reader.cc:385:_ZNK7rocksdb19CuckooTableIterator3keyEv	0	static
repos/rocksdb/table/cuckoo/cuckoo_table_reader.cc:390:_ZNK7rocksdb19CuckooTableIterator5valueEv	0	static
repos/rocksdb/table/cuckoo/cuckoo_table_reader.cc:395:_ZN7rocksdb17CuckooTableReader11NewIteratorERKNS_11ReadOptionsEPKNS_14SliceTransformEPNS_5ArenaEbNS_17TableReaderCallerEmb	88	static
repos/rocksdb/table/cuckoo/cuckoo_table_reader.cc:414:_ZNK7rocksdb17CuckooTableReader22ApproximateMemoryUsageEv	0	static
repos/rocksdb/table/cuckoo/cuckoo_table_reader.h:34:_ZN7rocksdb17CuckooTableReaderD2Ev	24	static
repos/rocksdb/table/cuckoo/cuckoo_table_reader.h:34:_ZN7rocksdb17CuckooTableReaderD0Ev	24	static
repos/rocksdb/table/table_reader.h:64:_ZN7rocksdb11TableReader25NewRangeTombstoneIteratorERKNS_11ReadOptionsE	0	static
repos/rocksdb/table/table_reader.h:69:_ZN7rocksdb11TableReader25NewRangeTombstoneIteratorEmPKNS_5SliceE	0	static
repos/rocksdb/table/cuckoo/cuckoo_table_reader.h:61:_ZN7rocksdb17CuckooTableReader19ApproximateOffsetOfERKNS_11ReadOptionsERKNS_5SliceENS_17TableReaderCallerE	0	static
repos/rocksdb/table/cuckoo/cuckoo_table_reader.h:67:_ZN7rocksdb17CuckooTableReader15ApproximateSizeERKNS_11ReadOptionsERKNS_5SliceES6_NS_17TableReaderCallerE	0	static
repos/rocksdb/table/table_reader.h:107:_ZN7rocksdb11TableReader21ApproximateKeyAnchorsERKNS_11ReadOptionsERSt6vectorINS0_6AnchorESaIS5_EE	56	static
repos/rocksdb/table/cuckoo/cuckoo_table_reader.h:73:_ZN7rocksdb17CuckooTableReader18SetupForCompactionEv	0	static
repos/rocksdb/table/cuckoo/cuckoo_table_reader.h:36:_ZNK7rocksdb17CuckooTableReader18GetTablePropertiesEv	0	static
repos/rocksdb/table/table_reader.h:143:_ZN7rocksdb11TableReader14MultiGetFilterERKNS_11ReadOptionsEPKNS_14SliceTransformEPNS_15MultiGetContext5RangeE	0	static
repos/rocksdb/table/table_reader.h:149:_ZN7rocksdb11TableReader8MultiGetERKNS_11ReadOptionsEPKNS_15MultiGetContext5RangeEPKNS_14SliceTransformEb	104	static
repos/rocksdb/table/table_reader.h:171:_ZN7rocksdb11TableReader8PrefetchERKNS_11ReadOptionsEPKNS_5SliceES6_	0	static
repos/rocksdb/table/table_reader.h:182:_ZN7rocksdb11TableReader9DumpTableEPNS_12WritableFileEb	56	static
repos/rocksdb/table/table_reader.h:188:_ZN7rocksdb11TableReader14VerifyChecksumERKNS_11ReadOptionsENS_17TableReaderCallerEb	56	static
repos/rocksdb/table/table_reader.h:199:_ZN7rocksdb11TableReader12MarkObsoleteEj	0	static
repos/rocksdb/table/cuckoo/cuckoo_table_reader.cc:221:_ZN7rocksdb19CuckooTableIteratorD2Ev	24	static
repos/rocksdb/table/cuckoo/cuckoo_table_reader.cc:221:_ZN7rocksdb19CuckooTableIteratorD0Ev	24	static
repos/rocksdb/table/internal_iterator.h:43:_ZN7rocksdb20InternalIteratorBaseINS_5SliceEE20SetRangeDelReadSeqnoEm	0	static
repos/rocksdb/table/internal_iterator.h:81:_ZN7rocksdb20InternalIteratorBaseINS_5SliceEE16NextAndGetResultEPNS_13IterateResultE	24	static
repos/rocksdb/table/internal_iterator.h:111:_ZNK7rocksdb20InternalIteratorBaseINS_5SliceEE15write_unix_timeEv	0	static
repos/rocksdb/table/internal_iterator.h:117:_ZNK7rocksdb20InternalIteratorBaseINS_5SliceEE8user_keyEv	8	static
repos/rocksdb/table/cuckoo/cuckoo_table_reader.cc:231:_ZNK7rocksdb19CuckooTableIterator6statusEv	0	static
repos/rocksdb/table/internal_iterator.h:142:_ZN7rocksdb20InternalIteratorBaseINS_5SliceEE12PrepareValueEv	0	static
repos/rocksdb/table/internal_iterator.h:145:_ZN7rocksdb20InternalIteratorBaseINS_5SliceEE20MayBeOutOfLowerBoundEv	0	static
repos/rocksdb/table/internal_iterator.h:152:_ZN7rocksdb20InternalIteratorBaseINS_5SliceEE21UpperBoundCheckResultEv	0	static
repos/rocksdb/table/internal_iterator.h:161:_ZN7rocksdb20InternalIteratorBaseINS_5SliceEE17SetPinnedItersMgrEPNS_22PinnedIteratorsManagerE	0	static
repos/rocksdb/table/internal_iterator.h:172:_ZNK7rocksdb20InternalIteratorBaseINS_5SliceEE11IsKeyPinnedEv	0	static
repos/rocksdb/table/internal_iterator.h:178:_ZNK7rocksdb20InternalIteratorBaseINS_5SliceEE13IsValuePinnedEv	0	static
repos/rocksdb/table/internal_iterator.h:180:_ZN7rocksdb20InternalIteratorBaseINS_5SliceEE11GetPropertyENSt7__cxx1112basic_stringIcSt11char_traitsIcESaIcEEEPS8_	56	static
repos/rocksdb/table/internal_iterator.h:191:_ZN7rocksdb20InternalIteratorBaseINS_5SliceEE17GetReadaheadStateEPNS_17ReadaheadFileInfoE	0	static
repos/rocksdb/table/internal_iterator.h:194:_ZN7rocksdb20InternalIteratorBaseINS_5SliceEE17SetReadaheadStateEPNS_17ReadaheadFileInfoE	0	static
repos/rocksdb/table/internal_iterator.h:201:_ZNK7rocksdb20InternalIteratorBaseINS_5SliceEE24IsDeleteRangeSentinelKeyEv	0	static
repos/rocksdb/table/internal_iterator.h:203:_ZN7rocksdb20InternalIteratorBaseINS_5SliceEE7PrepareEPKNS_13MultiScanArgsE	0	static
/mnt/c/Users/grego/CLionProjects/BuildtimeHotspotAnalyzer/tests/temp/repos/rocksdb/table/cuckoo/cuckoo_table_reader.cc:__clang_call_terminate	8	static
/usr/bin/../lib/gcc/x86_64-linux-gnu/13/../../../../include/c++/13/bits/basic_string.tcc:278:_ZNSt7__cxx1112basic_stringIcSt11char_traitsIcESaIcEE9_M_assignERKS4_	72	static
/usr/bin/../lib/gcc/x86_64-linux-gnu/13/../../../../include/c++/13/bits/shared_ptr_base.h:1068:_ZNSt14__shared_countILN9__gnu_cxx12_Lock_policyE2EED2Ev	24	static
/usr/bin/../lib/gcc/x86_64-linux-gnu/13/../../../../include/c++/13/bits/shared_ptr_base.h:198:_ZNSt16_Sp_counted_baseILN9__gnu_cxx12_Lock_policyE2EE24_M_release_last_use_coldEv	24	static
/usr/bin/../lib/gcc/x86_64-linux-gnu/13/../../../../include/c++/13/bits/basic_string.tcc:326:_ZNSt7__cxx1112basic_stringIcSt11char_traitsIcESaIcEE9_M_mutateEmmPKcm	104	static
/usr/bin/../lib/gcc/x86_64-linux-gnu/13/../../../../include/c++/13/bits/basic_string.tcc:512:_ZNSt7__cxx1112basic_stringIcSt11char_traitsIcESaIcEE10_M_replaceEmmPKcm	56	static
/usr/bin/../lib/gcc/x86_64-linux-gnu/13/../../../../include/c++/13/bits/stl_algo.h:1918:_ZSt16__introsort_loopIN9__gnu_cxx17__normal_iteratorIPjSt6vectorIjSaIjEEEElNS0_5__ops15_Iter_comp_iterIN7rocksdb19CuckooTableIterator16BucketComparatorEEEEvT_SD_T0_T1_	296	static
/usr/bin/../lib/gcc/x86_64-linux-gnu/13/../../../../include/c++/13/bits/stl_algo.h:1854:_ZSt22__final_insertion_sortIN9__gnu_cxx17__normal_iteratorIPjSt6vectorIjSaIjEEEENS0_5__ops15_Iter_comp_iterIN7rocksdb19CuckooTableIterator16BucketComparatorEEEEvT_SD_T0_	168	static
/usr/bin/../lib/gcc/x86_64-linux-gnu/13/../../../../include/c++/13/bits/stl_heap.h:224:_ZSt13__adjust_heapIN9__gnu_cxx17__normal_iteratorIPjSt6vectorIjSaIjEEEEljNS0_5__ops15_Iter_comp_iterIN7rocksdb19CuckooTableIterator16BucketComparatorEEEEvT_T0_SE_T1_T2_	152	static
/usr/bin/../lib/gcc/x86_64-linux-gnu/13/../../../../include/c++/13/bits/stl_algo.h:85:_ZSt22__move_median_to_firstIN9__gnu_cxx17__normal_iteratorIPjSt6vectorIjSaIjEEEENS0_5__ops15_Iter_comp_iterIN7rocksdb19CuckooTableIterator16BucketComparatorEEEEvT_SD_SD_SD_T0_	136	static
/usr/bin/../lib/gcc/x86_64-linux-gnu/13/../../../../include/c++/13/bits/stl_algo.h:1812:_ZSt16__insertion_sortIN9__gnu_cxx17__normal_iteratorIPjSt6vectorIjSaIjEEEENS0_5__ops15_Iter_comp_iterIN7rocksdb19CuckooTableIterator16BucketComparatorEEEEvT_SD_T0_	152	static
repos/rocksdb/file/random_access_file_reader.h:47:_ZN7rocksdb22RandomAccessFileReaderD2Ev	56	static
repos/rocksdb/env/file_system_tracer.h:217:_ZN7rocksdb32FSRandomAccessFileTracingWrapperD2Ev	24	static
repos/rocksdb/include/rocksdb/file_system.h:1801:_ZN7rocksdb30FSRandomAccessFileOwnerWrapperD2Ev	24	static
repos/rocksdb/include/rocksdb/file_system.h:1801:_ZN7rocksdb30FSRandomAccessFileOwnerWrapperD0Ev	24	static
repos/rocksdb/include/rocksdb/file_system.h:1758:_ZNK7rocksdb25FSRandomAccessFileWrapper4ReadEmmRKNS_9IOOptionsEPNS_5SliceEPcPNS_14IODebugContextE	40	static
repos/rocksdb/include/rocksdb/file_system.h:1767:_ZN7rocksdb25FSRandomAccessFileWrapper8PrefetchEmmRKNS_9IOOptionsEPNS_14IODebugContextE	24	static
repos/rocksdb/include/rocksdb/file_system.h:1763:_ZN7rocksdb25FSRandomAccessFileWrapper9MultiReadEPNS_13FSReadRequestEmRKNS_9IOOptionsEPNS_14IODebugContextE	24	static
repos/rocksdb/include/rocksdb/file_system.h:1771:_ZNK7rocksdb25FSRandomAccessFileWrapper11GetUniqueIdEPcm	0	static
repos/rocksdb/include/rocksdb/file_system.h:1774:_ZN7rocksdb25FSRandomAccessFileWrapper4HintENS_18FSRandomAccessFile13AccessPatternE	0	static
repos/rocksdb/include/rocksdb/file_system.h:1775:_ZNK7rocksdb25FSRandomAccessFileWrapper13use_direct_ioEv	0	static
repos/rocksdb/include/rocksdb/file_system.h:1776:_ZNK7rocksdb25FSRandomAccessFileWrapper26GetRequiredBufferAlignmentEv	0	static
repos/rocksdb/include/rocksdb/file_system.h:1779:_ZN7rocksdb25FSRandomAccessFileWrapper15InvalidateCacheEmm	24	static
repos/rocksdb/include/rocksdb/file_system.h:1782:_ZN7rocksdb25FSRandomAccessFileWrapper9ReadAsyncERNS_13FSReadRequestERKNS_9IOOptionsESt8functionIFvS2_PvEES7_PS7_PS6_IFvS7_EEPNS_14IODebugContextE	104	static
repos/rocksdb/include/rocksdb/file_system.h:1788:_ZNK7rocksdb25FSRandomAccessFileWrapper14GetTemperatureEv	0	static
repos/rocksdb/include/rocksdb/file_system.h:1792:_ZN7rocksdb25FSRandomAccessFileWrapper11GetFileSizeEPm	24	static
repos/rocksdb/include/rocksdb/file_system.h:1750:_ZN7rocksdb25FSRandomAccessFileWrapperD2Ev	24	static
repos/rocksdb/include/rocksdb/file_system.h:1750:_ZN7rocksdb25FSRandomAccessFileWrapperD0Ev	24	static
repos/rocksdb/include/rocksdb/table_properties.h:217:_ZN7rocksdb15TablePropertiesD2Ev	24	static
/usr/bin/../lib/gcc/x86_64-linux-gnu/13/../../../../include/c++/13/bits/stl_tree.h:1931:_ZNSt8_Rb_treeINSt7__cxx1112basic_stringIcSt11char_traitsIcESaIcEEESt4pairIKS5_S5_ESt10_Select1stIS8_ESt4lessIS5_ESaIS8_EE8_M_eraseEPSt13_Rb_tree_nodeIS8_E	40	static
/usr/bin/../lib/gcc/x86_64-linux-gnu/13/../../../../include/c++/13/bits/shared_ptr_base.h:1558:_ZNSt12__shared_ptrIKN7rocksdb15TablePropertiesELN9__gnu_cxx12_Lock_policyE2EEC2IS1_St14default_deleteIS1_EvEEOSt10unique_ptrIT_T0_E	56	static
/usr/bin/../lib/gcc/x86_64-linux-gnu/13/../../../../include/c++/13/bits/shared_ptr_base.h:1524:_ZNSt12__shared_ptrIKN7rocksdb15TablePropertiesELN9__gnu_cxx12_Lock_policyE2EED2Ev	24	static
/usr/bin/../lib/gcc/x86_64-linux-gnu/13/../../../../include/c++/13/bits/shared_ptr_base.h:133:_ZNSt16_Sp_counted_baseILN9__gnu_cxx12_Lock_policyE2EED2Ev	0	static
/usr/bin/../lib/gcc/x86_64-linux-gnu/13/../../../../include/c++/13/bits/shared_ptr_base.h:523:_ZNSt19_Sp_counted_deleterIPN7rocksdb15TablePropertiesESt14default_deleteIS1_ESaIvELN9__gnu_cxx12_Lock_policyE2EED0Ev	0	static
/usr/bin/../lib/gcc/x86_64-linux-gnu/13/../../../../include/c++/13/bits/shared_ptr_base.h:526:_ZNSt19_Sp_counted_deleterIPN7rocksdb15TablePropertiesESt14default_deleteIS1_ESaIvELN9__gnu_cxx12_Lock_policyE2EE10_M_disposeEv	24	static
/usr/bin/../lib/gcc/x86_64-linux-gnu/13/../../../../include/c++/13/bits/shared_ptr_base.h:530:_ZNSt19_Sp_counted_deleterIPN7rocksdb15TablePropertiesESt14default_deleteIS1_ESaIvELN9__gnu_cxx12_Lock_policyE2EE10_M_destroyEv	0	static
/usr/bin/../lib/gcc/x86_64-linux-gnu/13/../../../../include/c++/13/bits/shared_ptr_base.h:538:_ZNSt19_Sp_counted_deleterIPN7rocksdb15TablePropertiesESt14default_deleteIS1_ESaIvELN9__gnu_cxx12_Lock_policyE2EE14_M_get_deleterERKSt9type_info	0	static
repos/rocksdb/table/cuckoo/cuckoo_table_reader.cc:0:_GLOBAL__sub_I_cuckoo_table_reader.cc	40	static
