repos/rocksdb/db/db_impl/db_impl_experimental.cc:0:__cxx_global_array_dtor	8	static
repos/rocksdb/db/db_impl/db_impl_experimental.cc:0:__cxx_global_array_dtor.24	8	static
repos/rocksdb/db/db_impl/db_impl_experimental.cc:0:__cxx_global_array_dtor.27	8	static
repos/rocksdb/db/db_impl/db_impl_experimental.cc:0:__cxx_global_array_dtor.35	8	static
repos/rocksdb/db/db_impl/db_impl_experimental.cc:0:__cxx_global_array_dtor.38	8	static
repos/rocksdb/db/db_impl/db_impl_experimental.cc:23:_ZN7rocksdb6DBImpl19SuggestCompactRangeEPNS_18ColumnFamilyHandleEPKNS_5SliceES5_	328	static
repos/rocksdb/db/db_impl/db_impl_experimental.cc:57:_ZN7rocksdb6DBImpl9PromoteL0EPNS_18ColumnFamilyHandleEi	7848	static
repos/rocksdb/db/job_context.h:256:_ZN7rocksdb10JobContextC2Eib	616	static
repos/rocksdb/db/job_context.h:269:_ZN7rocksdb10JobContext5CleanEv	56	static
repos/rocksdb/db/version_edit.h:743:_ZN7rocksdb11VersionEdit7AddFileEimjmRKNS_11InternalKeyES3_RKmS5_bNS_11TemperatureEmmmmRKNSt7__cxx1112basic_stringIcSt11char_traitsIcESaIcEEESE_RKSt5arrayImLm2EEmmbSE_SE_	568	static
repos/rocksdb/db/version_set.h:1252:_ZN7rocksdb10VersionSet11LogAndApplyEPNS_16ColumnFamilyDataERKNS_11ReadOptionsERKNS_12WriteOptionsEPNS_11VersionEditEPNS_17InstrumentedMutexEPNS_11FSDirectoryEbPKNS_19ColumnFamilyOptionsERKSt8functionIFvRKNS_6StatusEEERKSI_IFSJ_vEE	1208	static
/usr/bin/../lib/gcc/x86_64-linux-gnu/13/../../../../include/c++/13/optional:512:_ZNSt14_Optional_baseISt10shared_ptrIN7rocksdb18SeqnoToTimeMappingEELb0ELb0EED2Ev	24	static
repos/rocksdb/db/job_context.h:287:_ZN7rocksdb10JobContextD2Ev	40	static
repos/rocksdb/db/version_edit.h:646:_ZN7rocksdb11VersionEditD2Ev	40	static
/mnt/c/Users/grego/CLionProjects/BuildtimeHotspotAnalyzer/tests/temp/repos/rocksdb/db/db_impl/db_impl_experimental.cc:__clang_call_terminate	8	static
repos/rocksdb/db/version_edit.h:540:_ZN7rocksdb21SubcompactionProgressD2Ev	24	static
repos/rocksdb/util/autovector.h:317:_ZN7rocksdb10autovectorINS_12FileMetaDataELm8EE5clearEv	40	static
repos/rocksdb/db/version_edit.h:195:_ZN7rocksdb12FileMetaDataD2Ev	24	static
/usr/bin/../lib/gcc/x86_64-linux-gnu/13/../../../../include/c++/13/bits/stl_construct.h:160:_ZNSt12_Destroy_auxILb0EE9__destroyIPN7rocksdb12FileMetaDataEEEvT_S5_	24	static
/usr/bin/../lib/gcc/x86_64-linux-gnu/13/../../../../include/c++/13/bits/stl_construct.h:160:_ZNSt12_Destroy_auxILb0EE9__destroyIPSt4pairIiN7rocksdb12FileMetaDataEEEEvT_S7_	24	static
/usr/bin/../lib/gcc/x86_64-linux-gnu/13/../../../../include/c++/13/bits/stl_construct.h:80:_ZSt10destroy_atISt4pairIiN7rocksdb12FileMetaDataEEEvPT_	24	static
/usr/bin/../lib/gcc/x86_64-linux-gnu/13/../../../../include/c++/13/bits/stl_tree.h:1931:_ZNSt8_Rb_treeISt4pairIimES1_St9_IdentityIS1_ESt4lessIS1_ESaIS1_EE8_M_eraseEPSt13_Rb_tree_nodeIS1_E	40	static
repos/rocksdb/db/job_context.h:41:_ZN7rocksdb19SuperVersionContextC2Eb	24	static
repos/rocksdb/db/job_context.h:103:_ZN7rocksdb19SuperVersionContextD2Ev	24	static
/usr/bin/../lib/gcc/x86_64-linux-gnu/13/../../../../include/c++/13/bits/unique_ptr.h:398:_ZNSt10unique_ptrIN7rocksdb15ManagedSnapshotESt14default_deleteIS1_EED2Ev	24	static
repos/rocksdb/util/autovector.h:179:_ZN7rocksdb10autovectorIPNS_3log6WriterELm8EED2Ev	0	static
/usr/bin/../lib/gcc/x86_64-linux-gnu/13/../../../../include/c++/13/bits/stl_vector.h:733:_ZNSt6vectorIN7rocksdb19SuperVersionContextESaIS1_EED2Ev	40	static
repos/rocksdb/util/autovector.h:179:_ZN7rocksdb10autovectorIPNS_16ReadOnlyMemTableELm8EED2Ev	0	static
/usr/bin/../lib/gcc/x86_64-linux-gnu/13/../../../../include/c++/13/bits/stl_vector.h:733:_ZNSt6vectorINSt7__cxx1112basic_stringIcSt11char_traitsIcESaIcEEESaIS5_EED2Ev	40	static
repos/rocksdb/util/autovector.h:179:_ZN7rocksdb10autovectorImLm8EED2Ev	0	static
/usr/bin/../lib/gcc/x86_64-linux-gnu/13/../../../../include/c++/13/bits/stl_vector.h:733:_ZNSt6vectorIN7rocksdb20ObsoleteBlobFileInfoESaIS1_EED2Ev	40	static
/usr/bin/../lib/gcc/x86_64-linux-gnu/13/../../../../include/c++/13/bits/stl_vector.h:733:_ZNSt6vectorIN7rocksdb16ObsoleteFileInfoESaIS1_EED2Ev	56	static
/usr/bin/../lib/gcc/x86_64-linux-gnu/13/../../../../include/c++/13/bits/stl_vector.h:733:_ZNSt6vectorIN7rocksdb10JobContext17CandidateFileInfoESaIS2_EED2Ev	40	static
/usr/bin/../lib/gcc/x86_64-linux-gnu/13/../../../../include/c++/13/bits/vector.tcc:446:_ZNSt6vectorIN7rocksdb19SuperVersionContextESaIS1_EE17_M_realloc_insertIJS1_EEEvN9__gnu_cxx17__normal_iteratorIPS1_S3_EEDpOT_	72	static
repos/rocksdb/util/autovector.h:383:_ZN7rocksdb10autovectorINS_19SuperVersionContext22WriteStallNotificationELm8EEaSEOS3_	72	static
/usr/bin/../lib/gcc/x86_64-linux-gnu/13/../../../../include/c++/13/bits/stl_vector.h:504:_ZNSt6vectorIN7rocksdb19SuperVersionContextESaIS1_EE11_S_relocateEPS1_S4_S4_RS2_	40	static
repos/rocksdb/util/autovector.h:179:_ZN7rocksdb10autovectorINS_19SuperVersionContext22WriteStallNotificationELm8EED2Ev	40	static
repos/rocksdb/util/autovector.h:179:_ZN7rocksdb10autovectorIPNS_12SuperVersionELm8EED2Ev	0	static
/usr/bin/../lib/gcc/x86_64-linux-gnu/13/../../../../include/c++/13/bits/shared_ptr_base.h:198:_ZNSt16_Sp_counted_baseILN9__gnu_cxx12_Lock_policyE2EE24_M_release_last_use_coldEv	24	static
repos/rocksdb/db/job_context.h:86:_ZN7rocksdb19SuperVersionContext5CleanEv	56	static
/usr/bin/../lib/gcc/x86_64-linux-gnu/13/../../../../include/c++/13/bits/stl_algo.h:1918:_ZSt16__introsort_loopIN9__gnu_cxx17__normal_iteratorIPPN7rocksdb12FileMetaDataESt6vectorIS4_SaIS4_EEEElNS0_5__ops15_Iter_comp_iterIZNS2_6DBImpl9PromoteL0EPNS2_18ColumnFamilyHandleEiE3$_0EEEvT_SH_T0_T1_	168	static
/usr/bin/../lib/gcc/x86_64-linux-gnu/13/../../../../include/c++/13/bits/stl_heap.h:224:_ZSt13__adjust_heapIN9__gnu_cxx17__normal_iteratorIPPN7rocksdb12FileMetaDataESt6vectorIS4_SaIS4_EEEElS4_NS0_5__ops15_Iter_comp_iterIZNS2_6DBImpl9PromoteL0EPNS2_18ColumnFamilyHandleEiE3$_0EEEvT_T0_SI_T1_T2_	152	static
/usr/bin/../lib/gcc/x86_64-linux-gnu/13/../../../../include/c++/13/bits/stl_algo.h:1812:_ZSt16__insertion_sortIN9__gnu_cxx17__normal_iteratorIPPN7rocksdb12FileMetaDataESt6vectorIS4_SaIS4_EEEENS0_5__ops15_Iter_comp_iterIZNS2_6DBImpl9PromoteL0EPNS2_18ColumnFamilyHandleEiE3$_0EEEvT_SH_T0_	136	static
/usr/bin/../lib/gcc/x86_64-linux-gnu/13/../../../../include/c++/13/bits/stl_tree.h:2431:_ZNSt8_Rb_treeISt4pairIimES1_St9_IdentityIS1_ESt4lessIS1_ESaIS1_EE17_M_emplace_uniqueIJRiRmEEES0_ISt17_Rb_tree_iteratorIS1_EbEDpOT_	72	static
repos/rocksdb/db/version_edit.h:289:_ZN7rocksdb12FileMetaDataC2EmjmRKNS_11InternalKeyES3_RKmS5_bNS_11TemperatureEmmmmRKNSt7__cxx1112basic_stringIcSt11char_traitsIcESaIcEEESE_St5arrayImLm2EEmmbSE_SE_	88	static
repos/rocksdb/util/autovector.h:278:_ZN7rocksdb10autovectorImLm8EE9push_backERKm	56	static
/usr/bin/../lib/gcc/x86_64-linux-gnu/13/../../../../include/c++/13/bits/vector.tcc:446:_ZNSt6vectorISt4pairIiN7rocksdb12FileMetaDataEESaIS3_EE17_M_realloc_insertIJRiS2_EEEvN9__gnu_cxx17__normal_iteratorIPS3_S5_EEDpOT_	88	static
repos/rocksdb/db/version_edit.h:195:_ZN7rocksdb12FileMetaDataC2EOS0_	40	static
repos/rocksdb/db/version_edit.h:195:_ZN7rocksdb12FileMetaDataC2ERKS0_	88	static
repos/rocksdb/util/autovector.h:298:_ZN7rocksdb10autovectorINS0_IPNS_11VersionEditELm8EEELm8EE12emplace_backIJRS3_EEEvDpOT_	40	static
/usr/bin/../lib/gcc/x86_64-linux-gnu/13/../../../../include/c++/13/bits/stl_vector.h:733:_ZNSt6vectorISt8functionIFvRKN7rocksdb6StatusEEESaIS6_EED2Ev	40	static
repos/rocksdb/util/autovector.h:179:_ZN7rocksdb10autovectorINS0_IPNS_11VersionEditELm8EEELm8EED2Ev	40	static
/usr/bin/../lib/gcc/x86_64-linux-gnu/13/../../../../include/c++/13/bits/vector.tcc:112:_ZNSt6vectorIN7rocksdb10autovectorIPNS0_11VersionEditELm8EEESaIS4_EE12emplace_backIJRS4_EEES8_DpOT_	40	static
/usr/bin/../lib/gcc/x86_64-linux-gnu/13/../../../../include/c++/13/bits/vector.tcc:316:_ZNSt6vectorIPN7rocksdb11VersionEditESaIS2_EE13_M_assign_auxIN9__gnu_cxx17__normal_iteratorIPKS2_S4_EEEEvT_SB_St20forward_iterator_tag	56	static
/usr/bin/../lib/gcc/x86_64-linux-gnu/13/../../../../include/c++/13/bits/vector.tcc:446:_ZNSt6vectorIN7rocksdb10autovectorIPNS0_11VersionEditELm8EEESaIS4_EE17_M_realloc_insertIJRS4_EEEvN9__gnu_cxx17__normal_iteratorIPS4_S6_EEDpOT_	88	static
/usr/bin/../lib/gcc/x86_64-linux-gnu/13/../../../../include/c++/13/bits/stl_uninitialized.h:113:_ZSt16__do_uninit_copyIPKSt8functionIFvRKN7rocksdb6StatusEEEPS6_ET0_T_SB_SA_	40	static
/usr/bin/../lib/gcc/x86_64-linux-gnu/13/../../../../include/c++/13/bits/stl_construct.h:182:_ZSt8_DestroyIPSt8functionIFvRKN7rocksdb6StatusEEEEvT_S8_	24	static
repos/rocksdb/db/db_impl/db_impl_experimental.cc:0:_GLOBAL__sub_I_db_impl_experimental.cc	40	static
