repos/rocksdb/table/external_table.cc:0:__cxx_global_array_dtor	8	static
repos/rocksdb/table/external_table.cc:0:__cxx_global_array_dtor.24	8	static
repos/rocksdb/table/external_table.cc:0:__cxx_global_array_dtor.27	8	static
repos/rocksdb/table/external_table.cc:0:__cxx_global_array_dtor.35	8	static
repos/rocksdb/table/external_table.cc:0:__cxx_global_array_dtor.38	8	static
repos/rocksdb/table/external_table.cc:480:_ZN7rocksdb23NewExternalTableFactoryESt10shared_ptrINS_20ExternalTableFactoryEE	24	static
/home/gregorian-rayne/CLionProjects/build-hotspot-analyzer/tests/cli/repos/rocksdb/table/external_table.cc:__clang_call_terminate	8	static
repos/rocksdb/table/external_table.cc:381:_ZN7rocksdb12_GLOBAL__N_127ExternalTableFactoryAdapterD2Ev	40	static
repos/rocksdb/table/external_table.cc:381:_ZN7rocksdb12_GLOBAL__N_127ExternalTableFactoryAdapterD0Ev	40	static
repos/rocksdb/include/rocksdb/configurable.h:219:_ZNK7rocksdb12Configurable19GetPrintableOptionsB5cxx11Ev	0	static
repos/rocksdb/include/rocksdb/customizable.h:104:_ZNK7rocksdb12Customizable13GetOptionsPtrERKNSt7__cxx1112basic_stringIcSt11char_traitsIcESaIcEEE	24	static
repos/rocksdb/table/external_table.cc:387:_ZNK7rocksdb12_GLOBAL__N_127ExternalTableFactoryAdapter4NameEv	0	static
repos/rocksdb/include/rocksdb/customizable.h:66:_ZNK7rocksdb12Customizable5GetIdB5cxx11Ev	40	static
repos/rocksdb/include/rocksdb/customizable.h:89:_ZNK7rocksdb12Customizable12IsInstanceOfERKNSt7__cxx1112basic_stringIcSt11char_traitsIcESaIcEEE	56	static
repos/rocksdb/include/rocksdb/customizable.h:202:_ZNK7rocksdb12Customizable5InnerEv	0	static
repos/rocksdb/include/rocksdb/customizable.h:222:_ZNK7rocksdb12Customizable8NickNameEv	0	static
repos/rocksdb/include/rocksdb/table.h:957:_ZNK7rocksdb12TableFactory14NewTableReaderERKNS_18TableReaderOptionsEOSt10unique_ptrINS_22RandomAccessFileReaderESt14default_deleteIS5_EEmPS4_INS_11TableReaderES6_ISA_EEb	200	static
repos/rocksdb/table/external_table.cc:390:_ZNK7rocksdb12_GLOBAL__N_127ExternalTableFactoryAdapter14NewTableReaderERKNS_11ReadOptionsERKNS_18TableReaderOptionsEOSt10unique_ptrINS_22RandomAccessFileReaderESt14default_deleteIS9_EEmPS8_INS_11TableReaderESA_ISE_EEb	248	static
repos/rocksdb/table/external_table.cc:418:_ZNK7rocksdb12_GLOBAL__N_127ExternalTableFactoryAdapter15NewTableBuilderERKNS_19TableBuilderOptionsEPNS_18WritableFileWriterE	264	static
repos/rocksdb/table/external_table.cc:436:_ZNK7rocksdb12_GLOBAL__N_127ExternalTableFactoryAdapter5CloneEv	0	static
repos/rocksdb/include/rocksdb/table.h:1003:_ZNK7rocksdb12TableFactory22IsDeleteRangeSupportedEv	0	static
repos/rocksdb/include/rocksdb/file_system.h:182:_ZN7rocksdb11FileOptionsD2Ev	40	static
repos/rocksdb/table/external_table.cc:168:_ZN7rocksdb12_GLOBAL__N_126ExternalTableReaderAdapterD2Ev	24	static
repos/rocksdb/table/external_table.cc:168:_ZN7rocksdb12_GLOBAL__N_126ExternalTableReaderAdapterD0Ev	24	static
repos/rocksdb/table/external_table.cc:175:_ZN7rocksdb12_GLOBAL__N_126ExternalTableReaderAdapter11NewIteratorERKNS_11ReadOptionsEPKNS_14SliceTransformEPNS_5ArenaEbNS_17TableReaderCallerEmb	24	static
repos/rocksdb/table/table_reader.h:64:_ZN7rocksdb11TableReader25NewRangeTombstoneIteratorERKNS_11ReadOptionsE	0	static
repos/rocksdb/table/table_reader.h:69:_ZN7rocksdb11TableReader25NewRangeTombstoneIteratorEmPKNS_5SliceE	0	static
repos/rocksdb/table/external_table.cc:189:_ZN7rocksdb12_GLOBAL__N_126ExternalTableReaderAdapter19ApproximateOffsetOfERKNS_11ReadOptionsERKNS_5SliceENS_17TableReaderCallerE	0	static
repos/rocksdb/table/external_table.cc:194:_ZN7rocksdb12_GLOBAL__N_126ExternalTableReaderAdapter15ApproximateSizeERKNS_11ReadOptionsERKNS_5SliceES7_NS_17TableReaderCallerE	0	static
repos/rocksdb/table/table_reader.h:107:_ZN7rocksdb11TableReader21ApproximateKeyAnchorsERKNS_11ReadOptionsERSt6vectorINS0_6AnchorESaIS5_EE	56	static
repos/rocksdb/table/external_table.cc:199:_ZN7rocksdb12_GLOBAL__N_126ExternalTableReaderAdapter18SetupForCompactionEv	0	static
repos/rocksdb/table/external_table.cc:201:_ZNK7rocksdb12_GLOBAL__N_126ExternalTableReaderAdapter18GetTablePropertiesEv	232	static
repos/rocksdb/table/table_reader.h:119:_ZN7rocksdb11TableReader7PrepareERKNS_5SliceE	0	static
repos/rocksdb/table/external_table.cc:234:_ZNK7rocksdb12_GLOBAL__N_126ExternalTableReaderAdapter22ApproximateMemoryUsageEv	0	static
repos/rocksdb/table/external_table.cc:236:_ZN7rocksdb12_GLOBAL__N_126ExternalTableReaderAdapter3GetERKNS_11ReadOptionsERKNS_5SliceEPNS_10GetContextEPKNS_14SliceTransformEb	56	static
repos/rocksdb/table/table_reader.h:143:_ZN7rocksdb11TableReader14MultiGetFilterERKNS_11ReadOptionsEPKNS_14SliceTransformEPNS_15MultiGetContext5RangeE	0	static
repos/rocksdb/table/table_reader.h:149:_ZN7rocksdb11TableReader8MultiGetERKNS_11ReadOptionsEPKNS_15MultiGetContext5RangeEPKNS_14SliceTransformEb	104	static
repos/rocksdb/table/table_reader.h:171:_ZN7rocksdb11TableReader8PrefetchERKNS_11ReadOptionsEPKNS_5SliceES6_	0	static
repos/rocksdb/table/table_reader.h:182:_ZN7rocksdb11TableReader9DumpTableEPNS_12WritableFileEb	56	static
repos/rocksdb/table/external_table.cc:242:_ZN7rocksdb12_GLOBAL__N_126ExternalTableReaderAdapter14VerifyChecksumERKNS_11ReadOptionsENS_17TableReaderCallerEb	0	static
repos/rocksdb/table/table_reader.h:199:_ZN7rocksdb11TableReader12MarkObsoleteEj	0	static
repos/rocksdb/table/external_table.cc:30:_ZN7rocksdb12_GLOBAL__N_128ExternalTableIteratorAdapterD2Ev	24	static
repos/rocksdb/table/external_table.cc:30:_ZN7rocksdb12_GLOBAL__N_128ExternalTableIteratorAdapterD0Ev	24	static
repos/rocksdb/table/internal_iterator.h:43:_ZN7rocksdb20InternalIteratorBaseINS_5SliceEE20SetRangeDelReadSeqnoEm	0	static
repos/rocksdb/table/external_table.cc:32:_ZNK7rocksdb12_GLOBAL__N_128ExternalTableIteratorAdapter5ValidEv	0	static
repos/rocksdb/table/external_table.cc:34:_ZN7rocksdb12_GLOBAL__N_128ExternalTableIteratorAdapter11SeekToFirstEv	24	static
repos/rocksdb/table/external_table.cc:42:_ZN7rocksdb12_GLOBAL__N_128ExternalTableIteratorAdapter10SeekToLastEv	24	static
repos/rocksdb/table/external_table.cc:50:_ZN7rocksdb12_GLOBAL__N_128ExternalTableIteratorAdapter4SeekERKNS_5SliceE	88	static
repos/rocksdb/table/external_table.cc:62:_ZN7rocksdb12_GLOBAL__N_128ExternalTableIteratorAdapter11SeekForPrevERKNS_5SliceE	88	static
repos/rocksdb/table/external_table.cc:74:_ZN7rocksdb12_GLOBAL__N_128ExternalTableIteratorAdapter4NextEv	24	static
repos/rocksdb/table/external_table.cc:81:_ZN7rocksdb12_GLOBAL__N_128ExternalTableIteratorAdapter16NextAndGetResultEPNS_13IterateResultE	24	static
repos/rocksdb/table/external_table.cc:111:_ZN7rocksdb12_GLOBAL__N_128ExternalTableIteratorAdapter4PrevEv	24	static
repos/rocksdb/table/external_table.cc:118:_ZNK7rocksdb12_GLOBAL__N_128ExternalTableIteratorAdapter3keyEv	0	static
repos/rocksdb/table/internal_iterator.h:111:_ZNK7rocksdb20InternalIteratorBaseINS_5SliceEE15write_unix_timeEv	0	static
repos/rocksdb/table/internal_iterator.h:117:_ZNK7rocksdb20InternalIteratorBaseINS_5SliceEE8user_keyEv	8	static
repos/rocksdb/table/external_table.cc:125:_ZNK7rocksdb12_GLOBAL__N_128ExternalTableIteratorAdapter5valueEv	8	static
repos/rocksdb/table/external_table.cc:132:_ZNK7rocksdb12_GLOBAL__N_128ExternalTableIteratorAdapter6statusEv	24	static
repos/rocksdb/table/external_table.cc:96:_ZN7rocksdb12_GLOBAL__N_128ExternalTableIteratorAdapter12PrepareValueEv	24	static
repos/rocksdb/table/internal_iterator.h:145:_ZN7rocksdb20InternalIteratorBaseINS_5SliceEE20MayBeOutOfLowerBoundEv	0	static
repos/rocksdb/table/external_table.cc:104:_ZN7rocksdb12_GLOBAL__N_128ExternalTableIteratorAdapter21UpperBoundCheckResultEv	24	static
repos/rocksdb/table/internal_iterator.h:161:_ZN7rocksdb20InternalIteratorBaseINS_5SliceEE17SetPinnedItersMgrEPNS_22PinnedIteratorsManagerE	0	static
repos/rocksdb/table/internal_iterator.h:172:_ZNK7rocksdb20InternalIteratorBaseINS_5SliceEE11IsKeyPinnedEv	0	static
repos/rocksdb/table/internal_iterator.h:178:_ZNK7rocksdb20InternalIteratorBaseINS_5SliceEE13IsValuePinnedEv	0	static
repos/rocksdb/table/internal_iterator.h:180:_ZN7rocksdb20InternalIteratorBaseINS_5SliceEE11GetPropertyENSt7__cxx1112basic_stringIcSt11char_traitsIcESaIcEEEPS8_	56	static
repos/rocksdb/table/internal_iterator.h:191:_ZN7rocksdb20InternalIteratorBaseINS_5SliceEE17GetReadaheadStateEPNS_17ReadaheadFileInfoE	0	static
repos/rocksdb/table/internal_iterator.h:194:_ZN7rocksdb20InternalIteratorBaseINS_5SliceEE17SetReadaheadStateEPNS_17ReadaheadFileInfoE	0	static
repos/rocksdb/table/internal_iterator.h:201:_ZNK7rocksdb20InternalIteratorBaseINS_5SliceEE24IsDeleteRangeSentinelKeyEv	0	static
repos/rocksdb/table/external_table.cc:134:_ZN7rocksdb12_GLOBAL__N_128ExternalTableIteratorAdapter7PrepareEPKNS_13MultiScanArgsE	0	static
repos/rocksdb/table/external_table.cc:149:_ZN7rocksdb12_GLOBAL__N_128ExternalTableIteratorAdapter9UpdateKeyENS_8OptSliceE	72	static
repos/rocksdb/db/dbformat.h:519:_ZN7rocksdb16ParseInternalKeyERKNS_5SliceEPNS_17ParsedInternalKeyEb	184	static
/usr/bin/../lib/gcc/x86_64-linux-gnu/13/../../../../include/c++/13/bits/basic_string.tcc:326:_ZNSt7__cxx1112basic_stringIcSt11char_traitsIcESaIcEE9_M_mutateEmmPKcm	104	static
/usr/bin/../lib/gcc/x86_64-linux-gnu/13/../../../../include/c++/13/bits/basic_string.tcc:512:_ZNSt7__cxx1112basic_stringIcSt11char_traitsIcESaIcEE10_M_replaceEmmPKcm	56	static
/usr/bin/../lib/gcc/x86_64-linux-gnu/13/../../../../include/c++/13/bits/shared_ptr_base.h:1646:_ZNSt12__shared_ptrIN7rocksdb15TablePropertiesELN9__gnu_cxx12_Lock_policyE2EE5resetIS1_EENSt9enable_ifIXsr21__sp_is_constructibleIS1_T_EE5valueEvE4typeEPS7_	24	static
repos/rocksdb/table/format.h:377:_ZN7rocksdb13BlockContentsD2Ev	24	static
/usr/bin/../lib/gcc/x86_64-linux-gnu/13/../../../../include/c++/13/bits/unique_ptr.h:398:_ZNSt10unique_ptrIN7rocksdb15TablePropertiesESt14default_deleteIS1_EED2Ev	24	static
/usr/bin/../lib/gcc/x86_64-linux-gnu/13/../../../../include/c++/13/bits/shared_ptr_base.h:1524:_ZNSt12__shared_ptrIN7rocksdb15TablePropertiesELN9__gnu_cxx12_Lock_policyE2EED2Ev	24	static
/usr/bin/../lib/gcc/x86_64-linux-gnu/13/../../../../include/c++/13/bits/shared_ptr_base.h:1524:_ZNSt12__shared_ptrIKN7rocksdb15TablePropertiesELN9__gnu_cxx12_Lock_policyE2EED2Ev	24	static
repos/rocksdb/include/rocksdb/table_properties.h:217:_ZN7rocksdb15TablePropertiesD2Ev	24	static
/usr/bin/../lib/gcc/x86_64-linux-gnu/13/../../../../include/c++/13/bits/shared_ptr_base.h:419:_ZNSt15_Sp_counted_ptrIPN7rocksdb15TablePropertiesELN9__gnu_cxx12_Lock_policyE2EED0Ev	0	static
/usr/bin/../lib/gcc/x86_64-linux-gnu/13/../../../../include/c++/13/bits/shared_ptr_base.h:427:_ZNSt15_Sp_counted_ptrIPN7rocksdb15TablePropertiesELN9__gnu_cxx12_Lock_policyE2EE10_M_disposeEv	24	static
/usr/bin/../lib/gcc/x86_64-linux-gnu/13/../../../../include/c++/13/bits/shared_ptr_base.h:431:_ZNSt15_Sp_counted_ptrIPN7rocksdb15TablePropertiesELN9__gnu_cxx12_Lock_policyE2EE10_M_destroyEv	0	static
/usr/bin/../lib/gcc/x86_64-linux-gnu/13/../../../../include/c++/13/bits/shared_ptr_base.h:435:_ZNSt15_Sp_counted_ptrIPN7rocksdb15TablePropertiesELN9__gnu_cxx12_Lock_policyE2EE14_M_get_deleterERKSt9type_info	0	static
/usr/bin/../lib/gcc/x86_64-linux-gnu/13/../../../../include/c++/13/bits/stl_map.h:314:_ZNSt3mapINSt7__cxx1112basic_stringIcSt11char_traitsIcESaIcEEES5_St4lessIS5_ESaISt4pairIKS5_S5_EEED2Ev	8	static
/usr/bin/../lib/gcc/x86_64-linux-gnu/13/../../../../include/c++/13/bits/stl_tree.h:1931:_ZNSt8_Rb_treeINSt7__cxx1112basic_stringIcSt11char_traitsIcESaIcEEESt4pairIKS5_S5_ESt10_Select1stIS8_ESt4lessIS5_ESaIS8_EE8_M_eraseEPSt13_Rb_tree_nodeIS8_E	40	static
/usr/bin/../lib/gcc/x86_64-linux-gnu/13/../../../../include/c++/13/bits/shared_ptr_base.h:198:_ZNSt16_Sp_counted_baseILN9__gnu_cxx12_Lock_policyE2EE24_M_release_last_use_coldEv	24	static
/usr/bin/../lib/gcc/x86_64-linux-gnu/13/../../../../include/c++/13/bits/shared_ptr_base.h:133:_ZNSt16_Sp_counted_baseILN9__gnu_cxx12_Lock_policyE2EED2Ev	0	static
/usr/bin/../lib/gcc/x86_64-linux-gnu/13/../../../../include/c++/13/bits/shared_ptr_base.h:608:_ZNSt23_Sp_counted_ptr_inplaceIN7rocksdb15TablePropertiesESaIvELN9__gnu_cxx12_Lock_policyE2EED0Ev	0	static
/usr/bin/../lib/gcc/x86_64-linux-gnu/13/../../../../include/c++/13/bits/shared_ptr_base.h:611:_ZNSt23_Sp_counted_ptr_inplaceIN7rocksdb15TablePropertiesESaIvELN9__gnu_cxx12_Lock_policyE2EE10_M_disposeEv	0	static
/usr/bin/../lib/gcc/x86_64-linux-gnu/13/../../../../include/c++/13/bits/shared_ptr_base.h:618:_ZNSt23_Sp_counted_ptr_inplaceIN7rocksdb15TablePropertiesESaIvELN9__gnu_cxx12_Lock_policyE2EE10_M_destroyEv	0	static
/usr/bin/../lib/gcc/x86_64-linux-gnu/13/../../../../include/c++/13/bits/shared_ptr_base.h:631:_ZNSt23_Sp_counted_ptr_inplaceIN7rocksdb15TablePropertiesESaIvELN9__gnu_cxx12_Lock_policyE2EE14_M_get_deleterERKSt9type_info	24	static
repos/rocksdb/include/rocksdb/table_properties.h:217:_ZN7rocksdb15TablePropertiesC2ERKS0_	152	static
/usr/bin/../lib/gcc/x86_64-linux-gnu/13/../../../../include/c++/13/bits/stl_tree.h:1893:_ZNSt8_Rb_treeINSt7__cxx1112basic_stringIcSt11char_traitsIcESaIcEEESt4pairIKS5_S5_ESt10_Select1stIS8_ESt4lessIS5_ESaIS8_EE7_M_copyILb0ENSE_11_Alloc_nodeEEEPSt13_Rb_tree_nodeIS8_ESJ_PSt18_Rb_tree_node_baseRT0_	72	static
/usr/bin/../lib/gcc/x86_64-linux-gnu/13/../../../../include/c++/13/bits/stl_pair.h:197:_ZNSt4pairIKNSt7__cxx1112basic_stringIcSt11char_traitsIcESaIcEEES5_EC2ERKS7_	56	static
repos/rocksdb/file/random_access_file_reader.h:47:_ZN7rocksdb22RandomAccessFileReaderD2Ev	56	static
repos/rocksdb/env/file_system_tracer.h:217:_ZN7rocksdb32FSRandomAccessFileTracingWrapperD2Ev	24	static
repos/rocksdb/include/rocksdb/file_system.h:1801:_ZN7rocksdb30FSRandomAccessFileOwnerWrapperD2Ev	24	static
repos/rocksdb/include/rocksdb/file_system.h:1801:_ZN7rocksdb30FSRandomAccessFileOwnerWrapperD0Ev	24	static
repos/rocksdb/include/rocksdb/file_system.h:1758:_ZNK7rocksdb25FSRandomAccessFileWrapper4ReadEmmRKNS_9IOOptionsEPNS_5SliceEPcPNS_14IODebugContextE	40	static
repos/rocksdb/include/rocksdb/file_system.h:1767:_ZN7rocksdb25FSRandomAccessFileWrapper8PrefetchEmmRKNS_9IOOptionsEPNS_14IODebugContextE	24	static
repos/rocksdb/include/rocksdb/file_system.h:1763:_ZN7rocksdb25FSRandomAccessFileWrapper9MultiReadEPNS_13FSReadRequestEmRKNS_9IOOptionsEPNS_14IODebugContextE	24	static
repos/rocksdb/include/rocksdb/file_system.h:1771:_ZNK7rocksdb25FSRandomAccessFileWrapper11GetUniqueIdEPcm	0	static
repos/rocksdb/include/rocksdb/file_system.h:1774:_ZN7rocksdb25FSRandomAccessFileWrapper4HintENS_18FSRandomAccessFile13AccessPatternE	0	static
repos/rocksdb/include/rocksdb/file_system.h:1775:_ZNK7rocksdb25FSRandomAccessFileWrapper13use_direct_ioEv	0	static
repos/rocksdb/include/rocksdb/file_system.h:1776:_ZNK7rocksdb25FSRandomAccessFileWrapper26GetRequiredBufferAlignmentEv	0	static
repos/rocksdb/include/rocksdb/file_system.h:1779:_ZN7rocksdb25FSRandomAccessFileWrapper15InvalidateCacheEmm	24	static
repos/rocksdb/include/rocksdb/file_system.h:1782:_ZN7rocksdb25FSRandomAccessFileWrapper9ReadAsyncERNS_13FSReadRequestERKNS_9IOOptionsESt8functionIFvS2_PvEES7_PS7_PS6_IFvS7_EEPNS_14IODebugContextE	104	static
repos/rocksdb/include/rocksdb/file_system.h:1788:_ZNK7rocksdb25FSRandomAccessFileWrapper14GetTemperatureEv	0	static
repos/rocksdb/include/rocksdb/file_system.h:1792:_ZN7rocksdb25FSRandomAccessFileWrapper11GetFileSizeEPm	24	static
repos/rocksdb/include/rocksdb/file_system.h:1750:_ZN7rocksdb25FSRandomAccessFileWrapperD2Ev	24	static
repos/rocksdb/include/rocksdb/file_system.h:1750:_ZN7rocksdb25FSRandomAccessFileWrapperD0Ev	24	static
repos/rocksdb/include/rocksdb/external_table.h:229:_ZN7rocksdb27ExternalTableBuilderOptionsD2Ev	24	static
repos/rocksdb/include/rocksdb/file_system.h:1102:_ZN7rocksdb14FSWritableFileD2Ev	0	static
repos/rocksdb/table/external_table.cc:443:_ZN7rocksdb12_GLOBAL__N_127ExternalTableFactoryAdapter32ExternalTableWritableFileWrapperD0Ev	0	static
repos/rocksdb/table/external_table.cc:449:_ZN7rocksdb12_GLOBAL__N_127ExternalTableFactoryAdapter32ExternalTableWritableFileWrapper6AppendERKNS_5SliceERKNS_9IOOptionsEPNS_14IODebugContextE	24	static
repos/rocksdb/include/rocksdb/file_system.h:1118:_ZN7rocksdb14FSWritableFile6AppendERKNS_5SliceERKNS_9IOOptionsERKNS_20DataVerificationInfoEPNS_14IODebugContextE	24	static
repos/rocksdb/include/rocksdb/file_system.h:1144:_ZN7rocksdb14FSWritableFile16PositionedAppendERKNS_5SliceEmRKNS_9IOOptionsEPNS_14IODebugContextE	24	static
repos/rocksdb/include/rocksdb/file_system.h:1159:_ZN7rocksdb14FSWritableFile16PositionedAppendERKNS_5SliceEmRKNS_9IOOptionsERKNS_20DataVerificationInfoEPNS_14IODebugContextE	24	static
repos/rocksdb/include/rocksdb/file_system.h:1173:_ZN7rocksdb14FSWritableFile8TruncateEmRKNS_9IOOptionsEPNS_14IODebugContextE	0	static
repos/rocksdb/table/external_table.cc:454:_ZN7rocksdb12_GLOBAL__N_127ExternalTableFactoryAdapter32ExternalTableWritableFileWrapper5CloseERKNS_9IOOptionsEPNS_14IODebugContextE	24	static
repos/rocksdb/table/external_table.cc:458:_ZN7rocksdb12_GLOBAL__N_127ExternalTableFactoryAdapter32ExternalTableWritableFileWrapper5FlushERKNS_9IOOptionsEPNS_14IODebugContextE	24	static
repos/rocksdb/table/external_table.cc:462:_ZN7rocksdb12_GLOBAL__N_127ExternalTableFactoryAdapter32ExternalTableWritableFileWrapper4SyncERKNS_9IOOptionsEPNS_14IODebugContextE	24	static
repos/rocksdb/include/rocksdb/file_system.h:1196:_ZN7rocksdb14FSWritableFile5FsyncERKNS_9IOOptionsEPNS_14IODebugContextE	24	static
repos/rocksdb/include/rocksdb/file_system.h:1202:_ZNK7rocksdb14FSWritableFile16IsSyncThreadSafeEv	0	static
repos/rocksdb/include/rocksdb/file_system.h:1206:_ZNK7rocksdb14FSWritableFile13use_direct_ioEv	0	static
repos/rocksdb/include/rocksdb/file_system.h:1210:_ZNK7rocksdb14FSWritableFile26GetRequiredBufferAlignmentEv	0	static
repos/rocksdb/include/rocksdb/file_system.h:1212:_ZN7rocksdb14FSWritableFile20SetWriteLifeTimeHintENS_3Env17WriteLifeTimeHintE	0	static
repos/rocksdb/include/rocksdb/file_system.h:1227:_ZN7rocksdb14FSWritableFile13SetIOPriorityENS_3Env10IOPriorityE	0	static
repos/rocksdb/include/rocksdb/file_system.h:1229:_ZN7rocksdb14FSWritableFile13GetIOPriorityEv	0	static
repos/rocksdb/include/rocksdb/file_system.h:1231:_ZN7rocksdb14FSWritableFile20GetWriteLifeTimeHintEv	0	static
repos/rocksdb/table/external_table.cc:466:_ZN7rocksdb12_GLOBAL__N_127ExternalTableFactoryAdapter32ExternalTableWritableFileWrapper11GetFileSizeERKNS_9IOOptionsEPNS_14IODebugContextE	0	static
repos/rocksdb/include/rocksdb/file_system.h:1244:_ZN7rocksdb14FSWritableFile25SetPreallocationBlockSizeEm	0	static
repos/rocksdb/include/rocksdb/file_system.h:1248:_ZN7rocksdb14FSWritableFile22GetPreallocationStatusEPmS1_	0	static
repos/rocksdb/include/rocksdb/file_system.h:1255:_ZNK7rocksdb14FSWritableFile11GetUniqueIdEPcm	0	static
repos/rocksdb/include/rocksdb/file_system.h:1263:_ZN7rocksdb14FSWritableFile15InvalidateCacheEmm	24	static
repos/rocksdb/include/rocksdb/file_system.h:1273:_ZN7rocksdb14FSWritableFile9RangeSyncEmmRKNS_9IOOptionsEPNS_14IODebugContextE	24	static
repos/rocksdb/include/rocksdb/file_system.h:1286:_ZN7rocksdb14FSWritableFile12PrepareWriteEmmRKNS_9IOOptionsEPNS_14IODebugContextE	40	static
repos/rocksdb/include/rocksdb/file_system.h:1308:_ZN7rocksdb14FSWritableFile8AllocateEmmRKNS_9IOOptionsEPNS_14IODebugContextE	0	static
/usr/bin/../lib/gcc/x86_64-linux-gnu/13/../../../../include/c++/13/bits/stl_vector.h:733:_ZNSt6vectorISt10unique_ptrIN7rocksdb19InternalTblPropCollESt14default_deleteIS2_EESaIS5_EED2Ev	40	static
repos/rocksdb/table/external_table.cc:252:_ZN7rocksdb12_GLOBAL__N_127ExternalTableBuilderAdapterD2Ev	40	static
repos/rocksdb/table/external_table.cc:252:_ZN7rocksdb12_GLOBAL__N_127ExternalTableBuilderAdapterD0Ev	40	static
repos/rocksdb/table/external_table.cc:298:_ZN7rocksdb12_GLOBAL__N_127ExternalTableBuilderAdapter3AddERKNS_5SliceES4_	232	static
repos/rocksdb/table/external_table.cc:317:_ZNK7rocksdb12_GLOBAL__N_127ExternalTableBuilderAdapter6statusEv	24	static
repos/rocksdb/table/external_table.cc:325:_ZNK7rocksdb12_GLOBAL__N_127ExternalTableBuilderAdapter9io_statusEv	40	static
repos/rocksdb/table/external_table.cc:327:_ZN7rocksdb12_GLOBAL__N_127ExternalTableBuilderAdapter6FinishEv	184	static
repos/rocksdb/table/external_table.cc:353:_ZN7rocksdb12_GLOBAL__N_127ExternalTableBuilderAdapter7AbandonEv	0	static
repos/rocksdb/table/external_table.cc:357:_ZNK7rocksdb12_GLOBAL__N_127ExternalTableBuilderAdapter10NumEntriesEv	0	static
repos/rocksdb/table/table_builder.h:212:_ZNK7rocksdb12TableBuilder7IsEmptyEv	760	static
repos/rocksdb/table/table_builder.h:217:_ZNK7rocksdb12TableBuilder18PreCompressionSizeEv	0	static
repos/rocksdb/table/external_table.cc:355:_ZNK7rocksdb12_GLOBAL__N_127ExternalTableBuilderAdapter8FileSizeEv	0	static
repos/rocksdb/table/table_builder.h:226:_ZNK7rocksdb12TableBuilder17EstimatedFileSizeEv	0	static
repos/rocksdb/table/table_builder.h:231:_ZNK7rocksdb12TableBuilder17EstimatedTailSizeEv	0	static
repos/rocksdb/table/table_builder.h:233:_ZNK7rocksdb12TableBuilder11GetTailSizeEv	0	static
repos/rocksdb/table/table_builder.h:237:_ZNK7rocksdb12TableBuilder11NeedCompactEv	0	static
repos/rocksdb/table/external_table.cc:359:_ZNK7rocksdb12_GLOBAL__N_127ExternalTableBuilderAdapter18GetTablePropertiesEv	24	static
repos/rocksdb/table/external_table.cc:363:_ZNK7rocksdb12_GLOBAL__N_127ExternalTableBuilderAdapter15GetFileChecksumB5cxx11Ev	24	static
repos/rocksdb/table/external_table.cc:367:_ZNK7rocksdb12_GLOBAL__N_127ExternalTableBuilderAdapter23GetFileChecksumFuncNameEv	0	static
repos/rocksdb/table/table_builder.h:250:_ZN7rocksdb12TableBuilder27SetSeqnoTimeTablePropertiesERKNS_18SeqnoToTimeMappingEm	0	static
repos/rocksdb/table/table_builder.h:257:_ZNK7rocksdb12TableBuilder18GetWorkerCPUMicrosEv	0	static
/usr/bin/../lib/gcc/x86_64-linux-gnu/13/../../../../include/c++/13/bits/basic_string.tcc:278:_ZNSt7__cxx1112basic_stringIcSt11char_traitsIcESaIcEE9_M_assignERKS4_	72	static
/usr/bin/../lib/gcc/x86_64-linux-gnu/13/../../../../include/c++/13/bits/stl_map.h:943:_ZNSt3mapINSt7__cxx1112basic_stringIcSt11char_traitsIcESaIcEEES5_St4lessIS5_ESaISt4pairIKS5_S5_EEE6insertISt17_Rb_tree_iteratorISA_EEEvT_SG_	72	static
repos/rocksdb/table/meta_blocks.h:59:_ZN7rocksdb20PropertyBlockBuilderD2Ev	24	static
/usr/bin/../lib/gcc/x86_64-linux-gnu/13/../../../../include/c++/13/bits/stl_tree.h:1819:_ZNSt8_Rb_treeINSt7__cxx1112basic_stringIcSt11char_traitsIcESaIcEEESt4pairIKS5_S5_ESt10_Select1stIS8_ESt4lessIS5_ESaIS8_EE10_M_insert_IRS8_NSE_11_Alloc_nodeEEESt17_Rb_tree_iteratorIS8_EPSt18_Rb_tree_node_baseSL_OT_RT0_	72	static
/usr/bin/../lib/gcc/x86_64-linux-gnu/13/../../../../include/c++/13/bits/stl_tree.h:2109:_ZNSt8_Rb_treeINSt7__cxx1112basic_stringIcSt11char_traitsIcESaIcEEESt4pairIKS5_S5_ESt10_Select1stIS8_ESt4lessIS5_ESaIS8_EE24_M_get_insert_unique_posERS7_	72	static
/usr/bin/../lib/gcc/x86_64-linux-gnu/13/../../../../include/c++/13/bits/stl_tree.h:1931:_ZNSt8_Rb_treeINSt7__cxx1112basic_stringIcSt11char_traitsIcESaIcEEESt4pairIKS5_S5_ESt10_Select1stIS8_EN7rocksdb12stl_wrappers16LessOfComparatorESaIS8_EE8_M_eraseEPSt13_Rb_tree_nodeIS8_E	40	static
repos/rocksdb/table/external_table.cc:0:_GLOBAL__sub_I_external_table.cc	40	static
