repos/rocksdb/table/block_based/full_filter_block.cc:20:_ZN7rocksdb22FullFilterBlockBuilderC2EPKNS_14SliceTransformEbPNS_17FilterBitsBuilderE	0	static
repos/rocksdb/table/block_based/full_filter_block.cc:29:_ZN7rocksdb22FullFilterBlockBuilder20EstimateEntriesAddedEv	0	static
repos/rocksdb/table/block_based/full_filter_block.cc:33:_ZN7rocksdb22FullFilterBlockBuilder20OnDataBlockFinalizedEm	0	static
repos/rocksdb/table/block_based/full_filter_block.cc:37:_ZN7rocksdb22FullFilterBlockBuilder25CurrentFilterSizeEstimateEv	0	static
repos/rocksdb/table/block_based/full_filter_block.cc:41:_ZN7rocksdb22FullFilterBlockBuilder24UpdateFilterSizeEstimateEm	24	static
repos/rocksdb/table/block_based/full_filter_block.cc:62:_ZN7rocksdb22FullFilterBlockBuilder14AddWithPrevKeyERKNS_5SliceES3_	40	static
repos/rocksdb/table/block_based/full_filter_block.cc:67:_ZN7rocksdb22FullFilterBlockBuilder3AddERKNS_5SliceE	40	static
repos/rocksdb/table/block_based/full_filter_block.cc:80:_ZN7rocksdb22FullFilterBlockBuilder6FinishERKNS_11BlockHandleEPNS_5SliceEPSt10unique_ptrIA_KcSt14default_deleteIS8_EE	24	static
repos/rocksdb/table/block_based/full_filter_block.cc:89:_ZN7rocksdb21FullFilterBlockReaderC2EPKNS_15BlockBasedTableEONS_13CachableEntryINS_21ParsedFullFilterBlockEEE	24	static
repos/rocksdb/table/block_based/full_filter_block.cc:94:_ZN7rocksdb21FullFilterBlockReader11KeyMayMatchERKNS_5SliceEPS2_PNS_10GetContextEPNS_23BlockCacheLookupContextERKNS_11ReadOptionsE	56	static
repos/rocksdb/table/block_based/full_filter_block.cc:139:_ZNK7rocksdb21FullFilterBlockReader8MayMatchERKNS_5SliceEPNS_10GetContextEPNS_23BlockCacheLookupContextERKNS_11ReadOptionsE	72	static
repos/rocksdb/table/block_based/full_filter_block.cc:105:_ZN7rocksdb21FullFilterBlockReader6CreateEPKNS_15BlockBasedTableERKNS_11ReadOptionsEPNS_18FilePrefetchBufferEbbbPNS_23BlockCacheLookupContextE	88	static
repos/rocksdb/table/block_based/cachable_entry.h:98:_ZN7rocksdb13CachableEntryINS_21ParsedFullFilterBlockEED2Ev	24	static
repos/rocksdb/table/block_based/full_filter_block.cc:132:_ZN7rocksdb21FullFilterBlockReader14PrefixMayMatchERKNS_5SliceEPS2_PNS_10GetContextEPNS_23BlockCacheLookupContextERKNS_11ReadOptionsE	0	static
repos/rocksdb/table/block_based/full_filter_block.cc:169:_ZN7rocksdb21FullFilterBlockReader12KeysMayMatchEPNS_15MultiGetContext5RangeEPNS_23BlockCacheLookupContextERKNS_11ReadOptionsE	40	static
repos/rocksdb/table/block_based/full_filter_block.cc:186:_ZNK7rocksdb21FullFilterBlockReader8MayMatchEPNS_15MultiGetContext5RangeEPKNS_14SliceTransformEPNS_23BlockCacheLookupContextERKNS_11ReadOptionsE	1048	static
repos/rocksdb/table/block_based/full_filter_block.cc:180:_ZN7rocksdb21FullFilterBlockReader16PrefixesMayMatchEPNS_15MultiGetContext5RangeEPKNS_14SliceTransformEPNS_23BlockCacheLookupContextERKNS_11ReadOptionsE	0	static
repos/rocksdb/table/block_based/full_filter_block.cc:246:_ZNK7rocksdb21FullFilterBlockReader22ApproximateMemoryUsageEv	24	static
repos/rocksdb/table/block_based/full_filter_block.h:50:_ZN7rocksdb22FullFilterBlockBuilderD2Ev	24	static
repos/rocksdb/table/block_based/full_filter_block.h:50:_ZN7rocksdb22FullFilterBlockBuilderD0Ev	24	static
repos/rocksdb/table/block_based/full_filter_block.h:56:_ZNK7rocksdb22FullFilterBlockBuilder7IsEmptyEv	8	static
repos/rocksdb/table/block_based/filter_block.h:86:_ZN7rocksdb18FilterBlockBuilder19PrevKeyBeforeFinishERKNS_5SliceE	0	static
repos/rocksdb/table/block_based/full_filter_block.h:66:_ZN7rocksdb22FullFilterBlockBuilder22ResetFilterBitsBuilderEv	0	static
repos/rocksdb/table/block_based/full_filter_block.h:68:_ZN7rocksdb22FullFilterBlockBuilder21MaybePostVerifyFilterERKNS_5SliceE	24	static
repos/rocksdb/table/block_based/full_filter_block.h:93:_ZN7rocksdb21FullFilterBlockReaderD0Ev	24	static
repos/rocksdb/table/block_based/filter_block.h:197:_ZNK7rocksdb17FilterBlockReader8ToStringB5cxx11Ev	24	static
repos/rocksdb/table/block_based/filter_block.h:202:_ZN7rocksdb17FilterBlockReader17CacheDependenciesERKNS_11ReadOptionsEbPNS_18FilePrefetchBufferE	0	static
/mnt/c/Users/grego/CLionProjects/BuildtimeHotspotAnalyzer/tests/temp/repos/rocksdb/table/block_based/full_filter_block.cc:__clang_call_terminate	8	static
repos/rocksdb/table/block_based/filter_block_reader_common.h:24:_ZN7rocksdb23FilterBlockReaderCommonINS_21ParsedFullFilterBlockEED2Ev	24	static
repos/rocksdb/table/block_based/filter_block_reader_common.h:24:_ZN7rocksdb23FilterBlockReaderCommonINS_21ParsedFullFilterBlockEED0Ev	0	static
repos/rocksdb/table/block_based/filter_block.h:155:_ZN7rocksdb17FilterBlockReader12KeysMayMatchEPNS_15MultiGetContext5RangeEPNS_23BlockCacheLookupContextERKNS_11ReadOptionsE	88	static
repos/rocksdb/table/block_based/filter_block.h:178:_ZN7rocksdb17FilterBlockReader16PrefixesMayMatchEPNS_15MultiGetContext5RangeEPKNS_14SliceTransformEPNS_23BlockCacheLookupContextERKNS_11ReadOptionsE	136	static
