repos/rocksdb/db/internal_stats.cc:0:__cxx_global_array_dtor	8	static
repos/rocksdb/db/internal_stats.cc:0:__cxx_global_array_dtor.24	8	static
repos/rocksdb/db/internal_stats.cc:0:__cxx_global_array_dtor.27	8	static
repos/rocksdb/db/internal_stats.cc:0:__cxx_global_array_dtor.35	8	static
repos/rocksdb/db/internal_stats.cc:0:__cxx_global_array_dtor.38	8	static
/usr/bin/../lib/gcc/x86_64-linux-gnu/13/../../../../include/c++/13/bits/stl_map.h:240:_ZNSt3mapIN7rocksdb13LevelStatTypeENS0_9LevelStatESt4lessIS1_ESaISt4pairIKS1_S2_EEEC2ESt16initializer_listIS7_ERKS4_RKS8_	56	static
/usr/bin/../lib/gcc/x86_64-linux-gnu/13/../../../../include/c++/13/bits/stl_pair.h:187:_ZNSt4pairIKN7rocksdb13LevelStatTypeENS0_9LevelStatEED2Ev	24	static
repos/rocksdb/db/internal_stats.h:91:_ZN7rocksdb9LevelStatD2Ev	24	static
/usr/bin/../lib/gcc/x86_64-linux-gnu/13/../../../../include/c++/13/bits/basic_string.h:803:_ZNSt7__cxx1112basic_stringIcSt11char_traitsIcESaIcEED2Ev	0	static
/usr/bin/../lib/gcc/x86_64-linux-gnu/13/../../../../include/c++/13/bits/stl_map.h:314:_ZNSt3mapIN7rocksdb13LevelStatTypeENS0_9LevelStatESt4lessIS1_ESaISt4pairIKS1_S2_EEED2Ev	8	static
/usr/bin/../lib/gcc/x86_64-linux-gnu/13/../../../../include/c++/13/bits/stl_map.h:240:_ZNSt3mapIN7rocksdb13InternalStats19InternalDBStatsTypeENS0_10DBStatInfoESt4lessIS2_ESaISt4pairIKS2_S3_EEEC2ESt16initializer_listIS8_ERKS5_RKS9_	72	static
/usr/bin/../lib/gcc/x86_64-linux-gnu/13/../../../../include/c++/13/bits/stl_map.h:314:_ZNSt3mapIN7rocksdb13InternalStats19InternalDBStatsTypeENS0_10DBStatInfoESt4lessIS2_ESaISt4pairIKS2_S3_EEED2Ev	8	static
repos/rocksdb/db/internal_stats.cc:1019:_ZN7rocksdb13InternalStats21HandleNumFilesAtLevelEPNSt7__cxx1112basic_stringIcSt11char_traitsIcESaIcEEENS_5SliceE	168	static
repos/rocksdb/db/internal_stats.cc:1034:_ZN7rocksdb13InternalStats35HandleCompressionRatioAtLevelPrefixEPNSt7__cxx1112basic_stringIcSt11char_traitsIcESaIcEEENS_5SliceE	88	static
repos/rocksdb/db/internal_stats.cc:1047:_ZN7rocksdb13InternalStats16HandleLevelStatsEPNSt7__cxx1112basic_stringIcSt11char_traitsIcESaIcEEENS_5SliceE	1080	static
repos/rocksdb/db/internal_stats.cc:1064:_ZN7rocksdb13InternalStats11HandleStatsEPNSt7__cxx1112basic_stringIcSt11char_traitsIcESaIcEEENS_5SliceE	24	static
repos/rocksdb/db/internal_stats.cc:1080:_ZN7rocksdb13InternalStats13HandleCFStatsEPNSt7__cxx1112basic_stringIcSt11char_traitsIcESaIcEEENS_5SliceE	24	static
repos/rocksdb/db/internal_stats.cc:1074:_ZN7rocksdb13InternalStats16HandleCFMapStatsEPSt3mapINSt7__cxx1112basic_stringIcSt11char_traitsIcESaIcEEES7_St4lessIS7_ESaISt4pairIKS7_S7_EEENS_5SliceE	8	static
repos/rocksdb/db/internal_stats.cc:1085:_ZN7rocksdb13InternalStats21HandleCFStatsPeriodicEPNSt7__cxx1112basic_stringIcSt11char_traitsIcESaIcEEENS_5SliceE	56	static
repos/rocksdb/db/internal_stats.cc:1117:_ZN7rocksdb13InternalStats28HandleCFStatsNoFileHistogramEPNSt7__cxx1112basic_stringIcSt11char_traitsIcESaIcEEENS_5SliceE	8	static
repos/rocksdb/db/internal_stats.cc:1123:_ZN7rocksdb13InternalStats21HandleCFFileHistogramEPNSt7__cxx1112basic_stringIcSt11char_traitsIcESaIcEEENS_5SliceE	8	static
repos/rocksdb/db/internal_stats.cc:1129:_ZN7rocksdb13InternalStats23HandleCFWriteStallStatsEPNSt7__cxx1112basic_stringIcSt11char_traitsIcESaIcEEENS_5SliceE	8	static
repos/rocksdb/db/internal_stats.cc:1135:_ZN7rocksdb13InternalStats26HandleCFWriteStallStatsMapEPSt3mapINSt7__cxx1112basic_stringIcSt11char_traitsIcESaIcEEES7_St4lessIS7_ESaISt4pairIKS7_S7_EEENS_5SliceE	8	static
repos/rocksdb/db/internal_stats.cc:1147:_ZN7rocksdb13InternalStats13HandleDBStatsEPNSt7__cxx1112basic_stringIcSt11char_traitsIcESaIcEEENS_5SliceE	8	static
repos/rocksdb/db/internal_stats.cc:1141:_ZN7rocksdb13InternalStats16HandleDBMapStatsEPSt3mapINSt7__cxx1112basic_stringIcSt11char_traitsIcESaIcEEES7_St4lessIS7_ESaISt4pairIKS7_S7_EEENS_5SliceE	8	static
repos/rocksdb/db/internal_stats.cc:1152:_ZN7rocksdb13InternalStats23HandleDBWriteStallStatsEPNSt7__cxx1112basic_stringIcSt11char_traitsIcESaIcEEENS_5SliceE	8	static
repos/rocksdb/db/internal_stats.cc:1158:_ZN7rocksdb13InternalStats26HandleDBWriteStallStatsMapEPSt3mapINSt7__cxx1112basic_stringIcSt11char_traitsIcESaIcEEES7_St4lessIS7_ESaISt4pairIKS7_S7_EEENS_5SliceE	8	static
repos/rocksdb/db/internal_stats.cc:814:_ZN7rocksdb13InternalStats26HandleBlockCacheEntryStatsEPNSt7__cxx1112basic_stringIcSt11char_traitsIcESaIcEEENS_5SliceE	0	static
repos/rocksdb/db/internal_stats.cc:819:_ZN7rocksdb13InternalStats29HandleBlockCacheEntryStatsMapEPSt3mapINSt7__cxx1112basic_stringIcSt11char_traitsIcESaIcEEES7_St4lessIS7_ESaISt4pairIKS7_S7_EEENS_5SliceE	0	static
repos/rocksdb/db/internal_stats.cc:824:_ZN7rocksdb13InternalStats30HandleFastBlockCacheEntryStatsEPNSt7__cxx1112basic_stringIcSt11char_traitsIcESaIcEEENS_5SliceE	0	static
repos/rocksdb/db/internal_stats.cc:829:_ZN7rocksdb13InternalStats33HandleFastBlockCacheEntryStatsMapEPSt3mapINSt7__cxx1112basic_stringIcSt11char_traitsIcESaIcEEES7_St4lessIS7_ESaISt4pairIKS7_S7_EEENS_5SliceE	0	static
repos/rocksdb/db/internal_stats.cc:1164:_ZN7rocksdb13InternalStats14HandleSsTablesEPNSt7__cxx1112basic_stringIcSt11char_traitsIcESaIcEEENS_5SliceE	56	static
repos/rocksdb/db/internal_stats.cc:1170:_ZN7rocksdb13InternalStats31HandleAggregatedTablePropertiesEPNSt7__cxx1112basic_stringIcSt11char_traitsIcESaIcEEENS_5SliceE	376	static
repos/rocksdb/db/internal_stats.cc:1192:_ZN7rocksdb13InternalStats34HandleAggregatedTablePropertiesMapEPSt3mapINSt7__cxx1112basic_stringIcSt11char_traitsIcESaIcEEES7_St4lessIS7_ESaISt4pairIKS7_S7_EEENS_5SliceE	344	static
repos/rocksdb/db/internal_stats.cc:1205:_ZN7rocksdb13InternalStats38HandleAggregatedTablePropertiesAtLevelEPNSt7__cxx1112basic_stringIcSt11char_traitsIcESaIcEEENS_5SliceE	392	static
repos/rocksdb/db/internal_stats.cc:1224:_ZN7rocksdb13InternalStats41HandleAggregatedTablePropertiesAtLevelMapEPSt3mapINSt7__cxx1112basic_stringIcSt11char_traitsIcESaIcEEES7_St4lessIS7_ESaISt4pairIKS7_S7_EEENS_5SliceE	376	static
repos/rocksdb/db/internal_stats.cc:1243:_ZN7rocksdb13InternalStats26HandleNumImmutableMemTableEPmPNS_6DBImplEPNS_7VersionE	24	static
repos/rocksdb/db/internal_stats.cc:1249:_ZN7rocksdb13InternalStats33HandleNumImmutableMemTableFlushedEPmPNS_6DBImplEPNS_7VersionE	24	static
repos/rocksdb/db/internal_stats.cc:1256:_ZN7rocksdb13InternalStats26HandleMemTableFlushPendingEPmPNS_6DBImplEPNS_7VersionE	24	static
repos/rocksdb/db/internal_stats.cc:1268:_ZN7rocksdb13InternalStats23HandleCompactionPendingEPmPNS_6DBImplEPNS_7VersionE	24	static
repos/rocksdb/db/internal_stats.cc:1295:_ZN7rocksdb13InternalStats22HandleBackgroundErrorsEPmPNS_6DBImplEPNS_7VersionE	0	static
repos/rocksdb/db/internal_stats.cc:1302:_ZN7rocksdb13InternalStats27HandleCurSizeActiveMemTableEPmPNS_6DBImplEPNS_7VersionE	0	static
repos/rocksdb/db/internal_stats.cc:1310:_ZN7rocksdb13InternalStats25HandleCurSizeAllMemTablesEPmPNS_6DBImplEPNS_7VersionE	24	static
repos/rocksdb/db/internal_stats.cc:1319:_ZN7rocksdb13InternalStats22HandleSizeAllMemTablesEPmPNS_6DBImplEPNS_7VersionE	24	static
repos/rocksdb/db/internal_stats.cc:1327:_ZN7rocksdb13InternalStats30HandleNumEntriesActiveMemTableEPmPNS_6DBImplEPNS_7VersionE	0	static
repos/rocksdb/db/internal_stats.cc:1335:_ZN7rocksdb13InternalStats28HandleNumEntriesImmMemTablesEPmPNS_6DBImplEPNS_7VersionE	24	static
repos/rocksdb/db/internal_stats.cc:1343:_ZN7rocksdb13InternalStats30HandleNumDeletesActiveMemTableEPmPNS_6DBImplEPNS_7VersionE	0	static
repos/rocksdb/db/internal_stats.cc:1351:_ZN7rocksdb13InternalStats28HandleNumDeletesImmMemTablesEPmPNS_6DBImplEPNS_7VersionE	24	static
repos/rocksdb/db/internal_stats.cc:1359:_ZN7rocksdb13InternalStats21HandleEstimateNumKeysEPmPNS_6DBImplEPNS_7VersionE	56	static
repos/rocksdb/db/internal_stats.cc:1445:_ZN7rocksdb13InternalStats29HandleEstimateTableReadersMemEPmPNS_6DBImplEPNS_7VersionE	200	static
repos/rocksdb/db/internal_stats.cc:1406:_ZN7rocksdb13InternalStats28HandleIsFileDeletionsEnabledEPmPNS_6DBImplEPNS_7VersionE	24	static
repos/rocksdb/db/internal_stats.cc:1375:_ZN7rocksdb13InternalStats18HandleNumSnapshotsEPmPNS_6DBImplEPNS_7VersionE	0	static
repos/rocksdb/db/internal_stats.cc:1381:_ZN7rocksdb13InternalStats24HandleOldestSnapshotTimeEPmPNS_6DBImplEPNS_7VersionE	0	static
repos/rocksdb/db/internal_stats.cc:1387:_ZN7rocksdb13InternalStats28HandleOldestSnapshotSequenceEPmPNS_6DBImplEPNS_7VersionE	24	static
repos/rocksdb/db/internal_stats.cc:1393:_ZN7rocksdb13InternalStats21HandleNumLiveVersionsEPmPNS_6DBImplEPNS_7VersionE	24	static
repos/rocksdb/db/internal_stats.cc:1399:_ZN7rocksdb13InternalStats31HandleCurrentSuperVersionNumberEPmPNS_6DBImplEPNS_7VersionE	0	static
repos/rocksdb/db/internal_stats.cc:1456:_ZN7rocksdb13InternalStats26HandleEstimateLiveDataSizeEPmPNS_6DBImplEPNS_7VersionE	24	static
repos/rocksdb/db/internal_stats.cc:1463:_ZN7rocksdb13InternalStats24HandleMinLogNumberToKeepEPmPNS_6DBImplEPNS_7VersionE	24	static
repos/rocksdb/db/internal_stats.cc:1469:_ZN7rocksdb13InternalStats32HandleMinObsoleteSstNumberToKeepEPmPNS_6DBImplEPNS_7VersionE	24	static
repos/rocksdb/db/internal_stats.cc:1412:_ZN7rocksdb13InternalStats15HandleBaseLevelEPmPNS_6DBImplEPNS_7VersionE	0	static
repos/rocksdb/db/internal_stats.cc:1419:_ZN7rocksdb13InternalStats23HandleTotalSstFilesSizeEPmPNS_6DBImplEPNS_7VersionE	24	static
repos/rocksdb/db/internal_stats.cc:1425:_ZN7rocksdb13InternalStats22HandleLiveSstFilesSizeEPmPNS_6DBImplEPNS_7VersionE	24	static
repos/rocksdb/db/internal_stats.cc:834:_ZN7rocksdb13InternalStats35HandleLiveSstFilesSizeAtTemperatureEPNSt7__cxx1112basic_stringIcSt11char_traitsIcESaIcEEENS_5SliceE	104	static
repos/rocksdb/db/internal_stats.cc:1431:_ZN7rocksdb13InternalStats26HandleObsoleteSstFilesSizeEPmPNS_6DBImplEPNS_7VersionE	24	static
repos/rocksdb/db/internal_stats.cc:1437:_ZN7rocksdb13InternalStats36HandleEstimatePendingCompactionBytesEPmPNS_6DBImplEPNS_7VersionE	0	static
repos/rocksdb/db/internal_stats.cc:1262:_ZN7rocksdb13InternalStats23HandleNumRunningFlushesEPmPNS_6DBImplEPNS_7VersionE	24	static
repos/rocksdb/db/internal_stats.cc:1277:_ZN7rocksdb13InternalStats27HandleNumRunningCompactionsEPmPNS_6DBImplEPNS_7VersionE	0	static
repos/rocksdb/db/internal_stats.cc:1283:_ZN7rocksdb13InternalStats36HandleNumRunningCompactionSortedRunsEPmPNS_6DBImplEPNS_7VersionE	24	static
repos/rocksdb/db/internal_stats.cc:1476:_ZN7rocksdb13InternalStats28HandleActualDelayedWriteRateEPmPNS_6DBImplEPNS_7VersionE	0	static
repos/rocksdb/db/internal_stats.cc:1487:_ZN7rocksdb13InternalStats20HandleIsWriteStoppedEPmPNS_6DBImplEPNS_7VersionE	24	static
repos/rocksdb/db/internal_stats.cc:1493:_ZN7rocksdb13InternalStats27HandleEstimateOldestKeyTimeEPmPNS_6DBImplEPNS_7VersionE	312	static
repos/rocksdb/db/internal_stats.cc:1532:_ZN7rocksdb13InternalStats24HandleBlockCacheCapacityEPmPNS_6DBImplEPNS_7VersionE	72	static
repos/rocksdb/db/internal_stats.cc:1542:_ZN7rocksdb13InternalStats21HandleBlockCacheUsageEPmPNS_6DBImplEPNS_7VersionE	72	static
repos/rocksdb/db/internal_stats.cc:1552:_ZN7rocksdb13InternalStats27HandleBlockCachePinnedUsageEPmPNS_6DBImplEPNS_7VersionE	72	static
repos/rocksdb/db/internal_stats.cc:856:_ZN7rocksdb13InternalStats18HandleNumBlobFilesEPmPNS_6DBImplEPNS_7VersionE	0	static
repos/rocksdb/db/internal_stats.cc:874:_ZN7rocksdb13InternalStats15HandleBlobStatsEPNSt7__cxx1112basic_stringIcSt11char_traitsIcESaIcEEENS_5SliceE	472	static
repos/rocksdb/db/internal_stats.cc:898:_ZN7rocksdb13InternalStats23HandleTotalBlobFileSizeEPmPNS_6DBImplEPNS_7VersionE	24	static
repos/rocksdb/db/internal_stats.cc:908:_ZN7rocksdb13InternalStats22HandleLiveBlobFileSizeEPmPNS_6DBImplEPNS_7VersionE	40	static
repos/rocksdb/db/internal_stats.cc:924:_ZN7rocksdb13InternalStats29HandleLiveBlobFileGarbageSizeEPmPNS_6DBImplEPNS_7VersionE	40	static
repos/rocksdb/db/internal_stats.cc:945:_ZN7rocksdb13InternalStats23HandleBlobCacheCapacityEPmPNS_6DBImplEPNS_7VersionE	24	static
repos/rocksdb/db/internal_stats.cc:955:_ZN7rocksdb13InternalStats20HandleBlobCacheUsageEPmPNS_6DBImplEPNS_7VersionE	24	static
repos/rocksdb/db/internal_stats.cc:965:_ZN7rocksdb13InternalStats26HandleBlobCachePinnedUsageEPmPNS_6DBImplEPNS_7VersionE	24	static
/usr/bin/../lib/gcc/x86_64-linux-gnu/13/../../../../include/c++/13/bits/unordered_map.h:109:_ZNSt13unordered_mapINSt7__cxx1112basic_stringIcSt11char_traitsIcESaIcEEEN7rocksdb14DBPropertyInfoESt4hashIS5_ESt8equal_toIS5_ESaISt4pairIKS5_S7_EEED2Ev	40	static
repos/rocksdb/db/internal_stats.cc:643:_ZN7rocksdb13InternalStatsC2EiPNS_11SystemClockEPNS_16ColumnFamilyDataE	104	static
repos/rocksdb/db/internal_stats.cc:1524:_ZN7rocksdb13InternalStats21GetBlockCacheForStatsEv	56	static
repos/rocksdb/cache/cache_entry_stats.h:114:_ZN7rocksdb24CacheEntryStatsCollectorINS_13InternalStats19CacheEntryRoleStatsEE9GetSharedEPNS_5CacheEPNS_11SystemClockEPSt10shared_ptrIS3_E	120	static
/usr/bin/../lib/gcc/x86_64-linux-gnu/13/../../../../include/c++/13/bits/stl_vector.h:733:_ZNSt6vectorIN7rocksdb13HistogramImplESaIS1_EED2Ev	40	static
repos/rocksdb/db/internal_stats.cc:671:_ZN7rocksdb13InternalStats27TEST_GetCacheEntryRoleStatsEPNS0_19CacheEntryRoleStatsEb	24	static
repos/rocksdb/db/internal_stats.cc:679:_ZN7rocksdb13InternalStats22CollectCacheEntryStatsEb	0	static
repos/rocksdb/cache/cache_entry_stats.h:67:_ZN7rocksdb24CacheEntryStatsCollectorINS_13InternalStats19CacheEntryRoleStatsEE12CollectStatsEii	88	static
repos/rocksdb/db/internal_stats.cc:701:_ZN7rocksdb13InternalStats19CacheEntryRoleStats16GetEntryCallbackEv	0	static
repos/rocksdb/db/internal_stats.cc:711:_ZN7rocksdb13InternalStats19CacheEntryRoleStats15BeginCollectionEPNS_5CacheEPNS_11SystemClockEm	456	static
repos/rocksdb/db/internal_stats.cc:727:_ZN7rocksdb13InternalStats19CacheEntryRoleStats13EndCollectionEPNS_5CacheEPNS_11SystemClockEm	0	static
repos/rocksdb/db/internal_stats.cc:732:_ZN7rocksdb13InternalStats19CacheEntryRoleStats17SkippedCollectionEv	0	static
repos/rocksdb/db/internal_stats.cc:736:_ZNK7rocksdb13InternalStats19CacheEntryRoleStats21GetLastDurationMicrosEv	0	static
repos/rocksdb/db/internal_stats.cc:744:_ZNK7rocksdb13InternalStats19CacheEntryRoleStats8ToStringB5cxx11EPNS_11SystemClockE	504	static
repos/rocksdb/db/internal_stats.cc:768:_ZNK7rocksdb13InternalStats19CacheEntryRoleStats5ToMapEPSt3mapINSt7__cxx1112basic_stringIcSt11char_traitsIcESaIcEEES8_St4lessIS8_ESaISt4pairIKS8_S8_EEEPNS_11SystemClockE	136	static
/usr/bin/../lib/gcc/x86_64-linux-gnu/13/../../../../include/c++/13/bits/stl_map.h:504:_ZNSt3mapINSt7__cxx1112basic_stringIcSt11char_traitsIcESaIcEEES5_St4lessIS5_ESaISt4pairIKS5_S5_EEEixERS9_	88	static
/usr/bin/../lib/gcc/x86_64-linux-gnu/13/../../../../include/c++/13/bits/stl_map.h:524:_ZNSt3mapINSt7__cxx1112basic_stringIcSt11char_traitsIcESaIcEEES5_St4lessIS5_ESaISt4pairIKS5_S5_EEEixEOS5_	88	static
repos/rocksdb/db/internal_stats.cc:790:_ZN7rocksdb13InternalStats34HandleBlockCacheEntryStatsInternalEPNSt7__cxx1112basic_stringIcSt11char_traitsIcESaIcEEEb	408	static
repos/rocksdb/db/internal_stats.cc:802:_ZN7rocksdb13InternalStats37HandleBlockCacheEntryStatsMapInternalEPSt3mapINSt7__cxx1112basic_stringIcSt11char_traitsIcESaIcEEES7_St4lessIS7_ESaISt4pairIKS7_S7_EEEb	376	static
repos/rocksdb/db/internal_stats.cc:941:_ZN7rocksdb13InternalStats20GetBlobCacheForStatsEv	0	static
repos/rocksdb/db/internal_stats.cc:975:_ZN7rocksdb15GetPropertyInfoERKNS_5SliceE	88	static
repos/rocksdb/db/internal_stats.cc:984:_ZN7rocksdb13InternalStats17GetStringPropertyERKNS_14DBPropertyInfoERKNS_5SliceEPNSt7__cxx1112basic_stringIcSt11char_traitsIcESaIcEEE	0	static
repos/rocksdb/db/internal_stats.cc:993:_ZN7rocksdb13InternalStats14GetMapPropertyERKNS_14DBPropertyInfoERKNS_5SliceEPSt3mapINSt7__cxx1112basic_stringIcSt11char_traitsIcESaIcEEESD_St4lessISD_ESaISt4pairIKSD_SD_EEE	0	static
repos/rocksdb/db/internal_stats.cc:1002:_ZN7rocksdb13InternalStats14GetIntPropertyERKNS_14DBPropertyInfoEPmPNS_6DBImplE	40	static
repos/rocksdb/db/internal_stats.cc:1011:_ZN7rocksdb13InternalStats24GetIntPropertyOutOfMutexERKNS_14DBPropertyInfoEPNS_7VersionEPm	0	static
repos/rocksdb/db/internal_stats.cc:1754:_ZN7rocksdb13InternalStats14DumpCFMapStatsEPSt3mapINSt7__cxx1112basic_stringIcSt11char_traitsIcESaIcEEES7_St4lessIS7_ESaISt4pairIKS7_S7_EEE	536	static
repos/rocksdb/db/internal_stats.cc:1949:_ZN7rocksdb13InternalStats11DumpCFStatsEPNSt7__cxx1112basic_stringIcSt11char_traitsIcESaIcEEE	24	static
repos/rocksdb/db/internal_stats.cc:1954:_ZN7rocksdb13InternalStats26DumpCFStatsNoFileHistogramEbPNSt7__cxx1112basic_stringIcSt11char_traitsIcESaIcEEE	3320	static
repos/rocksdb/db/internal_stats.cc:2144:_ZN7rocksdb13InternalStats19DumpCFFileHistogramEPNSt7__cxx1112basic_stringIcSt11char_traitsIcESaIcEEE	472	static
repos/rocksdb/db/internal_stats.cc:1913:_ZN7rocksdb13InternalStats21DumpCFStatsWriteStallEPNSt7__cxx1112basic_stringIcSt11char_traitsIcESaIcEEEPm	536	static
repos/rocksdb/db/internal_stats.cc:1864:_ZN7rocksdb13InternalStats24DumpCFMapStatsWriteStallEPSt3mapINSt7__cxx1112basic_stringIcSt11char_traitsIcESaIcEEES7_St4lessIS7_ESaISt4pairIKS7_S7_EEE	216	static
repos/rocksdb/db/internal_stats.cc:1562:_ZN7rocksdb13InternalStats14DumpDBMapStatsEPSt3mapINSt7__cxx1112basic_stringIcSt11char_traitsIcESaIcEEES7_St4lessIS7_ESaISt4pairIKS7_S7_EEE	136	static
repos/rocksdb/db/internal_stats.cc:1573:_ZN7rocksdb13InternalStats11DumpDBStatsEPNSt7__cxx1112basic_stringIcSt11char_traitsIcESaIcEEE	1288	static
repos/rocksdb/db/internal_stats.cc:1723:_ZN7rocksdb13InternalStats21DumpDBStatsWriteStallEPNSt7__cxx1112basic_stringIcSt11char_traitsIcESaIcEEE	520	static
repos/rocksdb/db/internal_stats.cc:1694:_ZN7rocksdb13InternalStats24DumpDBMapStatsWriteStallEPSt3mapINSt7__cxx1112basic_stringIcSt11char_traitsIcESaIcEEES7_St4lessIS7_ESaISt4pairIKS7_S7_EEE	136	static
/usr/bin/../lib/gcc/x86_64-linux-gnu/13/../../../../include/c++/13/bits/shared_ptr_base.h:1524:_ZNSt12__shared_ptrIKN7rocksdb15TablePropertiesELN9__gnu_cxx12_Lock_policyE2EED2Ev	24	static
repos/rocksdb/db/internal_stats.cc:1183:_ZN7rocksdbL23MapUint64ValuesToStringERKSt3mapINSt7__cxx1112basic_stringIcSt11char_traitsIcESaIcEEEmSt4lessIS6_ESaISt4pairIKS6_mEEE	104	static
/usr/bin/../lib/gcc/x86_64-linux-gnu/13/../../../../include/c++/13/bits/stl_map.h:314:_ZNSt3mapINSt7__cxx1112basic_stringIcSt11char_traitsIcESaIcEEES5_St4lessIS5_ESaISt4pairIKS5_S5_EEED2Ev	8	static
/usr/bin/../lib/gcc/x86_64-linux-gnu/13/../../../../include/c++/13/bits/stl_map.h:314:_ZNSt3mapINSt7__cxx1112basic_stringIcSt11char_traitsIcESaIcEEEmSt4lessIS5_ESaISt4pairIKS5_mEEED2Ev	8	static
/usr/bin/../lib/gcc/x86_64-linux-gnu/13/../../../../include/c++/13/bits/unordered_map.h:109:_ZNSt13unordered_mapINSt7__cxx1112basic_stringIcSt11char_traitsIcESaIcEEESt10shared_ptrIKN7rocksdb15TablePropertiesEESt4hashIS5_ESt8equal_toIS5_ESaISt4pairIKS5_SA_EEED2Ev	24	static
repos/rocksdb/db/internal_stats.cc:1775:_ZN7rocksdb13InternalStats14DumpCFMapStatsEPKNS_18VersionStorageInfoEPSt3mapIiS4_INS_13LevelStatTypeEdSt4lessIS5_ESaISt4pairIKS5_dEEES6_IiESaIS8_IKiSC_EEEPNS0_15CompactionStatsE	200	static
/usr/bin/../lib/gcc/x86_64-linux-gnu/13/../../../../include/c++/13/bits/stl_map.h:314:_ZNSt3mapIiS_IN7rocksdb13LevelStatTypeEdSt4lessIS1_ESaISt4pairIKS1_dEEES2_IiESaIS4_IKiS8_EEED2Ev	8	static
repos/rocksdb/db/internal_stats.h:383:_ZN7rocksdb13InternalStats15CompactionStats3AddERKS1_	0	static
repos/rocksdb/db/internal_stats.cc:126:_ZN7rocksdb12_GLOBAL__N_117PrepareLevelStatsEPSt3mapINS_13LevelStatTypeEdSt4lessIS2_ESaISt4pairIKS2_dEEEiidddRKNS_13InternalStats15CompactionStatsE	104	static
/usr/bin/../lib/gcc/x86_64-linux-gnu/13/../../../../include/c++/13/bits/stl_map.h:314:_ZNSt3mapIN7rocksdb13LevelStatTypeEdSt4lessIS1_ESaISt4pairIKS1_dEEED2Ev	8	static
repos/rocksdb/db/internal_stats.cc:1850:_ZN7rocksdb13InternalStats24DumpCFMapStatsByPriorityEPSt3mapIiS1_INS_13LevelStatTypeEdSt4lessIS2_ESaISt4pairIKS2_dEEES3_IiESaIS5_IKiS9_EEE	120	static
repos/rocksdb/db/internal_stats.cc:94:_ZN7rocksdb12_GLOBAL__N_121PrintLevelStatsHeaderEPcmRKNSt7__cxx1112basic_stringIcSt11char_traitsIcESaIcEEES9_	200	static
repos/rocksdb/db/internal_stats.cc:166:_ZN7rocksdb12_GLOBAL__N_115PrintLevelStatsEPcmRKNSt7__cxx1112basic_stringIcSt11char_traitsIcESaIcEEERKSt3mapINS_13LevelStatTypeEdSt4lessISB_ESaISt4pairIKSB_dEEE	392	static
repos/rocksdb/db/internal_stats.cc:2216:_ZN7rocksdb27CreateIntPropertyAggregatorERKNS_5SliceE	40	static
/home/gregorian-rayne/CLionProjects/build-hotspot-analyzer/tests/cli/repos/rocksdb/db/internal_stats.cc:__clang_call_terminate	8	static
/usr/bin/../lib/gcc/x86_64-linux-gnu/13/../../../../include/c++/13/bits/stl_tree.h:985:_ZNSt8_Rb_treeIN7rocksdb13LevelStatTypeESt4pairIKS1_NS0_9LevelStatEESt10_Select1stIS5_ESt4lessIS1_ESaIS5_EED2Ev	8	static
/usr/bin/../lib/gcc/x86_64-linux-gnu/13/../../../../include/c++/13/bits/stl_tree.h:1931:_ZNSt8_Rb_treeIN7rocksdb13LevelStatTypeESt4pairIKS1_NS0_9LevelStatEESt10_Select1stIS5_ESt4lessIS1_ESaIS5_EE8_M_eraseEPSt13_Rb_tree_nodeIS5_E	40	static
/usr/bin/../lib/gcc/x86_64-linux-gnu/13/../../../../include/c++/13/bits/stl_tree.h:985:_ZNSt8_Rb_treeIN7rocksdb13InternalStats19InternalDBStatsTypeESt4pairIKS2_NS0_10DBStatInfoEESt10_Select1stIS6_ESt4lessIS2_ESaIS6_EED2Ev	8	static
/usr/bin/../lib/gcc/x86_64-linux-gnu/13/../../../../include/c++/13/bits/stl_tree.h:1931:_ZNSt8_Rb_treeIN7rocksdb13InternalStats19InternalDBStatsTypeESt4pairIKS2_NS0_10DBStatInfoEESt10_Select1stIS6_ESt4lessIS2_ESaIS6_EE8_M_eraseEPSt13_Rb_tree_nodeIS6_E	40	static
/usr/bin/../lib/gcc/x86_64-linux-gnu/13/../../../../include/c++/13/bits/basic_string.h:3528:_ZSt12__str_concatINSt7__cxx1112basic_stringIcSt11char_traitsIcESaIcEEEET_PKNS6_10value_typeENS6_9size_typeES9_SA_RKNS6_14allocator_typeE	72	static
/usr/bin/../lib/gcc/x86_64-linux-gnu/13/../../../../include/c++/13/bits/basic_string.tcc:326:_ZNSt7__cxx1112basic_stringIcSt11char_traitsIcESaIcEE9_M_mutateEmmPKcm	104	static
/usr/bin/../lib/gcc/x86_64-linux-gnu/13/../../../../include/c++/13/bits/hashtable.h:1597:_ZNSt10_HashtableINSt7__cxx1112basic_stringIcSt11char_traitsIcESaIcEEESt4pairIKS5_N7rocksdb14DBPropertyInfoEESaISA_ENSt8__detail10_Select1stESt8equal_toIS5_ESt4hashIS5_ENSC_18_Mod_range_hashingENSC_20_Default_ranged_hashENSC_20_Prime_rehash_policyENSC_17_Hashtable_traitsILb1ELb0ELb1EEEED2Ev	40	static
/usr/bin/../lib/gcc/x86_64-linux-gnu/13/../../../../include/c++/13/bits/stl_vector.h:1715:_ZNSt6vectorIN7rocksdb13HistogramImplESaIS1_EE21_M_default_initializeEm	56	static
/usr/bin/../lib/gcc/x86_64-linux-gnu/13/../../../../include/c++/13/bits/shared_ptr_base.h:198:_ZNSt16_Sp_counted_baseILN9__gnu_cxx12_Lock_policyE2EE24_M_release_last_use_coldEv	24	static
/usr/bin/../lib/gcc/x86_64-linux-gnu/13/../../../../include/c++/13/bits/basic_string.tcc:278:_ZNSt7__cxx1112basic_stringIcSt11char_traitsIcESaIcEE9_M_assignERKS4_	72	static
/usr/bin/../lib/gcc/x86_64-linux-gnu/13/../../../../include/c++/13/ext/string_conversions.h:101:_ZN9__gnu_cxx12__to_xstringINSt7__cxx1112basic_stringIcSt11char_traitsIcESaIcEEEcEET_PFiPT0_mPKS8_P13__va_list_tagEmSB_z	248	dynamic
/usr/bin/../lib/gcc/x86_64-linux-gnu/13/../../../../include/c++/13/bits/basic_string.tcc:512:_ZNSt7__cxx1112basic_stringIcSt11char_traitsIcESaIcEE10_M_replaceEmmPKcm	56	static
/usr/bin/../lib/gcc/x86_64-linux-gnu/13/../../../../include/c++/13/bits/stl_tree.h:1931:_ZNSt8_Rb_treeINSt7__cxx1112basic_stringIcSt11char_traitsIcESaIcEEESt4pairIKS5_S5_ESt10_Select1stIS8_ESt4lessIS5_ESaIS8_EE8_M_eraseEPSt13_Rb_tree_nodeIS8_E	40	static
/usr/bin/../lib/gcc/x86_64-linux-gnu/13/../../../../include/c++/13/bits/stl_tree.h:1931:_ZNSt8_Rb_treeINSt7__cxx1112basic_stringIcSt11char_traitsIcESaIcEEESt4pairIKS5_mESt10_Select1stIS8_ESt4lessIS5_ESaIS8_EE8_M_eraseEPSt13_Rb_tree_nodeIS8_E	40	static
/usr/bin/../lib/gcc/x86_64-linux-gnu/13/../../../../include/c++/13/bits/hashtable.h:2522:_ZNSt10_HashtableINSt7__cxx1112basic_stringIcSt11char_traitsIcESaIcEEESt4pairIKS5_St10shared_ptrIKN7rocksdb15TablePropertiesEEESaISD_ENSt8__detail10_Select1stESt8equal_toIS5_ESt4hashIS5_ENSF_18_Mod_range_hashingENSF_20_Default_ranged_hashENSF_20_Prime_rehash_policyENSF_17_Hashtable_traitsILb1ELb0ELb1EEEE5clearEv	56	static
/usr/bin/../lib/gcc/x86_64-linux-gnu/13/../../../../include/c++/13/bits/stl_tree.h:1931:_ZNSt8_Rb_treeIiSt4pairIKiSt3mapIN7rocksdb13LevelStatTypeEdSt4lessIS4_ESaIS0_IKS4_dEEEESt10_Select1stISB_ES5_IiESaISB_EE8_M_eraseEPSt13_Rb_tree_nodeISB_E	40	static
/usr/bin/../lib/gcc/x86_64-linux-gnu/13/../../../../include/c++/13/bits/stl_map.h:524:_ZNSt3mapIN7rocksdb13LevelStatTypeEdSt4lessIS1_ESaISt4pairIKS1_dEEEixEOS1_	56	static
/usr/bin/../lib/gcc/x86_64-linux-gnu/13/../../../../include/c++/13/bits/stl_tree.h:2211:_ZNSt8_Rb_treeIN7rocksdb13LevelStatTypeESt4pairIKS1_dESt10_Select1stIS4_ESt4lessIS1_ESaIS4_EE29_M_get_insert_hint_unique_posESt23_Rb_tree_const_iteratorIS4_ERS3_	56	static
/usr/bin/../lib/gcc/x86_64-linux-gnu/13/../../../../include/c++/13/bits/stl_tree.h:1779:_ZNSt8_Rb_treeIN7rocksdb13LevelStatTypeESt4pairIKS1_dESt10_Select1stIS4_ESt4lessIS1_ESaIS4_EEaSERKSA_	56	static
/usr/bin/../lib/gcc/x86_64-linux-gnu/13/../../../../include/c++/13/bits/stl_tree.h:463:_ZNSt8_Rb_treeIN7rocksdb13LevelStatTypeESt4pairIKS1_dESt10_Select1stIS4_ESt4lessIS1_ESaIS4_EE20_Reuse_or_alloc_nodeD2Ev	8	static
/usr/bin/../lib/gcc/x86_64-linux-gnu/13/../../../../include/c++/13/bits/stl_tree.h:1893:_ZNSt8_Rb_treeIN7rocksdb13LevelStatTypeESt4pairIKS1_dESt10_Select1stIS4_ESt4lessIS1_ESaIS4_EE7_M_copyILb0ENSA_20_Reuse_or_alloc_nodeEEEPSt13_Rb_tree_nodeIS4_ESF_PSt18_Rb_tree_node_baseRT0_	56	static
/usr/bin/../lib/gcc/x86_64-linux-gnu/13/../../../../include/c++/13/bits/stl_tree.h:1931:_ZNSt8_Rb_treeIN7rocksdb13LevelStatTypeESt4pairIKS1_dESt10_Select1stIS4_ESt4lessIS1_ESaIS4_EE8_M_eraseEPSt13_Rb_tree_nodeIS4_E	40	static
/usr/bin/../lib/gcc/x86_64-linux-gnu/13/../../../../include/c++/13/bits/stl_tree.h:1819:_ZNSt8_Rb_treeIN7rocksdb13LevelStatTypeESt4pairIKS1_NS0_9LevelStatEESt10_Select1stIS5_ESt4lessIS1_ESaIS5_EE10_M_insert_IRKS5_NSB_11_Alloc_nodeEEESt17_Rb_tree_iteratorIS5_EPSt18_Rb_tree_node_baseSJ_OT_RT0_	72	static
repos/rocksdb/db/internal_stats.h:91:_ZN7rocksdb9LevelStatC2ERKS0_	56	static
/usr/bin/../lib/gcc/x86_64-linux-gnu/13/../../../../include/c++/13/bits/stl_tree.h:592:_ZNSt8_Rb_treeIN7rocksdb13InternalStats19InternalDBStatsTypeESt4pairIKS2_NS0_10DBStatInfoEESt10_Select1stIS6_ESt4lessIS2_ESaIS6_EE17_M_construct_nodeIJRKS6_EEEvPSt13_Rb_tree_nodeIS6_EDpOT_	40	static
/usr/bin/../lib/gcc/x86_64-linux-gnu/13/../../../../include/c++/13/bits/hashtable.h:1210:_ZNSt10_HashtableINSt7__cxx1112basic_stringIcSt11char_traitsIcESaIcEEESt4pairIKS5_N7rocksdb14DBPropertyInfoEESaISA_ENSt8__detail10_Select1stESt8equal_toIS5_ESt4hashIS5_ENSC_18_Mod_range_hashingENSC_20_Default_ranged_hashENSC_20_Prime_rehash_policyENSC_17_Hashtable_traitsILb1ELb0ELb1EEEEC2IPKSA_EET_SR_mRKSH_RKSF_RKSB_St17integral_constantIbLb1EE	72	static
/usr/bin/../lib/gcc/x86_64-linux-gnu/13/../../../../include/c++/13/bits/hashtable.h:2255:_ZNSt10_HashtableINSt7__cxx1112basic_stringIcSt11char_traitsIcESaIcEEESt4pairIKS5_N7rocksdb14DBPropertyInfoEESaISA_ENSt8__detail10_Select1stESt8equal_toIS5_ESt4hashIS5_ENSC_18_Mod_range_hashingENSC_20_Default_ranged_hashENSC_20_Prime_rehash_policyENSC_17_Hashtable_traitsILb1ELb0ELb1EEEE16_M_insert_uniqueIRS7_RKSA_NSC_10_AllocNodeISaINSC_10_Hash_nodeISA_Lb1EEEEEEEES6_INSC_14_Node_iteratorISA_Lb0ELb1EEEbEOT_OT0_RKT1_	104	static
/usr/bin/../lib/gcc/x86_64-linux-gnu/13/../../../../include/c++/13/bits/hashtable.h:2168:_ZNSt10_HashtableINSt7__cxx1112basic_stringIcSt11char_traitsIcESaIcEEESt4pairIKS5_N7rocksdb14DBPropertyInfoEESaISA_ENSt8__detail10_Select1stESt8equal_toIS5_ESt4hashIS5_ENSC_18_Mod_range_hashingENSC_20_Default_ranged_hashENSC_20_Prime_rehash_policyENSC_17_Hashtable_traitsILb1ELb0ELb1EEEE21_M_insert_unique_nodeEmmPNSC_10_Hash_nodeISA_Lb1EEEm	56	static
/usr/bin/../lib/gcc/x86_64-linux-gnu/13/../../../../include/c++/13/bits/hashtable.h:311:_ZNSt10_HashtableINSt7__cxx1112basic_stringIcSt11char_traitsIcESaIcEEESt4pairIKS5_N7rocksdb14DBPropertyInfoEESaISA_ENSt8__detail10_Select1stESt8equal_toIS5_ESt4hashIS5_ENSC_18_Mod_range_hashingENSC_20_Default_ranged_hashENSC_20_Prime_rehash_policyENSC_17_Hashtable_traitsILb1ELb0ELb1EEEE12_Scoped_nodeD2Ev	24	static
/usr/bin/../lib/gcc/x86_64-linux-gnu/13/../../../../include/c++/13/bits/hashtable_policy.h:1987:_ZNSt8__detail16_Hashtable_allocISaINS_10_Hash_nodeISt4pairIKNSt7__cxx1112basic_stringIcSt11char_traitsIcESaIcEEEN7rocksdb14DBPropertyInfoEELb1EEEEE16_M_allocate_nodeIJRS9_RKSB_EEEPSD_DpOT_	56	static
/usr/bin/../lib/gcc/x86_64-linux-gnu/13/../../../../include/c++/13/bits/hashtable.h:2584:_ZNSt10_HashtableINSt7__cxx1112basic_stringIcSt11char_traitsIcESaIcEEESt4pairIKS5_N7rocksdb14DBPropertyInfoEESaISA_ENSt8__detail10_Select1stESt8equal_toIS5_ESt4hashIS5_ENSC_18_Mod_range_hashingENSC_20_Default_ranged_hashENSC_20_Prime_rehash_policyENSC_17_Hashtable_traitsILb1ELb0ELb1EEEE13_M_rehash_auxEmSt17integral_constantIbLb1EE	40	static
repos/rocksdb/cache/cache_entry_stats.h:163:_ZN7rocksdb24CacheEntryStatsCollectorINS_13InternalStats19CacheEntryRoleStatsEE11GetCacheKeyEv	24	static
repos/rocksdb/cache/typed_cache.h:113:_ZN7rocksdb24BasicTypedCacheHelperFnsINS_24CacheEntryStatsCollectorINS_13InternalStats19CacheEntryRoleStatsEEEE6DeleteEPvPNS_15MemoryAllocatorE	24	static
repos/rocksdb/cache/cache_helpers.h:124:_ZN7rocksdb26MakeSharedCacheHandleGuardINS_24CacheEntryStatsCollectorINS_13InternalStats19CacheEntryRoleStatsEEEEESt10shared_ptrIT_EPNS_5CacheEPNS8_6HandleE	72	static
/usr/bin/../lib/gcc/x86_64-linux-gnu/13/../../../../include/c++/13/bits/shared_ptr_base.h:1524:_ZNSt12__shared_ptrIN7rocksdb16CacheHandleGuardINS0_24CacheEntryStatsCollectorINS0_13InternalStats19CacheEntryRoleStatsEEEEELN9__gnu_cxx12_Lock_policyE2EED2Ev	24	static
/usr/bin/../lib/gcc/x86_64-linux-gnu/13/../../../../include/c++/13/bits/shared_ptr_base.h:133:_ZNSt16_Sp_counted_baseILN9__gnu_cxx12_Lock_policyE2EED2Ev	0	static
/usr/bin/../lib/gcc/x86_64-linux-gnu/13/../../../../include/c++/13/bits/shared_ptr_base.h:608:_ZNSt23_Sp_counted_ptr_inplaceIN7rocksdb16CacheHandleGuardINS0_24CacheEntryStatsCollectorINS0_13InternalStats19CacheEntryRoleStatsEEEEESaIvELN9__gnu_cxx12_Lock_policyE2EED0Ev	0	static
/usr/bin/../lib/gcc/x86_64-linux-gnu/13/../../../../include/c++/13/bits/shared_ptr_base.h:611:_ZNSt23_Sp_counted_ptr_inplaceIN7rocksdb16CacheHandleGuardINS0_24CacheEntryStatsCollectorINS0_13InternalStats19CacheEntryRoleStatsEEEEESaIvELN9__gnu_cxx12_Lock_policyE2EE10_M_disposeEv	8	static
/usr/bin/../lib/gcc/x86_64-linux-gnu/13/../../../../include/c++/13/bits/shared_ptr_base.h:618:_ZNSt23_Sp_counted_ptr_inplaceIN7rocksdb16CacheHandleGuardINS0_24CacheEntryStatsCollectorINS0_13InternalStats19CacheEntryRoleStatsEEEEESaIvELN9__gnu_cxx12_Lock_policyE2EE10_M_destroyEv	0	static
/usr/bin/../lib/gcc/x86_64-linux-gnu/13/../../../../include/c++/13/bits/shared_ptr_base.h:631:_ZNSt23_Sp_counted_ptr_inplaceIN7rocksdb16CacheHandleGuardINS0_24CacheEntryStatsCollectorINS0_13InternalStats19CacheEntryRoleStatsEEEEESaIvELN9__gnu_cxx12_Lock_policyE2EE14_M_get_deleterERKSt9type_info	24	static
/usr/bin/../lib/gcc/x86_64-linux-gnu/13/../../../../include/c++/13/bits/shared_ptr_base.h:1524:_ZNSt12__shared_ptrIN7rocksdb24CacheEntryStatsCollectorINS0_13InternalStats19CacheEntryRoleStatsEEELN9__gnu_cxx12_Lock_policyE2EED2Ev	24	static
/usr/bin/../lib/gcc/x86_64-linux-gnu/13/../../../../include/c++/13/bits/std_function.h:288:_ZNSt17_Function_handlerIFvRKN7rocksdb5SliceEPvmPKNS0_5Cache15CacheItemHelperEEZNS0_13InternalStats19CacheEntryRoleStats16GetEntryCallbackEvE3$_0E9_M_invokeERKSt9_Any_dataS3_OS4_OmOS8_	0	static
/usr/bin/../lib/gcc/x86_64-linux-gnu/13/../../../../include/c++/13/bits/std_function.h:267:_ZNSt17_Function_handlerIFvRKN7rocksdb5SliceEPvmPKNS0_5Cache15CacheItemHelperEEZNS0_13InternalStats19CacheEntryRoleStats16GetEntryCallbackEvE3$_0E10_M_managerERSt9_Any_dataRKSE_St18_Manager_operation	0	static
/usr/bin/../lib/gcc/x86_64-linux-gnu/13/../../../../include/c++/13/bits/stl_tree.h:2459:_ZNSt8_Rb_treeINSt7__cxx1112basic_stringIcSt11char_traitsIcESaIcEEESt4pairIKS5_S5_ESt10_Select1stIS8_ESt4lessIS5_ESaIS8_EE22_M_emplace_hint_uniqueIJRKSt21piecewise_construct_tSt5tupleIJRS7_EESJ_IJEEEEESt17_Rb_tree_iteratorIS8_ESt23_Rb_tree_const_iteratorIS8_EDpOT_	72	static
/usr/bin/../lib/gcc/x86_64-linux-gnu/13/../../../../include/c++/13/bits/stl_tree.h:2211:_ZNSt8_Rb_treeINSt7__cxx1112basic_stringIcSt11char_traitsIcESaIcEEESt4pairIKS5_S5_ESt10_Select1stIS8_ESt4lessIS5_ESaIS8_EE29_M_get_insert_hint_unique_posESt23_Rb_tree_const_iteratorIS8_ERS7_	88	static
/usr/bin/../lib/gcc/x86_64-linux-gnu/13/../../../../include/c++/13/bits/stl_tree.h:1640:_ZNSt8_Rb_treeINSt7__cxx1112basic_stringIcSt11char_traitsIcESaIcEEESt4pairIKS5_S5_ESt10_Select1stIS8_ESt4lessIS5_ESaIS8_EE10_Auto_nodeD2Ev	24	static
/usr/bin/../lib/gcc/x86_64-linux-gnu/13/../../../../include/c++/13/bits/stl_tree.h:592:_ZNSt8_Rb_treeINSt7__cxx1112basic_stringIcSt11char_traitsIcESaIcEEESt4pairIKS5_S5_ESt10_Select1stIS8_ESt4lessIS5_ESaIS8_EE17_M_construct_nodeIJRKSt21piecewise_construct_tSt5tupleIJRS7_EESJ_IJEEEEEvPSt13_Rb_tree_nodeIS8_EDpOT_	40	static
/usr/bin/../lib/gcc/x86_64-linux-gnu/13/../../../../include/c++/13/bits/stl_tree.h:2109:_ZNSt8_Rb_treeINSt7__cxx1112basic_stringIcSt11char_traitsIcESaIcEEESt4pairIKS5_S5_ESt10_Select1stIS8_ESt4lessIS5_ESaIS8_EE24_M_get_insert_unique_posERS7_	72	static
/usr/bin/../lib/gcc/x86_64-linux-gnu/13/../../../../include/c++/13/bits/stl_tree.h:2459:_ZNSt8_Rb_treeINSt7__cxx1112basic_stringIcSt11char_traitsIcESaIcEEESt4pairIKS5_S5_ESt10_Select1stIS8_ESt4lessIS5_ESaIS8_EE22_M_emplace_hint_uniqueIJRKSt21piecewise_construct_tSt5tupleIJOS5_EESJ_IJEEEEESt17_Rb_tree_iteratorIS8_ESt23_Rb_tree_const_iteratorIS8_EDpOT_	104	static
/usr/bin/../lib/gcc/x86_64-linux-gnu/13/../../../../include/c++/13/bits/hashtable.h:1689:_ZNKSt10_HashtableINSt7__cxx1112basic_stringIcSt11char_traitsIcESaIcEEESt4pairIKS5_N7rocksdb14DBPropertyInfoEESaISA_ENSt8__detail10_Select1stESt8equal_toIS5_ESt4hashIS5_ENSC_18_Mod_range_hashingENSC_20_Default_ranged_hashENSC_20_Prime_rehash_policyENSC_17_Hashtable_traitsILb1ELb0ELb1EEEE4findERS7_	56	static
/usr/bin/../lib/gcc/x86_64-linux-gnu/13/../../../../include/c++/13/bits/stl_tree.h:2459:_ZNSt8_Rb_treeIiSt4pairIKiSt3mapIN7rocksdb13LevelStatTypeEdSt4lessIS4_ESaIS0_IKS4_dEEEESt10_Select1stISB_ES5_IiESaISB_EE22_M_emplace_hint_uniqueIJRKSt21piecewise_construct_tSt5tupleIJRS1_EESL_IJEEEEESt17_Rb_tree_iteratorISB_ESt23_Rb_tree_const_iteratorISB_EDpOT_	72	static
/usr/bin/../lib/gcc/x86_64-linux-gnu/13/../../../../include/c++/13/bits/stl_tree.h:2211:_ZNSt8_Rb_treeIiSt4pairIKiSt3mapIN7rocksdb13LevelStatTypeEdSt4lessIS4_ESaIS0_IKS4_dEEEESt10_Select1stISB_ES5_IiESaISB_EE29_M_get_insert_hint_unique_posESt23_Rb_tree_const_iteratorISB_ERS1_	56	static
/usr/bin/../lib/gcc/x86_64-linux-gnu/13/../../../../include/c++/13/bits/stl_tree.h:1640:_ZNSt8_Rb_treeIiSt4pairIKiSt3mapIN7rocksdb13LevelStatTypeEdSt4lessIS4_ESaIS0_IKS4_dEEEESt10_Select1stISB_ES5_IiESaISB_EE10_Auto_nodeD2Ev	24	static
/usr/bin/../lib/gcc/x86_64-linux-gnu/13/../../../../include/c++/13/bits/stl_tree.h:2459:_ZNSt8_Rb_treeIiSt4pairIKiSt3mapIN7rocksdb13LevelStatTypeEdSt4lessIS4_ESaIS0_IKS4_dEEEESt10_Select1stISB_ES5_IiESaISB_EE22_M_emplace_hint_uniqueIJRKSt21piecewise_construct_tSt5tupleIJOiEESL_IJEEEEESt17_Rb_tree_iteratorISB_ESt23_Rb_tree_const_iteratorISB_EDpOT_	72	static
repos/rocksdb/db/internal_stats.cc:2190:_ZN7rocksdb12_GLOBAL__N_128BlockCachePropertyAggregatorD2Ev	40	static
repos/rocksdb/db/internal_stats.cc:2190:_ZN7rocksdb12_GLOBAL__N_128BlockCachePropertyAggregatorD0Ev	40	static
repos/rocksdb/db/internal_stats.cc:2192:_ZN7rocksdb12_GLOBAL__N_128BlockCachePropertyAggregator3AddEPNS_16ColumnFamilyDataEm	88	static
repos/rocksdb/db/internal_stats.cc:2202:_ZNK7rocksdb12_GLOBAL__N_128BlockCachePropertyAggregator9AggregateEv	0	static
/usr/bin/../lib/gcc/x86_64-linux-gnu/13/../../../../include/c++/13/bits/hashtable.h:2083:_ZNSt10_HashtableIPN7rocksdb5CacheESt4pairIKS2_mESaIS5_ENSt8__detail10_Select1stESt8equal_toIS2_ESt4hashIS2_ENS7_18_Mod_range_hashingENS7_20_Default_ranged_hashENS7_20_Prime_rehash_policyENS7_17_Hashtable_traitsILb0ELb0ELb1EEEE10_M_emplaceIJRS2_RmEEES3_INS7_14_Node_iteratorIS5_Lb0ELb0EEEbESt17integral_constantIbLb1EEDpOT_	40	static
/usr/bin/../lib/gcc/x86_64-linux-gnu/13/../../../../include/c++/13/bits/hashtable.h:2168:_ZNSt10_HashtableIPN7rocksdb5CacheESt4pairIKS2_mESaIS5_ENSt8__detail10_Select1stESt8equal_toIS2_ESt4hashIS2_ENS7_18_Mod_range_hashingENS7_20_Default_ranged_hashENS7_20_Prime_rehash_policyENS7_17_Hashtable_traitsILb0ELb0ELb1EEEE21_M_insert_unique_nodeEmmPNS7_10_Hash_nodeIS5_Lb0EEEm	56	static
/usr/bin/../lib/gcc/x86_64-linux-gnu/13/../../../../include/c++/13/bits/hashtable.h:2584:_ZNSt10_HashtableIPN7rocksdb5CacheESt4pairIKS2_mESaIS5_ENSt8__detail10_Select1stESt8equal_toIS2_ESt4hashIS2_ENS7_18_Mod_range_hashingENS7_20_Default_ranged_hashENS7_20_Prime_rehash_policyENS7_17_Hashtable_traitsILb0ELb0ELb1EEEE13_M_rehash_auxEmSt17integral_constantIbLb1EE	40	static
repos/rocksdb/db/internal_stats.h:946:_ZN7rocksdb21IntPropertyAggregatorD2Ev	0	static
repos/rocksdb/db/internal_stats.cc:2172:_ZN7rocksdb12_GLOBAL__N_121SumPropertyAggregatorD0Ev	0	static
repos/rocksdb/db/internal_stats.cc:2174:_ZN7rocksdb12_GLOBAL__N_121SumPropertyAggregator3AddEPNS_16ColumnFamilyDataEm	0	static
repos/rocksdb/db/internal_stats.cc:2179:_ZNK7rocksdb12_GLOBAL__N_121SumPropertyAggregator9AggregateEv	0	static
repos/rocksdb/db/internal_stats.cc:0:_GLOBAL__sub_I_internal_stats.cc	8056	static
