repos/rocksdb/utilities/transactions/lock/range/range_tree/lib/locktree/locktree.cc:79:_ZN4toku8locktree6createEPNS_16locktree_managerE13DICTIONARY_IDRKNS_10comparatorESt10shared_ptrIN7rocksdb25TransactionDBMutexFactoryEE	56	static
repos/rocksdb/utilities/transactions/lock/range/range_tree/lib/locktree/locktree.cc:111:_ZN4toku20lt_lock_request_info4initESt10shared_ptrIN7rocksdb25TransactionDBMutexFactoryEE	40	static
/usr/bin/../lib/gcc/x86_64-linux-gnu/13/../../../../include/c++/13/bits/shared_ptr_base.h:1524:_ZNSt12__shared_ptrIN7rocksdb25TransactionDBMutexFactoryELN9__gnu_cxx12_Lock_policyE2EED2Ev	24	static
repos/rocksdb/utilities/transactions/lock/range/range_tree/lib/locktree/locktree.cc:105:_ZN4toku8locktree27set_escalation_barrier_funcEPFbPK10__toku_dbtS3_PvES4_	0	static
repos/rocksdb/utilities/transactions/lock/range/range_tree/lib/locktree/../portability/toku_external_pthread.h:64:_Z24toku_external_mutex_initSt10shared_ptrIN7rocksdb25TransactionDBMutexFactoryEEPS_INS0_18TransactionDBMutexEE	56	static
repos/rocksdb/utilities/transactions/lock/range/range_tree/lib/locktree/locktree.cc:127:_ZN4toku8locktree7destroyEv	24	static
repos/rocksdb/utilities/transactions/lock/range/range_tree/lib/locktree/locktree.cc:137:_ZN4toku20lt_lock_request_info7destroyEv	24	static
repos/rocksdb/utilities/transactions/lock/range/range_tree/lib/locktree/locktree.cc:144:_ZN4toku8locktree13add_referenceEv	0	static
repos/rocksdb/utilities/transactions/lock/range/range_tree/lib/locktree/locktree.cc:148:_ZN4toku8locktree17release_referenceEv	0	static
repos/rocksdb/utilities/transactions/lock/range/range_tree/lib/locktree/locktree.cc:152:_ZN4toku8locktree19get_reference_countEv	0	static
repos/rocksdb/utilities/transactions/lock/range/range_tree/lib/locktree/locktree.cc:243:_ZN4toku8locktree9sto_beginEm	24	static
repos/rocksdb/utilities/transactions/lock/range/range_tree/lib/locktree/locktree.cc:249:_ZN4toku8locktree10sto_appendEPK10__toku_dbtS3_b	152	static
repos/rocksdb/utilities/transactions/lock/range/range_tree/lib/locktree/locktree.cc:266:_ZN4toku8locktree7sto_endEv	24	static
repos/rocksdb/utilities/transactions/lock/range/range_tree/lib/locktree/locktree.cc:276:_ZN4toku8locktree27sto_end_early_no_accountingEPv	24	static
repos/rocksdb/utilities/transactions/lock/range/range_tree/lib/locktree/locktree.cc:292:_ZN4toku8locktree33sto_migrate_buffer_ranges_to_treeEPv	520	static
repos/rocksdb/utilities/transactions/lock/range/range_tree/lib/locktree/locktree.cc:282:_ZN4toku8locktree13sto_end_earlyEPv	40	static
repos/rocksdb/utilities/transactions/lock/range/range_tree/lib/locktree/locktree.cc:419:_ZN4toku8locktree25acquire_lock_consolidatedEPvmPK10__toku_dbtS4_bPNS_9txnid_setE	328	static
repos/rocksdb/utilities/transactions/lock/range/range_tree/lib/locktree/locktree.cc:336:_ZN4toku8locktree15sto_try_acquireEPvmPK10__toku_dbtS4_b	168	static
repos/rocksdb/utilities/transactions/lock/range/range_tree/lib/locktree/locktree.cc:507:_ZN4toku8locktree12acquire_lockEbmPK10__toku_dbtS3_PNS_9txnid_setE	200	static
repos/rocksdb/utilities/transactions/lock/range/range_tree/lib/locktree/locktree.cc:532:_ZN4toku8locktree16try_acquire_lockEbmPK10__toku_dbtS3_PNS_9txnid_setEb	184	static
repos/rocksdb/utilities/transactions/lock/range/range_tree/lib/locktree/locktree.cc:546:_ZN4toku8locktree17acquire_read_lockEmPK10__toku_dbtS3_PNS_9txnid_setEb	168	static
repos/rocksdb/utilities/transactions/lock/range/range_tree/lib/locktree/locktree.cc:553:_ZN4toku8locktree18acquire_write_lockEmPK10__toku_dbtS3_PNS_9txnid_setEb	168	static
repos/rocksdb/utilities/transactions/lock/range/range_tree/lib/locktree/locktree.cc:561:_ZN4toku8locktree10dump_locksEPvPFvS1_PK10__toku_dbtS4_mbP11TxnidVectorE	424	static
repos/rocksdb/utilities/transactions/lock/range/range_tree/lib/locktree/locktree.cc:596:_ZN4toku8locktree13get_conflictsEbmPK10__toku_dbtS3_PNS_9txnid_setE	280	static
repos/rocksdb/utilities/transactions/lock/range/range_tree/lib/locktree/locktree.cc:646:_ZN4toku8locktree34remove_overlapping_locks_for_txnidEmPK10__toku_dbtS3_	408	static
repos/rocksdb/utilities/transactions/lock/range/range_tree/lib/locktree/locktree.cc:679:_ZNK4toku8locktree25sto_txnid_is_valid_unsafeEv	0	static
repos/rocksdb/utilities/transactions/lock/range/range_tree/lib/locktree/locktree.cc:683:_ZNK4toku8locktree20sto_get_score_unsafeEv	0	static
repos/rocksdb/utilities/transactions/lock/range/range_tree/lib/locktree/locktree.cc:687:_ZN4toku8locktree15sto_try_releaseEm	136	static
repos/rocksdb/utilities/transactions/lock/range/range_tree/lib/locktree/locktree.cc:709:_ZN4toku8locktree13release_locksEmPKNS_12range_bufferEb	216	static
repos/rocksdb/utilities/transactions/lock/range/range_tree/lib/locktree/locktree.cc:835:_ZN4toku8locktree8escalateEPFvmPKS0_RKNS_12range_bufferEPvES6_	696	static
repos/rocksdb/utilities/transactions/lock/range/range_tree/lib/locktree/../util/omt_impl.h:315:_ZN4toku3omtIPNS_18txnid_range_bufferES2_Lb0EE9delete_atEj	56	static
repos/rocksdb/utilities/transactions/lock/range/range_tree/lib/locktree/locktree.cc:996:_ZNK4toku8locktree12get_userdataEv	0	static
repos/rocksdb/utilities/transactions/lock/range/range_tree/lib/locktree/locktree.cc:998:_ZN4toku8locktree12set_userdataEPv	0	static
repos/rocksdb/utilities/transactions/lock/range/range_tree/lib/locktree/locktree.cc:1000:_ZN4toku8locktree21get_lock_request_infoEv	0	static
repos/rocksdb/utilities/transactions/lock/range/range_tree/lib/locktree/locktree.cc:1004:_ZN4toku8locktree14set_comparatorERKNS_10comparatorE	0	static
repos/rocksdb/utilities/transactions/lock/range/range_tree/lib/locktree/locktree.cc:1006:_ZNK4toku8locktree11get_managerEv	0	static
repos/rocksdb/utilities/transactions/lock/range/range_tree/lib/locktree/locktree.cc:1008:_ZNK4toku8locktree7compareEPKS0_	0	static
repos/rocksdb/utilities/transactions/lock/range/range_tree/lib/locktree/locktree.cc:1018:_ZNK4toku8locktree11get_dict_idEv	0	static
repos/rocksdb/utilities/transactions/lock/range/range_tree/lib/locktree/locktree.cc:98:_ZZN4toku8locktree6createEPNS_16locktree_managerE13DICTIONARY_IDRKNS_10comparatorESt10shared_ptrIN7rocksdb25TransactionDBMutexFactoryEEEN3$_08__invokeEPK10__toku_dbtSE_Pv	0	static
/home/gregorian-rayne/CLionProjects/build-hotspot-analyzer/tests/cli/repos/rocksdb/utilities/transactions/lock/range/range_tree/lib/locktree/locktree.cc:__clang_call_terminate	8	static
/usr/bin/../lib/gcc/x86_64-linux-gnu/13/../../../../include/c++/13/bits/shared_ptr_base.h:198:_ZNSt16_Sp_counted_baseILN9__gnu_cxx12_Lock_policyE2EE24_M_release_last_use_coldEv	24	static
repos/rocksdb/utilities/transactions/lock/range/range_tree/lib/locktree/treenode.h:125:_ZN4toku8treenode17traverse_overlapsIZNS_L37iterate_and_get_overlapping_row_locksEPKNS_15concurrent_tree15locked_keyrangeEPNS_13GrowableArrayINS_8row_lockEEEE11copy_fn_objEEvRKNS_8keyrangeEPT_	152	static
repos/rocksdb/utilities/transactions/lock/range/range_tree/lib/locktree/treenode.h:125:_ZN4toku8treenode17traverse_overlapsIZNS_L38iterate_and_get_overlapping_row_locks2EPKNS_15concurrent_tree15locked_keyrangeEPK10__toku_dbtS8_PNS_10comparatorEmPNS_13GrowableArrayINS_8row_lockEEEE11copy_fn_objEEvRKNS_8keyrangeEPT_	56	static
repos/rocksdb/utilities/transactions/lock/range/range_tree/lib/locktree/locktree.cc:387:_ZZN4tokuL38iterate_and_get_overlapping_row_locks2EPKNS_15concurrent_tree15locked_keyrangeEPK10__toku_dbtS6_PNS_10comparatorEmPNS_13GrowableArrayINS_8row_lockEEEEN11copy_fn_obj2fnERKNS_8keyrangeEmbP11TxnidVector	168	static
repos/rocksdb/utilities/transactions/lock/range/range_tree/lib/locktree/treenode.h:125:_ZN4toku8treenode17traverse_overlapsIZNS_L25extract_first_n_row_locksEPNS_15concurrent_tree15locked_keyrangeEPNS_16locktree_managerEPNS_8row_lockEiE14extract_fn_objEEvRKNS_8keyrangeEPT_	56	static
repos/rocksdb/utilities/transactions/lock/range/range_tree/lib/locktree/locktree.cc:770:_ZZN4tokuL25extract_first_n_row_locksEPNS_15concurrent_tree15locked_keyrangeEPNS_16locktree_managerEPNS_8row_lockEiEN14extract_fn_obj2fnERKNS_8keyrangeEmbP11TxnidVector	184	static
/usr/bin/../lib/gcc/x86_64-linux-gnu/13/../../../../include/c++/13/bits/stl_tree.h:1893:_ZNSt8_Rb_treeImmSt9_IdentityImESt4lessImESaImEE7_M_copyILb0ENS5_11_Alloc_nodeEEEPSt13_Rb_tree_nodeImESA_PSt18_Rb_tree_node_baseRT0_	56	static
/usr/bin/../lib/gcc/x86_64-linux-gnu/13/../../../../include/c++/13/bits/stl_tree.h:1931:_ZNSt8_Rb_treeImmSt9_IdentityImESt4lessImESaImEE8_M_eraseEPSt13_Rb_tree_nodeImE	40	static
repos/rocksdb/utilities/transactions/lock/range/range_tree/lib/locktree/treenode.h:125:_ZN4toku8treenode17traverse_overlapsIZNS_8locktree33sto_migrate_buffer_ranges_to_treeEPvE14migrate_fn_objEEvRKNS_8keyrangeEPT_	56	static
repos/rocksdb/utilities/transactions/lock/range/range_tree/lib/locktree/../util/omt_impl.h:1148:_ZNK4toku3omtIPNS_18txnid_range_bufferES2_Lb0EE18find_internal_zeroImTnPFiRKS2_RKT_EXadL_ZNS1_13find_by_txnidES6_RKmEEEEiRKNS_12omt_internal17subtree_templatedILb0EEES9_PS2_Pj	56	static
repos/rocksdb/utilities/transactions/lock/range/range_tree/lib/locktree/../util/omt_impl.h:699:_ZN4toku3omtIPNS_18txnid_range_bufferES2_Lb0EE23maybe_resize_or_convertEj	56	static
repos/rocksdb/utilities/transactions/lock/range/range_tree/lib/locktree/../util/omt_impl.h:1048:_ZN4toku3omtIPNS_18txnid_range_bufferES2_Lb0EE9rebalanceEPNS_12omt_internal17subtree_templatedILb0EEE	56	static
repos/rocksdb/utilities/transactions/lock/range/range_tree/lib/locktree/../util/omt_impl.h:628:_ZNK4toku3omtIPNS_18txnid_range_bufferES2_Lb0EE30fill_array_with_subtree_valuesEPS2_RKNS_12omt_internal17subtree_templatedILb0EEE	56	static
repos/rocksdb/utilities/transactions/lock/range/range_tree/lib/locktree/../util/omt_impl.h:658:_ZN4toku3omtIPNS_18txnid_range_bufferES2_Lb0EE25rebuild_from_sorted_arrayEPNS_12omt_internal17subtree_templatedILb0EEEPKS2_j	56	static
repos/rocksdb/utilities/transactions/lock/range/range_tree/lib/locktree/../util/omt_impl.h:1017:_ZNK4toku3omtIPNS_18txnid_range_bufferES2_Lb0EE28fill_array_with_subtree_idxsEPjRKNS_12omt_internal17subtree_templatedILb0EEE	56	static
repos/rocksdb/utilities/transactions/lock/range/range_tree/lib/locktree/../util/omt_impl.h:1029:_ZN4toku3omtIPNS_18txnid_range_bufferES2_Lb0EE25rebuild_subtree_from_idxsEPNS_12omt_internal17subtree_templatedILb0EEEPKjj	56	static
repos/rocksdb/utilities/transactions/lock/range/range_tree/lib/locktree/../util/omt_impl.h:790:_ZN4toku3omtIPNS_18txnid_range_bufferES2_Lb0EE15delete_internalEPNS_12omt_internal17subtree_templatedILb0EEEjPNS4_18omt_node_templatedIS2_Lb0EEEPS7_	48	static
