repos/rocksdb/db/memtable_list.cc:0:__cxx_global_array_dtor	8	static
repos/rocksdb/db/memtable_list.cc:0:__cxx_global_array_dtor.24	8	static
repos/rocksdb/db/memtable_list.cc:0:__cxx_global_array_dtor.27	8	static
repos/rocksdb/db/memtable_list.cc:0:__cxx_global_array_dtor.35	8	static
repos/rocksdb/db/memtable_list.cc:0:__cxx_global_array_dtor.38	8	static
repos/rocksdb/db/memtable_list.cc:34:_ZN7rocksdb19MemTableListVersion11AddMemTableEPNS_16ReadOnlyMemTableE	40	static
repos/rocksdb/db/memtable_list.cc:43:_ZN7rocksdb19MemTableListVersion13UnrefMemTableEPNS_10autovectorIPNS_16ReadOnlyMemTableELm8EEES3_	24	static
repos/rocksdb/util/autovector.h:278:_ZN7rocksdb10autovectorIPNS_16ReadOnlyMemTableELm8EE9push_backERKS2_	56	static
repos/rocksdb/db/memtable_list.cc:52:_ZN7rocksdb19MemTableListVersionC2EPmRKS0_	40	static
repos/rocksdb/db/memtable_list.cc:68:_ZN7rocksdb19MemTableListVersionC2EPml	0	static
repos/rocksdb/db/memtable_list.cc:74:_ZN7rocksdb19MemTableListVersion3RefEv	0	static
repos/rocksdb/db/memtable_list.cc:77:_ZN7rocksdb19MemTableListVersion5UnrefEPNS_10autovectorIPNS_16ReadOnlyMemTableELm8EEE	56	static
repos/rocksdb/db/memtable_list.cc:94:_ZNK7rocksdb12MemTableList13NumNotFlushedEv	0	static
repos/rocksdb/db/memtable_list.cc:100:_ZNK7rocksdb12MemTableList10NumFlushedEv	0	static
repos/rocksdb/db/memtable_list.cc:105:_ZN7rocksdb19MemTableListVersion3GetERKNS_9LookupKeyEPNSt7__cxx1112basic_stringIcSt11char_traitsIcESaIcEEEPNS_19PinnableWideColumnsESA_PNS_6StatusEPNS_12MergeContextEPmSH_RKNS_11ReadOptionsEPNS_12ReadCallbackEPb	88	static
repos/rocksdb/db/memtable_list.cc:154:_ZN7rocksdb19MemTableListVersion11GetFromListEPNSt7__cxx114listIPNS_16ReadOnlyMemTableESaIS4_EEERKNS_9LookupKeyEPNS1_12basic_stringIcSt11char_traitsIcESaIcEEEPNS_19PinnableWideColumnsESG_PNS_6StatusEPNS_12MergeContextEPmSN_RKNS_11ReadOptionsEPNS_12ReadCallbackEPb	88	static
repos/rocksdb/db/memtable_list.cc:117:_ZN7rocksdb19MemTableListVersion8MultiGetERKNS_11ReadOptionsEPNS_15MultiGetContext5RangeEPNS_12ReadCallbackE	56	static
repos/rocksdb/db/memtable_list.cc:129:_ZN7rocksdb19MemTableListVersion16GetMergeOperandsERKNS_9LookupKeyEPNS_6StatusEPNS_12MergeContextEPmRKNS_11ReadOptionsE	136	static
repos/rocksdb/db/memtable_list.cc:144:_ZN7rocksdb19MemTableListVersion14GetFromHistoryERKNS_9LookupKeyEPNSt7__cxx1112basic_stringIcSt11char_traitsIcESaIcEEEPNS_19PinnableWideColumnsESA_PNS_6StatusEPNS_12MergeContextEPmSH_RKNS_11ReadOptionsEPb	88	static
repos/rocksdb/db/memtable_list.cc:193:_ZN7rocksdb19MemTableListVersion26AddRangeTombstoneIteratorsERKNS_11ReadOptionsEPNS_5ArenaEPNS_18RangeDelAggregatorE	72	static
repos/rocksdb/db/memtable_list.cc:212:_ZN7rocksdb19MemTableListVersion12AddIteratorsERKNS_11ReadOptionsENS_10UnownedPtrIKNS_18SeqnoToTimeMappingEEEPKNS_14SliceTransformEPSt6vectorIPNS_20InternalIteratorBaseINS_5SliceEEESaISF_EEPNS_5ArenaE	104	static
repos/rocksdb/db/memtable_list.cc:224:_ZN7rocksdb19MemTableListVersion12AddIteratorsERKNS_11ReadOptionsENS_10UnownedPtrIKNS_18SeqnoToTimeMappingEEEPKNS_14SliceTransformEPNS_20MergeIteratorBuilderEb	120	static
/usr/bin/../lib/gcc/x86_64-linux-gnu/13/../../../../include/c++/13/bits/unique_ptr.h:398:_ZNSt10unique_ptrIN7rocksdb25TruncatedRangeDelIteratorESt14default_deleteIS1_EED2Ev	40	static
repos/rocksdb/db/memtable_list.cc:259:_ZNK7rocksdb19MemTableListVersion18GetTotalNumEntriesEv	40	static
repos/rocksdb/db/memtable_list.cc:267:_ZNK7rocksdb19MemTableListVersion16ApproximateStatsERKNS_5SliceES3_	56	static
repos/rocksdb/db/memtable_list.cc:278:_ZNK7rocksdb19MemTableListVersion18GetTotalNumDeletesEv	40	static
repos/rocksdb/db/memtable_list.cc:286:_ZNK7rocksdb19MemTableListVersion25GetEarliestSequenceNumberEb	0	static
repos/rocksdb/db/memtable_list.cc:297:_ZNK7rocksdb19MemTableListVersion22GetFirstSequenceNumberEv	40	static
repos/rocksdb/db/memtable_list.cc:307:_ZN7rocksdb19MemTableListVersion3AddEPNS_16ReadOnlyMemTableEPNS_10autovectorIS2_Lm8EEE	40	static
repos/rocksdb/db/memtable_list.cc:364:_ZN7rocksdb19MemTableListVersion11TrimHistoryEPNS_10autovectorIPNS_16ReadOnlyMemTableELm8EEEm	72	static
repos/rocksdb/db/memtable_list.cc:316:_ZN7rocksdb19MemTableListVersion6RemoveEPNS_16ReadOnlyMemTableEPNS_10autovectorIS2_Lm8EEE	72	static
repos/rocksdb/db/memtable_list.cc:333:_ZNK7rocksdb19MemTableListVersion33MemoryAllocatedBytesExcludingLastEv	40	static
repos/rocksdb/db/memtable_list.cc:347:_ZN7rocksdb19MemTableListVersion21MemtableLimitExceededEm	56	static
repos/rocksdb/db/memtable_list.cc:359:_ZN7rocksdb19MemTableListVersion22HistoryShouldBeTrimmedEm	56	static
repos/rocksdb/db/memtable_list.cc:377:_ZNK7rocksdb19MemTableListVersion12GetNewestUDTEv	40	static
repos/rocksdb/db/memtable_list.cc:392:_ZNK7rocksdb12MemTableList14IsFlushPendingEv	0	static
repos/rocksdb/db/memtable_list.cc:401:_ZNK7rocksdb12MemTableList23IsFlushPendingOrRunningEv	0	static
repos/rocksdb/db/memtable_list.cc:410:_ZN7rocksdb12MemTableList20PickMemtablesToFlushEmPNS_10autovectorIPNS_16ReadOnlyMemTableELm8EEEPm	88	static
repos/rocksdb/db/memtable_list.cc:465:_ZN7rocksdb12MemTableList21RollbackMemtableFlushERKNS_10autovectorIPNS_16ReadOnlyMemTableELm8EEEb	56	static
repos/rocksdb/db/memtable_list.cc:522:_ZN7rocksdb12MemTableList30TryInstallMemtableFlushResultsEPNS_16ColumnFamilyDataERKNS_10autovectorIPNS_16ReadOnlyMemTableELm8EEEPNS_19LogsWithPrepTrackerEPNS_10VersionSetEPNS_17InstrumentedMutexEmPS6_PNS_11FSDirectoryEPNS_9LogBufferEPNSt7__cxx114listISt10unique_ptrINS_12FlushJobInfoESt14default_deleteISN_EESaISQ_EEEb	11912	static
repos/rocksdb/util/autovector.h:269:_ZN7rocksdb10autovectorIPNS_11VersionEditELm8EE9push_backEOS2_	56	static
repos/rocksdb/db/version_edit.h:633:_ZN7rocksdb11VersionEditaSEOS0_	56	static
repos/rocksdb/db/version_edit.h:633:_ZN7rocksdb11VersionEditD2Ev	40	static
repos/rocksdb/db/version_set.h:1263:_ZN7rocksdb10VersionSet11LogAndApplyEPNS_16ColumnFamilyDataERKNS_11ReadOptionsERKNS_12WriteOptionsERKNS_10autovectorIPNS_11VersionEditELm8EEEPNS_17InstrumentedMutexEPNS_11FSDirectoryEbPKNS_19ColumnFamilyOptionsERKSt8functionIFvRKNS_6StatusEEERKSM_IFSN_vEE	1096	static
repos/rocksdb/db/memtable_list.cc:754:_ZN7rocksdb12MemTableList29RemoveMemTablesOrRestoreFlagsERKNS_6StatusEPNS_16ColumnFamilyDataEmPNS_9LogBufferEPNS_10autovectorIPNS_16ReadOnlyMemTableELm8EEEPNS_17InstrumentedMutexE	104	static
repos/rocksdb/db/memtable_list.cc:666:_ZN7rocksdb12MemTableList3AddEPNS_16ReadOnlyMemTableEPNS_10autovectorIS2_Lm8EEE	56	static
repos/rocksdb/db/memtable_list.cc:741:_ZN7rocksdb12MemTableList17InstallNewVersionEv	40	static
repos/rocksdb/db/memtable_list.cc:724:_ZN7rocksdb12MemTableList41UpdateCachedValuesFromMemTableListVersionEv	56	static
repos/rocksdb/db/memtable_list.cc:685:_ZN7rocksdb12MemTableList11TrimHistoryEPNS_10autovectorIPNS_16ReadOnlyMemTableELm8EEEm	72	static
repos/rocksdb/db/memtable_list.cc:703:_ZN7rocksdb12MemTableList40ApproximateUnflushedMemTablesMemoryUsageEv	40	static
repos/rocksdb/db/memtable_list.cc:711:_ZN7rocksdb12MemTableList22ApproximateMemoryUsageEv	0	static
repos/rocksdb/db/memtable_list.cc:713:_ZNK7rocksdb12MemTableList33MemoryAllocatedBytesExcludingLastEv	0	static
repos/rocksdb/db/memtable_list.cc:719:_ZNK7rocksdb12MemTableList10HasHistoryEv	0	static
repos/rocksdb/db/memtable_list.cc:734:_ZNK7rocksdb12MemTableList24ApproximateOldestKeyTimeEv	0	static
repos/rocksdb/db/memtable_list.cc:838:_ZNK7rocksdb12MemTableList37PrecomputeMinLogContainingPrepSectionEPKSt13unordered_setIPNS_16ReadOnlyMemTableESt4hashIS3_ESt8equal_toIS3_ESaIS3_EE	56	static
repos/rocksdb/db/memtable_list.cc:858:_ZN7rocksdb33InstallMemtableAtomicFlushResultsEPKNS_10autovectorIPNS_12MemTableListELm8EEERKNS0_IPNS_16ColumnFamilyDataELm8EEERKNS0_IPKNS0_IPNS_16ReadOnlyMemTableELm8EEELm8EEEPNS_10VersionSetEPNS_19LogsWithPrepTrackerEPNS_17InstrumentedMutexERKNS0_IPNS_12FileMetaDataELm8EEERKNS0_IPNSt7__cxx114listISt10unique_ptrINS_12FlushJobInfoESt14default_deleteISX_EESaIS10_EEELm8EEEPSD_PNS_11FSDirectoryEPNS_9LogBufferE	6936	static
repos/rocksdb/util/autovector.h:298:_ZN7rocksdb10autovectorINS0_IPNS_11VersionEditELm8EEELm8EE12emplace_backIJRS3_EEEvDpOT_	40	static
/usr/bin/../lib/gcc/x86_64-linux-gnu/13/../../../../include/c++/13/bits/stl_vector.h:733:_ZNSt6vectorISt8functionIFvRKN7rocksdb6StatusEEESaIS6_EED2Ev	40	static
repos/rocksdb/util/autovector.h:179:_ZN7rocksdb10autovectorINS0_IPNS_11VersionEditELm8EEELm8EED2Ev	40	static
repos/rocksdb/db/memtable_list.cc:1030:_ZN7rocksdb12MemTableList18RemoveOldMemTablesEmPNS_10autovectorIPNS_16ReadOnlyMemTableELm8EEE	200	static
repos/rocksdb/db/memtable_list.cc:1057:_ZNK7rocksdb12MemTableList32GetEditForDroppingCurrentVersionEPKNS_16ColumnFamilyDataEPNS_10VersionSetEPNS_19LogsWithPrepTrackerE	5960	static
/home/gregorian-rayne/CLionProjects/build-hotspot-analyzer/tests/cli/repos/rocksdb/db/memtable_list.cc:__clang_call_terminate	8	static
repos/rocksdb/util/autovector.h:179:_ZN7rocksdb10autovectorINS_12FileMetaDataELm8EED2Ev	40	static
repos/rocksdb/util/autovector.h:317:_ZN7rocksdb10autovectorINS_12FileMetaDataELm8EE5clearEv	40	static
/usr/bin/../lib/gcc/x86_64-linux-gnu/13/../../../../include/c++/13/bits/stl_tree.h:1931:_ZNSt8_Rb_treeISt4pairIimES1_St9_IdentityIS1_ESt4lessIS1_ESaIS1_EE8_M_eraseEPSt13_Rb_tree_nodeIS1_E	40	static
/usr/bin/../lib/gcc/x86_64-linux-gnu/13/../../../../include/c++/13/bits/stl_vector.h:1959:_ZNSt6vectorISt4pairIiN7rocksdb12FileMetaDataEESaIS3_EE14_M_move_assignEOS5_St17integral_constantIbLb1EE	40	static
repos/rocksdb/util/autovector.h:383:_ZN7rocksdb10autovectorINS_12FileMetaDataELm8EEaSEOS2_	56	static
repos/rocksdb/db/version_edit.h:195:_ZN7rocksdb12FileMetaDataaSEOS0_	24	static
/usr/bin/../lib/gcc/x86_64-linux-gnu/13/../../../../include/c++/13/bits/stl_vector.h:1959:_ZNSt6vectorIN7rocksdb12FileMetaDataESaIS1_EE14_M_move_assignEOS3_St17integral_constantIbLb1EE	40	static
repos/rocksdb/util/autovector.h:298:_ZN7rocksdb10autovectorINS0_IPNS_11VersionEditELm8EEELm8EE12emplace_backIJRKS3_EEEvDpOT_	40	static
/usr/bin/../lib/gcc/x86_64-linux-gnu/13/../../../../include/c++/13/bits/vector.tcc:112:_ZNSt6vectorIN7rocksdb10autovectorIPNS0_11VersionEditELm8EEESaIS4_EE12emplace_backIJRKS4_EEERS4_DpOT_	40	static
/usr/bin/../lib/gcc/x86_64-linux-gnu/13/../../../../include/c++/13/bits/vector.tcc:316:_ZNSt6vectorIPN7rocksdb11VersionEditESaIS2_EE13_M_assign_auxIN9__gnu_cxx17__normal_iteratorIPKS2_S4_EEEEvT_SB_St20forward_iterator_tag	56	static
/usr/bin/../lib/gcc/x86_64-linux-gnu/13/../../../../include/c++/13/bits/vector.tcc:446:_ZNSt6vectorIN7rocksdb10autovectorIPNS0_11VersionEditELm8EEESaIS4_EE17_M_realloc_insertIJRKS4_EEEvN9__gnu_cxx17__normal_iteratorIPS4_S6_EEDpOT_	88	static
/usr/bin/../lib/gcc/x86_64-linux-gnu/13/../../../../include/c++/13/bits/stl_uninitialized.h:113:_ZSt16__do_uninit_copyIPKSt8functionIFvRKN7rocksdb6StatusEEEPS6_ET0_T_SB_SA_	40	static
/usr/bin/../lib/gcc/x86_64-linux-gnu/13/../../../../include/c++/13/bits/stl_construct.h:182:_ZSt8_DestroyIPSt8functionIFvRKN7rocksdb6StatusEEEEvT_S8_	24	static
/usr/bin/../lib/gcc/x86_64-linux-gnu/13/../../../../include/c++/13/bits/vector.tcc:112:_ZNSt6vectorIN7rocksdb10autovectorIPNS0_11VersionEditELm8EEESaIS4_EE12emplace_backIJRS4_EEES8_DpOT_	40	static
/usr/bin/../lib/gcc/x86_64-linux-gnu/13/../../../../include/c++/13/bits/vector.tcc:446:_ZNSt6vectorIN7rocksdb10autovectorIPNS0_11VersionEditELm8EEESaIS4_EE17_M_realloc_insertIJRS4_EEEvN9__gnu_cxx17__normal_iteratorIPS4_S6_EEDpOT_	88	static
/usr/bin/../lib/gcc/x86_64-linux-gnu/13/../../../../include/c++/13/bits/unique_ptr.h:93:_ZNKSt14default_deleteIN7rocksdb12FlushJobInfoEEclEPS1_	40	static
repos/rocksdb/include/rocksdb/table_properties.h:217:_ZN7rocksdb15TablePropertiesD2Ev	24	static
/usr/bin/../lib/gcc/x86_64-linux-gnu/13/../../../../include/c++/13/bits/stl_tree.h:1931:_ZNSt8_Rb_treeINSt7__cxx1112basic_stringIcSt11char_traitsIcESaIcEEESt4pairIKS5_S5_ESt10_Select1stIS8_ESt4lessIS5_ESaIS8_EE8_M_eraseEPSt13_Rb_tree_nodeIS8_E	40	static
/usr/bin/../lib/gcc/x86_64-linux-gnu/13/../../../../include/c++/13/bits/list.tcc:134:_ZNSt7__cxx114listIPN7rocksdb16ReadOnlyMemTableESaIS3_EE6insertISt20_List_const_iteratorIS3_EvEESt14_List_iteratorIS3_ES8_T_SB_	72	static
/usr/bin/../lib/gcc/x86_64-linux-gnu/13/../../../../include/c++/13/bits/std_function.h:288:_ZNSt17_Function_handlerIFvRKN7rocksdb6StatusEEZNS0_12MemTableList30TryInstallMemtableFlushResultsEPNS0_16ColumnFamilyDataERKNS0_10autovectorIPNS0_16ReadOnlyMemTableELm8EEEPNS0_19LogsWithPrepTrackerEPNS0_10VersionSetEPNS0_17InstrumentedMutexEmPSB_PNS0_11FSDirectoryEPNS0_9LogBufferEPNSt7__cxx114listISt10unique_ptrINS0_12FlushJobInfoESt14default_deleteISS_EESaISV_EEEbE3$_0E9_M_invokeERKSt9_Any_dataS3_	24	static
/usr/bin/../lib/gcc/x86_64-linux-gnu/13/../../../../include/c++/13/bits/std_function.h:267:_ZNSt17_Function_handlerIFvRKN7rocksdb6StatusEEZNS0_12MemTableList30TryInstallMemtableFlushResultsEPNS0_16ColumnFamilyDataERKNS0_10autovectorIPNS0_16ReadOnlyMemTableELm8EEEPNS0_19LogsWithPrepTrackerEPNS0_10VersionSetEPNS0_17InstrumentedMutexEmPSB_PNS0_11FSDirectoryEPNS0_9LogBufferEPNSt7__cxx114listISt10unique_ptrINS0_12FlushJobInfoESt14default_deleteISS_EESaISV_EEEbE3$_0E10_M_managerERSt9_Any_dataRKS11_St18_Manager_operation	24	static
repos/rocksdb/db/memtable_list.cc:0:_GLOBAL__sub_I_memtable_list.cc	40	static
