repos/rocksdb/utilities/transactions/pessimistic_transaction.cc:0:__cxx_global_array_dtor	8	static
repos/rocksdb/utilities/transactions/pessimistic_transaction.cc:0:__cxx_global_array_dtor.24	8	static
repos/rocksdb/utilities/transactions/pessimistic_transaction.cc:0:__cxx_global_array_dtor.27	8	static
repos/rocksdb/utilities/transactions/pessimistic_transaction.cc:0:__cxx_global_array_dtor.35	8	static
repos/rocksdb/utilities/transactions/pessimistic_transaction.cc:0:__cxx_global_array_dtor.38	8	static
repos/rocksdb/utilities/transactions/pessimistic_transaction.cc:34:_ZN7rocksdb22PessimisticTransaction8GenTxnIDEv	0	static
repos/rocksdb/utilities/transactions/pessimistic_transaction.cc:38:_ZN7rocksdb22PessimisticTransactionC2EPNS_13TransactionDBERKNS_12WriteOptionsERKNS_18TransactionOptionsEb	56	static
repos/rocksdb/util/autovector.h:179:_ZN7rocksdb10autovectorImLm8EED2Ev	0	static
repos/rocksdb/utilities/transactions/pessimistic_transaction.cc:61:_ZN7rocksdb22PessimisticTransaction10InitializeERKNS_18TransactionOptionsE	40	static
repos/rocksdb/utilities/transactions/pessimistic_transaction.cc:123:_ZN7rocksdb22PessimisticTransactionD2Ev	24	static
/mnt/c/Users/grego/CLionProjects/BuildtimeHotspotAnalyzer/tests/temp/repos/rocksdb/utilities/transactions/pessimistic_transaction.cc:__clang_call_terminate	8	static
repos/rocksdb/utilities/transactions/pessimistic_transaction.cc:123:_ZN7rocksdb22PessimisticTransactionD0Ev	0	static
repos/rocksdb/utilities/transactions/pessimistic_transaction.cc:133:_ZN7rocksdb22PessimisticTransaction5ClearEv	24	static
repos/rocksdb/utilities/transactions/pessimistic_transaction.cc:138:_ZN7rocksdb22PessimisticTransaction12ReinitializeEPNS_13TransactionDBERKNS_12WriteOptionsERKNS_18TransactionOptionsE	40	static
repos/rocksdb/utilities/transactions/pessimistic_transaction.cc:148:_ZNK7rocksdb22PessimisticTransaction9IsExpiredEv	24	static
repos/rocksdb/utilities/transactions/pessimistic_transaction.cc:159:_ZN7rocksdb17WriteCommittedTxnC2EPNS_13TransactionDBERKNS_12WriteOptionsERKNS_18TransactionOptionsE	24	static
repos/rocksdb/utilities/transactions/pessimistic_transaction.cc:164:_ZN7rocksdb17WriteCommittedTxn12GetForUpdateERKNS_11ReadOptionsEPNS_18ColumnFamilyHandleERKNS_5SliceEPNSt7__cxx1112basic_stringIcSt11char_traitsIcESaIcEEEbb	24	static
repos/rocksdb/utilities/transactions/pessimistic_transaction.cc:182:_ZN7rocksdb17WriteCommittedTxn16GetForUpdateImplINSt7__cxx1112basic_stringIcSt11char_traitsIcESaIcEEEEENS_6StatusERKNS_11ReadOptionsEPNS_18ColumnFamilyHandleERKNS_5SliceEPT_bb	296	static
repos/rocksdb/utilities/transactions/pessimistic_transaction.cc:172:_ZN7rocksdb17WriteCommittedTxn12GetForUpdateERKNS_11ReadOptionsEPNS_18ColumnFamilyHandleERKNS_5SliceEPNS_13PinnableSliceEbb	24	static
repos/rocksdb/utilities/transactions/pessimistic_transaction.cc:182:_ZN7rocksdb17WriteCommittedTxn16GetForUpdateImplINS_13PinnableSliceEEENS_6StatusERKNS_11ReadOptionsEPNS_18ColumnFamilyHandleERKNS_5SliceEPT_bb	296	static
repos/rocksdb/utilities/transactions/pessimistic_transaction.cc:234:_ZN7rocksdb17WriteCommittedTxn18GetEntityForUpdateERKNS_11ReadOptionsEPNS_18ColumnFamilyHandleERKNS_5SliceEPNS_19PinnableWideColumnsEbb	328	static
repos/rocksdb/utilities/transactions/pessimistic_transaction.cc:280:_ZN7rocksdb17WriteCommittedTxn24SanityCheckReadTimestampEb	56	static
repos/rocksdb/utilities/transactions/pessimistic_transaction.cc:307:_ZN7rocksdb17WriteCommittedTxn13PutEntityImplEPNS_18ColumnFamilyHandleERKNS_5SliceERKSt6vectorINS_10WideColumnESaIS7_EEbb	88	static
repos/rocksdb/utilities/transactions/pessimistic_transaction.cc:322:_ZN7rocksdb17WriteCommittedTxn3PutEPNS_18ColumnFamilyHandleERKNS_5SliceES5_b	88	static
repos/rocksdb/utilities/transactions/pessimistic_transaction.cc:337:_ZN7rocksdb17WriteCommittedTxn3PutEPNS_18ColumnFamilyHandleERKNS_10SlicePartsES5_b	152	static
repos/rocksdb/utilities/transactions/pessimistic_transaction.cc:352:_ZN7rocksdb17WriteCommittedTxn12PutUntrackedEPNS_18ColumnFamilyHandleERKNS_5SliceES5_	88	static
repos/rocksdb/utilities/transactions/pessimistic_transaction.cc:365:_ZN7rocksdb17WriteCommittedTxn12PutUntrackedEPNS_18ColumnFamilyHandleERKNS_10SlicePartsES5_	152	static
repos/rocksdb/utilities/transactions/pessimistic_transaction.cc:379:_ZN7rocksdb17WriteCommittedTxn6DeleteEPNS_18ColumnFamilyHandleERKNS_5SliceEb	88	static
repos/rocksdb/utilities/transactions/pessimistic_transaction.cc:392:_ZN7rocksdb17WriteCommittedTxn6DeleteEPNS_18ColumnFamilyHandleERKNS_10SlicePartsEb	152	static
repos/rocksdb/utilities/transactions/pessimistic_transaction.cc:406:_ZN7rocksdb17WriteCommittedTxn15DeleteUntrackedEPNS_18ColumnFamilyHandleERKNS_5SliceE	88	static
repos/rocksdb/utilities/transactions/pessimistic_transaction.cc:418:_ZN7rocksdb17WriteCommittedTxn15DeleteUntrackedEPNS_18ColumnFamilyHandleERKNS_10SlicePartsE	152	static
repos/rocksdb/utilities/transactions/pessimistic_transaction.cc:430:_ZN7rocksdb17WriteCommittedTxn12SingleDeleteEPNS_18ColumnFamilyHandleERKNS_5SliceEb	88	static
repos/rocksdb/utilities/transactions/pessimistic_transaction.cc:445:_ZN7rocksdb17WriteCommittedTxn12SingleDeleteEPNS_18ColumnFamilyHandleERKNS_10SlicePartsEb	152	static
repos/rocksdb/utilities/transactions/pessimistic_transaction.cc:460:_ZN7rocksdb17WriteCommittedTxn21SingleDeleteUntrackedEPNS_18ColumnFamilyHandleERKNS_5SliceE	88	static
repos/rocksdb/utilities/transactions/pessimistic_transaction.cc:473:_ZN7rocksdb17WriteCommittedTxn5MergeEPNS_18ColumnFamilyHandleERKNS_5SliceES5_b	88	static
repos/rocksdb/utilities/transactions/pessimistic_transaction.cc:522:_ZN7rocksdb17WriteCommittedTxn29SetReadTimestampForValidationEm	56	static
repos/rocksdb/utilities/transactions/pessimistic_transaction.cc:531:_ZN7rocksdb17WriteCommittedTxn18SetCommitTimestampEm	56	static
repos/rocksdb/utilities/transactions/pessimistic_transaction.cc:541:_ZN7rocksdb22PessimisticTransaction11CommitBatchEPNS_10WriteBatchE	104	static
repos/rocksdb/utilities/transactions/pessimistic_transaction.cc:1051:_ZN7rocksdb22PessimisticTransaction9LockBatchEPNS_10WriteBatchEPNS_11LockTrackerE	184	static
repos/rocksdb/include/rocksdb/status.h:594:_ZN7rocksdb6StatusaSEOS0_	24	static
repos/rocksdb/utilities/transactions/pessimistic_transaction.cc:590:_ZN7rocksdb22PessimisticTransaction7PrepareEv	88	static
repos/rocksdb/utilities/transactions/pessimistic_transaction.cc:640:_ZN7rocksdb17WriteCommittedTxn15PrepareInternalEv	200	static
/usr/bin/../lib/gcc/x86_64-linux-gnu/13/../../../../include/c++/13/bits/shared_ptr_base.h:1524:_ZNSt12__shared_ptrIN7rocksdb19WriteBatchWithIndexELN9__gnu_cxx12_Lock_policyE2EED2Ev	24	static
repos/rocksdb/db/pre_release_callback.h:15:_ZN7rocksdb18PreReleaseCallbackD2Ev	0	static
repos/rocksdb/utilities/transactions/pessimistic_transaction.cc:681:_ZN7rocksdb22PessimisticTransaction6CommitEv	88	static
repos/rocksdb/utilities/transactions/pessimistic_transaction.cc:766:_ZN7rocksdb17WriteCommittedTxn28CommitWithoutPrepareInternalEv	264	static
repos/rocksdb/utilities/transactions/pessimistic_transaction_db.h:330:_ZN7rocksdb24SnapshotCreationCallbackD2Ev	24	static
repos/rocksdb/utilities/transactions/pessimistic_transaction.cc:830:_ZN7rocksdb17WriteCommittedTxn19CommitBatchInternalEPNS_10WriteBatchEm	120	static
repos/rocksdb/utilities/transactions/pessimistic_transaction.cc:843:_ZN7rocksdb17WriteCommittedTxn14CommitInternalEv	344	static
repos/rocksdb/utilities/transactions/pessimistic_transaction.cc:985:_ZN7rocksdb22PessimisticTransaction8RollbackEv	88	static
repos/rocksdb/utilities/transactions/pessimistic_transaction.cc:1023:_ZN7rocksdb17WriteCommittedTxn16RollbackInternalEv	296	static
repos/rocksdb/utilities/transactions/pessimistic_transaction.cc:1031:_ZN7rocksdb22PessimisticTransaction19RollbackToSavePointEv	72	static
repos/rocksdb/utilities/transactions/pessimistic_transaction.cc:1057:_ZZN7rocksdb22PessimisticTransaction9LockBatchEPNS_10WriteBatchEPNS_11LockTrackerEEN7HandlerD2Ev	24	static
repos/rocksdb/utilities/transactions/pessimistic_transaction.cc:1138:_ZN7rocksdb22PessimisticTransaction7TryLockEPNS_18ColumnFamilyHandleERKNS_5SliceEbbbb	200	static
repos/rocksdb/utilities/transactions/pessimistic_transaction.cc:1257:_ZN7rocksdb22PessimisticTransaction12GetRangeLockEPNS_18ColumnFamilyHandleERKNS_8EndpointES5_	104	static
repos/rocksdb/utilities/transactions/pessimistic_transaction.cc:1277:_ZN7rocksdb22PessimisticTransaction16ValidateSnapshotEPNS_18ColumnFamilyHandleERKNS_5SliceEPm	136	static
repos/rocksdb/utilities/transactions/pessimistic_transaction.cc:1324:_ZN7rocksdb22PessimisticTransaction16TryStealingLocksEv	0	static
repos/rocksdb/utilities/transactions/pessimistic_transaction.cc:1331:_ZN7rocksdb22PessimisticTransaction18UnlockGetForUpdateEPNS_18ColumnFamilyHandleERKNS_5SliceE	88	static
repos/rocksdb/utilities/transactions/pessimistic_transaction.cc:1336:_ZN7rocksdb22PessimisticTransaction7SetNameERKNSt7__cxx1112basic_stringIcSt11char_traitsIcESaIcEEE	88	static
repos/rocksdb/utilities/transactions/pessimistic_transaction.cc:1357:_ZN7rocksdb22PessimisticTransaction11CollapseKeyERKNS_11ReadOptionsERKNS_5SliceEPNS_18ColumnFamilyHandleE	120	static
repos/rocksdb/utilities/transactions/pessimistic_transaction.h:249:_ZN7rocksdb17WriteCommittedTxnD2Ev	40	static
repos/rocksdb/utilities/transactions/pessimistic_transaction.h:249:_ZN7rocksdb17WriteCommittedTxnD0Ev	40	static
repos/rocksdb/utilities/transactions/transaction_base.h:255:_ZNK7rocksdb19TransactionBaseImpl11GetSnapshotEv	0	static
repos/rocksdb/utilities/transactions/transaction_base.h:260:_ZNK7rocksdb19TransactionBaseImpl22GetTimestampedSnapshotEv	0	static
repos/rocksdb/utilities/transactions/transaction_base.h:268:_ZN7rocksdb19TransactionBaseImpl13ClearSnapshotEv	40	static
repos/rocksdb/utilities/transactions/transaction_base.h:64:_ZN7rocksdb19TransactionBaseImpl3GetERKNS_11ReadOptionsERKNS_5SliceEPNSt7__cxx1112basic_stringIcSt11char_traitsIcESaIcEEE	56	static
repos/rocksdb/include/rocksdb/utilities/transaction.h:312:_ZN7rocksdb11Transaction3GetERKNS_11ReadOptionsERKNS_5SliceEPNS_13PinnableSliceE	24	static
repos/rocksdb/utilities/transactions/transaction_base.h:110:_ZN7rocksdb19TransactionBaseImpl8MultiGetERKNS_11ReadOptionsERKSt6vectorINS_5SliceESaIS5_EEPS4_INSt7__cxx1112basic_stringIcSt11char_traitsIcESaIcEEESaISF_EE	120	static
repos/rocksdb/utilities/transactions/transaction_base.h:84:_ZN7rocksdb19TransactionBaseImpl12GetForUpdateERKNS_11ReadOptionsERKNS_5SliceEPNSt7__cxx1112basic_stringIcSt11char_traitsIcESaIcEEEbb	56	static
repos/rocksdb/utilities/transactions/transaction_base.h:91:_ZN7rocksdb19TransactionBaseImpl12GetForUpdateERKNS_11ReadOptionsERKNS_5SliceEPNS_13PinnableSliceEbb	56	static
repos/rocksdb/utilities/transactions/transaction_base.h:136:_ZN7rocksdb19TransactionBaseImpl17MultiGetForUpdateERKNS_11ReadOptionsERKSt6vectorINS_5SliceESaIS5_EEPS4_INSt7__cxx1112basic_stringIcSt11char_traitsIcESaIcEEESaISF_EE	120	static
repos/rocksdb/utilities/transactions/transaction_base.h:159:_ZN7rocksdb19TransactionBaseImpl3PutERKNS_5SliceES3_	24	static
repos/rocksdb/utilities/transactions/transaction_base.h:166:_ZN7rocksdb19TransactionBaseImpl3PutERKNS_10SlicePartsES3_	24	static
repos/rocksdb/utilities/transactions/pessimistic_transaction.h:281:_ZN7rocksdb17WriteCommittedTxn9PutEntityEPNS_18ColumnFamilyHandleERKNS_5SliceERKSt6vectorINS_10WideColumnESaIS7_EEb	24	static
repos/rocksdb/utilities/transactions/transaction_base.h:181:_ZN7rocksdb19TransactionBaseImpl5MergeERKNS_5SliceES3_	24	static
repos/rocksdb/utilities/transactions/transaction_base.h:187:_ZN7rocksdb19TransactionBaseImpl6DeleteERKNS_5SliceE	24	static
repos/rocksdb/utilities/transactions/transaction_base.h:190:_ZN7rocksdb19TransactionBaseImpl6DeleteERKNS_10SlicePartsE	24	static
repos/rocksdb/utilities/transactions/transaction_base.h:194:_ZN7rocksdb19TransactionBaseImpl12SingleDeleteERKNS_5SliceE	24	static
repos/rocksdb/utilities/transactions/transaction_base.h:199:_ZN7rocksdb19TransactionBaseImpl12SingleDeleteERKNS_10SlicePartsE	24	static
repos/rocksdb/utilities/transactions/transaction_base.h:205:_ZN7rocksdb19TransactionBaseImpl12PutUntrackedERKNS_5SliceES3_	24	static
repos/rocksdb/utilities/transactions/transaction_base.h:211:_ZN7rocksdb19TransactionBaseImpl12PutUntrackedERKNS_10SlicePartsES3_	24	static
repos/rocksdb/utilities/transactions/pessimistic_transaction.h:290:_ZN7rocksdb17WriteCommittedTxn18PutEntityUntrackedEPNS_18ColumnFamilyHandleERKNS_5SliceERKSt6vectorINS_10WideColumnESaIS7_EE	24	static
repos/rocksdb/utilities/transactions/transaction_base.h:226:_ZN7rocksdb19TransactionBaseImpl14MergeUntrackedERKNS_5SliceES3_	24	static
repos/rocksdb/utilities/transactions/transaction_base.h:232:_ZN7rocksdb19TransactionBaseImpl15DeleteUntrackedERKNS_5SliceE	24	static
repos/rocksdb/utilities/transactions/transaction_base.h:237:_ZN7rocksdb19TransactionBaseImpl15DeleteUntrackedERKNS_10SlicePartsE	24	static
repos/rocksdb/utilities/transactions/transaction_base.h:243:_ZN7rocksdb19TransactionBaseImpl21SingleDeleteUntrackedERKNS_5SliceE	24	static
repos/rocksdb/utilities/transactions/transaction_base.h:274:_ZN7rocksdb19TransactionBaseImpl15DisableIndexingEv	0	static
repos/rocksdb/utilities/transactions/transaction_base.h:276:_ZN7rocksdb19TransactionBaseImpl14EnableIndexingEv	0	static
repos/rocksdb/utilities/transactions/pessimistic_transaction.h:114:_ZN7rocksdb22PessimisticTransaction14SetLockTimeoutEl	0	static
repos/rocksdb/utilities/transactions/pessimistic_transaction.h:118:_ZN7rocksdb22PessimisticTransaction18SetDeadlockTimeoutEl	0	static
repos/rocksdb/utilities/transactions/transaction_base.h:298:_ZN7rocksdb19TransactionBaseImpl15GetWriteOptionsEv	0	static
repos/rocksdb/utilities/transactions/transaction_base.h:300:_ZN7rocksdb19TransactionBaseImpl15SetWriteOptionsERKNS_12WriteOptionsE	0	static
repos/rocksdb/utilities/transactions/transaction_base.h:294:_ZN7rocksdb19TransactionBaseImpl16UndoGetForUpdateERKNS_5SliceE	0	static
repos/rocksdb/include/rocksdb/utilities/transaction.h:707:_ZN7rocksdb11Transaction12SetLogNumberEm	0	static
repos/rocksdb/include/rocksdb/utilities/transaction.h:709:_ZNK7rocksdb11Transaction12GetLogNumberEv	0	static
repos/rocksdb/include/rocksdb/utilities/transaction.h:713:_ZNK7rocksdb11Transaction7GetNameB5cxx11Ev	40	static
repos/rocksdb/utilities/transactions/pessimistic_transaction.h:68:_ZNK7rocksdb22PessimisticTransaction5GetIDEv	0	static
repos/rocksdb/utilities/transactions/pessimistic_transaction.h:125:_ZNK7rocksdb22PessimisticTransaction16IsDeadlockDetectEv	0	static
repos/rocksdb/utilities/transactions/pessimistic_transaction.h:70:_ZNK7rocksdb22PessimisticTransaction14GetWaitingTxnsEPjPNSt7__cxx1112basic_stringIcSt11char_traitsIcESaIcEEE	120	static
repos/rocksdb/utilities/transactions/pessimistic_transaction.h:329:_ZNK7rocksdb17WriteCommittedTxn18GetCommitTimestampEv	0	static
repos/rocksdb/include/rocksdb/utilities/transaction.h:771:_ZN7rocksdb11Transaction5SetIdEm	0	static
repos/rocksdb/include/rocksdb/utilities/transaction.h:791:_ZNK7rocksdb11Transaction16GetLastLogNumberEv	0	static
repos/rocksdb/utilities/transactions/transaction_base.h:170:_ZN7rocksdb19TransactionBaseImpl9PutEntityEPNS_18ColumnFamilyHandleERKNS_5SliceERKSt6vectorINS_10WideColumnESaIS7_EEb	24	static
repos/rocksdb/utilities/transactions/transaction_base.h:215:_ZN7rocksdb19TransactionBaseImpl18PutEntityUntrackedEPNS_18ColumnFamilyHandleERKNS_5SliceERKSt6vectorINS_10WideColumnESaIS7_EE	24	static
repos/rocksdb/include/rocksdb/utilities/transaction.h:748:_ZN7rocksdb11Transaction29SetReadTimestampForValidationEm	56	static
repos/rocksdb/include/rocksdb/utilities/transaction.h:752:_ZN7rocksdb11Transaction18SetCommitTimestampEm	56	static
repos/rocksdb/include/rocksdb/utilities/transaction.h:756:_ZNK7rocksdb11Transaction18GetCommitTimestampEv	0	static
/usr/bin/../lib/gcc/x86_64-linux-gnu/13/../../../../include/c++/13/bits/basic_string.tcc:326:_ZNSt7__cxx1112basic_stringIcSt11char_traitsIcESaIcEE9_M_mutateEmmPKcm	104	static
repos/rocksdb/utilities/transactions/pessimistic_transaction.cc:646:_ZZN7rocksdb17WriteCommittedTxn15PrepareInternalEvEN15MarkLogCallbackD0Ev	0	static
repos/rocksdb/utilities/transactions/pessimistic_transaction.cc:652:_ZZN7rocksdb17WriteCommittedTxn15PrepareInternalEvEN15MarkLogCallback8CallbackEmbmmm	24	static
/usr/bin/../lib/gcc/x86_64-linux-gnu/13/../../../../include/c++/13/bits/shared_ptr_base.h:198:_ZNSt16_Sp_counted_baseILN9__gnu_cxx12_Lock_policyE2EE24_M_release_last_use_coldEv	24	static
repos/rocksdb/utilities/transactions/pessimistic_transaction.cc:1057:_ZZN7rocksdb22PessimisticTransaction9LockBatchEPNS_10WriteBatchEPNS_11LockTrackerEEN7HandlerD0Ev	24	static
repos/rocksdb/utilities/transactions/pessimistic_transaction.cc:1072:_ZZN7rocksdb22PessimisticTransaction9LockBatchEPNS_10WriteBatchEPNS_11LockTrackerEEN7Handler5PutCFEjRKNS_5SliceES8_	24	static
repos/rocksdb/include/rocksdb/write_batch.h:259:_ZN7rocksdb10WriteBatch7Handler3PutERKNS_5SliceES4_	0	static
repos/rocksdb/include/rocksdb/write_batch.h:262:_ZN7rocksdb10WriteBatch7Handler10TimedPutCFEjRKNS_5SliceES4_m	56	static
repos/rocksdb/utilities/transactions/pessimistic_transaction.cc:1077:_ZZN7rocksdb22PessimisticTransaction9LockBatchEPNS_10WriteBatchEPNS_11LockTrackerEEN7Handler11PutEntityCFEjRKNS_5SliceES8_	24	static
repos/rocksdb/utilities/transactions/pessimistic_transaction.cc:1087:_ZZN7rocksdb22PessimisticTransaction9LockBatchEPNS_10WriteBatchEPNS_11LockTrackerEEN7Handler8DeleteCFEjRKNS_5SliceE	24	static
repos/rocksdb/include/rocksdb/write_batch.h:285:_ZN7rocksdb10WriteBatch7Handler6DeleteERKNS_5SliceE	0	static
repos/rocksdb/include/rocksdb/write_batch.h:288:_ZN7rocksdb10WriteBatch7Handler14SingleDeleteCFEjRKNS_5SliceE	56	static
repos/rocksdb/include/rocksdb/write_batch.h:297:_ZN7rocksdb10WriteBatch7Handler12SingleDeleteERKNS_5SliceE	0	static
repos/rocksdb/include/rocksdb/write_batch.h:301:_ZN7rocksdb10WriteBatch7Handler13DeleteRangeCFEjRKNS_5SliceES4_	56	static
repos/rocksdb/utilities/transactions/pessimistic_transaction.cc:1082:_ZZN7rocksdb22PessimisticTransaction9LockBatchEPNS_10WriteBatchEPNS_11LockTrackerEEN7Handler7MergeCFEjRKNS_5SliceES8_	24	static
repos/rocksdb/include/rocksdb/write_batch.h:318:_ZN7rocksdb10WriteBatch7Handler5MergeERKNS_5SliceES4_	0	static
repos/rocksdb/include/rocksdb/write_batch.h:321:_ZN7rocksdb10WriteBatch7Handler14PutBlobIndexCFEjRKNS_5SliceES4_	56	static
repos/rocksdb/include/rocksdb/write_batch.h:330:_ZN7rocksdb10WriteBatch7Handler16MarkBeginPrepareEb	56	static
repos/rocksdb/include/rocksdb/write_batch.h:334:_ZN7rocksdb10WriteBatch7Handler14MarkEndPrepareERKNS_5SliceE	56	static
repos/rocksdb/include/rocksdb/write_batch.h:338:_ZN7rocksdb10WriteBatch7Handler8MarkNoopEb	56	static
repos/rocksdb/include/rocksdb/write_batch.h:342:_ZN7rocksdb10WriteBatch7Handler12MarkRollbackERKNS_5SliceE	56	static
repos/rocksdb/include/rocksdb/write_batch.h:347:_ZN7rocksdb10WriteBatch7Handler10MarkCommitERKNS_5SliceE	56	static
repos/rocksdb/include/rocksdb/write_batch.h:351:_ZN7rocksdb10WriteBatch7Handler23MarkCommitWithTimestampERKNS_5SliceES4_	56	static
repos/rocksdb/include/rocksdb/write_batch.h:369:_ZNK7rocksdb10WriteBatch7Handler16WriteAfterCommitEv	0	static
repos/rocksdb/include/rocksdb/write_batch.h:372:_ZNK7rocksdb10WriteBatch7Handler18WriteBeforePrepareEv	0	static
repos/rocksdb/utilities/transactions/pessimistic_transaction.cc:1067:_ZZN7rocksdb22PessimisticTransaction9LockBatchEPNS_10WriteBatchEPNS_11LockTrackerEEN7Handler9RecordKeyEjRKNS_5SliceE	120	static
/usr/bin/../lib/gcc/x86_64-linux-gnu/13/../../../../include/c++/13/bits/stl_tree.h:2459:_ZNSt8_Rb_treeIjSt4pairIKjSt3setINSt7__cxx1112basic_stringIcSt11char_traitsIcESaIcEEESt4lessIS8_ESaIS8_EEESt10_Select1stISD_ES9_IjESaISD_EE22_M_emplace_hint_uniqueIJRKSt21piecewise_construct_tSt5tupleIJRS1_EESN_IJEEEEESt17_Rb_tree_iteratorISD_ESt23_Rb_tree_const_iteratorISD_EDpOT_	72	static
/usr/bin/../lib/gcc/x86_64-linux-gnu/13/../../../../include/c++/13/bits/stl_tree.h:2211:_ZNSt8_Rb_treeIjSt4pairIKjSt3setINSt7__cxx1112basic_stringIcSt11char_traitsIcESaIcEEESt4lessIS8_ESaIS8_EEESt10_Select1stISD_ES9_IjESaISD_EE29_M_get_insert_hint_unique_posESt23_Rb_tree_const_iteratorISD_ERS1_	56	static
/usr/bin/../lib/gcc/x86_64-linux-gnu/13/../../../../include/c++/13/bits/stl_tree.h:1640:_ZNSt8_Rb_treeIjSt4pairIKjSt3setINSt7__cxx1112basic_stringIcSt11char_traitsIcESaIcEEESt4lessIS8_ESaIS8_EEESt10_Select1stISD_ES9_IjESaISD_EE10_Auto_nodeD2Ev	24	static
/usr/bin/../lib/gcc/x86_64-linux-gnu/13/../../../../include/c++/13/bits/stl_tree.h:1931:_ZNSt8_Rb_treeINSt7__cxx1112basic_stringIcSt11char_traitsIcESaIcEEES5_St9_IdentityIS5_ESt4lessIS5_ESaIS5_EE8_M_eraseEPSt13_Rb_tree_nodeIS5_E	40	static
/usr/bin/../lib/gcc/x86_64-linux-gnu/13/../../../../include/c++/13/bits/stl_tree.h:2109:_ZNSt8_Rb_treeINSt7__cxx1112basic_stringIcSt11char_traitsIcESaIcEEES5_St9_IdentityIS5_ESt4lessIS5_ESaIS5_EE24_M_get_insert_unique_posERKS5_	72	static
/usr/bin/../lib/gcc/x86_64-linux-gnu/13/../../../../include/c++/13/bits/basic_string.tcc:278:_ZNSt7__cxx1112basic_stringIcSt11char_traitsIcESaIcEE9_M_assignERKS4_	72	static
/usr/bin/../lib/gcc/x86_64-linux-gnu/13/../../../../include/c++/13/bits/stl_tree.h:1931:_ZNSt8_Rb_treeIjSt4pairIKjSt3setINSt7__cxx1112basic_stringIcSt11char_traitsIcESaIcEEESt4lessIS8_ESaIS8_EEESt10_Select1stISD_ES9_IjESaISD_EE8_M_eraseEPSt13_Rb_tree_nodeISD_E	40	static
repos/rocksdb/db/db_impl/db_impl.h:3293:_ZNK7rocksdb6DBImpl18FailIfTsMismatchCfEPNS_18ColumnFamilyHandleERKNS_5SliceE	504	static
/usr/bin/../lib/gcc/x86_64-linux-gnu/13/../../../../include/c++/13/bits/basic_string.tcc:512:_ZNSt7__cxx1112basic_stringIcSt11char_traitsIcESaIcEE10_M_replaceEmmPKcm	56	static
/usr/bin/../lib/gcc/x86_64-linux-gnu/13/../../../../include/c++/13/bits/hashtable.h:2255:_ZNSt10_HashtableIjjSaIjENSt8__detail9_IdentityESt8equal_toIjESt4hashIjENS1_18_Mod_range_hashingENS1_20_Default_ranged_hashENS1_20_Prime_rehash_policyENS1_17_Hashtable_traitsILb0ELb1ELb1EEEE16_M_insert_uniqueIjjNS1_10_AllocNodeISaINS1_10_Hash_nodeIjLb0EEEEEEEESt4pairINS1_14_Node_iteratorIjLb1ELb0EEEbEOT_OT0_RKT1_	40	static
/usr/bin/../lib/gcc/x86_64-linux-gnu/13/../../../../include/c++/13/bits/hashtable.h:2168:_ZNSt10_HashtableIjjSaIjENSt8__detail9_IdentityESt8equal_toIjESt4hashIjENS1_18_Mod_range_hashingENS1_20_Default_ranged_hashENS1_20_Prime_rehash_policyENS1_17_Hashtable_traitsILb0ELb1ELb1EEEE21_M_insert_unique_nodeEmmPNS1_10_Hash_nodeIjLb0EEEm	56	static
/usr/bin/../lib/gcc/x86_64-linux-gnu/13/../../../../include/c++/13/bits/hashtable.h:2584:_ZNSt10_HashtableIjjSaIjENSt8__detail9_IdentityESt8equal_toIjESt4hashIjENS1_18_Mod_range_hashingENS1_20_Default_ranged_hashENS1_20_Prime_rehash_policyENS1_17_Hashtable_traitsILb0ELb1ELb1EEEE13_M_rehash_auxEmSt17integral_constantIbLb1EE	40	static
/usr/bin/../lib/gcc/x86_64-linux-gnu/13/../../../../include/c++/13/bits/std_function.h:288:_ZNSt17_Function_handlerIFmjEZN7rocksdb17WriteCommittedTxn28CommitWithoutPrepareInternalEvE3$_0E9_M_invokeERKSt9_Any_dataOj	104	static
/usr/bin/../lib/gcc/x86_64-linux-gnu/13/../../../../include/c++/13/bits/std_function.h:267:_ZNSt17_Function_handlerIFmjEZN7rocksdb17WriteCommittedTxn28CommitWithoutPrepareInternalEvE3$_0E10_M_managerERSt9_Any_dataRKS5_St18_Manager_operation	24	static
/usr/bin/../lib/gcc/x86_64-linux-gnu/13/../../../../include/c++/13/bits/unordered_map.h:109:_ZNSt13unordered_mapIjmSt4hashIjESt8equal_toIjESaISt4pairIKjmEEED2Ev	40	static
/usr/bin/../lib/gcc/x86_64-linux-gnu/13/../../../../include/c++/13/bits/hashtable.h:1358:_ZNSt10_HashtableIjSt4pairIKjmESaIS2_ENSt8__detail10_Select1stESt8equal_toIjESt4hashIjENS4_18_Mod_range_hashingENS4_20_Default_ranged_hashENS4_20_Prime_rehash_policyENS4_17_Hashtable_traitsILb0ELb0ELb1EEEE9_M_assignIRKSF_NS4_10_AllocNodeISaINS4_10_Hash_nodeIS2_Lb0EEEEEEEEvOT_RKT0_	56	static
/usr/bin/../lib/gcc/x86_64-linux-gnu/13/../../../../include/c++/13/bits/hashtable.h:2522:_ZNSt10_HashtableIjSt4pairIKjmESaIS2_ENSt8__detail10_Select1stESt8equal_toIjESt4hashIjENS4_18_Mod_range_hashingENS4_20_Default_ranged_hashENS4_20_Prime_rehash_policyENS4_17_Hashtable_traitsILb0ELb0ELb1EEEE5clearEv	40	static
/usr/bin/../lib/gcc/x86_64-linux-gnu/13/../../../../include/c++/13/bits/std_function.h:288:_ZNSt17_Function_handlerIFmjEZN7rocksdb17WriteCommittedTxn14CommitInternalEvE3$_0E9_M_invokeERKSt9_Any_dataOj	104	static
/usr/bin/../lib/gcc/x86_64-linux-gnu/13/../../../../include/c++/13/bits/std_function.h:267:_ZNSt17_Function_handlerIFmjEZN7rocksdb17WriteCommittedTxn14CommitInternalEvE3$_0E10_M_managerERSt9_Any_dataRKS5_St18_Manager_operation	24	static
/usr/bin/../lib/gcc/x86_64-linux-gnu/13/../../../../include/c++/13/bits/shared_ptr_base.h:133:_ZNSt16_Sp_counted_baseILN9__gnu_cxx12_Lock_policyE2EED2Ev	0	static
/usr/bin/../lib/gcc/x86_64-linux-gnu/13/../../../../include/c++/13/bits/shared_ptr_base.h:608:_ZNSt23_Sp_counted_ptr_inplaceIN7rocksdb19WriteBatchWithIndexESaIvELN9__gnu_cxx12_Lock_policyE2EED0Ev	0	static
/usr/bin/../lib/gcc/x86_64-linux-gnu/13/../../../../include/c++/13/bits/shared_ptr_base.h:611:_ZNSt23_Sp_counted_ptr_inplaceIN7rocksdb19WriteBatchWithIndexESaIvELN9__gnu_cxx12_Lock_policyE2EE10_M_disposeEv	0	static
/usr/bin/../lib/gcc/x86_64-linux-gnu/13/../../../../include/c++/13/bits/shared_ptr_base.h:618:_ZNSt23_Sp_counted_ptr_inplaceIN7rocksdb19WriteBatchWithIndexESaIvELN9__gnu_cxx12_Lock_policyE2EE10_M_destroyEv	0	static
/usr/bin/../lib/gcc/x86_64-linux-gnu/13/../../../../include/c++/13/bits/shared_ptr_base.h:631:_ZNSt23_Sp_counted_ptr_inplaceIN7rocksdb19WriteBatchWithIndexESaIvELN9__gnu_cxx12_Lock_policyE2EE14_M_get_deleterERKSt9type_info	24	static
repos/rocksdb/utilities/transactions/pessimistic_transaction.cc:0:_GLOBAL__sub_I_pessimistic_transaction.cc	40	static
