repos/rocksdb/util/thread_local.cc:240:_ZN7rocksdb14ThreadLocalPtr14InitSingletonsEv	24	static
repos/rocksdb/util/thread_local.cc:242:_ZN7rocksdb14ThreadLocalPtr8InstanceEv	24	static
repos/rocksdb/util/thread_local.cc:268:_ZN7rocksdb14ThreadLocalPtr10StaticMeta5MutexEv	24	static
repos/rocksdb/util/thread_local.cc:270:_ZN7rocksdb14ThreadLocalPtr10StaticMeta12OnThreadExitEPv	72	static
repos/rocksdb/util/thread_local.cc:345:_ZN7rocksdb14ThreadLocalPtr10StaticMeta16RemoveThreadDataEPNS_10ThreadDataE	24	static
repos/rocksdb/util/thread_local.cc:449:_ZN7rocksdb14ThreadLocalPtr10StaticMeta10GetHandlerEj	40	static
repos/rocksdb/util/thread_local.cc:299:_ZN7rocksdb14ThreadLocalPtr10StaticMetaC2Ev	40	static
repos/rocksdb/util/thread_local.cc:319:_ZZN7rocksdb14ThreadLocalPtr10StaticMetaC1EvEN1AD2Ev	8	static
/usr/bin/../lib/gcc/x86_64-linux-gnu/13/../../../../include/c++/13/bits/unordered_map.h:109:_ZNSt13unordered_mapIjPFvPvESt4hashIjESt8equal_toIjESaISt4pairIKjS2_EEED2Ev	40	static
repos/rocksdb/util/autovector.h:179:_ZN7rocksdb10autovectorIjLm8EED2Ev	0	static
repos/rocksdb/util/thread_local.cc:337:_ZN7rocksdb14ThreadLocalPtr10StaticMeta13AddThreadDataEPNS_10ThreadDataE	40	static
repos/rocksdb/util/thread_local.cc:352:_ZN7rocksdb14ThreadLocalPtr10StaticMeta14GetThreadLocalEv	40	static
repos/rocksdb/util/thread_local.cc:376:_ZNK7rocksdb14ThreadLocalPtr10StaticMeta3GetEj	24	static
repos/rocksdb/util/thread_local.cc:384:_ZN7rocksdb14ThreadLocalPtr10StaticMeta5ResetEjPv	56	static
/usr/bin/../lib/gcc/x86_64-linux-gnu/13/../../../../include/c++/13/bits/stl_vector.h:1013:_ZNSt6vectorIN7rocksdb5EntryESaIS1_EE6resizeEm	72	static
repos/rocksdb/util/thread_local.cc:394:_ZN7rocksdb14ThreadLocalPtr10StaticMeta4SwapEjPv	56	static
repos/rocksdb/util/thread_local.cc:404:_ZN7rocksdb14ThreadLocalPtr10StaticMeta14CompareAndSwapEjPvRS2_	56	static
repos/rocksdb/util/thread_local.cc:416:_ZN7rocksdb14ThreadLocalPtr10StaticMeta6ScrapeEjPNS_10autovectorIPvLm8EEES3_	72	static
repos/rocksdb/util/autovector.h:278:_ZN7rocksdb10autovectorIPvLm8EE9push_backERKS1_	56	static
repos/rocksdb/util/thread_local.cc:430:_ZN7rocksdb14ThreadLocalPtr10StaticMeta4FoldEjSt8functionIFvPvS3_EES3_	72	static
repos/rocksdb/util/thread_local.cc:442:_ZN7rocksdb14ThreadLocalPtr11TEST_PeekIdEv	24	static
repos/rocksdb/util/thread_local.cc:469:_ZNK7rocksdb14ThreadLocalPtr10StaticMeta6PeekIdEv	24	static
repos/rocksdb/util/thread_local.cc:444:_ZN7rocksdb14ThreadLocalPtr10StaticMeta10SetHandlerEjPFvPvE	72	static
repos/rocksdb/util/thread_local.cc:458:_ZN7rocksdb14ThreadLocalPtr10StaticMeta5GetIdEv	40	static
repos/rocksdb/util/thread_local.cc:477:_ZN7rocksdb14ThreadLocalPtr10StaticMeta9ReclaimIdEj	72	static
repos/rocksdb/util/thread_local.cc:494:_ZN7rocksdb14ThreadLocalPtrC2EPFvPvE	40	static
repos/rocksdb/util/thread_local.cc:501:_ZN7rocksdb14ThreadLocalPtrD2Ev	24	static
/home/gregorian-rayne/CLionProjects/build-hotspot-analyzer/tests/cli/repos/rocksdb/util/thread_local.cc:__clang_call_terminate	8	static
repos/rocksdb/util/thread_local.cc:503:_ZNK7rocksdb14ThreadLocalPtr3GetEv	24	static
repos/rocksdb/util/thread_local.cc:505:_ZN7rocksdb14ThreadLocalPtr5ResetEPv	40	static
repos/rocksdb/util/thread_local.cc:507:_ZN7rocksdb14ThreadLocalPtr4SwapEPv	40	static
repos/rocksdb/util/thread_local.cc:509:_ZN7rocksdb14ThreadLocalPtr14CompareAndSwapEPvRS1_	40	static
repos/rocksdb/util/thread_local.cc:513:_ZN7rocksdb14ThreadLocalPtr6ScrapeEPNS_10autovectorIPvLm8EEES2_	40	static
repos/rocksdb/util/thread_local.cc:517:_ZN7rocksdb14ThreadLocalPtr4FoldESt8functionIFvPvS2_EES2_	72	static
/usr/bin/../lib/gcc/x86_64-linux-gnu/13/../../../../include/c++/13/bits/hashtable.h:2168:_ZNSt10_HashtableIjSt4pairIKjPFvPvEESaIS5_ENSt8__detail10_Select1stESt8equal_toIjESt4hashIjENS7_18_Mod_range_hashingENS7_20_Default_ranged_hashENS7_20_Prime_rehash_policyENS7_17_Hashtable_traitsILb0ELb0ELb1EEEE21_M_insert_unique_nodeEmmPNS7_10_Hash_nodeIS5_Lb0EEEm	56	static
/usr/bin/../lib/gcc/x86_64-linux-gnu/13/../../../../include/c++/13/bits/hashtable.h:2584:_ZNSt10_HashtableIjSt4pairIKjPFvPvEESaIS5_ENSt8__detail10_Select1stESt8equal_toIjESt4hashIjENS7_18_Mod_range_hashingENS7_20_Default_ranged_hashENS7_20_Prime_rehash_policyENS7_17_Hashtable_traitsILb0ELb0ELb1EEEE13_M_rehash_auxEmSt17integral_constantIbLb1EE	40	static
/home/gregorian-rayne/CLionProjects/build-hotspot-analyzer/tests/cli/repos/rocksdb/util/thread_local.cc:_ZTWN7rocksdb14ThreadLocalPtr10StaticMeta4tls_E	8	static
