repos/rocksdb/db/version_builder.cc:0:__cxx_global_array_dtor	8	static
repos/rocksdb/db/version_builder.cc:0:__cxx_global_array_dtor.24	8	static
repos/rocksdb/db/version_builder.cc:0:__cxx_global_array_dtor.27	8	static
repos/rocksdb/db/version_builder.cc:0:__cxx_global_array_dtor.35	8	static
repos/rocksdb/db/version_builder.cc:0:__cxx_global_array_dtor.38	8	static
repos/rocksdb/db/version_builder.cc:1752:_ZN7rocksdb14VersionBuilderC2ERKNS_11FileOptionsEPKNS_18ImmutableCFOptionsEPNS_10TableCacheEPNS_18VersionStorageInfoEPNS_10VersionSetESt10shared_ptrINS_23CacheReservationManagerEEPNS_16ColumnFamilyDataEPNS_18VersionEditHandlerEbb	88	static
repos/rocksdb/db/version_builder.cc:328:_ZN7rocksdb14VersionBuilder3RepC2ERKNS_11FileOptionsEPKNS_18ImmutableCFOptionsEPNS_10TableCacheEPNS_18VersionStorageInfoEPNS_10VersionSetESt10shared_ptrINS_23CacheReservationManagerEEPNS_16ColumnFamilyDataEPNS_18VersionEditHandlerEbb	88	static
/usr/bin/../lib/gcc/x86_64-linux-gnu/13/../../../../include/c++/13/bits/shared_ptr_base.h:1524:_ZNSt12__shared_ptrIN7rocksdb23CacheReservationManagerELN9__gnu_cxx12_Lock_policyE2EED2Ev	24	static
/usr/bin/../lib/gcc/x86_64-linux-gnu/13/../../../../include/c++/13/bits/unique_ptr.h:398:_ZNSt10unique_ptrIN7rocksdb14VersionBuilder3RepESt14default_deleteIS2_EED2Ev	24	static
repos/rocksdb/db/version_builder.cc:1764:_ZN7rocksdb14VersionBuilderD2Ev	24	static
repos/rocksdb/db/version_builder.cc:1766:_ZN7rocksdb14VersionBuilder28CheckConsistencyForNumLevelsEv	0	static
repos/rocksdb/db/version_builder.cc:1770:_ZN7rocksdb14VersionBuilder5ApplyEPKNS_11VersionEditE	24	static
repos/rocksdb/db/version_builder.cc:1047:_ZN7rocksdb14VersionBuilder3Rep5ApplyEPKNS_11VersionEditE	104	static
repos/rocksdb/db/version_builder.cc:1774:_ZNK7rocksdb14VersionBuilder6SaveToEPNS_18VersionStorageInfoE	24	static
repos/rocksdb/db/version_builder.cc:1613:_ZNK7rocksdb14VersionBuilder3Rep6SaveToEPNS_18VersionStorageInfoE	56	static
repos/rocksdb/db/version_builder.cc:1778:_ZN7rocksdb14VersionBuilder17LoadTableHandlersEPNS_13InternalStatsEibbRKNS_16MutableCFOptionsEmRKNS_11ReadOptionsE	40	static
repos/rocksdb/db/version_builder.cc:1640:_ZN7rocksdb14VersionBuilder3Rep17LoadTableHandlersEPNS_13InternalStatsEibbRKNS_16MutableCFOptionsEmRKNS_11ReadOptionsE	264	static
repos/rocksdb/db/version_builder.cc:1789:_ZN7rocksdb14VersionBuilder24CreateOrReplaceSavePointEv	40	static
repos/rocksdb/db/version_builder.cc:1795:_ZN7rocksdb14VersionBuilder21ValidVersionAvailableEv	0	static
repos/rocksdb/db/version_builder.cc:1510:_ZN7rocksdb14VersionBuilder3Rep21ValidVersionAvailableEv	40	static
repos/rocksdb/db/version_builder.cc:1799:_ZNK7rocksdb14VersionBuilder15HasMissingFilesEv	0	static
repos/rocksdb/db/version_builder.cc:1801:_ZN7rocksdb14VersionBuilder28GetAndClearIntermediateFilesB5cxx11Ev	0	static
repos/rocksdb/db/version_builder.cc:1805:_ZN7rocksdb14VersionBuilder15ClearFoundFilesEv	40	static
repos/rocksdb/db/version_builder.cc:1807:_ZNK7rocksdb14VersionBuilder15SaveSavePointToEPNS_18VersionStorageInfoE	40	static
repos/rocksdb/db/version_builder.cc:1814:_ZN7rocksdb14VersionBuilder26LoadSavePointTableHandlersEPNS_13InternalStatsEibbRKNS_16MutableCFOptionsEmRKNS_11ReadOptionsE	56	static
repos/rocksdb/db/version_builder.cc:1828:_ZN7rocksdb14VersionBuilder14ClearSavePointEv	24	static
repos/rocksdb/db/version_builder.cc:1830:_ZN7rocksdb28BaseReferencedVersionBuilderC2EPNS_16ColumnFamilyDataEPNS_18VersionEditHandlerEbb	72	static
repos/rocksdb/db/version_builder.cc:1844:_ZN7rocksdb28BaseReferencedVersionBuilderC2EPNS_16ColumnFamilyDataEPNS_7VersionEPNS_18VersionEditHandlerEbb	88	static
repos/rocksdb/db/version_builder.cc:1857:_ZN7rocksdb28BaseReferencedVersionBuilderD2Ev	24	static
/home/gregorian-rayne/CLionProjects/build-hotspot-analyzer/tests/cli/repos/rocksdb/db/version_builder.cc:__clang_call_terminate	8	static
/usr/bin/../lib/gcc/x86_64-linux-gnu/13/../../../../include/c++/13/bits/unordered_set.h:104:_ZNSt13unordered_setImSt4hashImESt8equal_toImESaImEED2Ev	40	static
/usr/bin/../lib/gcc/x86_64-linux-gnu/13/../../../../include/c++/13/bits/stl_vector.h:733:_ZNSt6vectorINSt7__cxx1112basic_stringIcSt11char_traitsIcESaIcEEESaIS5_EED2Ev	40	static
/usr/bin/../lib/gcc/x86_64-linux-gnu/13/../../../../include/c++/13/bits/stl_map.h:314:_ZNSt3mapImN7rocksdb14VersionBuilder3Rep23MutableBlobFileMetaDataESt4lessImESaISt4pairIKmS3_EEED2Ev	8	static
/usr/bin/../lib/gcc/x86_64-linux-gnu/13/../../../../include/c++/13/bits/shared_ptr_base.h:1524:_ZNSt12__shared_ptrIKN7rocksdb14VersionBuilder3Rep13BySmallestKeyELN9__gnu_cxx12_Lock_policyE2EED2Ev	24	static
/usr/bin/../lib/gcc/x86_64-linux-gnu/13/../../../../include/c++/13/bits/shared_ptr_base.h:1524:_ZNSt12__shared_ptrIKN7rocksdb14VersionBuilder3Rep18NewestFirstBySeqNoELN9__gnu_cxx12_Lock_policyE2EED2Ev	24	static
/usr/bin/../lib/gcc/x86_64-linux-gnu/13/../../../../include/c++/13/bits/shared_ptr_base.h:1524:_ZNSt12__shared_ptrIKN7rocksdb14VersionBuilder3Rep24NewestFirstByEpochNumberELN9__gnu_cxx12_Lock_policyE2EED2Ev	24	static
/usr/bin/../lib/gcc/x86_64-linux-gnu/13/../../../../include/c++/13/bits/unordered_map.h:109:_ZNSt13unordered_mapIiN7rocksdb11InternalKeyESt4hashIiESt8equal_toIiESaISt4pairIKiS1_EEED2Ev	40	static
/usr/bin/../lib/gcc/x86_64-linux-gnu/13/../../../../include/c++/13/bits/unordered_map.h:109:_ZNSt13unordered_mapImiSt4hashImESt8equal_toImESaISt4pairIKmiEEED2Ev	40	static
/usr/bin/../lib/gcc/x86_64-linux-gnu/13/../../../../include/c++/13/bits/unordered_map.h:109:_ZNSt13unordered_mapIimSt4hashIiESt8equal_toIiESaISt4pairIKimEEED2Ev	40	static
/usr/bin/../lib/gcc/x86_64-linux-gnu/13/../../../../include/c++/13/bits/shared_ptr_base.h:608:_ZNSt23_Sp_counted_ptr_inplaceIN7rocksdb14VersionBuilder3Rep24NewestFirstByEpochNumberESaIvELN9__gnu_cxx12_Lock_policyE2EED0Ev	0	static
/usr/bin/../lib/gcc/x86_64-linux-gnu/13/../../../../include/c++/13/bits/shared_ptr_base.h:611:_ZNSt23_Sp_counted_ptr_inplaceIN7rocksdb14VersionBuilder3Rep24NewestFirstByEpochNumberESaIvELN9__gnu_cxx12_Lock_policyE2EE10_M_disposeEv	0	static
/usr/bin/../lib/gcc/x86_64-linux-gnu/13/../../../../include/c++/13/bits/shared_ptr_base.h:618:_ZNSt23_Sp_counted_ptr_inplaceIN7rocksdb14VersionBuilder3Rep24NewestFirstByEpochNumberESaIvELN9__gnu_cxx12_Lock_policyE2EE10_M_destroyEv	0	static
/usr/bin/../lib/gcc/x86_64-linux-gnu/13/../../../../include/c++/13/bits/shared_ptr_base.h:631:_ZNSt23_Sp_counted_ptr_inplaceIN7rocksdb14VersionBuilder3Rep24NewestFirstByEpochNumberESaIvELN9__gnu_cxx12_Lock_policyE2EE14_M_get_deleterERKSt9type_info	24	static
/usr/bin/../lib/gcc/x86_64-linux-gnu/13/../../../../include/c++/13/bits/shared_ptr_base.h:198:_ZNSt16_Sp_counted_baseILN9__gnu_cxx12_Lock_policyE2EE24_M_release_last_use_coldEv	24	static
/usr/bin/../lib/gcc/x86_64-linux-gnu/13/../../../../include/c++/13/bits/shared_ptr_base.h:608:_ZNSt23_Sp_counted_ptr_inplaceIN7rocksdb14VersionBuilder3Rep18NewestFirstBySeqNoESaIvELN9__gnu_cxx12_Lock_policyE2EED0Ev	0	static
/usr/bin/../lib/gcc/x86_64-linux-gnu/13/../../../../include/c++/13/bits/shared_ptr_base.h:611:_ZNSt23_Sp_counted_ptr_inplaceIN7rocksdb14VersionBuilder3Rep18NewestFirstBySeqNoESaIvELN9__gnu_cxx12_Lock_policyE2EE10_M_disposeEv	0	static
/usr/bin/../lib/gcc/x86_64-linux-gnu/13/../../../../include/c++/13/bits/shared_ptr_base.h:618:_ZNSt23_Sp_counted_ptr_inplaceIN7rocksdb14VersionBuilder3Rep18NewestFirstBySeqNoESaIvELN9__gnu_cxx12_Lock_policyE2EE10_M_destroyEv	0	static
/usr/bin/../lib/gcc/x86_64-linux-gnu/13/../../../../include/c++/13/bits/shared_ptr_base.h:631:_ZNSt23_Sp_counted_ptr_inplaceIN7rocksdb14VersionBuilder3Rep18NewestFirstBySeqNoESaIvELN9__gnu_cxx12_Lock_policyE2EE14_M_get_deleterERKSt9type_info	24	static
/usr/bin/../lib/gcc/x86_64-linux-gnu/13/../../../../include/c++/13/bits/shared_ptr_base.h:608:_ZNSt23_Sp_counted_ptr_inplaceIN7rocksdb14VersionBuilder3Rep13BySmallestKeyESaIvELN9__gnu_cxx12_Lock_policyE2EED0Ev	0	static
/usr/bin/../lib/gcc/x86_64-linux-gnu/13/../../../../include/c++/13/bits/shared_ptr_base.h:611:_ZNSt23_Sp_counted_ptr_inplaceIN7rocksdb14VersionBuilder3Rep13BySmallestKeyESaIvELN9__gnu_cxx12_Lock_policyE2EE10_M_disposeEv	0	static
/usr/bin/../lib/gcc/x86_64-linux-gnu/13/../../../../include/c++/13/bits/shared_ptr_base.h:618:_ZNSt23_Sp_counted_ptr_inplaceIN7rocksdb14VersionBuilder3Rep13BySmallestKeyESaIvELN9__gnu_cxx12_Lock_policyE2EE10_M_destroyEv	0	static
/usr/bin/../lib/gcc/x86_64-linux-gnu/13/../../../../include/c++/13/bits/shared_ptr_base.h:631:_ZNSt23_Sp_counted_ptr_inplaceIN7rocksdb14VersionBuilder3Rep13BySmallestKeyESaIvELN9__gnu_cxx12_Lock_policyE2EE14_M_get_deleterERKSt9type_info	24	static
/usr/bin/../lib/gcc/x86_64-linux-gnu/13/../../../../include/c++/13/bits/hashtable.h:2522:_ZNSt10_HashtableImmSaImENSt8__detail9_IdentityESt8equal_toImESt4hashImENS1_18_Mod_range_hashingENS1_20_Default_ranged_hashENS1_20_Prime_rehash_policyENS1_17_Hashtable_traitsILb0ELb1ELb1EEEE5clearEv	40	static
/usr/bin/../lib/gcc/x86_64-linux-gnu/13/../../../../include/c++/13/bits/stl_tree.h:1931:_ZNSt8_Rb_treeImSt4pairIKmN7rocksdb14VersionBuilder3Rep23MutableBlobFileMetaDataEESt10_Select1stIS6_ESt4lessImESaIS6_EE8_M_eraseEPSt13_Rb_tree_nodeIS6_E	40	static
repos/rocksdb/db/version_builder.cc:180:_ZN7rocksdb14VersionBuilder3Rep23MutableBlobFileMetaDataD2Ev	40	static
repos/rocksdb/db/version_builder.cc:108:_ZN7rocksdb14VersionBuilder3Rep21BlobFileMetaDataDeltaD2Ev	40	static
/usr/bin/../lib/gcc/x86_64-linux-gnu/13/../../../../include/c++/13/bits/shared_ptr_base.h:1524:_ZNSt12__shared_ptrIN7rocksdb22SharedBlobFileMetaDataELN9__gnu_cxx12_Lock_policyE2EED2Ev	24	static
/usr/bin/../lib/gcc/x86_64-linux-gnu/13/../../../../include/c++/13/bits/hashtable.h:2522:_ZNSt10_HashtableIiSt4pairIKiN7rocksdb11InternalKeyEESaIS4_ENSt8__detail10_Select1stESt8equal_toIiESt4hashIiENS6_18_Mod_range_hashingENS6_20_Default_ranged_hashENS6_20_Prime_rehash_policyENS6_17_Hashtable_traitsILb0ELb0ELb1EEEE5clearEv	40	static
/usr/bin/../lib/gcc/x86_64-linux-gnu/13/../../../../include/c++/13/bits/hashtable.h:2522:_ZNSt10_HashtableImSt4pairIKmiESaIS2_ENSt8__detail10_Select1stESt8equal_toImESt4hashImENS4_18_Mod_range_hashingENS4_20_Default_ranged_hashENS4_20_Prime_rehash_policyENS4_17_Hashtable_traitsILb0ELb0ELb1EEEE5clearEv	40	static
/usr/bin/../lib/gcc/x86_64-linux-gnu/13/../../../../include/c++/13/bits/hashtable.h:2522:_ZNSt10_HashtableIiSt4pairIKimESaIS2_ENSt8__detail10_Select1stESt8equal_toIiESt4hashIiENS4_18_Mod_range_hashingENS4_20_Default_ranged_hashENS4_20_Prime_rehash_policyENS4_17_Hashtable_traitsILb0ELb0ELb1EEEE5clearEv	40	static
repos/rocksdb/db/version_builder.cc:664:_ZNK7rocksdb14VersionBuilder3Rep16CheckConsistencyEPKNS_18VersionStorageInfoE	72	static
repos/rocksdb/db/version_builder.cc:738:_ZN7rocksdb14VersionBuilder3Rep21ApplyBlobFileAdditionERKNS_16BlobFileAdditionE	680	static
repos/rocksdb/db/version_builder.cc:793:_ZN7rocksdb14VersionBuilder3Rep20ApplyBlobFileGarbageERKNS_15BlobFileGarbageE	472	static
repos/rocksdb/db/version_builder.cc:848:_ZN7rocksdb14VersionBuilder3Rep17ApplyFileDeletionEim	520	static
repos/rocksdb/db/version_builder.cc:934:_ZN7rocksdb14VersionBuilder3Rep17ApplyFileAdditionEiRKNS_12FileMetaDataE	552	static
repos/rocksdb/db/version_builder.cc:1030:_ZN7rocksdb14VersionBuilder3Rep19ApplyCompactCursorsEiRKNS_11InternalKeyE	504	static
repos/rocksdb/db/version_builder.cc:518:_ZNK7rocksdb14VersionBuilder3Rep23CheckConsistencyDetailsEPKNS_18VersionStorageInfoE	632	static
repos/rocksdb/db/version_builder.cc:470:_ZNK7rocksdb14VersionBuilder3Rep31CheckConsistencyDetailsForLevelIZNKS1_23CheckConsistencyDetailsEPKNS_18VersionStorageInfoEEUlPKNS_12FileMetaDataES8_E_EENS_6StatusES5_iT_RKNSt7__cxx1112basic_stringIcSt11char_traitsIcESaIcEEEPSt13unordered_mapImSt13unordered_setImSt4hashImESt8equal_toImESaImEESN_SP_SaISt4pairIKmSR_EEE	56	static
repos/rocksdb/db/version_builder.cc:470:_ZNK7rocksdb14VersionBuilder3Rep31CheckConsistencyDetailsForLevelIZNKS1_23CheckConsistencyDetailsEPKNS_18VersionStorageInfoEEUlPKNS_12FileMetaDataES8_E0_EENS_6StatusES5_iT_RKNSt7__cxx1112basic_stringIcSt11char_traitsIcESaIcEEEPSt13unordered_mapImSt13unordered_setImSt4hashImESt8equal_toImESaImEESN_SP_SaISt4pairIKmSR_EEE	56	static
/usr/bin/../lib/gcc/x86_64-linux-gnu/13/../../../../include/c++/13/bits/unordered_map.h:109:_ZNSt13unordered_mapImSt13unordered_setImSt4hashImESt8equal_toImESaImEES2_S4_SaISt4pairIKmS6_EEED2Ev	56	static
repos/rocksdb/db/version_builder.cc:457:_ZN7rocksdb14VersionBuilder3Rep24UpdateExpectedLinkedSstsEmmPSt13unordered_mapImSt13unordered_setImSt4hashImESt8equal_toImESaImEES5_S7_SaISt4pairIKmS9_EEE	56	static
repos/rocksdb/db/version_builder.cc:530:_ZZNK7rocksdb14VersionBuilder3Rep23CheckConsistencyDetailsEPKNS_18VersionStorageInfoEENKUlPKNS_12FileMetaDataES7_E_clES7_S7_	600	static
/usr/bin/../lib/gcc/x86_64-linux-gnu/13/../../../../include/c++/13/bits/hashtable.h:2083:_ZNSt10_HashtableImmSaImENSt8__detail9_IdentityESt8equal_toImESt4hashImENS1_18_Mod_range_hashingENS1_20_Default_ranged_hashENS1_20_Prime_rehash_policyENS1_17_Hashtable_traitsILb0ELb1ELb1EEEE10_M_emplaceIJRmEEESt4pairINS1_14_Node_iteratorImLb1ELb0EEEbESt17integral_constantIbLb1EEDpOT_	24	static
/usr/bin/../lib/gcc/x86_64-linux-gnu/13/../../../../include/c++/13/bits/hashtable.h:2168:_ZNSt10_HashtableImmSaImENSt8__detail9_IdentityESt8equal_toImESt4hashImENS1_18_Mod_range_hashingENS1_20_Default_ranged_hashENS1_20_Prime_rehash_policyENS1_17_Hashtable_traitsILb0ELb1ELb1EEEE21_M_insert_unique_nodeEmmPNS1_10_Hash_nodeImLb0EEEm	56	static
/usr/bin/../lib/gcc/x86_64-linux-gnu/13/../../../../include/c++/13/bits/hashtable.h:2584:_ZNSt10_HashtableImmSaImENSt8__detail9_IdentityESt8equal_toImESt4hashImENS1_18_Mod_range_hashingENS1_20_Default_ranged_hashENS1_20_Prime_rehash_policyENS1_17_Hashtable_traitsILb0ELb1ELb1EEEE13_M_rehash_auxEmSt17integral_constantIbLb1EE	40	static
repos/rocksdb/db/version_builder.cc:594:_ZZNK7rocksdb14VersionBuilder3Rep23CheckConsistencyDetailsEPKNS_18VersionStorageInfoEENKUlPKNS_12FileMetaDataES7_E0_clES7_S7_	552	static
/usr/bin/../lib/gcc/x86_64-linux-gnu/13/../../../../include/c++/13/bits/basic_string.tcc:512:_ZNSt7__cxx1112basic_stringIcSt11char_traitsIcESaIcEE10_M_replaceEmmPKcm	56	static
/usr/bin/../lib/gcc/x86_64-linux-gnu/13/../../../../include/c++/13/bits/basic_string.tcc:326:_ZNSt7__cxx1112basic_stringIcSt11char_traitsIcESaIcEE9_M_mutateEmmPKcm	104	static
/usr/bin/../lib/gcc/x86_64-linux-gnu/13/../../../../include/c++/13/bits/basic_string.tcc:278:_ZNSt7__cxx1112basic_stringIcSt11char_traitsIcESaIcEE9_M_assignERKS4_	72	static
/usr/bin/../lib/gcc/x86_64-linux-gnu/13/../../../../include/c++/13/bits/hashtable.h:2168:_ZNSt10_HashtableImSt4pairIKmSt13unordered_setImSt4hashImESt8equal_toImESaImEEESaIS9_ENSt8__detail10_Select1stES6_S4_NSB_18_Mod_range_hashingENSB_20_Default_ranged_hashENSB_20_Prime_rehash_policyENSB_17_Hashtable_traitsILb0ELb0ELb1EEEE21_M_insert_unique_nodeEmmPNSB_10_Hash_nodeIS9_Lb0EEEm	56	static
/usr/bin/../lib/gcc/x86_64-linux-gnu/13/../../../../include/c++/13/bits/hashtable.h:311:_ZNSt10_HashtableImSt4pairIKmSt13unordered_setImSt4hashImESt8equal_toImESaImEEESaIS9_ENSt8__detail10_Select1stES6_S4_NSB_18_Mod_range_hashingENSB_20_Default_ranged_hashENSB_20_Prime_rehash_policyENSB_17_Hashtable_traitsILb0ELb0ELb1EEEE12_Scoped_nodeD2Ev	40	static
/usr/bin/../lib/gcc/x86_64-linux-gnu/13/../../../../include/c++/13/bits/hashtable.h:2584:_ZNSt10_HashtableImSt4pairIKmSt13unordered_setImSt4hashImESt8equal_toImESaImEEESaIS9_ENSt8__detail10_Select1stES6_S4_NSB_18_Mod_range_hashingENSB_20_Default_ranged_hashENSB_20_Prime_rehash_policyENSB_17_Hashtable_traitsILb0ELb0ELb1EEEE13_M_rehash_auxEmSt17integral_constantIbLb1EE	40	static
repos/rocksdb/db/version_builder.cc:706:_ZNK7rocksdb14VersionBuilder3Rep19IsBlobFileInVersionEm	24	static
repos/rocksdb/db/blob/blob_file_meta.h:38:_ZN7rocksdb22SharedBlobFileMetaData6CreateIZNS_14VersionBuilder3Rep21ApplyBlobFileAdditionERKNS_16BlobFileAdditionEEUlPS0_E_EESt10shared_ptrIS0_EmmmNSt7__cxx1112basic_stringIcSt11char_traitsIcESaIcEEESG_T_	184	static
/usr/bin/../lib/gcc/x86_64-linux-gnu/13/../../../../include/c++/13/bits/shared_ptr_base.h:1524:_ZNSt12__shared_ptrIN7rocksdb16BlobFileMetaDataELN9__gnu_cxx12_Lock_policyE2EED2Ev	24	static
repos/rocksdb/db/version_builder.cc:748:_ZZN7rocksdb14VersionBuilder3Rep21ApplyBlobFileAdditionERKNS_16BlobFileAdditionEENKUlPNS_22SharedBlobFileMetaDataEE_clES6_	136	static
/usr/bin/../lib/gcc/x86_64-linux-gnu/13/../../../../include/c++/13/bits/shared_ptr_base.h:523:_ZNSt19_Sp_counted_deleterIPN7rocksdb22SharedBlobFileMetaDataEZNS0_14VersionBuilder3Rep21ApplyBlobFileAdditionERKNS0_16BlobFileAdditionEEUlS2_E_SaIvELN9__gnu_cxx12_Lock_policyE2EED0Ev	0	static
/usr/bin/../lib/gcc/x86_64-linux-gnu/13/../../../../include/c++/13/bits/shared_ptr_base.h:526:_ZNSt19_Sp_counted_deleterIPN7rocksdb22SharedBlobFileMetaDataEZNS0_14VersionBuilder3Rep21ApplyBlobFileAdditionERKNS0_16BlobFileAdditionEEUlS2_E_SaIvELN9__gnu_cxx12_Lock_policyE2EE10_M_disposeEv	8	static
/usr/bin/../lib/gcc/x86_64-linux-gnu/13/../../../../include/c++/13/bits/shared_ptr_base.h:530:_ZNSt19_Sp_counted_deleterIPN7rocksdb22SharedBlobFileMetaDataEZNS0_14VersionBuilder3Rep21ApplyBlobFileAdditionERKNS0_16BlobFileAdditionEEUlS2_E_SaIvELN9__gnu_cxx12_Lock_policyE2EE10_M_destroyEv	0	static
/usr/bin/../lib/gcc/x86_64-linux-gnu/13/../../../../include/c++/13/bits/shared_ptr_base.h:538:_ZNSt19_Sp_counted_deleterIPN7rocksdb22SharedBlobFileMetaDataEZNS0_14VersionBuilder3Rep21ApplyBlobFileAdditionERKNS0_16BlobFileAdditionEEUlS2_E_SaIvELN9__gnu_cxx12_Lock_policyE2EE14_M_get_deleterERKSt9type_info	0	static
/usr/bin/../lib/gcc/x86_64-linux-gnu/13/../../../../include/c++/13/bits/vector.tcc:446:_ZNSt6vectorIN7rocksdb20ObsoleteBlobFileInfoESaIS1_EE17_M_realloc_insertIJRmNSt7__cxx1112basic_stringIcSt11char_traitsIcESaIcEEEEEEvN9__gnu_cxx17__normal_iteratorIPS1_S3_EEDpOT_	152	static
/usr/bin/../lib/gcc/x86_64-linux-gnu/13/../../../../include/c++/13/bits/stl_tree.h:2459:_ZNSt8_Rb_treeImSt4pairIKmN7rocksdb14VersionBuilder3Rep23MutableBlobFileMetaDataEESt10_Select1stIS6_ESt4lessImESaIS6_EE22_M_emplace_hint_uniqueIJRS1_S5_EEESt17_Rb_tree_iteratorIS6_ESt23_Rb_tree_const_iteratorIS6_EDpOT_	72	static
/usr/bin/../lib/gcc/x86_64-linux-gnu/13/../../../../include/c++/13/bits/stl_tree.h:2211:_ZNSt8_Rb_treeImSt4pairIKmN7rocksdb14VersionBuilder3Rep23MutableBlobFileMetaDataEESt10_Select1stIS6_ESt4lessImESaIS6_EE29_M_get_insert_hint_unique_posESt23_Rb_tree_const_iteratorIS6_ERS1_	56	static
/usr/bin/../lib/gcc/x86_64-linux-gnu/13/../../../../include/c++/13/bits/stl_tree.h:1640:_ZNSt8_Rb_treeImSt4pairIKmN7rocksdb14VersionBuilder3Rep23MutableBlobFileMetaDataEESt10_Select1stIS6_ESt4lessImESaIS6_EE10_Auto_nodeD2Ev	24	static
repos/rocksdb/db/version_builder.cc:180:_ZN7rocksdb14VersionBuilder3Rep23MutableBlobFileMetaDataC2EOS2_	0	static
/usr/bin/../lib/gcc/x86_64-linux-gnu/13/../../../../include/c++/13/bits/hashtable.h:2255:_ZNSt10_HashtableImmSaImENSt8__detail9_IdentityESt8equal_toImESt4hashImENS1_18_Mod_range_hashingENS1_20_Default_ranged_hashENS1_20_Prime_rehash_policyENS1_17_Hashtable_traitsILb0ELb1ELb1EEEE16_M_insert_uniqueIRKmSF_NS1_10_AllocNodeISaINS1_10_Hash_nodeImLb0EEEEEEEESt4pairINS1_14_Node_iteratorImLb1ELb0EEEbEOT_OT0_RKT1_	40	static
repos/rocksdb/db/version_builder.cc:718:_ZN7rocksdb14VersionBuilder3Rep34GetOrCreateMutableBlobFileMetaDataEm	280	static
repos/rocksdb/db/version_builder.cc:188:_ZN7rocksdb14VersionBuilder3Rep23MutableBlobFileMetaDataC2ERKSt10shared_ptrINS_16BlobFileMetaDataEE	40	static
/usr/bin/../lib/gcc/x86_64-linux-gnu/13/../../../../include/c++/13/bits/stl_tree.h:2459:_ZNSt8_Rb_treeImSt4pairIKmN7rocksdb14VersionBuilder3Rep23MutableBlobFileMetaDataEESt10_Select1stIS6_ESt4lessImESaIS6_EE22_M_emplace_hint_uniqueIJRmS5_EEESt17_Rb_tree_iteratorIS6_ESt23_Rb_tree_const_iteratorIS6_EDpOT_	72	static
/usr/bin/../lib/gcc/x86_64-linux-gnu/13/../../../../include/c++/13/bits/hashtable.h:1358:_ZNSt10_HashtableImmSaImENSt8__detail9_IdentityESt8equal_toImESt4hashImENS1_18_Mod_range_hashingENS1_20_Default_ranged_hashENS1_20_Prime_rehash_policyENS1_17_Hashtable_traitsILb0ELb1ELb1EEEE9_M_assignIRKSC_NS1_10_AllocNodeISaINS1_10_Hash_nodeImLb0EEEEEEEEvOT_RKT0_	56	static
repos/rocksdb/db/version_builder.cc:816:_ZNK7rocksdb14VersionBuilder3Rep27GetCurrentLevelForTableFileEm	0	static
repos/rocksdb/db/version_builder.cc:430:_ZN7rocksdb14VersionBuilder3Rep9UnrefFileEPNS_12FileMetaDataE	40	static
/usr/bin/../lib/gcc/x86_64-linux-gnu/13/../../../../include/c++/13/bits/vector.tcc:112:_ZNSt6vectorINSt7__cxx1112basic_stringIcSt11char_traitsIcESaIcEEESaIS5_EE12emplace_backIJS5_EEERS5_DpOT_	40	static
/usr/bin/../lib/gcc/x86_64-linux-gnu/13/../../../../include/c++/13/bits/unordered_set.h:535:_ZNSt13unordered_setImSt4hashImESt8equal_toImESaImEE5eraseENSt8__detail14_Node_iteratorImLb1ELb0EEE	24	static
/usr/bin/../lib/gcc/x86_64-linux-gnu/13/../../../../include/c++/13/bits/hashtable.h:2168:_ZNSt10_HashtableIiSt4pairIKimESaIS2_ENSt8__detail10_Select1stESt8equal_toIiESt4hashIiENS4_18_Mod_range_hashingENS4_20_Default_ranged_hashENS4_20_Prime_rehash_policyENS4_17_Hashtable_traitsILb0ELb0ELb1EEEE21_M_insert_unique_nodeEmmPNS4_10_Hash_nodeIS2_Lb0EEEm	56	static
/usr/bin/../lib/gcc/x86_64-linux-gnu/13/../../../../include/c++/13/bits/hashtable.h:2584:_ZNSt10_HashtableIiSt4pairIKimESaIS2_ENSt8__detail10_Select1stESt8equal_toIiESt4hashIiENS4_18_Mod_range_hashingENS4_20_Default_ranged_hashENS4_20_Prime_rehash_policyENS4_17_Hashtable_traitsILb0ELb0ELb1EEEE13_M_rehash_auxEmSt17integral_constantIbLb1EE	40	static
/usr/bin/../lib/gcc/x86_64-linux-gnu/13/../../../../include/c++/13/bits/hashtable.h:2168:_ZNSt10_HashtableImSt4pairIKmiESaIS2_ENSt8__detail10_Select1stESt8equal_toImESt4hashImENS4_18_Mod_range_hashingENS4_20_Default_ranged_hashENS4_20_Prime_rehash_policyENS4_17_Hashtable_traitsILb0ELb0ELb1EEEE21_M_insert_unique_nodeEmmPNS4_10_Hash_nodeIS2_Lb0EEEm	56	static
/usr/bin/../lib/gcc/x86_64-linux-gnu/13/../../../../include/c++/13/bits/hashtable.h:2584:_ZNSt10_HashtableImSt4pairIKmiESaIS2_ENSt8__detail10_Select1stESt8equal_toImESt4hashImENS4_18_Mod_range_hashingENS4_20_Default_ranged_hashENS4_20_Prime_rehash_policyENS4_17_Hashtable_traitsILb0ELb0ELb1EEEE13_M_rehash_auxEmSt17integral_constantIbLb1EE	40	static
repos/rocksdb/db/version_builder.cc:152:_ZN7rocksdb14VersionBuilder3Rep21BlobFileMetaDataDelta9UnlinkSstEm	40	static
/usr/bin/../lib/gcc/x86_64-linux-gnu/13/../../../../include/c++/13/bits/hashtable.h:2366:_ZNSt10_HashtableImmSaImENSt8__detail9_IdentityESt8equal_toImESt4hashImENS1_18_Mod_range_hashingENS1_20_Default_ranged_hashENS1_20_Prime_rehash_policyENS1_17_Hashtable_traitsILb0ELb1ELb1EEEE8_M_eraseESt17integral_constantIbLb1EERKm	40	static
/usr/bin/../lib/gcc/x86_64-linux-gnu/13/../../../../include/c++/13/bits/vector.tcc:446:_ZNSt6vectorINSt7__cxx1112basic_stringIcSt11char_traitsIcESaIcEEESaIS5_EE17_M_realloc_insertIJS5_EEEvN9__gnu_cxx17__normal_iteratorIPS5_S7_EEDpOT_	88	static
repos/rocksdb/db/version_edit.h:195:_ZN7rocksdb12FileMetaDataC2ERKS0_	72	static
/usr/bin/../lib/gcc/x86_64-linux-gnu/13/../../../../include/c++/13/bits/basic_string.h:3528:_ZSt12__str_concatINSt7__cxx1112basic_stringIcSt11char_traitsIcESaIcEEEET_PKNS6_10value_typeENS6_9size_typeES9_SA_RKNS6_14allocator_typeE	72	static
/usr/bin/../lib/gcc/x86_64-linux-gnu/13/../../../../include/c++/13/bits/hashtable.h:2083:_ZNSt10_HashtableImSt4pairIKmPN7rocksdb12FileMetaDataEESaIS5_ENSt8__detail10_Select1stESt8equal_toImESt4hashImENS7_18_Mod_range_hashingENS7_20_Default_ranged_hashENS7_20_Prime_rehash_policyENS7_17_Hashtable_traitsILb0ELb0ELb1EEEE10_M_emplaceIJRS1_RKS4_EEES0_INS7_14_Node_iteratorIS5_Lb0ELb0EEEbESt17integral_constantIbLb1EEDpOT_	40	static
/usr/bin/../lib/gcc/x86_64-linux-gnu/13/../../../../include/c++/13/bits/hashtable.h:2168:_ZNSt10_HashtableImSt4pairIKmPN7rocksdb12FileMetaDataEESaIS5_ENSt8__detail10_Select1stESt8equal_toImESt4hashImENS7_18_Mod_range_hashingENS7_20_Default_ranged_hashENS7_20_Prime_rehash_policyENS7_17_Hashtable_traitsILb0ELb0ELb1EEEE21_M_insert_unique_nodeEmmPNS7_10_Hash_nodeIS5_Lb0EEEm	56	static
/usr/bin/../lib/gcc/x86_64-linux-gnu/13/../../../../include/c++/13/bits/hashtable.h:2584:_ZNSt10_HashtableImSt4pairIKmPN7rocksdb12FileMetaDataEESaIS5_ENSt8__detail10_Select1stESt8equal_toImESt4hashImENS7_18_Mod_range_hashingENS7_20_Default_ranged_hashENS7_20_Prime_rehash_policyENS7_17_Hashtable_traitsILb0ELb0ELb1EEEE13_M_rehash_auxEmSt17integral_constantIbLb1EE	40	static
repos/rocksdb/db/version_builder.cc:136:_ZN7rocksdb14VersionBuilder3Rep21BlobFileMetaDataDelta7LinkSstEm	40	static
/usr/bin/../lib/gcc/x86_64-linux-gnu/13/../../../../include/c++/13/bits/hashtable.h:2168:_ZNSt10_HashtableIiSt4pairIKiN7rocksdb11InternalKeyEESaIS4_ENSt8__detail10_Select1stESt8equal_toIiESt4hashIiENS6_18_Mod_range_hashingENS6_20_Default_ranged_hashENS6_20_Prime_rehash_policyENS6_17_Hashtable_traitsILb0ELb0ELb1EEEE21_M_insert_unique_nodeEmmPNS6_10_Hash_nodeIS4_Lb0EEEm	56	static
/usr/bin/../lib/gcc/x86_64-linux-gnu/13/../../../../include/c++/13/bits/hashtable.h:311:_ZNSt10_HashtableIiSt4pairIKiN7rocksdb11InternalKeyEESaIS4_ENSt8__detail10_Select1stESt8equal_toIiESt4hashIiENS6_18_Mod_range_hashingENS6_20_Default_ranged_hashENS6_20_Prime_rehash_policyENS6_17_Hashtable_traitsILb0ELb0ELb1EEEE12_Scoped_nodeD2Ev	24	static
/usr/bin/../lib/gcc/x86_64-linux-gnu/13/../../../../include/c++/13/bits/hashtable.h:2584:_ZNSt10_HashtableIiSt4pairIKiN7rocksdb11InternalKeyEESaIS4_ENSt8__detail10_Select1stESt8equal_toIiESt4hashIiENS6_18_Mod_range_hashingENS6_20_Default_ranged_hashENS6_20_Prime_rehash_policyENS6_17_Hashtable_traitsILb0ELb0ELb1EEEE13_M_rehash_auxEmSt17integral_constantIbLb1EE	40	static
repos/rocksdb/db/version_builder.cc:1475:_ZNK7rocksdb14VersionBuilder3Rep14SaveSSTFilesToEPNS_18VersionStorageInfoE	40	static
repos/rocksdb/db/version_builder.cc:1299:_ZNK7rocksdb14VersionBuilder3Rep15SaveBlobFilesToEPNS_18VersionStorageInfoE	104	static
repos/rocksdb/db/version_builder.cc:1417:_ZNK7rocksdb14VersionBuilder3Rep14SaveSSTFilesToINS1_18NewestFirstBySeqNoEEEvPNS_18VersionStorageInfoEiT_	136	static
repos/rocksdb/db/version_builder.cc:1417:_ZNK7rocksdb14VersionBuilder3Rep14SaveSSTFilesToINS1_24NewestFirstByEpochNumberEEEvPNS_18VersionStorageInfoEiT_	136	static
repos/rocksdb/db/version_builder.cc:1417:_ZNK7rocksdb14VersionBuilder3Rep14SaveSSTFilesToINS1_13BySmallestKeyEEEvPNS_18VersionStorageInfoEiT_	152	static
repos/rocksdb/db/version_builder.cc:1430:_ZNK7rocksdb14VersionBuilder3Rep31MergeUnorderdAddedFilesWithBaseINS1_18NewestFirstBySeqNoEZNKS1_14SaveSSTFilesToIS3_EEvPNS_18VersionStorageInfoEiT_EUlPNS_12FileMetaDataEE_EEvRKSt6vectorIS9_SaIS9_EERKSt13unordered_mapImS9_St4hashImESt8equal_toImESaISt4pairIKmS9_EEES7_T0_	72	static
/usr/bin/../lib/gcc/x86_64-linux-gnu/13/../../../../include/c++/13/bits/stl_algo.h:1918:_ZSt16__introsort_loopIN9__gnu_cxx17__normal_iteratorIPPN7rocksdb12FileMetaDataESt6vectorIS4_SaIS4_EEEElNS0_5__ops15_Iter_comp_iterINS2_14VersionBuilder3Rep18NewestFirstBySeqNoEEEEvT_SG_T0_T1_	72	static
/usr/bin/../lib/gcc/x86_64-linux-gnu/13/../../../../include/c++/13/bits/stl_algo.h:1854:_ZSt22__final_insertion_sortIN9__gnu_cxx17__normal_iteratorIPPN7rocksdb12FileMetaDataESt6vectorIS4_SaIS4_EEEENS0_5__ops15_Iter_comp_iterINS2_14VersionBuilder3Rep18NewestFirstBySeqNoEEEEvT_SG_T0_	72	static
/usr/bin/../lib/gcc/x86_64-linux-gnu/13/../../../../include/c++/13/bits/stl_heap.h:224:_ZSt13__adjust_heapIN9__gnu_cxx17__normal_iteratorIPPN7rocksdb12FileMetaDataESt6vectorIS4_SaIS4_EEEElS4_NS0_5__ops15_Iter_comp_iterINS2_14VersionBuilder3Rep18NewestFirstBySeqNoEEEEvT_T0_SH_T1_T2_	8	static
/usr/bin/../lib/gcc/x86_64-linux-gnu/13/../../../../include/c++/13/bits/stl_algo.h:85:_ZSt22__move_median_to_firstIN9__gnu_cxx17__normal_iteratorIPPN7rocksdb12FileMetaDataESt6vectorIS4_SaIS4_EEEENS0_5__ops15_Iter_comp_iterINS2_14VersionBuilder3Rep18NewestFirstBySeqNoEEEEvT_SG_SG_SG_T0_	32	static
repos/rocksdb/db/version_builder.cc:1363:_ZNK7rocksdb14VersionBuilder3Rep12MaybeAddFileEPNS_18VersionStorageInfoEiPNS_12FileMetaDataE	24	static
repos/rocksdb/db/version_builder.cc:1430:_ZNK7rocksdb14VersionBuilder3Rep31MergeUnorderdAddedFilesWithBaseINS1_24NewestFirstByEpochNumberEZNKS1_14SaveSSTFilesToIS3_EEvPNS_18VersionStorageInfoEiT_EUlPNS_12FileMetaDataEE_EEvRKSt6vectorIS9_SaIS9_EERKSt13unordered_mapImS9_St4hashImESt8equal_toImESaISt4pairIKmS9_EEES7_T0_	72	static
/usr/bin/../lib/gcc/x86_64-linux-gnu/13/../../../../include/c++/13/bits/stl_algo.h:1918:_ZSt16__introsort_loopIN9__gnu_cxx17__normal_iteratorIPPN7rocksdb12FileMetaDataESt6vectorIS4_SaIS4_EEEElNS0_5__ops15_Iter_comp_iterINS2_14VersionBuilder3Rep24NewestFirstByEpochNumberEEEEvT_SG_T0_T1_	72	static
/usr/bin/../lib/gcc/x86_64-linux-gnu/13/../../../../include/c++/13/bits/stl_heap.h:224:_ZSt13__adjust_heapIN9__gnu_cxx17__normal_iteratorIPPN7rocksdb12FileMetaDataESt6vectorIS4_SaIS4_EEEElS4_NS0_5__ops15_Iter_comp_iterINS2_14VersionBuilder3Rep24NewestFirstByEpochNumberEEEEvT_T0_SH_T1_T2_	8	static
/usr/bin/../lib/gcc/x86_64-linux-gnu/13/../../../../include/c++/13/bits/stl_algo.h:85:_ZSt22__move_median_to_firstIN9__gnu_cxx17__normal_iteratorIPPN7rocksdb12FileMetaDataESt6vectorIS4_SaIS4_EEEENS0_5__ops15_Iter_comp_iterINS2_14VersionBuilder3Rep24NewestFirstByEpochNumberEEEEvT_SG_SG_SG_T0_	32	static
/usr/bin/../lib/gcc/x86_64-linux-gnu/13/../../../../include/c++/13/bits/stl_algo.h:1812:_ZSt16__insertion_sortIN9__gnu_cxx17__normal_iteratorIPPN7rocksdb12FileMetaDataESt6vectorIS4_SaIS4_EEEENS0_5__ops15_Iter_comp_iterINS2_14VersionBuilder3Rep24NewestFirstByEpochNumberEEEEvT_SG_T0_	56	static
repos/rocksdb/db/version_builder.cc:1430:_ZNK7rocksdb14VersionBuilder3Rep31MergeUnorderdAddedFilesWithBaseINS1_13BySmallestKeyEZNKS1_14SaveSSTFilesToIS3_EEvPNS_18VersionStorageInfoEiT_EUlPNS_12FileMetaDataEE_EEvRKSt6vectorIS9_SaIS9_EERKSt13unordered_mapImS9_St4hashImESt8equal_toImESaISt4pairIKmS9_EEES7_T0_	184	static
/usr/bin/../lib/gcc/x86_64-linux-gnu/13/../../../../include/c++/13/bits/stl_algo.h:1918:_ZSt16__introsort_loopIN9__gnu_cxx17__normal_iteratorIPPN7rocksdb12FileMetaDataESt6vectorIS4_SaIS4_EEEElNS0_5__ops15_Iter_comp_iterINS2_14VersionBuilder3Rep13BySmallestKeyEEEEvT_SG_T0_T1_	72	static
/usr/bin/../lib/gcc/x86_64-linux-gnu/13/../../../../include/c++/13/bits/stl_heap.h:224:_ZSt13__adjust_heapIN9__gnu_cxx17__normal_iteratorIPPN7rocksdb12FileMetaDataESt6vectorIS4_SaIS4_EEEElS4_NS0_5__ops15_Iter_comp_iterINS2_14VersionBuilder3Rep13BySmallestKeyEEEEvT_T0_SH_T1_T2_	168	static
/usr/bin/../lib/gcc/x86_64-linux-gnu/13/../../../../include/c++/13/bits/stl_heap.h:135:_ZSt11__push_heapIN9__gnu_cxx17__normal_iteratorIPPN7rocksdb12FileMetaDataESt6vectorIS4_SaIS4_EEEElS4_NS0_5__ops14_Iter_comp_valINS2_14VersionBuilder3Rep13BySmallestKeyEEEEvT_T0_SH_T1_RT2_	152	static
/usr/bin/../lib/gcc/x86_64-linux-gnu/13/../../../../include/c++/13/bits/stl_algo.h:85:_ZSt22__move_median_to_firstIN9__gnu_cxx17__normal_iteratorIPPN7rocksdb12FileMetaDataESt6vectorIS4_SaIS4_EEEENS0_5__ops15_Iter_comp_iterINS2_14VersionBuilder3Rep13BySmallestKeyEEEEvT_SG_SG_SG_T0_	136	static
/usr/bin/../lib/gcc/x86_64-linux-gnu/13/../../../../include/c++/13/bits/stl_algo.h:1871:_ZSt21__unguarded_partitionIN9__gnu_cxx17__normal_iteratorIPPN7rocksdb12FileMetaDataESt6vectorIS4_SaIS4_EEEENS0_5__ops15_Iter_comp_iterINS2_14VersionBuilder3Rep13BySmallestKeyEEEET_SG_SG_SG_T0_	136	static
/usr/bin/../lib/gcc/x86_64-linux-gnu/13/../../../../include/c++/13/bits/stl_algo.h:1812:_ZSt16__insertion_sortIN9__gnu_cxx17__normal_iteratorIPPN7rocksdb12FileMetaDataESt6vectorIS4_SaIS4_EEEENS0_5__ops15_Iter_comp_iterINS2_14VersionBuilder3Rep13BySmallestKeyEEEEvT_SG_T0_	152	static
/usr/bin/../lib/gcc/x86_64-linux-gnu/13/../../../../include/c++/13/bits/stl_algo.h:1792:_ZSt25__unguarded_linear_insertIN9__gnu_cxx17__normal_iteratorIPPN7rocksdb12FileMetaDataESt6vectorIS4_SaIS4_EEEENS0_5__ops14_Val_comp_iterINS2_14VersionBuilder3Rep13BySmallestKeyEEEEvT_T0_	120	static
repos/rocksdb/db/version_builder.cc:1132:_ZNK7rocksdb14VersionBuilder3Rep18MergeBlobFileMetasIZNKS1_15SaveBlobFilesToEPNS_18VersionStorageInfoEEUlRKSt10shared_ptrINS_16BlobFileMetaDataEEE_ZNKS1_15SaveBlobFilesToES4_EUlRKNS1_23MutableBlobFileMetaDataEE_ZNKS1_15SaveBlobFilesToES4_EUlS9_SD_E_EEvmT_T0_T1_	104	static
repos/rocksdb/db/version_builder.cc:1132:_ZNK7rocksdb14VersionBuilder3Rep18MergeBlobFileMetasIZNKS1_26GetMinOldestBlobFileNumberEvEUlRKSt10shared_ptrINS_16BlobFileMetaDataEEE_ZNKS1_26GetMinOldestBlobFileNumberEvEUlRKNS1_23MutableBlobFileMetaDataEE_ZNKS1_26GetMinOldestBlobFileNumberEvEUlS7_SB_E_EEvmT_T0_T1_	72	static
repos/rocksdb/db/version_builder.cc:1334:_ZZNK7rocksdb14VersionBuilder3Rep15SaveBlobFilesToEPNS_18VersionStorageInfoEENKUlRKSt10shared_ptrINS_16BlobFileMetaDataEERKNS1_23MutableBlobFileMetaDataEE_clES8_SB_	56	static
repos/rocksdb/db/version_builder.cc:1272:_ZNK7rocksdb14VersionBuilder3Rep19AddBlobFileIfNeededIRKSt10shared_ptrINS_16BlobFileMetaDataEEEEvPNS_18VersionStorageInfoEOT_m	56	static
repos/rocksdb/db/version_builder.cc:1272:_ZNK7rocksdb14VersionBuilder3Rep19AddBlobFileIfNeededISt10shared_ptrINS_16BlobFileMetaDataEEEEvPNS_18VersionStorageInfoEOT_m	56	static
repos/rocksdb/db/version_builder.cc:1254:_ZN7rocksdb14VersionBuilder3Rep22CreateBlobFileMetaDataERKNS1_23MutableBlobFileMetaDataE	136	static
repos/rocksdb/db/blob/blob_file_meta.h:98:_ZN7rocksdb16BlobFileMetaData6CreateESt10shared_ptrINS_22SharedBlobFileMetaDataEESt13unordered_setImSt4hashImESt8equal_toImESaImEEmm	136	static
/usr/bin/../lib/gcc/x86_64-linux-gnu/13/../../../../include/c++/13/bits/shared_ptr_base.h:913:_ZNSt14__shared_countILN9__gnu_cxx12_Lock_policyE2EEC2IPN7rocksdb16BlobFileMetaDataEEET_	24	static
repos/rocksdb/db/blob/blob_file_meta.h:94:_ZN7rocksdb16BlobFileMetaDataD2Ev	40	static
/usr/bin/../lib/gcc/x86_64-linux-gnu/13/../../../../include/c++/13/bits/shared_ptr_base.h:133:_ZNSt16_Sp_counted_baseILN9__gnu_cxx12_Lock_policyE2EED2Ev	0	static
/usr/bin/../lib/gcc/x86_64-linux-gnu/13/../../../../include/c++/13/bits/shared_ptr_base.h:419:_ZNSt15_Sp_counted_ptrIPN7rocksdb16BlobFileMetaDataELN9__gnu_cxx12_Lock_policyE2EED0Ev	0	static
/usr/bin/../lib/gcc/x86_64-linux-gnu/13/../../../../include/c++/13/bits/shared_ptr_base.h:427:_ZNSt15_Sp_counted_ptrIPN7rocksdb16BlobFileMetaDataELN9__gnu_cxx12_Lock_policyE2EE10_M_disposeEv	40	static
/usr/bin/../lib/gcc/x86_64-linux-gnu/13/../../../../include/c++/13/bits/shared_ptr_base.h:431:_ZNSt15_Sp_counted_ptrIPN7rocksdb16BlobFileMetaDataELN9__gnu_cxx12_Lock_policyE2EE10_M_destroyEv	0	static
/usr/bin/../lib/gcc/x86_64-linux-gnu/13/../../../../include/c++/13/bits/shared_ptr_base.h:435:_ZNSt15_Sp_counted_ptrIPN7rocksdb16BlobFileMetaDataELN9__gnu_cxx12_Lock_policyE2EE14_M_get_deleterERKSt9type_info	0	static
/usr/bin/../lib/gcc/x86_64-linux-gnu/13/../../../../include/c++/13/bits/stl_vector.h:733:_ZNSt6vectorISt6threadSaIS0_EED2Ev	8	static
/usr/bin/../lib/gcc/x86_64-linux-gnu/13/../../../../include/c++/13/bits/stl_vector.h:733:_ZNSt6vectorIN7rocksdb6StatusESaIS1_EED2Ev	40	static
/usr/bin/../lib/gcc/x86_64-linux-gnu/13/../../../../include/c++/13/bits/vector.tcc:446:_ZNSt6vectorIN7rocksdb6StatusESaIS1_EE17_M_realloc_insertIJS1_EEEvN9__gnu_cxx17__normal_iteratorIPS1_S3_EEDpOT_	72	static
/usr/bin/../lib/gcc/x86_64-linux-gnu/13/../../../../include/c++/13/bits/std_function.h:288:_ZNSt17_Function_handlerIFvvEZN7rocksdb14VersionBuilder3Rep17LoadTableHandlersEPNS1_13InternalStatsEibbRKNS1_16MutableCFOptionsEmRKNS1_11ReadOptionsEEUlvE_E9_M_invokeERKSt9_Any_data	0	static
/usr/bin/../lib/gcc/x86_64-linux-gnu/13/../../../../include/c++/13/bits/std_function.h:267:_ZNSt17_Function_handlerIFvvEZN7rocksdb14VersionBuilder3Rep17LoadTableHandlersEPNS1_13InternalStatsEibbRKNS1_16MutableCFOptionsEmRKNS1_11ReadOptionsEEUlvE_E10_M_managerERSt9_Any_dataRKSE_St18_Manager_operation	24	static
repos/rocksdb/db/version_builder.cc:1707:_ZZN7rocksdb14VersionBuilder3Rep17LoadTableHandlersEPNS_13InternalStatsEibbRKNS_16MutableCFOptionsEmRKNS_11ReadOptionsEENKUlvE_clEv	88	static
/usr/bin/../lib/gcc/x86_64-linux-gnu/13/../../../../include/c++/13/bits/vector.tcc:446:_ZNSt6vectorISt6threadSaIS0_EE17_M_realloc_insertIJRSt8functionIFvvEEEEEvN9__gnu_cxx17__normal_iteratorIPS0_S2_EEDpOT_	72	static
/usr/bin/../lib/gcc/x86_64-linux-gnu/13/../../../../include/c++/13/bits/std_thread.h:154:_ZNSt6threadC2IRSt8functionIFvvEEJEvEEOT_DpOT0_	56	static
/usr/bin/../lib/gcc/x86_64-linux-gnu/13/../../../../include/c++/13/bits/std_thread.h:143:_ZNSt6thread24_M_thread_deps_never_runEv	0	static
/usr/bin/../lib/gcc/x86_64-linux-gnu/13/../../../../include/c++/13/bits/std_thread.h:234:_ZNSt6thread11_State_implINS_8_InvokerISt5tupleIJSt8functionIFvvEEEEEEED2Ev	24	static
/usr/bin/../lib/gcc/x86_64-linux-gnu/13/../../../../include/c++/13/bits/std_thread.h:234:_ZNSt6thread11_State_implINS_8_InvokerISt5tupleIJSt8functionIFvvEEEEEEED0Ev	24	static
/usr/bin/../lib/gcc/x86_64-linux-gnu/13/../../../../include/c++/13/bits/std_thread.h:244:_ZNSt6thread11_State_implINS_8_InvokerISt5tupleIJSt8functionIFvvEEEEEEE6_M_runEv	8	static
repos/rocksdb/db/version_builder.cc:413:_ZN7rocksdb14VersionBuilder3RepD2Ev	72	static
/usr/bin/../lib/gcc/x86_64-linux-gnu/13/../../../../include/c++/13/bits/hashtable.h:2522:_ZNSt10_HashtableImSt4pairIKmPN7rocksdb12FileMetaDataEESaIS5_ENSt8__detail10_Select1stESt8equal_toImESt4hashImENS7_18_Mod_range_hashingENS7_20_Default_ranged_hashENS7_20_Prime_rehash_policyENS7_17_Hashtable_traitsILb0ELb0ELb1EEEE5clearEv	40	static
repos/rocksdb/db/version_builder.cc:1540:_ZNK7rocksdb14VersionBuilder3Rep25MissingL0FilesAreL0SuffixEv	136	static
repos/rocksdb/db/version_builder.cc:1585:_ZNK7rocksdb14VersionBuilder3Rep36RemainingSstFilesNotMissingBlobFilesEv	56	static
repos/rocksdb/db/version_builder.cc:1430:_ZNK7rocksdb14VersionBuilder3Rep31MergeUnorderdAddedFilesWithBaseINS1_18NewestFirstBySeqNoEZNKS1_25MissingL0FilesAreL0SuffixEvEUlPNS_12FileMetaDataEE_EEvRKSt6vectorIS5_SaIS5_EERKSt13unordered_mapImS5_St4hashImESt8equal_toImESaISt4pairIKmS5_EEET_T0_	104	static
repos/rocksdb/db/version_builder.cc:1430:_ZNK7rocksdb14VersionBuilder3Rep31MergeUnorderdAddedFilesWithBaseINS1_24NewestFirstByEpochNumberEZNKS1_25MissingL0FilesAreL0SuffixEvEUlPNS_12FileMetaDataEE0_EEvRKSt6vectorIS5_SaIS5_EERKSt13unordered_mapImS5_St4hashImESt8equal_toImESaISt4pairIKmS5_EEET_T0_	104	static
repos/rocksdb/db/version_builder.cc:368:_ZN7rocksdb14VersionBuilder3RepC2ERKS1_	136	static
/usr/bin/../lib/gcc/x86_64-linux-gnu/13/../../../../include/c++/13/bits/hashtable.h:1358:_ZNSt10_HashtableIiSt4pairIKimESaIS2_ENSt8__detail10_Select1stESt8equal_toIiESt4hashIiENS4_18_Mod_range_hashingENS4_20_Default_ranged_hashENS4_20_Prime_rehash_policyENS4_17_Hashtable_traitsILb0ELb0ELb1EEEE9_M_assignIRKSF_NS4_10_AllocNodeISaINS4_10_Hash_nodeIS2_Lb0EEEEEEEEvOT_RKT0_	56	static
/usr/bin/../lib/gcc/x86_64-linux-gnu/13/../../../../include/c++/13/bits/hashtable.h:1358:_ZNSt10_HashtableImSt4pairIKmiESaIS2_ENSt8__detail10_Select1stESt8equal_toImESt4hashImENS4_18_Mod_range_hashingENS4_20_Default_ranged_hashENS4_20_Prime_rehash_policyENS4_17_Hashtable_traitsILb0ELb0ELb1EEEE9_M_assignIRKSF_NS4_10_AllocNodeISaINS4_10_Hash_nodeIS2_Lb0EEEEEEEEvOT_RKT0_	56	static
/usr/bin/../lib/gcc/x86_64-linux-gnu/13/../../../../include/c++/13/bits/hashtable.h:1358:_ZNSt10_HashtableIiSt4pairIKiN7rocksdb11InternalKeyEESaIS4_ENSt8__detail10_Select1stESt8equal_toIiESt4hashIiENS6_18_Mod_range_hashingENS6_20_Default_ranged_hashENS6_20_Prime_rehash_policyENS6_17_Hashtable_traitsILb0ELb0ELb1EEEE9_M_assignIRKSH_NS6_10_AllocNodeISaINS6_10_Hash_nodeIS4_Lb0EEEEEEEEvOT_RKT0_	56	static
/usr/bin/../lib/gcc/x86_64-linux-gnu/13/../../../../include/c++/13/bits/hashtable_policy.h:1987:_ZNSt8__detail16_Hashtable_allocISaINS_10_Hash_nodeISt4pairIKiN7rocksdb11InternalKeyEELb0EEEEE16_M_allocate_nodeIJRKS6_EEEPS7_DpOT_	40	static
/usr/bin/../lib/gcc/x86_64-linux-gnu/13/../../../../include/c++/13/bits/stl_tree.h:1893:_ZNSt8_Rb_treeImSt4pairIKmN7rocksdb14VersionBuilder3Rep23MutableBlobFileMetaDataEESt10_Select1stIS6_ESt4lessImESaIS6_EE7_M_copyILb0ENSC_11_Alloc_nodeEEEPSt13_Rb_tree_nodeIS6_ESH_PSt18_Rb_tree_node_baseRT0_	56	static
repos/rocksdb/db/version_builder.cc:180:_ZN7rocksdb14VersionBuilder3Rep23MutableBlobFileMetaDataC2ERKS2_	40	static
/usr/bin/../lib/gcc/x86_64-linux-gnu/13/../../../../include/c++/13/bits/stl_uninitialized.h:113:_ZSt16__do_uninit_copyIN9__gnu_cxx17__normal_iteratorIPKNSt7__cxx1112basic_stringIcSt11char_traitsIcESaIcEEESt6vectorIS7_SaIS7_EEEEPS7_ET0_T_SG_SF_	72	static
/usr/bin/../lib/gcc/x86_64-linux-gnu/13/../../../../include/c++/13/bits/hashtable.h:1307:_ZNSt10_HashtableImmSaImENSt8__detail9_IdentityESt8equal_toImESt4hashImENS1_18_Mod_range_hashingENS1_20_Default_ranged_hashENS1_20_Prime_rehash_policyENS1_17_Hashtable_traitsILb0ELb1ELb1EEEE18_M_assign_elementsIRKSC_EEvOT_	88	static
/usr/bin/../lib/gcc/x86_64-linux-gnu/13/../../../../include/c++/13/bits/hashtable.h:1358:_ZNSt10_HashtableImmSaImENSt8__detail9_IdentityESt8equal_toImESt4hashImENS1_18_Mod_range_hashingENS1_20_Default_ranged_hashENS1_20_Prime_rehash_policyENS1_17_Hashtable_traitsILb0ELb1ELb1EEEE9_M_assignIRKSC_NS1_17_ReuseOrAllocNodeISaINS1_10_Hash_nodeImLb0EEEEEEEEvOT_RKT0_	56	static
/usr/bin/../lib/gcc/x86_64-linux-gnu/13/../../../../include/c++/13/bits/hashtable.h:1307:_ZNSt10_HashtableImSt4pairIKmPN7rocksdb12FileMetaDataEESaIS5_ENSt8__detail10_Select1stESt8equal_toImESt4hashImENS7_18_Mod_range_hashingENS7_20_Default_ranged_hashENS7_20_Prime_rehash_policyENS7_17_Hashtable_traitsILb0ELb0ELb1EEEE18_M_assign_elementsIRKSI_EEvOT_	88	static
/usr/bin/../lib/gcc/x86_64-linux-gnu/13/../../../../include/c++/13/bits/hashtable.h:1358:_ZNSt10_HashtableImSt4pairIKmPN7rocksdb12FileMetaDataEESaIS5_ENSt8__detail10_Select1stESt8equal_toImESt4hashImENS7_18_Mod_range_hashingENS7_20_Default_ranged_hashENS7_20_Prime_rehash_policyENS7_17_Hashtable_traitsILb0ELb0ELb1EEEE9_M_assignIRKSI_NS7_17_ReuseOrAllocNodeISaINS7_10_Hash_nodeIS5_Lb0EEEEEEEEvOT_RKT0_	56	static
repos/rocksdb/db/version_builder.cc:0:_GLOBAL__sub_I_version_builder.cc	40	static
