repos/rocksdb/util/xxhash.h:2204:ROCKSDB_XXH_versionNumber	0	static
repos/rocksdb/util/xxhash.h:2448:ROCKSDB_XXH32	0	static
repos/rocksdb/util/xxhash.h:2471:ROCKSDB_XXH32_createState	0	static
repos/rocksdb/util/xxhash.h:2476:ROCKSDB_XXH32_freeState	8	static
repos/rocksdb/util/xxhash.h:2483:ROCKSDB_XXH32_copyState	0	static
repos/rocksdb/util/xxhash.h:2489:ROCKSDB_XXH32_reset	0	static
repos/rocksdb/util/xxhash.h:2503:ROCKSDB_XXH32_update	40	static
repos/rocksdb/util/xxhash.h:2557:ROCKSDB_XXH32_digest	0	static
repos/rocksdb/util/xxhash.h:2592:ROCKSDB_XXH32_canonicalFromHash	0	static
repos/rocksdb/util/xxhash.h:2599:ROCKSDB_XXH32_hashFromCanonical	0	static
repos/rocksdb/util/xxhash.h:2891:ROCKSDB_XXH64	48	static
repos/rocksdb/util/xxhash.h:2913:ROCKSDB_XXH64_createState	0	static
repos/rocksdb/util/xxhash.h:2918:ROCKSDB_XXH64_freeState	8	static
repos/rocksdb/util/xxhash.h:2925:ROCKSDB_XXH64_copyState	0	static
repos/rocksdb/util/xxhash.h:2931:ROCKSDB_XXH64_reset	0	static
repos/rocksdb/util/xxhash.h:2944:ROCKSDB_XXH64_update	40	static
repos/rocksdb/util/xxhash.h:2995:ROCKSDB_XXH64_digest	32	static
repos/rocksdb/util/xxhash.h:3018:ROCKSDB_XXH64_canonicalFromHash	0	static
repos/rocksdb/util/xxhash.h:3026:ROCKSDB_XXH64_hashFromCanonical	0	static
repos/rocksdb/util/xxhash.h:5318:ROCKSDB_XXH3_64bits	0	static
repos/rocksdb/util/xxhash.h:5238:_ZL25XXH3_hashLong_64b_defaultPKvmmPKhm	0	static
repos/rocksdb/util/xxhash.h:5325:ROCKSDB_XXH3_64bits_withSecret	24	static
repos/rocksdb/util/xxhash.h:5332:ROCKSDB_XXH3_64bits_withSeed	0	static
repos/rocksdb/util/xxhash.h:5280:_ZL26XXH3_hashLong_64b_withSeedPKvmmPKhm	216	static
repos/rocksdb/util/xxhash.h:5338:ROCKSDB_XXH3_64bits_withSecretandSeed	24	static
repos/rocksdb/util/xxhash.h:5414:ROCKSDB_XXH3_createState	8	static
repos/rocksdb/util/xxhash.h:5423:ROCKSDB_XXH3_freeState	8	static
repos/rocksdb/util/xxhash.h:5431:ROCKSDB_XXH3_copyState	0	static
repos/rocksdb/util/xxhash.h:5465:ROCKSDB_XXH3_64bits_reset	0	static
repos/rocksdb/util/xxhash.h:5474:ROCKSDB_XXH3_64bits_reset_withSecret	0	static
repos/rocksdb/util/xxhash.h:5485:ROCKSDB_XXH3_64bits_reset_withSeed	0	static
repos/rocksdb/util/xxhash.h:5497:ROCKSDB_XXH3_64bits_reset_withSecretandSeed	0	static
repos/rocksdb/util/xxhash.h:5659:ROCKSDB_XXH3_64bits_update	56	static
repos/rocksdb/util/xxhash.h:5701:ROCKSDB_XXH3_64bits_digest	216	static
repos/rocksdb/util/xxhash.h:6111:ROCKSDB_XXH3_128bits	8	static
repos/rocksdb/util/xxhash.h:6030:_ZL26XXH3_hashLong_128b_defaultPKvmmS0_m	32	static
repos/rocksdb/util/xxhash.h:6120:ROCKSDB_XXH3_128bits_withSecret	32	static
repos/rocksdb/util/xxhash.h:6129:ROCKSDB_XXH3_128bits_withSeed	16	static
repos/rocksdb/util/xxhash.h:6075:_ZL27XXH3_hashLong_128b_withSeedPKvmmS0_m	248	static
repos/rocksdb/util/xxhash.h:6138:ROCKSDB_XXH3_128bits_withSecretandSeed	32	static
repos/rocksdb/util/xxhash.h:6147:ROCKSDB_XXH128	0	static
repos/rocksdb/util/xxhash.h:6162:ROCKSDB_XXH3_128bits_reset	0	static
repos/rocksdb/util/xxhash.h:6169:ROCKSDB_XXH3_128bits_reset_withSecret	0	static
repos/rocksdb/util/xxhash.h:6176:ROCKSDB_XXH3_128bits_reset_withSeed	0	static
repos/rocksdb/util/xxhash.h:6183:ROCKSDB_XXH3_128bits_reset_withSecretandSeed	0	static
repos/rocksdb/util/xxhash.h:6190:ROCKSDB_XXH3_128bits_update	56	static
repos/rocksdb/util/xxhash.h:6197:ROCKSDB_XXH3_128bits_digest	216	static
repos/rocksdb/util/xxhash.h:6228:ROCKSDB_XXH128_isEqual	0	static
repos/rocksdb/util/xxhash.h:6239:ROCKSDB_XXH128_cmp	0	static
repos/rocksdb/util/xxhash.h:6253:ROCKSDB_XXH128_canonicalFromHash	0	static
repos/rocksdb/util/xxhash.h:6266:ROCKSDB_XXH128_hashFromCanonical	0	static
repos/rocksdb/util/xxhash.h:6290:ROCKSDB_XXH3_generateSecret	152	static
repos/rocksdb/util/xxhash.h:6335:ROCKSDB_XXH3_generateSecret_fromSeed	216	static
repos/rocksdb/util/xxhash.h:4090:_ZL21XXH3_len_129to240_64bPKhmS0_mm	8	static
repos/rocksdb/util/xxhash.h:5944:_ZL22XXH3_len_129to240_128bPKhmS0_mm	48	static
