repos/benchmark/src/benchmark.cc:817:_ZN9benchmark8internal17InitializeStreamsEv	8	static
/usr/bin/../lib/gcc/x86_64-linux-gnu/13/../../../../include/c++/13/bits/stl_map.h:314:_ZNSt3mapINSt7__cxx1112basic_stringIcSt11char_traitsIcESaIcEEES5_St4lessIS5_ESaISt4pairIKS5_S5_EEED2Ev	8	static
repos/benchmark/src/benchmark.cc:160:_ZN9benchmark8internal16GetGlobalContextB5cxx11Ev	0	static
repos/benchmark/src/benchmark.cc:170:_ZN9benchmark8internal14UseCharPointerEPVKc	0	static
repos/benchmark/src/benchmark.cc:180:_ZN9benchmark5StateC2ENSt7__cxx1112basic_stringIcSt11char_traitsIcESaIcEEElRKSt6vectorIlSaIlEEiiPNS_8internal11ThreadTimerEPNSC_13ThreadManagerEPNSC_23PerfCountersMeasurementEPNS_15ProfilerManagerE	88	static
/usr/bin/../lib/gcc/x86_64-linux-gnu/13/../../../../include/c++/13/bits/stl_map.h:504:_ZNSt3mapINSt7__cxx1112basic_stringIcSt11char_traitsIcESaIcEEEN9benchmark7CounterESt4lessIS5_ESaISt4pairIKS5_S7_EEEixERSB_	88	static
/usr/bin/../lib/gcc/x86_64-linux-gnu/13/../../../../include/c++/13/bits/stl_vector.h:733:_ZNSt6vectorINSt7__cxx1112basic_stringIcSt11char_traitsIcESaIcEEESaIS5_EED2Ev	24	static
/usr/bin/../lib/gcc/x86_64-linux-gnu/13/../../../../include/c++/13/bits/stl_map.h:314:_ZNSt3mapINSt7__cxx1112basic_stringIcSt11char_traitsIcESaIcEEEN9benchmark7CounterESt4lessIS5_ESaISt4pairIKS5_S7_EEED2Ev	8	static
repos/benchmark/src/benchmark.cc:253:_ZN9benchmark5State11PauseTimingEv	184	static
/usr/bin/../lib/gcc/x86_64-linux-gnu/13/../../../../include/c++/13/bits/stl_vector.h:733:_ZNSt6vectorISt4pairINSt7__cxx1112basic_stringIcSt11char_traitsIcESaIcEEEdESaIS7_EED2Ev	24	static
repos/benchmark/src/benchmark.cc:272:_ZN9benchmark5State12ResumeTimingEv	24	static
repos/benchmark/src/benchmark.cc:280:_ZN9benchmark5State15SkipWithMessageERKNSt7__cxx1112basic_stringIcSt11char_traitsIcESaIcEEE	24	static
repos/benchmark/src/benchmark.cc:295:_ZN9benchmark5State13SkipWithErrorERKNSt7__cxx1112basic_stringIcSt11char_traitsIcESaIcEEE	24	static
repos/benchmark/src/benchmark.cc:310:_ZN9benchmark5State16SetIterationTimeEd	0	static
repos/benchmark/src/benchmark.cc:314:_ZN9benchmark5State8SetLabelERKNSt7__cxx1112basic_stringIcSt11char_traitsIcESaIcEEE	24	static
repos/benchmark/src/benchmark.cc:319:_ZN9benchmark5State16StartKeepRunningEv	8	static
repos/benchmark/src/benchmark.cc:332:_ZN9benchmark5State17FinishKeepRunningEv	8	static
repos/benchmark/src/benchmark.cc:548:_ZN9benchmark8internal6IsZeroEd	0	static
repos/benchmark/src/benchmark.cc:552:_ZN9benchmark8internal16GetOutputOptionsEb	8	static
repos/benchmark/src/benchmark.cc:578:_ZN9benchmark28CreateDefaultDisplayReporterEv	24	static
repos/benchmark/src/benchmark.cc:527:_ZN9benchmark8internal12_GLOBAL__N_114CreateReporterERKNSt7__cxx1112basic_stringIcSt11char_traitsIcESaIcEEENS_15ConsoleReporter13OutputOptionsE	24	static
repos/benchmark/src/benchmark.cc:586:_ZN9benchmark22RunSpecifiedBenchmarksEv	72	static
repos/benchmark/src/benchmark.cc:610:_ZN9benchmark22RunSpecifiedBenchmarksEPNS_17BenchmarkReporterES1_NSt7__cxx1112basic_stringIcSt11char_traitsIcESaIcEEE	11416	static
repos/benchmark/src/benchmark.cc:590:_ZN9benchmark22RunSpecifiedBenchmarksENSt7__cxx1112basic_stringIcSt11char_traitsIcESaIcEEE	72	static
repos/benchmark/src/benchmark.cc:594:_ZN9benchmark22RunSpecifiedBenchmarksEPNS_17BenchmarkReporterE	72	static
repos/benchmark/src/benchmark.cc:599:_ZN9benchmark22RunSpecifiedBenchmarksEPNS_17BenchmarkReporterENSt7__cxx1112basic_stringIcSt11char_traitsIcESaIcEEE	72	static
repos/benchmark/src/benchmark.cc:604:_ZN9benchmark22RunSpecifiedBenchmarksEPNS_17BenchmarkReporterES1_	88	static
/usr/bin/../lib/gcc/x86_64-linux-gnu/13/../../../../include/c++/13/bits/stl_vector.h:733:_ZNSt6vectorIN9benchmark8internal17BenchmarkInstanceESaIS2_EED2Ev	8	static
repos/benchmark/src/benchmark.cc:687:_ZN9benchmark18GetDefaultTimeUnitEv	0	static
repos/benchmark/src/benchmark.cc:689:_ZN9benchmark18SetDefaultTimeUnitENS_8TimeUnitE	0	static
repos/benchmark/src/benchmark.cc:691:_ZN9benchmark18GetBenchmarkFilterB5cxx11Ev	40	static
repos/benchmark/src/benchmark.cc:693:_ZN9benchmark18SetBenchmarkFilterENSt7__cxx1112basic_stringIcSt11char_traitsIcESaIcEEE	8	static
repos/benchmark/src/benchmark.cc:697:_ZN9benchmark21GetBenchmarkVerbosityEv	0	static
repos/benchmark/src/benchmark.cc:699:_ZN9benchmark21RegisterMemoryManagerEPNS_13MemoryManagerE	0	static
repos/benchmark/src/benchmark.cc:703:_ZN9benchmark23RegisterProfilerManagerEPNS_15ProfilerManagerE	8	static
repos/benchmark/src/benchmark.cc:711:_ZN9benchmark16AddCustomContextENSt7__cxx1112basic_stringIcSt11char_traitsIcESaIcEEES5_	24	static
/usr/bin/../lib/gcc/x86_64-linux-gnu/13/../../../../include/c++/13/bits/stl_map.h:588:_ZNSt3mapINSt7__cxx1112basic_stringIcSt11char_traitsIcESaIcEEES5_St4lessIS5_ESaISt4pairIKS5_S5_EEE7emplaceIJS5_S5_EEES8_ISt17_Rb_tree_iteratorISA_EbEDpOT_	88	static
repos/benchmark/src/benchmark.cc:830:_ZN9benchmark23MaybeReenterWithoutASLREiPPc	8	static
repos/benchmark/src/benchmark.cc:867:_ZN9benchmark19GetBenchmarkVersionB5cxx11Ev	0	static
repos/benchmark/src/benchmark.cc:875:_ZN9benchmark16PrintDefaultHelpEv	0	static
repos/benchmark/src/benchmark.cc:900:_ZN9benchmark10InitializeEPiPPcPFvvE	200	static
repos/benchmark/src/benchmark.cc:906:_ZN9benchmark8ShutdownEv	8	static
repos/benchmark/src/benchmark.cc:908:_ZN9benchmark27ReportUnrecognizedArgumentsEiPPc	56	static
/home/gregorian-rayne/CLionProjects/build-hotspot-analyzer/tests/cli/repos/benchmark/src/benchmark.cc:__clang_call_terminate	8	static
/usr/bin/../lib/gcc/x86_64-linux-gnu/13/../../../../include/c++/13/bits/stl_tree.h:1931:_ZNSt8_Rb_treeINSt7__cxx1112basic_stringIcSt11char_traitsIcESaIcEEESt4pairIKS5_S5_ESt10_Select1stIS8_ESt4lessIS5_ESaIS8_EE8_M_eraseEPSt13_Rb_tree_nodeIS8_E	24	static
/usr/bin/../lib/gcc/x86_64-linux-gnu/13/../../../../include/c++/13/bits/stl_uninitialized.h:113:_ZSt16__do_uninit_copyIN9__gnu_cxx17__normal_iteratorIPKNSt7__cxx1112basic_stringIcSt11char_traitsIcESaIcEEESt6vectorIS7_SaIS7_EEEEPS7_ET0_T_SG_SF_	72	static
/usr/bin/../lib/gcc/x86_64-linux-gnu/13/../../../../include/c++/13/bits/stl_tree.h:1931:_ZNSt8_Rb_treeINSt7__cxx1112basic_stringIcSt11char_traitsIcESaIcEEESt4pairIKS5_N9benchmark7CounterEESt10_Select1stISA_ESt4lessIS5_ESaISA_EE8_M_eraseEPSt13_Rb_tree_nodeISA_E	24	static
/usr/bin/../lib/gcc/x86_64-linux-gnu/13/../../../../include/c++/13/bits/vector.tcc:446:_ZNSt6vectorISt4pairINSt7__cxx1112basic_stringIcSt11char_traitsIcESaIcEEEdESaIS7_EE17_M_realloc_insertIJS7_EEEvN9__gnu_cxx17__normal_iteratorIPS7_S9_EEDpOT_	88	static
repos/benchmark/src/mutex.h:104:_ZN9benchmark7Barrier4waitEv	56	static
/usr/bin/../lib/gcc/x86_64-linux-gnu/13/../../../../include/c++/13/bits/stl_algo.h:3742:_ZSt7shuffleIN9__gnu_cxx17__normal_iteratorIPmSt6vectorImSaImEEEERSt23mersenne_twister_engineImLm32ELm624ELm397ELm31ELm2567483615ELm11ELm4294967295ELm7ELm2636928640ELm15ELm4022730752ELm18ELm1812433253EEEvT_SA_OT0_	88	static
/usr/bin/../lib/gcc/x86_64-linux-gnu/13/../../../../include/c++/13/bits/stl_vector.h:733:_ZNSt6vectorIN9benchmark17BenchmarkReporter3RunESaIS2_EED2Ev	8	static
repos/benchmark/src/benchmark_runner.h:33:_ZN9benchmark8internal10RunResultsD2Ev	8	static
/usr/bin/../lib/gcc/x86_64-linux-gnu/13/../../../../include/c++/13/bits/stl_vector.h:733:_ZNSt6vectorIN9benchmark8internal15BenchmarkRunnerESaIS2_EED2Ev	8	static
/usr/bin/../lib/gcc/x86_64-linux-gnu/13/../../../../include/c++/13/bits/stl_map.h:314:_ZNSt3mapIiN9benchmark17BenchmarkReporter19PerFamilyRunReportsESt4lessIiESaISt4pairIKiS2_EEED2Ev	8	static
repos/benchmark/src/benchmark_runner.h:52:_ZN9benchmark8internal15BenchmarkRunnerD2Ev	8	static
/usr/bin/../lib/gcc/x86_64-linux-gnu/13/../../../../include/c++/13/bits/stl_tree.h:2459:_ZNSt8_Rb_treeIiSt4pairIKiN9benchmark17BenchmarkReporter19PerFamilyRunReportsEESt10_Select1stIS5_ESt4lessIiESaIS5_EE22_M_emplace_hint_uniqueIJRKSt21piecewise_construct_tSt5tupleIJOiEESG_IJEEEEESt17_Rb_tree_iteratorIS5_ESt23_Rb_tree_const_iteratorIS5_EDpOT_	56	static
/usr/bin/../lib/gcc/x86_64-linux-gnu/13/../../../../include/c++/13/bits/stl_tree.h:2211:_ZNSt8_Rb_treeIiSt4pairIKiN9benchmark17BenchmarkReporter19PerFamilyRunReportsEESt10_Select1stIS5_ESt4lessIiESaIS5_EE29_M_get_insert_hint_unique_posESt23_Rb_tree_const_iteratorIS5_ERS1_	40	static
/usr/bin/../lib/gcc/x86_64-linux-gnu/13/../../../../include/c++/13/bits/stl_tree.h:1640:_ZNSt8_Rb_treeIiSt4pairIKiN9benchmark17BenchmarkReporter19PerFamilyRunReportsEESt10_Select1stIS5_ESt4lessIiESaIS5_EE10_Auto_nodeD2Ev	8	static
/usr/bin/../lib/gcc/x86_64-linux-gnu/13/../../../../include/c++/13/bits/vector.tcc:446:_ZNSt6vectorIN9benchmark8internal15BenchmarkRunnerESaIS2_EE17_M_realloc_insertIJRKNS1_17BenchmarkInstanceEPNS1_23PerfCountersMeasurementERPNS0_17BenchmarkReporter19PerFamilyRunReportsEEEEvN9__gnu_cxx17__normal_iteratorIPS2_S4_EEDpOT_	72	static
/usr/bin/../lib/gcc/x86_64-linux-gnu/13/../../../../include/c++/13/bits/stl_construct.h:160:_ZNSt12_Destroy_auxILb0EE9__destroyIPN9benchmark8internal15BenchmarkRunnerEEEvT_S6_	24	static
/usr/bin/../lib/gcc/x86_64-linux-gnu/13/../../../../include/c++/13/bits/uniform_int_dist.h:288:_ZNSt24uniform_int_distributionImEclISt23mersenne_twister_engineImLm32ELm624ELm397ELm31ELm2567483615ELm11ELm4294967295ELm7ELm2636928640ELm15ELm4022730752ELm18ELm1812433253EEEEmRT_RKNS0_10param_typeE	72	static
/usr/bin/../lib/gcc/x86_64-linux-gnu/13/../../../../include/c++/13/bits/random.tcc:455:_ZNSt23mersenne_twister_engineImLm32ELm624ELm397ELm31ELm2567483615ELm11ELm4294967295ELm7ELm2636928640ELm15ELm4022730752ELm18ELm1812433253EEclEv	0	static
/usr/bin/../lib/gcc/x86_64-linux-gnu/13/../../../../include/c++/13/bits/vector.tcc:752:_ZNSt6vectorIN9benchmark17BenchmarkReporter3RunESaIS2_EE15_M_range_insertIN9__gnu_cxx17__normal_iteratorIPS2_S4_EEEEvS9_T_SA_St20forward_iterator_tag	88	static
repos/benchmark/include/benchmark/benchmark.h:1818:_ZN9benchmark17BenchmarkReporter3RunC2EOS1_	24	static
repos/benchmark/include/benchmark/benchmark.h:1787:_ZN9benchmark13BenchmarkNameC2EOS0_	24	static
/usr/bin/../lib/gcc/x86_64-linux-gnu/13/../../../../include/c++/13/bits/stl_construct.h:160:_ZNSt12_Destroy_auxILb0EE9__destroyIPN9benchmark17BenchmarkReporter3RunEEEvT_S6_	24	static
repos/benchmark/include/benchmark/benchmark.h:1787:_ZN9benchmark13BenchmarkNameD2Ev	8	static
repos/benchmark/include/benchmark/benchmark.h:1818:_ZN9benchmark17BenchmarkReporter3RunaSEOS1_	24	static
repos/benchmark/include/benchmark/benchmark.h:1787:_ZN9benchmark13BenchmarkNameaSEOS0_	24	static
/usr/bin/../lib/gcc/x86_64-linux-gnu/13/../../../../include/c++/13/bits/stl_algobase.h:383:_ZNSt11__copy_moveILb0ELb0ESt26random_access_iterator_tagE8__copy_mIPN9benchmark17BenchmarkReporter3RunES6_EET0_T_S8_S7_	24	static
/usr/bin/../lib/gcc/x86_64-linux-gnu/13/../../../../include/c++/13/bits/stl_tree.h:1779:_ZNSt8_Rb_treeINSt7__cxx1112basic_stringIcSt11char_traitsIcESaIcEEESt4pairIKS5_N9benchmark7CounterEESt10_Select1stISA_ESt4lessIS5_ESaISA_EEaSERKSG_	40	static
/usr/bin/../lib/gcc/x86_64-linux-gnu/13/../../../../include/c++/13/bits/stl_tree.h:463:_ZNSt8_Rb_treeINSt7__cxx1112basic_stringIcSt11char_traitsIcESaIcEEESt4pairIKS5_N9benchmark7CounterEESt10_Select1stISA_ESt4lessIS5_ESaISA_EE20_Reuse_or_alloc_nodeD2Ev	8	static
/usr/bin/../lib/gcc/x86_64-linux-gnu/13/../../../../include/c++/13/bits/stl_tree.h:1893:_ZNSt8_Rb_treeINSt7__cxx1112basic_stringIcSt11char_traitsIcESaIcEEESt4pairIKS5_N9benchmark7CounterEESt10_Select1stISA_ESt4lessIS5_ESaISA_EE7_M_copyILb0ENSG_20_Reuse_or_alloc_nodeEEEPSt13_Rb_tree_nodeISA_ESL_PSt18_Rb_tree_node_baseRT0_	56	static
/usr/bin/../lib/gcc/x86_64-linux-gnu/13/../../../../include/c++/13/bits/stl_tree.h:468:_ZNSt8_Rb_treeINSt7__cxx1112basic_stringIcSt11char_traitsIcESaIcEEESt4pairIKS5_N9benchmark7CounterEESt10_Select1stISA_ESt4lessIS5_ESaISA_EE20_Reuse_or_alloc_nodeclIRKSA_EEPSt13_Rb_tree_nodeISA_EOT_	24	static
/usr/bin/../lib/gcc/x86_64-linux-gnu/13/../../../../include/c++/13/bits/stl_tree.h:592:_ZNSt8_Rb_treeINSt7__cxx1112basic_stringIcSt11char_traitsIcESaIcEEESt4pairIKS5_N9benchmark7CounterEESt10_Select1stISA_ESt4lessIS5_ESaISA_EE17_M_construct_nodeIJRKSA_EEEvPSt13_Rb_tree_nodeISA_EDpOT_	56	static
repos/benchmark/include/benchmark/benchmark.h:1818:_ZN9benchmark17BenchmarkReporter3RunC2ERKS1_	88	static
repos/benchmark/include/benchmark/benchmark.h:1787:_ZN9benchmark13BenchmarkNameC2ERKS0_	152	static
/usr/bin/../lib/gcc/x86_64-linux-gnu/13/../../../../include/c++/13/bits/stl_tree.h:1893:_ZNSt8_Rb_treeINSt7__cxx1112basic_stringIcSt11char_traitsIcESaIcEEESt4pairIKS5_N9benchmark7CounterEESt10_Select1stISA_ESt4lessIS5_ESaISA_EE7_M_copyILb0ENSG_11_Alloc_nodeEEEPSt13_Rb_tree_nodeISA_ESL_PSt18_Rb_tree_node_baseRT0_	72	static
/usr/bin/../lib/gcc/x86_64-linux-gnu/13/../../../../include/c++/13/bits/stl_tree.h:2504:_ZNSt8_Rb_treeIiSt4pairIKiN9benchmark17BenchmarkReporter19PerFamilyRunReportsEESt10_Select1stIS5_ESt4lessIiESaIS5_EE12_M_erase_auxESt23_Rb_tree_const_iteratorIS5_ESD_	40	static
/usr/bin/../lib/gcc/x86_64-linux-gnu/13/../../../../include/c++/13/bits/stl_tree.h:1931:_ZNSt8_Rb_treeIiSt4pairIKiN9benchmark17BenchmarkReporter19PerFamilyRunReportsEESt10_Select1stIS5_ESt4lessIiESaIS5_EE8_M_eraseEPSt13_Rb_tree_nodeIS5_E	24	static
repos/benchmark/src/perf_counters.h:96:_ZN9benchmark8internal12PerfCountersD2Ev	24	static
repos/benchmark/src/benchmark.cc:727:_ZN9benchmark8internal12_GLOBAL__N_117PrintUsageAndExitEv	8	static
/usr/bin/../lib/gcc/x86_64-linux-gnu/13/../../../../include/c++/13/bits/stl_tree.h:2459:_ZNSt8_Rb_treeINSt7__cxx1112basic_stringIcSt11char_traitsIcESaIcEEESt4pairIKS5_N9benchmark7CounterEESt10_Select1stISA_ESt4lessIS5_ESaISA_EE22_M_emplace_hint_uniqueIJRKSt21piecewise_construct_tSt5tupleIJRS7_EESL_IJEEEEESt17_Rb_tree_iteratorISA_ESt23_Rb_tree_const_iteratorISA_EDpOT_	72	static
/usr/bin/../lib/gcc/x86_64-linux-gnu/13/../../../../include/c++/13/bits/stl_tree.h:2211:_ZNSt8_Rb_treeINSt7__cxx1112basic_stringIcSt11char_traitsIcESaIcEEESt4pairIKS5_N9benchmark7CounterEESt10_Select1stISA_ESt4lessIS5_ESaISA_EE29_M_get_insert_hint_unique_posESt23_Rb_tree_const_iteratorISA_ERS7_	72	static
/usr/bin/../lib/gcc/x86_64-linux-gnu/13/../../../../include/c++/13/bits/stl_tree.h:1640:_ZNSt8_Rb_treeINSt7__cxx1112basic_stringIcSt11char_traitsIcESaIcEEESt4pairIKS5_N9benchmark7CounterEESt10_Select1stISA_ESt4lessIS5_ESaISA_EE10_Auto_nodeD2Ev	8	static
/usr/bin/../lib/gcc/x86_64-linux-gnu/13/../../../../include/c++/13/bits/stl_tree.h:592:_ZNSt8_Rb_treeINSt7__cxx1112basic_stringIcSt11char_traitsIcESaIcEEESt4pairIKS5_N9benchmark7CounterEESt10_Select1stISA_ESt4lessIS5_ESaISA_EE17_M_construct_nodeIJRKSt21piecewise_construct_tSt5tupleIJRS7_EESL_IJEEEEEvPSt13_Rb_tree_nodeISA_EDpOT_	56	static
/usr/bin/../lib/gcc/x86_64-linux-gnu/13/../../../../include/c++/13/bits/stl_tree.h:2109:_ZNSt8_Rb_treeINSt7__cxx1112basic_stringIcSt11char_traitsIcESaIcEEESt4pairIKS5_N9benchmark7CounterEESt10_Select1stISA_ESt4lessIS5_ESaISA_EE24_M_get_insert_unique_posERS7_	72	static
/usr/bin/../lib/gcc/x86_64-linux-gnu/13/../../../../include/c++/13/bits/stl_construct.h:160:_ZNSt12_Destroy_auxILb0EE9__destroyIPN9benchmark8internal17BenchmarkInstanceEEEvT_S6_	24	static
/usr/bin/../lib/gcc/x86_64-linux-gnu/13/../../../../include/c++/13/bits/stl_tree.h:2459:_ZNSt8_Rb_treeINSt7__cxx1112basic_stringIcSt11char_traitsIcESaIcEEESt4pairIKS5_S5_ESt10_Select1stIS8_ESt4lessIS5_ESaIS8_EE22_M_emplace_hint_uniqueIJS5_S5_EEESt17_Rb_tree_iteratorIS8_ESt23_Rb_tree_const_iteratorIS8_EDpOT_	104	static
/usr/bin/../lib/gcc/x86_64-linux-gnu/13/../../../../include/c++/13/bits/stl_tree.h:2211:_ZNSt8_Rb_treeINSt7__cxx1112basic_stringIcSt11char_traitsIcESaIcEEESt4pairIKS5_S5_ESt10_Select1stIS8_ESt4lessIS5_ESaIS8_EE29_M_get_insert_hint_unique_posESt23_Rb_tree_const_iteratorIS8_ERS7_	72	static
/usr/bin/../lib/gcc/x86_64-linux-gnu/13/../../../../include/c++/13/bits/stl_tree.h:1640:_ZNSt8_Rb_treeINSt7__cxx1112basic_stringIcSt11char_traitsIcESaIcEEESt4pairIKS5_S5_ESt10_Select1stIS8_ESt4lessIS5_ESaIS8_EE10_Auto_nodeD2Ev	8	static
/usr/bin/../lib/gcc/x86_64-linux-gnu/13/../../../../include/c++/13/bits/stl_tree.h:2109:_ZNSt8_Rb_treeINSt7__cxx1112basic_stringIcSt11char_traitsIcESaIcEEESt4pairIKS5_S5_ESt10_Select1stIS8_ESt4lessIS5_ESaIS8_EE24_M_get_insert_unique_posERS7_	72	static
repos/benchmark/src/benchmark.cc:0:_GLOBAL__sub_I_benchmark.cc	72	static
