hdr_histogram.c:34:16:normalize_index	8	static
hdr_histogram.c:62:16:counts_get_normalised	8	static
hdr_histogram.c:168:16:get_bucket_index	8	static
hdr_histogram.c:234:16:lowest_equivalent_value	8	static
hdr_histogram.c:195:9:counts_index_for	8	static
hdr_histogram.c:203:9:hdr_value_at_index	8	static
hdr_histogram.c:812:13:move_next	16	static
hdr_histogram.c:871:13:all_values_iter_next	16	static
hdr_histogram.c:853:13:basic_iter_next	16	static
hdr_histogram.c:1008:13:recorded_iter_next	16	static
hdr_histogram.c:1042:13:iter_linear_next	32	static
hdr_histogram.c:1104:13:log_iter_next	32	static
hdr_histogram.c:217:9:hdr_size_of_equivalent_value_range	8	static
hdr_histogram.c:249:9:hdr_next_non_equivalent_value	32	static
hdr_histogram.c:912:13:percentile_iter_next	32	static
hdr_histogram.c:259:9:hdr_median_equivalent_value	32	static
hdr_histogram.c:274:6:hdr_reset_internal_counters	32	static
hdr_histogram.c:343:5:hdr_calculate_bucket_config	64	static
hdr_histogram.c:389:6:hdr_init_preallocated	8	static
hdr_histogram.c:408:5:hdr_init	128	static
hdr_histogram.c:445:6:hdr_close	16	static
hdr_histogram.c:453:5:hdr_alloc	8	static
hdr_histogram.c:459:6:hdr_reset	8	static
hdr_histogram.c:467:8:hdr_get_memory_size	8	static
hdr_histogram.c:491:6:hdr_record_values	32	static
hdr_histogram.c:481:6:hdr_record_value	8	static
hdr_histogram.c:513:6:hdr_record_values_atomic	32	static
hdr_histogram.c:486:6:hdr_record_value_atomic	8	static
hdr_histogram.c:545:6:hdr_record_corrected_values	48	static
hdr_histogram.c:535:6:hdr_record_corrected_value	8	static
hdr_histogram.c:571:6:hdr_record_corrected_values_atomic	48	static
hdr_histogram.c:540:6:hdr_record_corrected_value_atomic	8	static
hdr_histogram.c:649:9:hdr_max	16	static
hdr_histogram.c:687:9:hdr_value_at_percentile	32	static
hdr_histogram.c:772:6:hdr_values_are_equivalent	8	static
hdr_histogram.c:777:9:hdr_lowest_equivalent_value	8	static
hdr_histogram.c:782:9:hdr_count_at_value	32	static
hdr_histogram.c:787:9:hdr_count_at_index	8	static
hdr_histogram.c:659:9:hdr_min	32	static
hdr_histogram.c:883:6:hdr_iter_init	8	static
hdr_histogram.c:899:6:hdr_iter_next	8	static
hdr_histogram.c:700:5:hdr_value_at_percentiles	224	static
hdr_histogram.c:734:8:hdr_mean	192	static
hdr_histogram.c:752:8:hdr_stddev	192	static
hdr_histogram.c:958:6:hdr_iter_percentile_init	32	static
hdr_histogram.c:1024:6:hdr_iter_recorded_init	16	static
hdr_histogram.c:597:9:hdr_add	192	static
hdr_histogram.c:617:9:hdr_add_while_correcting_for_coordinated_omission	192	static
hdr_histogram.c:1079:6:hdr_iter_linear_init	32	static
hdr_histogram.c:1091:6:hdr_iter_linear_set_value_units_per_bucket	8	static
hdr_histogram.c:1139:6:hdr_iter_log_init	48	static
hdr_histogram.c:1173:5:hdr_percentiles_print	288	dynamic,bounded
