ldblib.c:179:12:auxupvalue	32	static
ldblib.c:197:12:db_setupvalue	16	static
ldblib.c:192:12:db_getupvalue	8	static
ldblib.c:37:12:db_setmetatable	16	static
ldblib.c:22:12:db_getregistry	16	static
ldblib.c:54:12:db_setfenv	16	static
ldblib.c:28:12:db_getmetatable	16	static
ldblib.c:47:12:db_getfenv	16	static
ldblib.c:302:12:db_debug	320	static
ldblib.c:207:13:hookf	32	static
ldblib.c:245:13:gethooktable	32	static
ldblib.c:99:12:db_getinfo	176	static
ldblib.c:144:12:db_getlocal	176	static
ldblib.c:165:12:db_setlocal	176	static
ldblib.c:282:12:db_gethook	48	static
ldblib.c:258:12:db_sethook	80	static
ldblib.c:322:12:db_errorfb	208	static
ldblib.c:394:16:luaopen_debug	16	static
