include/jemalloc/internal/bit_util.h:98:1:fls_lu	16	static
include/jemalloc/internal/bit_util.h:326:1:fls_u64	24	static
include/jemalloc/internal/bit_util.h:392:1:lg_floor	40	static
include/jemalloc/internal/sz.h:155:1:sz_size2index_compute	56	static
include/jemalloc/internal/sz.h:211:1:sz_index2size_compute	16	static
include/jemalloc/internal/cache_bin.h:173:1:cache_bin_info_ncached_max	16	static
include/jemalloc/internal/cache_bin.h:184:1:cache_bin_assert_earlier	32	static
include/jemalloc/internal/cache_bin.h:197:1:cache_bin_diff	48	static
include/jemalloc/internal/ticker.h:60:1:ticker_fixup	16	static
include/jemalloc/internal/ticker.h:153:1:ticker_geom_fixup	80	static
include/jemalloc/internal/witness.h:181:1:witness_owner	48	static
include/jemalloc/internal/witness.h:198:1:witness_assert_owner	64	static
include/jemalloc/internal/witness.h:220:1:witness_assert_not_owner	80	static
include/jemalloc/internal/witness.h:248:1:witness_depth_to_rank	16	static
include/jemalloc/internal/witness.h:266:1:witness_assert_depth_to_rank	80	static
include/jemalloc/internal/witness.h:306:1:witness_lock	80	static
include/jemalloc/internal/witness.h:349:1:witness_unlock	80	static
include/jemalloc/internal/tsd.h:452:1:tsd_nominal	80	static
include/jemalloc/internal/edata.h:257:1:edata_arena_ind_get	48	static
include/jemalloc/internal/edata.h:266:1:edata_szind_get_maybe_invalid	48	static
include/jemalloc/internal/edata.h:274:1:edata_szind_get	48	static
include/jemalloc/internal/edata.h:281:1:edata_usize_get	64	static
include/jemalloc/internal/edata.h:299:1:edata_state_get	16	static
include/jemalloc/internal/edata.h:329:1:edata_slab_get	16	static
include/jemalloc/internal/edata.h:349:1:edata_addr_get	32	static
include/jemalloc/internal/mutex.h:156:1:malloc_mutex_trylock_final	32	static
include/jemalloc/internal/mutex.h:161:1:mutex_owner_stats_update	16	static
include/jemalloc/internal/mutex.h:213:1:malloc_mutex_lock	192	static
include/jemalloc/internal/mutex.h:226:1:malloc_mutex_unlock	128	static
include/jemalloc/internal/mutex.h:235:1:malloc_mutex_assert_owner	112	static
include/jemalloc/internal/mutex.h:240:1:malloc_mutex_assert_not_owner	112	static
include/jemalloc/internal/rtree.h:432:1:rtree_read	496	static
include/jemalloc/internal/rtree.h:441:1:rtree_metadata_read	496	static
include/jemalloc/internal/san.h:134:1:san_junk_ptr_locations	80	static
include/jemalloc/internal/san.h:158:1:san_junk_ptr_should_slow	16	static
include/jemalloc/internal/san.h:167:1:san_junk_ptr	64	static
include/jemalloc/internal/jemalloc_internal_inlines_a.h:60:1:arena_get	80	static
include/jemalloc/internal/arena_inlines_a.h:5:1:arena_ind_get	16	static
include/jemalloc/internal/arena_inlines_a.h:10:1:arena_internal_add	64	static
include/jemalloc/internal/arena_inlines_a.h:15:1:arena_internal_sub	64	static
include/jemalloc/internal/jemalloc_internal_inlines_b.h:7:1:percpu_arena_update	272	static
include/jemalloc/internal/jemalloc_internal_inlines_b.h:32:1:arena_choose_impl	432	static
include/jemalloc/internal/jemalloc_internal_inlines_b.h:87:1:arena_choose	32	static
include/jemalloc/internal/jemalloc_internal_inlines_b.h:92:1:arena_ichoose	32	static
include/jemalloc/internal/jemalloc_internal_inlines_b.h:97:1:arena_is_auto	32	static
include/jemalloc/internal/arena_inlines_b.h:243:1:arena_dalloc_large_no_tcache	656	static
include/jemalloc/internal/arena_inlines_b.h:258:1:arena_dalloc_no_tcache	720	static
include/jemalloc/internal/hash.h:20:1:hash_rotl_64	16	static
include/jemalloc/internal/hash.h:38:1:hash_get_block_64	48	static
include/jemalloc/internal/hash.h:62:1:hash_fmix_64	16	static
include/jemalloc/internal/hash.h:225:1:hash_x64_128	144	static
include/jemalloc/internal/hash.h:305:1:hash	48	static
src/prof_data.c:69:1:prof_tctx_comp	16	static
src/prof_data.c:88:1:tctx_tree_summarize_range	16	static
src/prof_data.c:88:1:tctx_tree_summarize_swapped_range	40	static
src/prof_data.c:88:1:tctx_tree_new	16	static
src/prof_data.c:88:1:tctx_tree_empty	16	static
src/prof_data.c:88:1:tctx_tree_first	16	static
src/prof_data.c:88:1:tctx_tree_last	16	static
src/prof_data.c:88:1:tctx_tree_next	64	static
src/prof_data.c:88:1:tctx_tree_prev	64	static
src/prof_data.c:88:1:tctx_tree_search	48	static
src/prof_data.c:88:1:tctx_tree_nsearch	64	static
src/prof_data.c:88:1:tctx_tree_psearch	64	static
src/prof_data.c:88:1:tctx_tree_insert	2176	static
src/prof_data.c:88:1:tctx_tree_remove	2272	static
src/prof_data.c:88:1:tctx_tree_iter_recurse	64	static
src/prof_data.c:88:1:tctx_tree_iter_start	96	static
src/prof_data.c:88:1:tctx_tree_iter	64	static
src/prof_data.c:88:1:tctx_tree_reverse_iter_recurse	64	static
src/prof_data.c:88:1:tctx_tree_reverse_iter_start	96	static
src/prof_data.c:88:1:tctx_tree_reverse_iter	64	static
src/prof_data.c:88:1:tctx_tree_destroy_recurse	48	static
src/prof_data.c:88:1:tctx_tree_destroy	48	static
src/prof_data.c:92:1:prof_gctx_comp	48	static
src/prof_data.c:103:1:gctx_tree_summarize_range	16	static
src/prof_data.c:103:1:gctx_tree_summarize_swapped_range	40	static
src/prof_data.c:103:1:gctx_tree_new	16	static
src/prof_data.c:103:1:gctx_tree_empty	16	static
src/prof_data.c:103:1:gctx_tree_first	16	static
src/prof_data.c:103:1:gctx_tree_last	16	static
src/prof_data.c:103:1:gctx_tree_next	64	static
src/prof_data.c:103:1:gctx_tree_prev	64	static
src/prof_data.c:103:1:gctx_tree_search	48	static
src/prof_data.c:103:1:gctx_tree_nsearch	64	static
src/prof_data.c:103:1:gctx_tree_psearch	64	static
src/prof_data.c:103:1:gctx_tree_insert	2176	static
src/prof_data.c:103:1:gctx_tree_remove	2272	static
src/prof_data.c:103:1:gctx_tree_iter_recurse	64	static
src/prof_data.c:103:1:gctx_tree_iter_start	96	static
src/prof_data.c:103:1:gctx_tree_iter	64	static
src/prof_data.c:103:1:gctx_tree_reverse_iter_recurse	64	static
src/prof_data.c:103:1:gctx_tree_reverse_iter_start	96	static
src/prof_data.c:103:1:gctx_tree_reverse_iter	64	static
src/prof_data.c:103:1:gctx_tree_destroy_recurse	48	static
src/prof_data.c:103:1:gctx_tree_destroy	48	static
src/prof_data.c:107:1:prof_tdata_comp	16	static
src/prof_data.c:122:1:tdata_tree_summarize_range	16	static
src/prof_data.c:122:1:tdata_tree_summarize_swapped_range	40	static
src/prof_data.c:122:1:tdata_tree_new	16	static
src/prof_data.c:122:1:tdata_tree_empty	16	static
src/prof_data.c:122:1:tdata_tree_first	16	static
src/prof_data.c:122:1:tdata_tree_last	16	static
src/prof_data.c:122:1:tdata_tree_next	64	static
src/prof_data.c:122:1:tdata_tree_prev	64	static
src/prof_data.c:122:1:tdata_tree_search	48	static
src/prof_data.c:122:1:tdata_tree_nsearch	64	static
src/prof_data.c:122:1:tdata_tree_psearch	64	static
src/prof_data.c:122:1:tdata_tree_insert	2176	static
src/prof_data.c:122:1:tdata_tree_remove	2272	static
src/prof_data.c:122:1:tdata_tree_iter_recurse	64	static
src/prof_data.c:122:1:tdata_tree_iter_start	96	static
src/prof_data.c:122:1:tdata_tree_iter	64	static
src/prof_data.c:122:1:tdata_tree_reverse_iter_recurse	64	static
src/prof_data.c:122:1:tdata_tree_reverse_iter_start	96	static
src/prof_data.c:122:1:tdata_tree_reverse_iter	64	static
src/prof_data.c:122:1:tdata_tree_destroy_recurse	48	static
src/prof_data.c:122:1:tdata_tree_destroy	48	static
src/prof_data.c:128:1:prof_gctx_mutex_choose	48	static
src/prof_data.c:135:1:prof_tdata_mutex_choose	16	static
src/prof_data.c:140:1:je_prof_data_init	32	static
src/prof_data.c:147:1:prof_enter	240	static
src/prof_data.c:160:1:prof_leave	256	static
src/prof_data.c:186:1:prof_gctx_create	1584	static
src/prof_data.c:212:1:prof_gctx_try_destroy	2080	static
src/prof_data.c:247:1:prof_gctx_should_destroy	24	static
src/prof_data.c:261:1:prof_lookup_global	3712	static
src/prof_data.c:326:1:je_prof_lookup	3440	static
src/prof_data.c:400:1:prof_tdata_count_iter	16	static
src/prof_data.c:411:1:je_prof_tdata_count	240	static
src/prof_data.c:426:1:je_prof_bt_count	448	static
src/prof_data.c:445:1:je_prof_thread_name_alloc	1584	static
src/prof_data.c:468:1:je_prof_thread_name_set_impl	2304	static
src/prof_data.c:509:1:prof_dump_printf	400	static
src/prof_data.c:541:6:je_prof_unbias_map_init	16	static
src/prof_data.c:616:1:prof_do_unbias	16	static
src/prof_data.c:647:1:prof_dump_print_cnts	112	dynamic,bounded
src/prof_data.c:670:1:prof_tctx_merge_tdata	48	static
src/prof_data.c:709:1:prof_tctx_merge_gctx	48	static
src/prof_data.c:728:1:prof_tctx_merge_iter	64	static
src/prof_data.c:756:1:prof_tctx_dump_iter	64	static
src/prof_data.c:780:1:prof_tctx_finish_iter	64	static
src/prof_data.c:806:1:prof_dump_gctx_prep	48	static
src/prof_data.c:831:1:prof_gctx_merge_iter	64	static
src/prof_data.c:846:1:prof_gctx_finish	2320	static
src/prof_data.c:898:1:prof_tdata_merge_iter	80	static
src/prof_data.c:942:1:prof_tdata_dump_iter	64	static
src/prof_data.c:962:1:prof_dump_header	32	static
src/prof_data.c:974:1:prof_dump_gctx	64	static
src/prof_data.c:1016:1:prof_leakcheck	16	static
src/prof_data.c:1055:1:prof_gctx_dump_iter	64	static
src/prof_data.c:1064:1:prof_dump_prep	176	static
src/prof_data.c:1106:1:je_prof_dump_impl	208	static
src/prof_data.c:1125:1:je_prof_cnt_all	464	static
src/prof_data.c:1139:1:je_prof_bt_hash	48	static
src/prof_data.c:1148:1:je_prof_bt_keycomp	48	static
src/prof_data.c:1161:1:je_prof_tdata_init_impl	3248	static
src/prof_data.c:1206:1:prof_tdata_should_destroy_unlocked	32	static
src/prof_data.c:1217:1:prof_tdata_should_destroy	48	static
src/prof_data.c:1225:1:prof_tdata_destroy_locked	3664	static
src/prof_data.c:1243:1:prof_tdata_destroy	64	static
src/prof_data.c:1250:1:je_prof_tdata_detach	128	static
src/prof_data.c:1275:1:prof_tdata_expire	48	static
src/prof_data.c:1291:1:prof_tdata_reset_iter	64	static
src/prof_data.c:1299:1:je_prof_reset	80	static
src/prof_data.c:1327:1:prof_tctx_should_destroy	48	static
src/prof_data.c:1346:1:prof_tctx_destroy	2304	static
src/prof_data.c:1437:1:je_prof_tctx_try_destroy	48	static
