testrdb.c:89:6:testrdb_type_save	48	dynamic,bounded
testrdb.c:171:6:testrdb_type_free	8	static
testrdb.c:281:5:testrdb_get_n_aux_load_called	16	static
testrdb.c:290:5:test2rdb_aux_load	8	static
testrdb.c:298:6:test2rdb_aux_save	8	static
testrdb.c:31:6:replAsyncLoadCallback	32	static
testrdb.c:70:7:testrdb_type_load	64	static
testrdb.c:97:6:testrdb_aux_save	32	static
testrdb.c:118:5:testrdb_aux_load	48	static
testrdb.c:176:5:testrdb_set_before	32	static
testrdb.c:206:5:testrdb_async_loading_get_before	16	static
testrdb.c:220:5:testrdb_set_after	32	static
testrdb.c:249:5:testrdb_set_key	32	static
testrdb.c:267:5:testrdb_get_key	32	static
testrdb.c:235:5:testrdb_get_after	16	static
testrdb.c:191:5:testrdb_get_before	16	static
testrdb.c:303:5:RedisModule_OnLoad	256	dynamic,bounded
testrdb.c:395:5:RedisModule_OnUnload	16	static
