repos/zstd/lib/compress/zstd_compress.c:78:ZSTD_compressBound	0	static
repos/zstd/lib/compress/zstd_compress.c:105:ZSTD_createCCtx	24	static
repos/zstd/lib/compress/zstd_compress.c:122:ZSTD_createCCtx_advanced	24	static
repos/zstd/lib/compress/zstd_compress.c:134:ZSTD_initStaticCCtx	40	static
repos/zstd/lib/compress/zstd_compress.c:189:ZSTD_freeCCtx	24	static
repos/zstd/lib/compress/zstd_compress.c:214:ZSTD_sizeof_CCtx	40	static
repos/zstd/lib/compress/zstd_compress.c:224:ZSTD_sizeof_CStream	40	static
repos/zstd/lib/compress/zstd_compress.c:230:ZSTD_getSeqStore	0	static
repos/zstd/lib/compress/zstd_compress.c:357:ZSTD_createCCtxParams	8	static
repos/zstd/lib/compress/zstd_compress.c:362:ZSTD_freeCCtxParams	8	static
repos/zstd/lib/compress/zstd_compress.c:369:ZSTD_CCtxParams_reset	0	static
repos/zstd/lib/compress/zstd_compress.c:374:ZSTD_CCtxParams_init	0	static
repos/zstd/lib/compress/zstd_compress.c:411:ZSTD_CCtxParams_init_advanced	0	static
repos/zstd/lib/compress/zstd_compress.c:1404:ZSTD_checkCParams	0	static
repos/zstd/lib/compress/zstd_compress.c:435:ZSTD_cParam_getBounds	0	static
repos/zstd/lib/compress/zstd_compress.c:8193:ZSTD_minCLevel	0	static
repos/zstd/lib/compress/zstd_compress.c:8192:ZSTD_maxCLevel	0	static
repos/zstd/lib/compress/zstd_compress.c:724:ZSTD_CCtx_setParameter	0	static
repos/zstd/lib/compress/zstd_compress.c:786:ZSTD_CCtxParams_setParameter	0	static
repos/zstd/lib/compress/zstd_compress.c:1039:ZSTD_CCtx_getParameter	0	static
repos/zstd/lib/compress/zstd_compress.c:1044:ZSTD_CCtxParams_getParameter	0	static
repos/zstd/lib/compress/zstd_compress.c:1194:ZSTD_CCtx_setParametersUsingCCtxParams	8	static
repos/zstd/lib/compress/zstd_compress.c:1208:ZSTD_CCtx_setCParams	8	static
repos/zstd/lib/compress/zstd_compress.c:1224:ZSTD_CCtx_setFParams	0	static
repos/zstd/lib/compress/zstd_compress.c:1234:ZSTD_CCtx_setParams	24	static
repos/zstd/lib/compress/zstd_compress.c:1246:ZSTD_CCtx_setPledgedSrcSize	0	static
repos/zstd/lib/compress/zstd_compress.c:1299:ZSTD_CCtx_loadDictionary_advanced	56	static
repos/zstd/lib/compress/zstd_compress.c:162:ZSTD_clearAllDicts	40	static
repos/zstd/lib/compress/zstd_compress.c:1330:ZSTD_CCtx_loadDictionary_byReference	24	static
repos/zstd/lib/compress/zstd_compress.c:1337:ZSTD_CCtx_loadDictionary	40	static
repos/zstd/lib/compress/zstd_compress.c:1344:ZSTD_CCtx_refCDict	24	static
repos/zstd/lib/compress/zstd_compress.c:1354:ZSTD_CCtx_refThreadPool	0	static
repos/zstd/lib/compress/zstd_compress.c:1362:ZSTD_CCtx_refPrefix	24	static
repos/zstd/lib/compress/zstd_compress.c:1367:ZSTD_CCtx_refPrefix_advanced	40	static
repos/zstd/lib/compress/zstd_compress.c:1383:ZSTD_CCtx_reset	8	static
repos/zstd/lib/compress/zstd_compress.c:1441:ZSTD_cycleLog	0	static
repos/zstd/lib/compress/zstd_compress.c:1628:ZSTD_adjustCParams	16	static
repos/zstd/lib/compress/zstd_compress.c:1653:ZSTD_getCParamsFromCCtxParams	72	static
repos/zstd/lib/compress/zstd_compress.c:8278:ZSTD_getCParams_internal	32	static
repos/zstd/lib/compress/zstd_compress.c:1770:ZSTD_estimateCCtxSize_usingCCtxParams	56	static
repos/zstd/lib/compress/zstd_compress.c:1718:ZSTD_estimateCCtxSize_usingCCtxParams_internal	168	static
repos/zstd/lib/compress/zstd_compress.c:1785:ZSTD_estimateCCtxSize_usingCParams	296	static
repos/zstd/lib/compress/zstd_compress.c:1815:ZSTD_estimateCCtxSize	120	static
repos/zstd/lib/compress/zstd_compress.c:1827:ZSTD_estimateCStreamSize_usingCCtxParams	56	static
repos/zstd/lib/compress/zstd_compress.c:1847:ZSTD_estimateCStreamSize_usingCParams	280	static
repos/zstd/lib/compress/zstd_compress.c:1870:ZSTD_estimateCStreamSize	104	static
repos/zstd/lib/compress/zstd_compress.c:1885:ZSTD_getFrameProgression	8	static
repos/zstd/lib/compress/zstd_compress.c:1909:ZSTD_toFlushNow	0	static
repos/zstd/lib/compress/zstd_compress.c:1934:ZSTD_reset_compressedBlockState	0	static
repos/zstd/lib/compress/zstd_compress.c:2302:ZSTD_invalidateRepCodes	0	static
repos/zstd/lib/compress/zstd_compress.c:2607:ZSTD_copyCCtx	280	static
repos/zstd/lib/compress/zstd_compress.c:2709:ZSTD_seqToCodes	24	static
repos/zstd/lib/compress/zstd_compress.c:3085:ZSTD_selectBlockCompressor	0	static
repos/zstd/lib/compress/zstd_compress.c:3177:ZSTD_resetSeqStore	0	static
repos/zstd/lib/compress/zstd_compress.c:3530:ZSTD_sequenceBound	0	static
repos/zstd/lib/compress/zstd_compress.c:3536:ZSTD_generateSequences	104	static
repos/zstd/lib/compress/zstd_compress.c:6584:ZSTD_compress2	72	static
repos/zstd/lib/compress/zstd_compress.c:3571:ZSTD_mergeBlockDelimiters	0	static
repos/zstd/lib/compress/zstd_compress.c:3814:ZSTD_buildBlockEntropyStats	168	static
repos/zstd/lib/compress/zstd_compress.c:4767:ZSTD_writeSkippableFrame	8	static
repos/zstd/lib/compress/zstd_compress.c:4786:ZSTD_writeLastEmptyBlock	0	static
repos/zstd/lib/compress/zstd_compress.c:4796:ZSTD_referenceExternalSequences	0	static
repos/zstd/lib/compress/zstd_compress.c:4869:ZSTD_compressContinue_public	8	static
repos/zstd/lib/compress/zstd_compress.c:4808:ZSTD_compressContinue_internal	280	static
repos/zstd/lib/compress/zstd_compress.c:4878:ZSTD_compressContinue	8	static
repos/zstd/lib/compress/zstd_compress.c:4893:ZSTD_getBlockSize	0	static
repos/zstd/lib/compress/zstd_compress.c:4899:ZSTD_compressBlock_deprecated	8	static
repos/zstd/lib/compress/zstd_compress.c:4909:ZSTD_compressBlock	8	static
repos/zstd/lib/compress/zstd_compress.c:5077:ZSTD_loadCEntropy	264	static
repos/zstd/lib/compress/zstd_compress.c:5301:ZSTD_compressBegin_advanced_internal	8	static
repos/zstd/lib/compress/zstd_compress.c:5254:ZSTD_compressBegin_internal	280	static
repos/zstd/lib/compress/zstd_compress.c:5321:ZSTD_compressBegin_advanced	296	static
repos/zstd/lib/compress/zstd_compress.c:5346:ZSTD_compressBegin_usingDict	0	static
repos/zstd/lib/compress/zstd_compress.c:5334:ZSTD_compressBegin_usingDict_deprecated	296	static
repos/zstd/lib/compress/zstd_compress.c:5351:ZSTD_compressBegin	0	static
repos/zstd/lib/compress/zstd_compress.c:5399:ZSTD_CCtx_trace	72	static
repos/zstd/lib/compress/zstd_compress.c:5423:ZSTD_compressEnd_public	104	static
repos/zstd/lib/compress/zstd_compress.c:5450:ZSTD_compressEnd	0	static
repos/zstd/lib/compress/zstd_compress.c:5457:ZSTD_compress_advanced	40	static
repos/zstd/lib/compress/zstd_compress.c:5474:ZSTD_compress_advanced_internal	88	static
repos/zstd/lib/compress/zstd_compress.c:5488:ZSTD_compress_usingDict	120	static
repos/zstd/lib/compress/zstd_compress.c:5503:ZSTD_compressCCtx	120	static
repos/zstd/lib/compress/zstd_compress.c:5513:ZSTD_compress	5352	static
repos/zstd/lib/compress/zstd_compress.c:5537:ZSTD_estimateCDictSize_advanced	0	static
repos/zstd/lib/compress/zstd_compress.c:5552:ZSTD_estimateCDictSize	40	static
repos/zstd/lib/compress/zstd_compress.c:5558:ZSTD_sizeof_CDict	0	static
repos/zstd/lib/compress/zstd_compress.c:5658:ZSTD_createCDict_advanced	264	static
repos/zstd/lib/compress/zstd_compress.c:5676:ZSTD_createCDict_advanced2	552	static
repos/zstd/lib/compress/zstd_compress.c:5567:ZSTD_initCDict_internal	40	static
repos/zstd/lib/compress/zstd_compress.c:5748:ZSTD_freeCDict	40	static
repos/zstd/lib/compress/zstd_compress.c:5726:ZSTD_createCDict	312	static
repos/zstd/lib/compress/zstd_compress.c:5737:ZSTD_createCDict_byReference	312	static
repos/zstd/lib/compress/zstd_compress.c:5774:ZSTD_initStaticCDict	488	static
repos/zstd/lib/compress/zstd_compress.c:5820:ZSTD_getCParamsFromCDict	0	static
repos/zstd/lib/compress/zstd_compress.c:5830:ZSTD_getDictID_fromCDict	0	static
repos/zstd/lib/compress/zstd_compress.c:5880:ZSTD_compressBegin_usingCDict_advanced	0	static
repos/zstd/lib/compress/zstd_compress.c:5839:ZSTD_compressBegin_usingCDict_internal	312	static
repos/zstd/lib/compress/zstd_compress.c:5889:ZSTD_compressBegin_usingCDict_deprecated	232	static
repos/zstd/lib/compress/zstd_compress.c:5895:ZSTD_compressBegin_usingCDict	232	static
repos/zstd/lib/compress/zstd_compress.c:5915:ZSTD_compress_usingCDict_advanced	40	static
repos/zstd/lib/compress/zstd_compress.c:5928:ZSTD_compress_usingCDict	40	static
repos/zstd/lib/compress/zstd_compress.c:5943:ZSTD_createCStream	24	static
repos/zstd/lib/compress/zstd_compress.c:5954:ZSTD_createCStream_advanced	40	static
repos/zstd/lib/compress/zstd_compress.c:5949:ZSTD_initStaticCStream	0	static
repos/zstd/lib/compress/zstd_compress.c:5959:ZSTD_freeCStream	0	static
repos/zstd/lib/compress/zstd_compress.c:5968:ZSTD_CStreamInSize	0	static
repos/zstd/lib/compress/zstd_compress.c:5970:ZSTD_CStreamOutSize	0	static
repos/zstd/lib/compress/zstd_compress.c:5985:ZSTD_resetCStream	0	static
repos/zstd/lib/compress/zstd_compress.c:6002:ZSTD_initCStream_internal	40	static
repos/zstd/lib/compress/zstd_compress.c:6024:ZSTD_initCStream_usingCDict_advanced	24	static
repos/zstd/lib/compress/zstd_compress.c:6038:ZSTD_initCStream_usingCDict	24	static
repos/zstd/lib/compress/zstd_compress.c:6051:ZSTD_initCStream_advanced	40	static
repos/zstd/lib/compress/zstd_compress.c:6069:ZSTD_initCStream_usingDict	40	static
repos/zstd/lib/compress/zstd_compress.c:6078:ZSTD_initCStream_srcSize	24	static
repos/zstd/lib/compress/zstd_compress.c:6093:ZSTD_initCStream	24	static
repos/zstd/lib/compress/zstd_compress.c:6317:ZSTD_compressStream	8	static
repos/zstd/lib/compress/zstd_compress.c:6463:ZSTD_compressStream2	136	static
repos/zstd/lib/compress/zstd_compress.c:6365:ZSTD_CCtx_init_compressStream2	552	static
repos/zstd/lib/compress/zstd_compress.c:6119:ZSTD_compressStream_generic	136	static
repos/zstd/lib/compress/zstd_compress.c:6562:ZSTD_compressStream2_simpleArgs	72	static
repos/zstd/lib/compress/zstd_compress.c:7079:ZSTD_compressSequences	232	static
repos/zstd/lib/compress/zstd_compress.c:4711:ZSTD_writeFrameHeader	32	static
repos/zstd/lib/compress/zstd_compress.c:7666:convertSequences_noRepcodes	0	static
repos/zstd/lib/compress/zstd_compress.c:7699:ZSTD_convertBlockSequences	48	static
repos/zstd/lib/compress/zstd_compress.c:7911:ZSTD_get1BlockSummary	16	static
repos/zstd/lib/compress/zstd_compress.c:8104:ZSTD_compressSequencesAndLiterals	72	static
repos/zstd/lib/compress/zstd_compress.c:7997:ZSTD_compressSequencesAndLiterals_internal	168	static
repos/zstd/lib/compress/zstd_compress.c:8166:ZSTD_flushStream	24	static
repos/zstd/lib/compress/zstd_compress.c:8173:ZSTD_endStream	40	static
repos/zstd/lib/compress/zstd_compress.c:8194:ZSTD_defaultCLevel	0	static
repos/zstd/lib/compress/zstd_compress.c:8306:ZSTD_getCParams	8	static
repos/zstd/lib/compress/zstd_compress.c:8332:ZSTD_getParams	8	static
repos/zstd/lib/compress/zstd_compress.c:8338:ZSTD_registerSequenceProducer	0	static
repos/zstd/lib/compress/zstd_compress.c:8349:ZSTD_CCtxParams_registerSequenceProducer	0	static
repos/zstd/lib/compress/zstd_compress.c:2116:ZSTD_resetCCtx_internal	168	static
repos/zstd/lib/compress/zstd_compress.c:2001:ZSTD_reset_matchState	56	static
repos/zstd/lib/compress/zstd_compress.c:2779:ZSTD_buildSequencesStatistics	120	static
repos/zstd/lib/compress/zstd_compress.c:4542:ZSTD_overflowCorrectIfNeeded	56	static
repos/zstd/lib/compress/zstd_compress.c:4399:ZSTD_compressBlock_internal	88	static
repos/zstd/lib/compress/zstd_compress.c:2670:ZSTD_reduceTable	0	static
repos/zstd/lib/compress/zstd_compress.c:3280:ZSTD_buildSeqStore	120	static
repos/zstd/lib/compress/zstd_compress.c:6661:ZSTD_transferSequences_wBlockDelim	152	static
repos/zstd/lib/compress/zstd_compress.c:3588:ZSTD_isRLE	0	static
repos/zstd/lib/compress/zstd_compress.c:4121:ZSTD_compressSeqStore_singleBlock	152	static
repos/zstd/lib/compress/zstd_compress.c:4017:ZSTD_deriveSeqStoreChunk	24	static
repos/zstd/lib/compress/zstd_compress.c:4213:ZSTD_deriveBlockSplitsHelper	120	static
repos/zstd/lib/compress/zstd_compress.c:3964:ZSTD_buildEntropyStatisticsAndEstimateSubBlockSize	104	static
repos/zstd/lib/compress/zstd_compress.c:3445:ZSTD_copyBlockSequences	48	static
repos/zstd/lib/compress/zstd_compress.c:2904:ZSTD_entropyCompressSeqStore_internal	152	static
repos/zstd/lib/compress/zstd_compress.c:5210:ZSTD_compress_insertDictionary	56	static
repos/zstd/lib/compress/zstd_compress.c:4918:ZSTD_loadDictionaryContent	56	static
repos/zstd/lib/compress/zstd_compress.c:6761:ZSTD_transferSequences_noDelim	200	static
