repos/mimalloc/src/stats.c:47:_mi_stat_counter_increase	0	static
repos/mimalloc/src/stats.c:56:_mi_stat_increase	0	static
repos/mimalloc/src/stats.c:60:_mi_stat_decrease	0	static
repos/mimalloc/src/stats.c:80:_mi_stat_adjust_decrease	0	static
repos/mimalloc/src/stats.c:387:mi_stats_reset	8	static
repos/mimalloc/src/stats.c:431:_mi_clock_start	8	static
repos/mimalloc/src/stats.c:394:mi_stats_merge	8	static
repos/mimalloc/src/stats.c:380:mi_stats_merge_from	0	static
repos/mimalloc/src/stats.c:398:_mi_stats_merge_thread	0	static
repos/mimalloc/src/stats.c:402:_mi_stats_done	0	static
repos/mimalloc/src/stats.c:406:mi_stats_print_out	24	static
repos/mimalloc/src/stats.c:302:_mi_stats_print	424	static
repos/mimalloc/src/stats.c:411:mi_stats_print	8	static
repos/mimalloc/src/stats.c:416:mi_thread_stats_print_out	24	static
repos/mimalloc/src/stats.c:427:_mi_clock_now	0	static
repos/mimalloc/src/stats.c:439:_mi_clock_end	8	static
repos/mimalloc/src/stats.c:449:mi_process_info	120	static
repos/mimalloc/src/stats.c:479:mi_stats_get	24	static
repos/mimalloc/src/stats.c:580:mi_stats_get_json	392	static
repos/mimalloc/src/stats.c:286:mi_buffered_out	24	static
repos/mimalloc/src/stats.c:173:mi_stat_print_ex	88	static
repos/mimalloc/src/stats.c:135:mi_printf_amount	88	static
