/home/gregorian-rayne/CLionProjects/build-hotspot-analyzer/tests/cli/repos/lz4/lib/lz4frame.c:962:12:LZ4F_doNotCompressBlock	8	static
/home/gregorian-rayne/CLionProjects/build-hotspot-analyzer/tests/cli/repos/lz4/lib/lz4frame.c:1556:13:LZ4F_updateDict	48	static
/home/gregorian-rayne/CLionProjects/build-hotspot-analyzer/tests/cli/repos/lz4/lib/lz4frame.c:898:15:LZ4F_makeBlock	80	dynamic,bounded
/home/gregorian-rayne/CLionProjects/build-hotspot-analyzer/tests/cli/repos/lz4/lib/lz4frame.c:956:12:LZ4F_compressBlockHC_continue	8	static
/home/gregorian-rayne/CLionProjects/build-hotspot-analyzer/tests/cli/repos/lz4/lib/lz4frame.c:939:12:LZ4F_compressBlock_continue	8	static
/home/gregorian-rayne/CLionProjects/build-hotspot-analyzer/tests/cli/repos/lz4/lib/lz4frame.c:947:12:LZ4F_compressBlockHC	80	static
/home/gregorian-rayne/CLionProjects/build-hotspot-analyzer/tests/cli/repos/lz4/lib/lz4frame.c:927:12:LZ4F_compressBlock	80	static
/home/gregorian-rayne/CLionProjects/build-hotspot-analyzer/tests/cli/repos/lz4/lib/lz4frame.c:293:10:LZ4F_isError	8	static
/home/gregorian-rayne/CLionProjects/build-hotspot-analyzer/tests/cli/repos/lz4/lib/lz4frame.c:298:13:LZ4F_getErrorName	16	static
/home/gregorian-rayne/CLionProjects/build-hotspot-analyzer/tests/cli/repos/lz4/lib/lz4frame.c:305:17:LZ4F_getErrorCode	16	static
/home/gregorian-rayne/CLionProjects/build-hotspot-analyzer/tests/cli/repos/lz4/lib/lz4frame.c:329:10:LZ4F_getVersion	8	static
/home/gregorian-rayne/CLionProjects/build-hotspot-analyzer/tests/cli/repos/lz4/lib/lz4frame.c:331:5:LZ4F_compressionLevel_max	8	static
/home/gregorian-rayne/CLionProjects/build-hotspot-analyzer/tests/cli/repos/lz4/lib/lz4frame.c:333:8:LZ4F_getBlockSize	8	static
/home/gregorian-rayne/CLionProjects/build-hotspot-analyzer/tests/cli/repos/lz4/lib/lz4frame.c:379:15:LZ4F_compressBound_internal	112	static
/home/gregorian-rayne/CLionProjects/build-hotspot-analyzer/tests/cli/repos/lz4/lib/lz4frame.c:1371:15:LZ4F_decodeHeader.part.0	80	static
/home/gregorian-rayne/CLionProjects/build-hotspot-analyzer/tests/cli/repos/lz4/lib/lz4frame.c:406:8:LZ4F_compressFrameBound	96	static
/home/gregorian-rayne/CLionProjects/build-hotspot-analyzer/tests/cli/repos/lz4/lib/lz4frame.c:588:6:LZ4F_freeCDict	16	static
/home/gregorian-rayne/CLionProjects/build-hotspot-analyzer/tests/cli/repos/lz4/lib/lz4frame.c:539:1:LZ4F_createCDict_advanced	48	static
/home/gregorian-rayne/CLionProjects/build-hotspot-analyzer/tests/cli/repos/lz4/lib/lz4frame.c:582:13:LZ4F_createCDict	48	dynamic,bounded
/home/gregorian-rayne/CLionProjects/build-hotspot-analyzer/tests/cli/repos/lz4/lib/lz4frame.c:603:1:LZ4F_createCompressionContext_advanced	32	static
/home/gregorian-rayne/CLionProjects/build-hotspot-analyzer/tests/cli/repos/lz4/lib/lz4frame.c:625:1:LZ4F_createCompressionContext	48	dynamic,bounded
/home/gregorian-rayne/CLionProjects/build-hotspot-analyzer/tests/cli/repos/lz4/lib/lz4frame.c:636:18:LZ4F_freeCompressionContext	16	static
/home/gregorian-rayne/CLionProjects/build-hotspot-analyzer/tests/cli/repos/lz4/lib/lz4frame.c:694:8:LZ4F_cctx_size	16	static
/home/gregorian-rayne/CLionProjects/build-hotspot-analyzer/tests/cli/repos/lz4/lib/lz4frame.c:704:8:LZ4F_compressBegin_internal	144	static
/home/gregorian-rayne/CLionProjects/build-hotspot-analyzer/tests/cli/repos/lz4/lib/lz4frame.c:830:8:LZ4F_compressBegin	32	dynamic,bounded
/home/gregorian-rayne/CLionProjects/build-hotspot-analyzer/tests/cli/repos/lz4/lib/lz4frame.c:843:8:LZ4F_compressBegin_usingDictOnce	32	dynamic,bounded
/home/gregorian-rayne/CLionProjects/build-hotspot-analyzer/tests/cli/repos/lz4/lib/lz4frame.c:853:8:LZ4F_compressBegin_usingDict	8	static
/home/gregorian-rayne/CLionProjects/build-hotspot-analyzer/tests/cli/repos/lz4/lib/lz4frame.c:866:8:LZ4F_compressBegin_usingCDict	32	dynamic,bounded
/home/gregorian-rayne/CLionProjects/build-hotspot-analyzer/tests/cli/repos/lz4/lib/lz4frame.c:882:8:LZ4F_compressBound	96	static
/home/gregorian-rayne/CLionProjects/build-hotspot-analyzer/tests/cli/repos/lz4/lib/lz4frame.c:1173:8:LZ4F_flush	96	dynamic,bounded
/home/gregorian-rayne/CLionProjects/build-hotspot-analyzer/tests/cli/repos/lz4/lib/lz4frame.c:1006:15:LZ4F_compressUpdateImpl	160	dynamic,bounded
/home/gregorian-rayne/CLionProjects/build-hotspot-analyzer/tests/cli/repos/lz4/lib/lz4frame.c:1133:8:LZ4F_compressUpdate	32	dynamic,bounded
/home/gregorian-rayne/CLionProjects/build-hotspot-analyzer/tests/cli/repos/lz4/lib/lz4frame.c:1153:8:LZ4F_uncompressedUpdate	32	dynamic,bounded
/home/gregorian-rayne/CLionProjects/build-hotspot-analyzer/tests/cli/repos/lz4/lib/lz4frame.c:1222:8:LZ4F_compressEnd	48	static
/home/gregorian-rayne/CLionProjects/build-hotspot-analyzer/tests/cli/repos/lz4/lib/lz4frame.c:428:8:LZ4F_compressFrame_usingCDict	176	static
/home/gregorian-rayne/CLionProjects/build-hotspot-analyzer/tests/cli/repos/lz4/lib/lz4frame.c:484:8:LZ4F_compressFrame	16752	dynamic,bounded
/home/gregorian-rayne/CLionProjects/build-hotspot-analyzer/tests/cli/repos/lz4/lib/lz4frame.c:1300:12:LZ4F_createDecompressionContext_advanced	32	static
/home/gregorian-rayne/CLionProjects/build-hotspot-analyzer/tests/cli/repos/lz4/lib/lz4frame.c:1317:1:LZ4F_createDecompressionContext	48	dynamic,bounded
/home/gregorian-rayne/CLionProjects/build-hotspot-analyzer/tests/cli/repos/lz4/lib/lz4frame.c:1329:18:LZ4F_freeDecompressionContext	32	static
/home/gregorian-rayne/CLionProjects/build-hotspot-analyzer/tests/cli/repos/lz4/lib/lz4frame.c:1341:8:LZ4F_dctx_size	8	static
/home/gregorian-rayne/CLionProjects/build-hotspot-analyzer/tests/cli/repos/lz4/lib/lz4frame.c:1352:6:LZ4F_resetDecompressionContext	8	static
/home/gregorian-rayne/CLionProjects/build-hotspot-analyzer/tests/cli/repos/lz4/lib/lz4frame.c:1469:8:LZ4F_headerSize	8	static
/home/gregorian-rayne/CLionProjects/build-hotspot-analyzer/tests/cli/repos/lz4/lib/lz4frame.c:1642:8:LZ4F_decompress	160	static
/home/gregorian-rayne/CLionProjects/build-hotspot-analyzer/tests/cli/repos/lz4/lib/lz4frame.c:1510:18:LZ4F_getFrameInfo	96	static
/home/gregorian-rayne/CLionProjects/build-hotspot-analyzer/tests/cli/repos/lz4/lib/lz4frame.c:2152:8:LZ4F_decompress_usingDict	8	static
