/home/gregorian-rayne/CLionProjects/build-hotspot-analyzer/tests/cli/repos/libjpeg-turbo/src/wrapper/../jcsample.c:87:1:start_pass_downsample	8	static
/home/gregorian-rayne/CLionProjects/build-hotspot-analyzer/tests/cli/repos/libjpeg-turbo/src/wrapper/../jcsample.c:126:1:sep_downsample	80	static
/home/gregorian-rayne/CLionProjects/build-hotspot-analyzer/tests/cli/repos/libjpeg-turbo/src/wrapper/../jcsample.c:152:1:int_downsample	56	static
/home/gregorian-rayne/CLionProjects/build-hotspot-analyzer/tests/cli/repos/libjpeg-turbo/src/wrapper/../jcsample.c:227:1:h2v1_downsample	56	static
/home/gregorian-rayne/CLionProjects/build-hotspot-analyzer/tests/cli/repos/libjpeg-turbo/src/wrapper/../jcsample.c:264:1:h2v2_downsample	56	static
/home/gregorian-rayne/CLionProjects/build-hotspot-analyzer/tests/cli/repos/libjpeg-turbo/src/wrapper/../jcsample.c:307:1:h2v2_smooth_downsample	200	static
/home/gregorian-rayne/CLionProjects/build-hotspot-analyzer/tests/cli/repos/libjpeg-turbo/src/wrapper/../jcsample.c:396:1:fullsize_smooth_downsample	56	static
/home/gregorian-rayne/CLionProjects/build-hotspot-analyzer/tests/cli/repos/libjpeg-turbo/src/wrapper/../jcsample.c:200:1:fullsize_downsample	80	static
/home/gregorian-rayne/CLionProjects/build-hotspot-analyzer/tests/cli/repos/libjpeg-turbo/src/wrapper/../jcsample.c:466:1:j16init_downsampler	64	static
