/home/gregorian-rayne/CLionProjects/build-hotspot-analyzer/tests/cli/repos/libjpeg-turbo/src/wrapper/../jdcoefct.c:46:1:start_input_pass	8	static
/home/gregorian-rayne/CLionProjects/build-hotspot-analyzer/tests/cli/repos/libjpeg-turbo/src/wrapper/../jdcoefct.c:177:1:dummy_consume_data	8	static
/home/gregorian-rayne/CLionProjects/build-hotspot-analyzer/tests/cli/repos/libjpeg-turbo/src/wrapper/../jdcoefct.c:193:1:consume_data	144	static
/home/gregorian-rayne/CLionProjects/build-hotspot-analyzer/tests/cli/repos/libjpeg-turbo/src/wrapper/../jdcoefct.c:266:1:decompress_data	144	static
/home/gregorian-rayne/CLionProjects/build-hotspot-analyzer/tests/cli/repos/libjpeg-turbo/src/wrapper/../jdcoefct.c:58:1:start_output_pass	48	static
/home/gregorian-rayne/CLionProjects/build-hotspot-analyzer/tests/cli/repos/libjpeg-turbo/src/wrapper/../jdcoefct.c:86:1:decompress_onepass	160	static
/home/gregorian-rayne/CLionProjects/build-hotspot-analyzer/tests/cli/repos/libjpeg-turbo/src/wrapper/../jdcoefct.c:429:1:decompress_smooth_data	560	static
/home/gregorian-rayne/CLionProjects/build-hotspot-analyzer/tests/cli/repos/libjpeg-turbo/src/wrapper/../jdcoefct.c:817:1:j12init_d_coef_controller	80	static
