/mnt/c/Users/grego/CLionProjects/BuildtimeHotspotAnalyzer/tests/temp/repos/libjpeg-turbo/src/wrapper/../jdsample.c:42:1:start_pass_upsample	8	static
/mnt/c/Users/grego/CLionProjects/BuildtimeHotspotAnalyzer/tests/temp/repos/libjpeg-turbo/src/wrapper/../jdsample.c:62:1:sep_upsample	96	static
/mnt/c/Users/grego/CLionProjects/BuildtimeHotspotAnalyzer/tests/temp/repos/libjpeg-turbo/src/wrapper/../jdsample.c:129:1:fullsize_upsample	8	static
/mnt/c/Users/grego/CLionProjects/BuildtimeHotspotAnalyzer/tests/temp/repos/libjpeg-turbo/src/wrapper/../jdsample.c:142:1:noop_upsample	8	static
/mnt/c/Users/grego/CLionProjects/BuildtimeHotspotAnalyzer/tests/temp/repos/libjpeg-turbo/src/wrapper/../jdsample.c:205:1:h2v1_upsample	56	static
/mnt/c/Users/grego/CLionProjects/BuildtimeHotspotAnalyzer/tests/temp/repos/libjpeg-turbo/src/wrapper/../jdsample.c:276:1:h2v1_fancy_upsample	56	static
/mnt/c/Users/grego/CLionProjects/BuildtimeHotspotAnalyzer/tests/temp/repos/libjpeg-turbo/src/wrapper/../jdsample.c:316:1:h1v2_fancy_upsample	56	static
/mnt/c/Users/grego/CLionProjects/BuildtimeHotspotAnalyzer/tests/temp/repos/libjpeg-turbo/src/wrapper/../jdsample.c:362:1:h2v2_fancy_upsample	56	static
/mnt/c/Users/grego/CLionProjects/BuildtimeHotspotAnalyzer/tests/temp/repos/libjpeg-turbo/src/wrapper/../jdsample.c:161:1:int_upsample	128	static
/mnt/c/Users/grego/CLionProjects/BuildtimeHotspotAnalyzer/tests/temp/repos/libjpeg-turbo/src/wrapper/../jdsample.c:233:1:h2v2_upsample	80	static
/mnt/c/Users/grego/CLionProjects/BuildtimeHotspotAnalyzer/tests/temp/repos/libjpeg-turbo/src/wrapper/../jdsample.c:416:1:j16init_upsampler	80	static
