tool_writeout.c:714:ourWriteOut	696	static
tool_writeout.c:706:matchvar	40	static
tool_writeout.c:637:output_header	376	static
tool_writeout.c:520:outtime	456	static
tool_writeout.c:171:writeString	184	static
tool_writeout.c:378:writeOffset	56	static
tool_writeout.c:322:writeLong	72	static
tool_writeout.c:44:writeTime	72	static
../include/curl/typecheck-gcc.h:374:Wcurl_easy_getinfo_err_long	8	static
../include/curl/typecheck-gcc.h:376:Wcurl_easy_getinfo_err_double	8	static
../include/curl/typecheck-gcc.h:378:Wcurl_easy_getinfo_err_curl_slist	8	static
../include/curl/typecheck-gcc.h:380:Wcurl_easy_getinfo_err_curl_tlssessioninfo	8	static
../include/curl/typecheck-gcc.h:383:Wcurl_easy_getinfo_err_curl_certinfo	8	static
../include/curl/typecheck-gcc.h:386:Wcurl_easy_getinfo_err_curl_socket	8	static
../include/curl/typecheck-gcc.h:388:Wcurl_easy_getinfo_err_curl_off_t	8	static
tool_writeout.c:162:certinfo	40	static
tool_writeout.c:81:urlpart	88	static
../include/curl/typecheck-gcc.h:372:Wcurl_easy_getinfo_err_string	8	static
tool_writeout.c:601:separator	40	static
